118.123.105.67 - - [29/Dec/2021:14:42:39 +0100] "GET /robots.txt HTTP/1.1" 200 595 "http://85.255.1.106/robots.txt" "Mozilla/5.0 (X11; Linux x86_64) AppleWebKit/537.36 (KHTML, like Gecko) Chrome/86.0.4 240.111 Safari/537.36"
118.123.105.67 - - [29/Dec/2021:14:42:40 +0100] "GET /.well-known/security.txt HTTP/1.1" 301 162 "-" "Mozilla/5.0 (X11; Linux x86_64) AppleWebKit/537.36 (KHTML, like Gecko) Chrome/86.0.4 240.111 Safari/537.36"
118.123.105.67 - - [29/Dec/2021:14:42:41 +0100] "GET /.well-known/security.txt HTTP/1.1" 200 595 "http://85.255.1.106/.well-known/security.txt" "Mozilla/5.0 (X11; Linux x86_64) AppleWebKit/537.36 (KHTML, like Gecko) Chrome/86.0.4 240.111 Safari/537.36"
157.55.39.33 - - [29/Dec/2021:14:54:20 +0100] "GET /sitemap.xml HTTP/2.0" 200 642 "-" "Mozilla/5.0 (compatible; bingbot/2.0; +http://www.bing.com/bingbot.htm)"
40.77.167.96 - - [29/Dec/2021:15:07:18 +0100] "GET /robots.txt HTTP/2.0" 200 108 "-" "Mozilla/5.0 (compatible; bingbot/2.0; +http://www.bing.com/bingbot.htm)"
157.55.39.33 - - [29/Dec/2021:15:07:22 +0100] "GET /sitemap.xml HTTP/2.0" 200 642 "-" "Mozilla/5.0 (compatible; bingbot/2.0; +http://www.bing.com/bingbot.htm)"
198.98.49.124 - - [29/Dec/2021:15:16:55 +0100] "GET / HTTP/1.1" 301 162 "-" "Linux Gnu (cow)"
92.118.234.202 - - [29/Dec/2021:15:43:12 +0100] "GET http://azenv.net/ HTTP/1.1" 301 162 "-" "Go-http-client/1.1"
92.118.234.202 - - [29/Dec/2021:15:43:16 +0100] "CONNECT azenv.net:443 HTTP/1.1" 400 150 "-" "-"
193.32.164.28 - - [29/Dec/2021:15:53:17 +0100] "\x03\x00\x00/*\xE0\x00\x00\x00\x00\x00Cookie: mstshash=Administr" 400 150 "-" "-"
157.55.39.150 - - [29/Dec/2021:16:15:17 +0100] "GET /sitemap-posts.xml HTTP/2.0" 200 386 "-" "Mozilla/5.0 (compatible; bingbot/2.0; +http://www.bing.com/bingbot.htm)"
167.94.138.113 - - [29/Dec/2021:16:26:00 +0100] "GET / HTTP/1.1" 301 162 "-" "-"
167.94.138.113 - - [29/Dec/2021:16:26:00 +0100] "GET / HTTP/1.1" 301 162 "-" "Mozilla/5.0 (compatible; CensysInspect/1.1; +https://about.censys.io/)"
167.94.138.113 - - [29/Dec/2021:16:26:01 +0100] "GET / HTTP/1.1" 200 595 "-" "Mozilla/5.0 (compatible; CensysInspect/1.1; +https://about.censys.io/)"
67.133.72.154 - - [29/Dec/2021:16:29:14 +0100] "GET /.env HTTP/1.1" 301 162 "-" "Mozilla/5.0 (X11; Linux x86_64) AppleWebKit/537.36 (KHTML, like Gecko) Chrome/81.0.4044.129 Safari/537.36"
67.133.72.154 - - [29/Dec/2021:16:29:14 +0100] "POST / HTTP/1.1" 301 162 "-" "Mozilla/5.0 (X11; Linux x86_64) AppleWebKit/537.36 (KHTML, like Gecko) Chrome/81.0.4044.129 Safari/537.36"
92.118.234.202 - - [29/Dec/2021:16:56:21 +0100] "GET http://azenv.net/ HTTP/1.1" 301 162 "-" "Go-http-client/1.1"
92.118.234.202 - - [29/Dec/2021:16:56:25 +0100] "CONNECT azenv.net:443 HTTP/1.1" 400 150 "-" "-"
54.234.13.218 - - [29/Dec/2021:17:48:21 +0100] "GET /rss HTTP/1.1" 301 5 "-" "Ruby"
54.234.13.218 - - [29/Dec/2021:17:48:22 +0100] "GET /rss/ HTTP/1.1" 200 3432 "-" "Ruby"
139.162.193.77 - - [29/Dec/2021:17:49:19 +0100] "GET / HTTP/1.1" 301 162 "-" "Mozilla/5.0 (Windows NT 6.1; WOW64; rv:8.0) Gecko/20100101 Firefox/8.0"
139.162.193.77 - - [29/Dec/2021:17:49:19 +0100] "GET / HTTP/2.0" 200 583 "-" "Mozilla/5.0 (Windows NT 6.1; WOW64; rv:8.0) Gecko/20100101 Firefox/8.0"
207.46.13.100 - - [29/Dec/2021:18:08:12 +0100] "GET / HTTP/2.0" 200 13132 "-" "Mozilla/5.0 (compatible; bingbot/2.0; +http://www.bing.com/bingbot.htm)"
192.241.208.213 - - [29/Dec/2021:18:12:53 +0100] "GET / HTTP/1.1" 301 162 "-" "Mozilla/5.0 zgrab/0.x"
196.196.41.68 - - [29/Dec/2021:18:21:40 +0100] "GET / HTTP/1.1" 301 162 "-" "-"
192.241.214.70 - - [29/Dec/2021:18:29:07 +0100] "GET / HTTP/1.1" 200 595 "-" "Mozilla/5.0 zgrab/0.x"
92.118.234.202 - - [29/Dec/2021:18:29:09 +0100] "GET http://azenv.net/ HTTP/1.1" 301 162 "-" "Go-http-client/1.1"
92.118.234.202 - - [29/Dec/2021:18:29:15 +0100] "CONNECT azenv.net:443 HTTP/1.1" 400 150 "-" "-"
157.245.176.143 - - [29/Dec/2021:18:30:24 +0100] "SSTP_DUPLEX_POST /sra_{BA195980-CD49-458b-9E23-C84EE0ADCD75}/ HTTP/1.1" 400 150 "-" "-"
185.191.32.158 - - [29/Dec/2021:18:56:33 +0100] "GET /remote/fgt_lang?lang=/../../../..//////////dev/cmdb/sslvpn_websession HTTP/1.1" 200 595 "-" "Mozilla/5.0 (Windows NT 10.0; Win64; x64) AppleWebKit/537.36 (KHTML, like Gecko) Chrome/83.0.4103.116 Safari/537.36"
139.162.193.7 - - [29/Dec/2021:18:58:47 +0100] "GET / HTTP/2.0" 200 583 "-" "Mozilla/5.0 (Windows NT 6.1; WOW64; rv:8.0) Gecko/20100101 Firefox/8.0"
45.143.200.118 - - [29/Dec/2021:19:05:05 +0100] "\x03\x00\x00/*\xE0\x00\x00\x00\x00\x00Cookie: mstshash=Administr" 400 150 "-" "-"
35.233.62.116 - - [29/Dec/2021:19:19:54 +0100] "GET / HTTP/1.1" 301 162 "-" "python-requests/2.26.0"
192.241.215.121 - - [29/Dec/2021:19:34:12 +0100] "GET /portal/redlion HTTP/1.1" 301 162 "-" "Mozilla/5.0 zgrab/0.x"
23.251.102.82 - - [29/Dec/2021:20:07:50 +0100] "GET / HTTP/1.1" 200 595 "-" "Mozilla/5.0 (Windows NT 10.0; Win64; x64) AppleWebKit/537.36 (KHTML, like Gecko) Chrome/60.0.3112.113 Safari/537.36"
34.140.248.32 - - [29/Dec/2021:20:10:12 +0100] "GET / HTTP/1.1" 200 595 "-" "python-requests/2.26.0"
109.237.103.38 - - [29/Dec/2021:20:14:04 +0100] "GET /.env HTTP/1.1" 400 650 "-" "Mozilla/5.0 (X11; Linux x86_64) AppleWebKit/537.36 (KHTML, like Gecko) Chrome/81.0.4044.129 Safari/537.36"
109.237.103.38 - - [29/Dec/2021:20:14:04 +0100] "GET /.env HTTP/1.1" 200 595 "-" "Mozilla/5.0 (X11; Linux x86_64) AppleWebKit/537.36 (KHTML, like Gecko) Chrome/81.0.4044.129 Safari/537.36"
92.118.234.202 - - [29/Dec/2021:20:29:19 +0100] "GET http://azenv.net/ HTTP/1.1" 301 162 "-" "Go-http-client/1.1"
92.118.234.202 - - [29/Dec/2021:20:29:25 +0100] "CONNECT azenv.net:443 HTTP/1.1" 400 150 "-" "-"
178.239.21.103 - - [29/Dec/2021:20:47:16 +0100] "GET ///libs/js/iframe.js HTTP/1.1" 200 595 "-" "python-requests/2.6.0 CPython/2.7.5 Linux/3.10.0-1160.36.2.el7.x86_64"
192.241.210.81 - - [29/Dec/2021:20:54:41 +0100] "GET /actuator/health HTTP/1.1" 301 162 "-" "Mozilla/5.0 zgrab/0.x"
71.6.135.131 - - [29/Dec/2021:21:05:16 +0100] "GET / HTTP/1.1" 301 162 "-" "Mozilla/5.0 (Windows NT 6.1) AppleWebKit/537.36 (KHTML, like Gecko) Chrome/41.0.2228.0 Safari/537.36"
71.6.135.131 - - [29/Dec/2021:21:05:17 +0100] "GET /robots.txt HTTP/1.1" 301 162 "-" "-"
71.6.135.131 - - [29/Dec/2021:21:05:17 +0100] "GET /sitemap.xml HTTP/1.1" 301 162 "-" "-"
71.6.135.131 - - [29/Dec/2021:21:05:17 +0100] "GET /.well-known/security.txt HTTP/1.1" 301 162 "-" "-"
71.6.135.131 - - [29/Dec/2021:21:05:18 +0100] "GET /favicon.ico HTTP/1.1" 301 162 "-" "Mozilla/5.0 (Macintosh; Intel Mac OS X 10.15; rv:80.0) Gecko/20100101 Firefox/80.0"
71.6.135.131 - - [29/Dec/2021:21:05:19 +0100] "GET / HTTP/1.1" 200 1345 "-" "Mozilla/5.0 (X11; Linux x86_64) AppleWebKit/537.36 (KHTML, like Gecko) Chrome/34.0.1847.137 Safari/537.36"
71.6.135.131 - - [29/Dec/2021:21:05:19 +0100] "GET /favicon.ico HTTP/1.1" 200 595 "-" "Mozilla/5.0 (Macintosh; Intel Mac OS X 10.15; rv:80.0) Gecko/20100101 Firefox/80.0"
71.6.135.131 - - [29/Dec/2021:21:05:24 +0100] "\x03\x7F\xBF\xCCa\x00\x00\x00\x00\x00\x00\x00\x00\x00\x00\x00\x00\x00\x00\x00\x00\x00\x00\x00\x00\x00\x00\x00\x00\x00\x00\x00\x00\x00\x00\x00\x00\x00\x00\x00\x00\x00\x00\x00\x00\x00\x00\x00\x00\x00\x00\x00\x00\x00\x00\x00\x00\x00\x00\x00\x00\x00\x00\x00\x00\x00\x00\x00\x00\x00\x00\x00\x00\x00\x00\x00\x00\x00\x00\x00\x00\x00\x00\x00\x00\x00\x00\x00\x00\x00\x00\x00\x00\x00\x00\x00\x00\x00\x00\x00\x00\x00\x00\x00\x00\x00\x00\x00\x00\x00\x00\x00\x00\x00\x00\x00\x00\x00\x00\x00\x00\x00\x00\x00\x00\x00\x00\x00\x00\x00\x00\x00\x00\x00\x00\x00\x00\x00\x00\x00\x00\x00\x00\x00\x00\x00\x00\x00\x00\x00\x00\x00\x00\x00\x00\x00\x00\x00\x00\x00\x00\x00\x00\x00\x00\x00\x00\x00\x00\x00\x00\x00\x00\x00\x00\x00\x00\x00\x00\x00\x00\x00\x00\x00\x00\x00\x00\x00\x00\x00\x00\x00\x00\x00\x00\x00\x00\x00\x00\x00\x00\x00\x00\x00\x00\x00\x00\x00\x00\x00\x00\x00\x00\x00\x00\x00\x00\x00\x00\x00\x00\x00\x00\x00\x00\x00\x00\x00\x00\x00\x00\x00\x00\x00\x00\x00\x00\x00\x00\x00\x00\x00\x00\x00\x00\x00\x00\x00\x00\x00\x00\x00\x00\x00\x00\x00\x00\x00\x00\x00\x00\x00\x00\x00\x00\x00\x00\x00\x00\x00\x00\x00\x00\x00\x00\x00\x00\x00\x00\x00\x00\x00\x00\x00\x00\x00\x00\x00\x00\x00\x00\x00\x00\x00\x00\x00\x00\x00\x00\x00\x00\x00\x00\x00\x00\x00\x00\x00\x00\x00\x00\x00\x00\x00\x00\x00\x00\x00\x00\x00\x00\x00\x00\x00\x00\x00\x00\x00\x00\x00\x00\x00\x00\x00\x00\x00\x00\x00\x00\x00\x00\x00\x00\x00\x00\x00\x00\x00\x00\x00\x00\x00\x00\x00\x00\x00\x00\x00\x00\x00\x00\x00\x00\x00\x00\x00\x00\x00\x00\x00\x00\x00\x00\x00\x00\x00\x00\x00\x00\x00\x00\x00\x00\x00\x00\x00\x00\x00\x00\x00\x00\x00\x00\x00\x00\x00\x00\x00\x00\x00\x00\x00\x00\x00\x00\x00\x00\x00\x00\x00\x00\x00\x00\x00\x00\x00\x00\x00\x00\x00\x00\x00\x00\x00\x00\x00\x00\x00\x00\x00\x00\x00\x00\x00\x00\x00\x00\x00\x00\x00\x00\x00\x00\x00\x00\x00\x00\x00\x00\x00\x00\x00\x00\x00\x00\x00\x00\x00\x00\x00\x00\x00\x00\x00\x00\x00\x00\x00\x00\x00\x00\x00\x00\x00\x00\x00\x00\x00\x00\x00\x00\x00\x00\x00\x00\x00\x00\x00\x00\x00\x00\x00\x00\x00\x00\x00\x00\x00\x00\x00\x00\x00\x00\x00\x00\x00\x00\x00\x00\x00\x00\x00\x00\x00\x00\x00\x00\x00\x00\x00\x00\x00\x00\x00\x00\x00\x00\x00\x00\x00\x00\x00\x00\x00\x00\x00\x00\x00\x00\x00\x00\x00\x00\x00\x00\x00\x00\x00\x00\x00\x00\x00\x00\x00\x00\x00\x00\x00\x00\x00\x00\x00\x00\x00\x00\x00\x00\x00\x00\x00\x00\x00\x00\x00\x00\x00\x00\x00\x00\x00\x00\x00\x00\x00\x00\x00\x00\x00\x00\x00\x00\x00\x00\x00\x00\x00\x00\x00\x00\x00\x00\x00\x00\x00\x00\x00\x00\x00\x00\x00\x00\x00\x00\x00\x00\x00\x00\x00\x00\x00\x00\x00\x00\x00\x00\x00\x00\x00\x00\x00\x00\x00\x00\x00\x00\x00\x00\x00\x00\x00\x00\x00\x00\x00\x00\x00\x00\x00\x00\x00\x00\x00\x00\x00\x00\x00\x00\x00\x00\x00\x00\x00\x00\x00\x00\x00\x00\x00\x00\x00\x00\x00\x00\x00\x00\x00\x00\x00\x00\x00\x00\x00\x00\x00\x00\x00\x00\x00\x00\x00\x00\x00\x00\x00\x00\x00\x00\x00\x00\x00\x00\x00\x00\x00\x00\x00\x00\x00\x00\x00\x00\x00\x00\x00\x00\x00\x00\x00\x00\x00\x00\x00\x00\x00\x00\x00\x00\x00\x00\x00\x00\x00\x00\x00\x00\x00\x00\x00\x00\x00\x00\x00\x00\x00\x00\x00\x00\x00\x00\x00\x00\x00\x00\x00\x00\x00\x00\x00\x00\x00\x00\x00\x00\x00\x00\x00\x00\x00\x00\x00\x00\x00\x00\x00\x00\x00\x00\x00\x00\x00\x00\x00\x00\x00\x00\x00\x00\x00\x00\x00\x00\x00\x00\x00\x00\x00\x00\x00\x00\x00\x00\x00\x00\x00\x00\x00\x00\x00\x00\x00\x00\x00\x00\x00\x00\x00\x00\x00\x00\x00\x00\x00\x00\x00\x00\x00\x00\x00\x00\x00\x00\x00\x00\x00\x00\x00\x00\x00\x00\x00\x00\x00\x00\x00\x00\x00\x00\x00\x00\x00\x00\x00\x00\x00\x00\x00\x00\x00\x00\x00\x00\x00\x00\x00\x00\x00\x00\x00\x00\x00\x00\x00\x00\x00\x00\x00\x00\x00\x00\x00\x00\x00\x00\x00\x00\x00\x00\x00\x00\x00\x00\x00\x00\x00\x00\x00\x00\x00\x00\x00\x00\x00\x00\x00\x00\x00\x00\x00\x00\x00\x00\x00\x00\x00\x00\x00\x00\x00\x00\x00\x00\x00\x00\x00\x00\x00\x00\x00\x00\x00\x00\x00\x00\x00\x00\x00\x00\x00\x00\x00\x00\x00\x00\x00\x00\x00\x00\x00\x00\x00\x00\x00\x00\x00\x00\x00\x00\x00\x00\x00\x00\x00\x00\x00\x00\x00\x00\x00\x00\x00\x00\x00\x00\x00\x00\x00\x00\x00\x00\x00\x00\x00\x00\x00\x00\x00\x00\x00\x00\x00\x00\x00\x00\x00\x00\x00\x00\x00\x00\x00\x00\x00\x00\x00\x00\x00\x00\x00\x00\x00\x00\x00\x00\x00\x00\x00\x00\x00\x00\x00\x00\x00\x00\x00" 400 150 "-" "-"
71.6.135.131 - - [29/Dec/2021:21:05:26 +0100] "" 400 0 "-" "-"
71.6.135.131 - - [29/Dec/2021:21:05:26 +0100] "" 400 0 "-" "-"
71.6.135.131 - - [29/Dec/2021:21:05:27 +0100] "" 400 0 "-" "-"
34.140.248.32 - - [29/Dec/2021:21:05:27 +0100] "GET / HTTP/1.1" 301 162 "-" "python-requests/2.26.0"
71.6.135.131 - - [29/Dec/2021:21:05:32 +0100] "GET /robots.txt HTTP/1.1" 200 1345 "-" "-"
71.6.135.131 - - [29/Dec/2021:21:05:32 +0100] "GET /sitemap.xml HTTP/1.1" 200 1345 "-" "-"
71.6.135.131 - - [29/Dec/2021:21:05:33 +0100] "GET /.well-known/security.txt HTTP/1.1" 200 1345 "-" "-"
71.6.135.131 - - [29/Dec/2021:21:05:34 +0100] "GET /favicon.ico HTTP/1.1" 200 595 "-" "Mozilla/5.0 (Macintosh; Intel Mac OS X 10.15; rv:80.0) Gecko/20100101 Firefox/80.0"
71.6.135.131 - - [29/Dec/2021:21:05:36 +0100] "\x03\x8F\xBF\xCCa\x00\x00\x00\x00\x00\x00\x00\x00\x00\x00\x00\x00\x00\x00\x00\x00\x00\x00\x00\x00\x00\x00\x00\x00\x00\x00\x00\x00\x00\x00\x00\x00\x00\x00\x00\x00\x00\x00\x00\x00\x00\x00\x00\x00\x00\x00\x00\x00\x00\x00\x00\x00\x00\x00\x00\x00\x00\x00\x00\x00\x00\x00\x00\x00\x00\x00\x00\x00\x00\x00\x00\x00\x00\x00\x00\x00\x00\x00\x00\x00\x00\x00\x00\x00\x00\x00\x00\x00\x00\x00\x00\x00\x00\x00\x00\x00\x00\x00\x00\x00\x00\x00\x00\x00\x00\x00\x00\x00\x00\x00\x00\x00\x00\x00\x00\x00\x00\x00\x00\x00\x00\x00\x00\x00\x00\x00\x00\x00\x00\x00\x00\x00\x00\x00\x00\x00\x00\x00\x00\x00\x00\x00\x00\x00\x00\x00\x00\x00\x00\x00\x00\x00\x00\x00\x00\x00\x00\x00\x00\x00\x00\x00\x00\x00\x00\x00\x00\x00\x00\x00\x00\x00\x00\x00\x00\x00\x00\x00\x00\x00\x00\x00\x00\x00\x00\x00\x00\x00\x00\x00\x00\x00\x00\x00\x00\x00\x00\x00\x00\x00\x00\x00\x00\x00\x00\x00\x00\x00\x00\x00\x00\x00\x00\x00\x00\x00\x00\x00\x00\x00\x00\x00\x00\x00\x00\x00\x00\x00\x00\x00\x00\x00\x00\x00\x00\x00\x00\x00\x00\x00\x00\x00\x00\x00\x00\x00\x00\x00\x00\x00\x00\x00\x00\x00\x00\x00\x00\x00\x00\x00\x00\x00\x00\x00\x00\x00\x00\x00\x00\x00\x00\x00\x00\x00\x00\x00\x00\x00\x00\x00\x00\x00\x00\x00\x00\x00\x00\x00\x00\x00\x00\x00\x00\x00\x00\x00\x00\x00\x00\x00\x00\x00\x00\x00\x00\x00\x00\x00\x00\x00\x00\x00\x00\x00\x00\x00\x00\x00\x00\x00\x00\x00\x00\x00\x00\x00\x00\x00\x00\x00\x00\x00\x00\x00\x00\x00\x00\x00\x00\x00\x00\x00\x00\x00\x00\x00\x00\x00\x00\x00\x00\x00\x00\x00\x00\x00\x00\x00\x00\x00\x00\x00\x00\x00\x00\x00\x00\x00\x00\x00\x00\x00\x00\x00\x00\x00\x00\x00\x00\x00\x00\x00\x00\x00\x00\x00\x00\x00\x00\x00\x00\x00\x00\x00\x00\x00\x00\x00\x00\x00\x00\x00\x00\x00\x00\x00\x00\x00\x00\x00\x00\x00\x00\x00\x00\x00\x00\x00\x00\x00\x00\x00\x00\x00\x00\x00\x00\x00\x00\x00\x00\x00\x00\x00\x00\x00\x00\x00\x00\x00\x00\x00\x00\x00\x00\x00\x00\x00\x00\x00\x00\x00\x00\x00\x00\x00\x00\x00\x00\x00\x00\x00\x00\x00\x00\x00\x00\x00\x00\x00\x00\x00\x00\x00\x00\x00\x00\x00\x00\x00\x00\x00\x00\x00\x00\x00\x00\x00\x00\x00\x00\x00\x00\x00\x00\x00\x00\x00\x00\x00\x00\x00\x00\x00\x00\x00\x00\x00\x00\x00\x00\x00\x00\x00\x00\x00\x00\x00\x00\x00\x00\x00\x00\x00\x00\x00\x00\x00\x00\x00\x00\x00\x00\x00\x00\x00\x00\x00\x00\x00\x00\x00\x00\x00\x00\x00\x00\x00\x00\x00\x00\x00\x00\x00\x00\x00\x00\x00\x00\x00\x00\x00\x00\x00\x00\x00\x00\x00\x00\x00\x00\x00\x00\x00\x00\x00\x00\x00\x00\x00\x00\x00\x00\x00\x00\x00\x00\x00\x00\x00\x00\x00\x00\x00\x00\x00\x00\x00\x00\x00\x00\x00\x00\x00\x00\x00\x00\x00\x00\x00\x00\x00\x00\x00\x00\x00\x00\x00\x00\x00\x00\x00\x00\x00\x00\x00\x00\x00\x00\x00\x00\x00\x00\x00\x00\x00\x00\x00\x00\x00\x00\x00\x00\x00\x00\x00\x00\x00\x00\x00\x00\x00\x00\x00\x00\x00\x00\x00\x00\x00\x00\x00\x00\x00\x00\x00\x00\x00\x00\x00\x00\x00\x00\x00\x00\x00\x00\x00\x00\x00\x00\x00\x00\x00\x00\x00\x00\x00\x00\x00\x00\x00\x00\x00\x00\x00\x00\x00\x00\x00\x00\x00\x00\x00\x00\x00\x00\x00\x00\x00\x00\x00\x00\x00\x00\x00\x00\x00\x00\x00\x00\x00\x00\x00\x00\x00\x00\x00\x00\x00\x00\x00\x00\x00\x00\x00\x00\x00\x00\x00\x00\x00\x00\x00\x00\x00\x00\x00\x00\x00\x00\x00\x00\x00\x00\x00\x00\x00\x00\x00\x00\x00\x00\x00\x00\x00\x00\x00\x00\x00\x00\x00\x00\x00\x00\x00\x00\x00\x00\x00\x00\x00\x00\x00\x00\x00\x00\x00\x00\x00\x00\x00\x00\x00\x00\x00\x00\x00\x00\x00\x00\x00\x00\x00\x00\x00\x00\x00\x00\x00\x00\x00\x00\x00\x00\x00\x00\x00\x00\x00\x00\x00\x00\x00\x00\x00\x00\x00\x00\x00\x00\x00\x00\x00\x00\x00\x00\x00\x00\x00\x00\x00\x00\x00\x00\x00\x00\x00\x00\x00\x00\x00\x00\x00\x00\x00\x00\x00\x00\x00\x00\x00\x00\x00\x00\x00\x00\x00\x00\x00\x00\x00\x00\x00\x00\x00\x00\x00\x00\x00\x00\x00\x00\x00\x00\x00\x00\x00\x00\x00\x00\x00\x00\x00\x00\x00\x00\x00\x00\x00\x00\x00\x00\x00\x00\x00\x00\x00\x00\x00\x00\x00\x00\x00\x00\x00\x00\x00\x00\x00\x00\x00\x00\x00\x00\x00\x00\x00\x00\x00\x00\x00\x00\x00\x00\x00\x00\x00\x00\x00\x00\x00\x00\x00\x00\x00\x00\x00\x00\x00\x00\x00\x00\x00\x00\x00\x00\x00\x00\x00\x00\x00\x00\x00\x00\x00\x00\x00\x00\x00\x00\x00\x00\x00\x00\x00\x00\x00\x00\x00\x00\x00\x00\x00\x00\x00\x00\x00\x00\x00\x00\x00\x00\x00\x00\x00\x00\x00\x00\x00\x00\x00\x00\x00\x00\x00\x00\x00\x00\x00\x00\x00\x00\x00\x00\x00\x00\x00\x00" 400 150 "-" "-"
71.6.135.131 - - [29/Dec/2021:21:05:36 +0100] "" 400 0 "-" "-"
35.195.93.98 - - [29/Dec/2021:21:05:42 +0100] "GET / HTTP/1.1" 400 248 "-" "python-requests/2.26.0"
34.78.120.99 - - [29/Dec/2021:21:05:45 +0100] "GET / HTTP/1.1" 400 248 "-" "python-requests/2.26.0"
198.98.49.124 - - [29/Dec/2021:21:09:10 +0100] "GET /config/getuser?index=0 HTTP/1.1" 301 162 "-" "Mozilla/5.0 (X11; Ubuntu; Linux x86_64; rv:76.0) Gecko/20100101 Firefox/76.0"
128.1.248.26 - - [29/Dec/2021:22:05:53 +0100] "GET / HTTP/1.1" 301 162 "-" "Mozilla/5.0 (Windows NT 10.0; Win64; x64) AppleWebKit/537.36 (KHTML, like Gecko) Chrome/60.0.3112.113 Safari/537.36"
128.1.248.26 - - [29/Dec/2021:22:05:54 +0100] "GET / HTTP/1.1" 200 595 "http://85.255.1.106/" "Mozilla/5.0 (Windows NT 10.0; Win64; x64) AppleWebKit/537.36 (KHTML, like Gecko) Chrome/60.0.3112.113 Safari/537.36"
40.77.167.96 - - [29/Dec/2021:22:12:43 +0100] "GET /robots.txt HTTP/2.0" 200 108 "-" "Mozilla/5.0 (compatible; bingbot/2.0; +http://www.bing.com/bingbot.htm)"
61.219.11.151 - - [29/Dec/2021:22:12:47 +0100] "\x01\x02\x03\x04\x00\x00\x00\x00\x00\x00\x00\x00\x00\x00\x00\x00\x00\x00\x00\x00\x00\x00\x00\x00\x00\x00\x00\x00\x00\x00\x00\x00\x00\x00\x00\x00\x00\x00\x00\x00\x00\x00\x00\x00\x00\x00\x00\x00\x00\x00\x00\x00\x00\x00\x00\x00\x00\x00\x00\x00\x00\x00\x00\x00\x00\x00\x00\x00\x00\x00\x00\x00\x00\x00\x00\x00\x00\x00\x00\x00\x00\x00\x00\x00\x00\x00\x00\x00\x00\x00\x00\x00\x00\x00\x00\x00\x00\x00\x00\x00\x00\x00\x00\x00\x00\x00\x00\x00\x00\x00\x00\x00\x00\x00\x00\x00\x00\x00\x00\x00\x00\x00\x00\x00\x00\x00\x00\x00\x00\x00\x00\x00\x00\x00\x00\x00\x00\x00\x00\x00\x00\x00\x00\x00\x00\x00\x00\x00\x00\x00\x00\x00\x00\x00\x00\x00\x00\x00\x00\x00\x00\x00\x00\x00\x00\x00\x00\x00\x00\x00\x00\x00\x00\x00\x00\x00\x00\x00\x00\x00\x00\x00\x00\x00\x00\x00\x00\x00\x00\x00\x00\x00\x00\x00\x00\x00\x00\x00\x00\x00\x00\x00\x00\x00\x00\x00\x00\x00\x00\x00\x00\x00\x00\x00\x00\x00\x00\x00\x00\x00\x00\x00\x00\x00\x00\x00\x00\x00\x00\x00\x00\x00\x00\x00\x00\x00\x00\x00\x00\x00\x00\x00\x00\x00\x00\x00\x00\x00\x00\x00\x00\x00\x00\x00\x00\x00" 400 150 "-" "-"
157.55.39.150 - - [29/Dec/2021:22:12:52 +0100] "GET /sitemap-authors.xml HTTP/2.0" 200 344 "-" "Mozilla/5.0 (compatible; bingbot/2.0; +http://www.bing.com/bingbot.htm)"
92.118.234.202 - - [29/Dec/2021:22:34:14 +0100] "GET http://azenv.net/ HTTP/1.1" 301 162 "-" "Go-http-client/1.1"
92.118.234.202 - - [29/Dec/2021:22:34:19 +0100] "CONNECT azenv.net:443 HTTP/1.1" 400 150 "-" "-"
66.240.236.116 - - [29/Dec/2021:22:42:30 +0100] "GET / HTTP/1.1" 301 162 "-" "Mozilla/5.0 zgrab/0.x"
118.123.105.67 - - [29/Dec/2021:22:46:00 +0100] "GET / HTTP/1.0" 301 162 "-" "-"
118.123.105.67 - - [29/Dec/2021:22:46:01 +0100] "GET / HTTP/1.1" 301 162 "-" "Mozilla/5.0 (X11; Linux x86_64) AppleWebKit/537.36 (KHTML, like Gecko) Chrome/86.0.4 240.111 Safari/537.36"
118.123.105.67 - - [29/Dec/2021:22:46:02 +0100] "GET / HTTP/1.1" 200 595 "http://85.255.1.106" "Mozilla/5.0 (X11; Linux x86_64) AppleWebKit/537.36 (KHTML, like Gecko) Chrome/86.0.4 240.111 Safari/537.36"
118.123.105.67 - - [29/Dec/2021:22:46:02 +0100] "GET /favicon.ico HTTP/1.1" 301 162 "-" "Mozilla/5.0 (X11; Linux x86_64) AppleWebKit/537.36 (KHTML, like Gecko) Chrome/86.0.4 240.111 Safari/537.36"
118.123.105.67 - - [29/Dec/2021:22:46:03 +0100] "GET /favicon.ico HTTP/1.1" 200 595 "http://85.255.1.106/favicon.ico" "Mozilla/5.0 (X11; Linux x86_64) AppleWebKit/537.36 (KHTML, like Gecko) Chrome/86.0.4 240.111 Safari/537.36"
118.123.105.67 - - [29/Dec/2021:22:46:04 +0100] "GET /robots.txt HTTP/1.1" 301 162 "-" "Mozilla/5.0 (X11; Linux x86_64) AppleWebKit/537.36 (KHTML, like Gecko) Chrome/86.0.4 240.111 Safari/537.36"
118.123.105.67 - - [29/Dec/2021:22:46:05 +0100] "GET /robots.txt HTTP/1.1" 200 595 "http://85.255.1.106/robots.txt" "Mozilla/5.0 (X11; Linux x86_64) AppleWebKit/537.36 (KHTML, like Gecko) Chrome/86.0.4 240.111 Safari/537.36"
118.123.105.67 - - [29/Dec/2021:22:46:05 +0100] "GET /.well-known/security.txt HTTP/1.1" 301 162 "-" "Mozilla/5.0 (X11; Linux x86_64) AppleWebKit/537.36 (KHTML, like Gecko) Chrome/86.0.4 240.111 Safari/537.36"
118.123.105.67 - - [29/Dec/2021:22:46:06 +0100] "GET /.well-known/security.txt HTTP/1.1" 200 595 "http://85.255.1.106/.well-known/security.txt" "Mozilla/5.0 (X11; Linux x86_64) AppleWebKit/537.36 (KHTML, like Gecko) Chrome/86.0.4 240.111 Safari/537.36"
3.238.251.137 - - [29/Dec/2021:22:47:35 +0100] "GET /rss HTTP/1.1" 301 5 "-" "Ruby"
3.238.251.137 - - [29/Dec/2021:22:47:36 +0100] "GET /rss/ HTTP/1.1" 200 3432 "-" "Ruby"
185.162.235.164 - - [29/Dec/2021:23:06:56 +0100] "GET /api/productConfig HTTP/1.1" 200 595 "-" "Mozilla/5.0 (Windows NT 10.0; Win64; x64) AppleWebKit/537.36 (KHTML, like Gecko) Chrome/96.0.4664.45 Safari/537.36"
137.184.74.244 - - [29/Dec/2021:23:26:24 +0100] "GET / HTTP/1.1" 301 162 "-" "Mozilla/5.0 (Windows NT 6.0; WOW64; rv:52.7.0) Gecko/20100101 Firefox/52.7.0"
137.184.74.244 - - [29/Dec/2021:23:26:36 +0100] "GET / HTTP/1.1" 200 595 "-" "Mozilla/5.0 (Windows NT 10.0; Win64; x64) AppleWebKit/537.36 (KHTML, like Gecko) Chrome/64.0.3282.137 Safari/537.36 OPR/50.0.2762.67"
40.77.167.98 - - [29/Dec/2021:23:44:12 +0100] "GET /robots.txt HTTP/1.1" 301 162 "-" "Mozilla/5.0 (compatible; bingbot/2.0; +http://www.bing.com/bingbot.htm)"
40.77.167.98 - - [29/Dec/2021:23:44:12 +0100] "GET /robots.txt HTTP/2.0" 200 108 "-" "Mozilla/5.0 (compatible; bingbot/2.0; +http://www.bing.com/bingbot.htm)"
207.46.13.217 - - [29/Dec/2021:23:44:21 +0100] "GET / HTTP/1.1" 301 162 "-" "Mozilla/5.0 (compatible; bingbot/2.0; +http://www.bing.com/bingbot.htm)"
157.230.216.203 - - [29/Dec/2021:23:52:31 +0100] "GET /ab2g HTTP/1.1" 400 150 "-" "-"
157.230.216.203 - - [29/Dec/2021:23:52:31 +0100] "GET /ab2h HTTP/1.1" 400 150 "-" "-"
161.35.230.183 - - [29/Dec/2021:23:58:52 +0100] "\x00\x0E83\xE8]\xD4L\x08\x95=\x00\x00\x00\x00\x00" 400 150 "-" "-"
125.64.94.140 - - [30/Dec/2021:00:07:39 +0100] "GET / HTTP/1.0" 200 1345 "-" "-"
125.64.94.140 - - [30/Dec/2021:00:07:41 +0100] "GET /favicon.ico HTTP/1.1" 200 595 "-" "Mozilla/5.0 (X11; Linux x86_64) AppleWebKit/537.36 (KHTML, like Gecko) Chrome/86.0.4 240.111 Safari/537.36"
125.64.94.140 - - [30/Dec/2021:00:07:43 +0100] "GET /robots.txt HTTP/1.1" 200 595 "-" "Mozilla/5.0 (X11; Linux x86_64) AppleWebKit/537.36 (KHTML, like Gecko) Chrome/86.0.4 240.111 Safari/537.36"
125.64.94.140 - - [30/Dec/2021:00:07:44 +0100] "GET /.well-known/security.txt HTTP/1.1" 200 595 "-" "Mozilla/5.0 (X11; Linux x86_64) AppleWebKit/537.36 (KHTML, like Gecko) Chrome/86.0.4 240.111 Safari/537.36"
192.241.208.61 - - [30/Dec/2021:00:28:01 +0100] "GET /owa/auth/x.js HTTP/1.1" 200 595 "-" "Mozilla/5.0 zgrab/0.x"
192.241.209.28 - - [30/Dec/2021:00:30:17 +0100] "GET /owa/auth/logon.aspx HTTP/1.1" 200 595 "-" "Mozilla/5.0 zgrab/0.x"
192.241.204.149 - - [30/Dec/2021:00:31:21 +0100] "GET /ecp/Current/exporttool/microsoft.exchange.ediscovery.exporttool.application HTTP/1.1" 200 595 "-" "Mozilla/5.0 zgrab/0.x"
125.64.94.140 - - [30/Dec/2021:00:43:12 +0100] "GET / HTTP/1.0" 301 162 "-" "-"
125.64.94.140 - - [30/Dec/2021:00:43:13 +0100] "GET / HTTP/1.1" 301 162 "-" "Mozilla/5.0 (X11; Linux x86_64) AppleWebKit/537.36 (KHTML, like Gecko) Chrome/86.0.4 240.111 Safari/537.36"
125.64.94.140 - - [30/Dec/2021:00:43:15 +0100] "GET / HTTP/1.1" 200 595 "http://85.255.1.106" "Mozilla/5.0 (X11; Linux x86_64) AppleWebKit/537.36 (KHTML, like Gecko) Chrome/86.0.4 240.111 Safari/537.36"
125.64.94.140 - - [30/Dec/2021:00:43:15 +0100] "GET /favicon.ico HTTP/1.1" 301 162 "-" "Mozilla/5.0 (X11; Linux x86_64) AppleWebKit/537.36 (KHTML, like Gecko) Chrome/86.0.4 240.111 Safari/537.36"
125.64.94.140 - - [30/Dec/2021:00:43:16 +0100] "GET /favicon.ico HTTP/1.1" 200 595 "http://85.255.1.106/favicon.ico" "Mozilla/5.0 (X11; Linux x86_64) AppleWebKit/537.36 (KHTML, like Gecko) Chrome/86.0.4 240.111 Safari/537.36"
125.64.94.140 - - [30/Dec/2021:00:43:17 +0100] "GET /robots.txt HTTP/1.1" 301 162 "-" "Mozilla/5.0 (X11; Linux x86_64) AppleWebKit/537.36 (KHTML, like Gecko) Chrome/86.0.4 240.111 Safari/537.36"
125.64.94.140 - - [30/Dec/2021:00:43:18 +0100] "GET /robots.txt HTTP/1.1" 200 595 "http://85.255.1.106/robots.txt" "Mozilla/5.0 (X11; Linux x86_64) AppleWebKit/537.36 (KHTML, like Gecko) Chrome/86.0.4 240.111 Safari/537.36"
125.64.94.140 - - [30/Dec/2021:00:43:18 +0100] "GET /.well-known/security.txt HTTP/1.1" 301 162 "-" "Mozilla/5.0 (X11; Linux x86_64) AppleWebKit/537.36 (KHTML, like Gecko) Chrome/86.0.4 240.111 Safari/537.36"
125.64.94.140 - - [30/Dec/2021:00:43:20 +0100] "GET /.well-known/security.txt HTTP/1.1" 200 595 "http://85.255.1.106/.well-known/security.txt" "Mozilla/5.0 (X11; Linux x86_64) AppleWebKit/537.36 (KHTML, like Gecko) Chrome/86.0.4 240.111 Safari/537.36"
92.118.234.202 - - [30/Dec/2021:01:12:29 +0100] "GET http://azenv.net/ HTTP/1.1" 301 162 "-" "Go-http-client/1.1"
92.118.234.202 - - [30/Dec/2021:01:12:32 +0100] "CONNECT azenv.net:443 HTTP/1.1" 400 150 "-" "-"
196.196.41.68 - - [30/Dec/2021:01:23:27 +0100] "GET / HTTP/1.1" 301 162 "-" "-"
161.35.230.183 - - [30/Dec/2021:01:46:27 +0100] "\x00\x0E82\xCC\x8Fn\xDBr\xA7X\x00\x00\x00\x00\x00" 400 150 "-" "-"
45.143.200.118 - - [30/Dec/2021:01:46:56 +0100] "\x03\x00\x00/*\xE0\x00\x00\x00\x00\x00Cookie: mstshash=Administr" 400 150 "-" "-"
116.193.218.252 - - [30/Dec/2021:01:59:44 +0100] "GET / HTTP/1.1" 301 162 "-" "Mozilla/5.0 (Windows NT 6.1; WOW64) AppleWebKit/537.36 (KHTML, like Gecko) Chrome/51.0.2704.103 Safari/537.36"
23.251.102.74 - - [30/Dec/2021:02:29:25 +0100] "GET / HTTP/1.1" 200 595 "-" "Mozilla/5.0 (Windows NT 10.0; Win64; x64) AppleWebKit/537.36 (KHTML, like Gecko) Chrome/60.0.3112.113 Safari/537.36"
92.118.234.202 - - [30/Dec/2021:02:45:38 +0100] "GET http://azenv.net/ HTTP/1.1" 301 162 "-" "Go-http-client/1.1"
92.118.234.202 - - [30/Dec/2021:02:45:42 +0100] "CONNECT azenv.net:443 HTTP/1.1" 400 150 "-" "-"
209.141.58.146 - - [30/Dec/2021:03:32:58 +0100] "GET / HTTP/1.1" 301 162 "-" "Mozilla/5.0 (Windows NT 10.0; Win64; x64) AppleWebKit/537.36 (KHTML, like Gecko) Chrome/95.0.4638.69 Safari/537.36"
209.141.58.146 - - [30/Dec/2021:03:33:00 +0100] "GET / HTTP/1.1" 200 595 "http://85.255.1.106/" "Mozilla/5.0 (Windows NT 10.0; Win64; x64) AppleWebKit/537.36 (KHTML, like Gecko) Chrome/95.0.4638.69 Safari/537.36"
2.57.121.38 - - [30/Dec/2021:03:37:44 +0100] "GET /admin/config.php HTTP/1.1" 301 162 "-" "gbrmss/7.29.0"
54.234.13.218 - - [30/Dec/2021:03:47:02 +0100] "GET /rss HTTP/1.1" 301 5 "-" "Ruby"
54.234.13.218 - - [30/Dec/2021:03:47:02 +0100] "GET /rss/ HTTP/1.1" 200 3437 "-" "Ruby"
92.118.234.202 - - [30/Dec/2021:04:06:11 +0100] "GET http://azenv.net/ HTTP/1.1" 301 162 "-" "Go-http-client/1.1"
92.118.234.202 - - [30/Dec/2021:04:06:14 +0100] "CONNECT azenv.net:443 HTTP/1.1" 400 150 "-" "-"
157.55.39.33 - - [30/Dec/2021:04:17:43 +0100] "GET /sitemap-tags.xml HTTP/2.0" 200 458 "-" "Mozilla/5.0 (compatible; bingbot/2.0; +http://www.bing.com/bingbot.htm)"
157.55.39.150 - - [30/Dec/2021:05:06:32 +0100] "GET /sitemap-authors.xml HTTP/2.0" 200 344 "-" "Mozilla/5.0 (compatible; bingbot/2.0; +http://www.bing.com/bingbot.htm)"
109.248.6.86 - - [30/Dec/2021:05:24:03 +0100] "GET / HTTP/1.0" 200 1345 "-" "masscan-ng/1.3 (https://github.com/bi-zone/masscan-ng)"
66.240.205.34 - - [30/Dec/2021:05:26:42 +0100] "Gh0st\xAD\x00\x00\x00\xE0\x00\x00\x00x\x9CKS``\x98\xC3\xC0\xC0\xC0\x06\xC4\x8C@\xBCQ\x96\x81\x81\x09H\x07\xA7\x16\x95e&\xA7*\x04$&g+\x182\x94\xF6\xB000\xAC\xA8rc\x00\x01\x11\xA0\x82\x1F\x5C`&\x83\xC7K7\x86\x19\xE5n\x0C9\x95n\x0C;\x84\x0F3\xAC\xE8sch\xA8^\xCF4'J\x97\xA9\x82\xE30\xC3\x91h]&\x90\xF8\xCE\x97S\xCBA4L?2=\xE1\xC4\x92\x86\x0B@\xF5`\x0CT\x1F\xAE\xAF]" 400 150 "-" "-"
186.33.79.197 - - [30/Dec/2021:05:57:38 +0100] "GET / HTTP/1.1" 301 162 "-" "Mozilla/5.0 (Windows NT 6.1; WOW64) AppleWebKit/537.36 (KHTML, like Gecko) Chrome/51.0.2704.103 Safari/537.36"
172.104.131.24 - - [30/Dec/2021:05:59:01 +0100] "ABCDEFGHIJKLMNOPQRSTUVWXYZ9999" 400 150 "-" "-"
207.46.13.100 - - [30/Dec/2021:06:06:49 +0100] "GET / HTTP/2.0" 200 13132 "-" "Mozilla/5.0 (compatible; bingbot/2.0; +http://www.bing.com/bingbot.htm)"
62.69.134.6 - - [30/Dec/2021:06:09:58 +0100] "GET / HTTP/1.1" 301 162 "-" "Mozilla/5.0 (Windows NT 10.0; WOW64) AppleWebKit/537.36 (KHTML, like Gecko) Chrome/51.0.2704.103 Safari/537.36"
92.118.234.202 - - [30/Dec/2021:06:18:43 +0100] "GET http://azenv.net/ HTTP/1.1" 301 162 "-" "Go-http-client/1.1"
92.118.234.202 - - [30/Dec/2021:06:18:47 +0100] "CONNECT azenv.net:443 HTTP/1.1" 400 150 "-" "-"
125.64.94.140 - - [30/Dec/2021:06:28:54 +0100] "GET / HTTP/1.0" 200 1345 "-" "-"
125.64.94.140 - - [30/Dec/2021:06:28:56 +0100] "GET /favicon.ico HTTP/1.1" 200 595 "-" "Mozilla/5.0 (X11; Linux x86_64) AppleWebKit/537.36 (KHTML, like Gecko) Chrome/86.0.4 240.111 Safari/537.36"
125.64.94.140 - - [30/Dec/2021:06:28:57 +0100] "GET /robots.txt HTTP/1.1" 200 595 "-" "Mozilla/5.0 (X11; Linux x86_64) AppleWebKit/537.36 (KHTML, like Gecko) Chrome/86.0.4 240.111 Safari/537.36"
125.64.94.140 - - [30/Dec/2021:06:28:58 +0100] "GET /.well-known/security.txt HTTP/1.1" 200 595 "-" "Mozilla/5.0 (X11; Linux x86_64) AppleWebKit/537.36 (KHTML, like Gecko) Chrome/86.0.4 240.111 Safari/537.36"
125.64.94.140 - - [30/Dec/2021:06:50:41 +0100] "GET / HTTP/1.0" 200 1345 "-" "-"
125.64.94.140 - - [30/Dec/2021:06:50:42 +0100] "GET /favicon.ico HTTP/1.1" 200 595 "-" "Mozilla/5.0 (X11; Linux x86_64) AppleWebKit/537.36 (KHTML, like Gecko) Chrome/86.0.4 240.111 Safari/537.36"
125.64.94.140 - - [30/Dec/2021:06:50:43 +0100] "GET /robots.txt HTTP/1.1" 200 595 "-" "Mozilla/5.0 (X11; Linux x86_64) AppleWebKit/537.36 (KHTML, like Gecko) Chrome/86.0.4 240.111 Safari/537.36"
125.64.94.140 - - [30/Dec/2021:06:50:44 +0100] "GET /.well-known/security.txt HTTP/1.1" 200 595 "-" "Mozilla/5.0 (X11; Linux x86_64) AppleWebKit/537.36 (KHTML, like Gecko) Chrome/86.0.4 240.111 Safari/537.36"
205.185.114.93 - - [30/Dec/2021:07:08:38 +0100] "GET /phpmyadmin/scripts/setup.php HTTP/1.1" 400 150 "-" "-"
94.232.43.63 - - [30/Dec/2021:07:10:53 +0100] "\x03\x00\x00,'\xE0\x00\x00\x00\x00\x00Cookie: mstshash=Domain" 400 150 "-" "-"
94.232.43.63 - - [30/Dec/2021:07:10:53 +0100] "\x03\x00\x00,'\xE0\x00\x00\x00\x00\x00Cookie: mstshash=Domain" 400 150 "-" "-"
64.246.165.140 - - [30/Dec/2021:07:12:21 +0100] "GET /robots.txt HTTP/1.0" 301 162 "-" "Mozilla/5.0 (Macintosh; Intel Mac OS X 10.10; rv:59.0) Gecko/20100101 Firefox/59.0"
64.246.165.140 - - [30/Dec/2021:07:12:21 +0100] "GET / HTTP/1.1" 301 162 "-" "Mozilla/5.0 (Macintosh; Intel Mac OS X 10.10; rv:59.0) Gecko/20100101 Firefox/59.0"
104.131.92.8 - - [30/Dec/2021:07:23:10 +0100] "GET / HTTP/1.1" 200 595 "-" "Mozilla/5.0 (compatible; InternetMeasurement/1.0; +https://internet-measurement.com/)"
196.196.41.68 - - [30/Dec/2021:07:29:44 +0100] "GET / HTTP/1.1" 301 162 "-" "-"
194.110.115.22 - - [30/Dec/2021:07:41:06 +0100] "GET / HTTP/1.1" 301 162 "-" "Mozilla/5.0 (Macintosh; Intel Mac OS X 10_8_0) AppleWebKit/537.36 (KHTML, like Gecko) Chrome/32.0.1664.3 Safari/537.36"
194.110.115.22 - - [30/Dec/2021:07:41:07 +0100] "GET / HTTP/1.1" 200 595 "-" "Mozilla/5.0 (Macintosh; Intel Mac OS X 10_8_0) AppleWebKit/537.36 (KHTML, like Gecko) Chrome/32.0.1664.3 Safari/537.36"
82.62.55.197 - - [30/Dec/2021:08:01:11 +0100] "GET / HTTP/1.1" 301 162 "-" "Mozilla/5.0 (Windows NT 10.0; WOW64) AppleWebKit/537.36 (KHTML, like Gecko) Chrome/51.0.2704.103 Safari/537.36"
183.136.226.4 - - [30/Dec/2021:08:04:12 +0100] "GET / HTTP/1.1" 301 162 "-" "Mozilla/5.0 (Macintosh; Intel Mac OS X 10.11; rv:47.0) Gecko/20100101 Firefox/47.0"
183.136.226.4 - - [30/Dec/2021:08:05:02 +0100] "GET /favicon.ico HTTP/1.1" 301 162 "-" "Mozilla/5.0 (Windows NT 6.1; WOW64) AppleWebKit/537.36 (KHTML, like Gecko) Chrome/63.0.3239.132 Safari/537.36 QIHU 360SE"
183.136.226.4 - - [30/Dec/2021:08:05:47 +0100] "GET / HTTP/1.1" 200 595 "-" "Mozilla/5.0 (Windows NT 6.1; WOW64) AppleWebKit/537.36 (KHTML, like Gecko) Chrome/63.0.3239.132 Safari/537.36 QIHU 360SE"
92.118.234.202 - - [30/Dec/2021:08:12:21 +0100] "GET http://azenv.net/ HTTP/1.1" 301 162 "-" "Go-http-client/1.1"
92.118.234.202 - - [30/Dec/2021:08:12:25 +0100] "CONNECT azenv.net:443 HTTP/1.1" 400 150 "-" "-"
54.234.13.218 - - [30/Dec/2021:08:45:38 +0100] "GET /rss HTTP/1.1" 301 5 "-" "Ruby"
54.234.13.218 - - [30/Dec/2021:08:45:39 +0100] "GET /rss/ HTTP/1.1" 200 3432 "-" "Ruby"
42.116.182.86 - - [30/Dec/2021:09:10:00 +0100] "GET / HTTP/1.1" 301 162 "http://cato.brightcloud.com/" "Mozilla/5.0 (Windows NT 10.0; Win64; x64) AppleWebKit/537.36 (KHTML, like Gecko) Chrome/96.0.4664.110 Safari/537.36"
42.116.182.86 - - [30/Dec/2021:09:10:00 +0100] "GET / HTTP/1.1" 301 162 "http://cato.brightcloud.com/" "Mozilla/5.0 (Windows NT 10.0; Win64; x64) AppleWebKit/537.36 (KHTML, like Gecko) Chrome/96.0.4664.110 Safari/537.36"
42.116.182.86 - - [30/Dec/2021:09:10:01 +0100] "GET / HTTP/2.0" 200 13132 "http://cato.brightcloud.com/" "Mozilla/5.0 (Windows NT 10.0; Win64; x64) AppleWebKit/537.36 (KHTML, like Gecko) Chrome/96.0.4664.110 Safari/537.36"
42.116.182.86 - - [30/Dec/2021:09:10:01 +0100] "GET / HTTP/2.0" 200 13132 "http://cato.brightcloud.com/" "Mozilla/5.0 (Windows NT 10.0; Win64; x64) AppleWebKit/537.36 (KHTML, like Gecko) Chrome/96.0.4664.110 Safari/537.36"
42.116.182.86 - - [30/Dec/2021:09:10:02 +0100] "GET /assets/styles/main.css?v=e5a81d7637 HTTP/2.0" 200 14057 "https://krzwiatrzyk.eu/" "Mozilla/5.0 (Windows NT 10.0; Win64; x64) AppleWebKit/537.36 (KHTML, like Gecko) Chrome/96.0.4664.110 Safari/537.36"
42.116.182.86 - - [30/Dec/2021:09:10:02 +0100] "GET /assets/styles/main.css?v=e5a81d7637 HTTP/2.0" 200 14057 "https://krzwiatrzyk.eu/" "Mozilla/5.0 (Windows NT 10.0; Win64; x64) AppleWebKit/537.36 (KHTML, like Gecko) Chrome/96.0.4664.110 Safari/537.36"
42.116.182.86 - - [30/Dec/2021:09:10:02 +0100] "GET /assets/scripts/main.js?v=e5a81d7637 HTTP/2.0" 200 9977 "https://krzwiatrzyk.eu/" "Mozilla/5.0 (Windows NT 10.0; Win64; x64) AppleWebKit/537.36 (KHTML, like Gecko) Chrome/96.0.4664.110 Safari/537.36"
42.116.182.86 - - [30/Dec/2021:09:10:02 +0100] "GET /assets/scripts/main.js?v=e5a81d7637 HTTP/2.0" 200 9977 "https://krzwiatrzyk.eu/" "Mozilla/5.0 (Windows NT 10.0; Win64; x64) AppleWebKit/537.36 (KHTML, like Gecko) Chrome/96.0.4664.110 Safari/537.36"
42.116.182.86 - - [30/Dec/2021:09:10:02 +0100] "GET /content/images/size/w1000/2021/12/Weekly-1.png HTTP/2.0" 200 121835 "https://krzwiatrzyk.eu/" "Mozilla/5.0 (Windows NT 10.0; Win64; x64) AppleWebKit/537.36 (KHTML, like Gecko) Chrome/96.0.4664.110 Safari/537.36"
42.116.182.86 - - [30/Dec/2021:09:10:02 +0100] "GET /content/images/size/w300/2021/10/d417ce9e68114f09acc670e5928685a3--5--1.png HTTP/2.0" 200 2741 "https://krzwiatrzyk.eu/" "Mozilla/5.0 (Windows NT 10.0; Win64; x64) AppleWebKit/537.36 (KHTML, like Gecko) Chrome/96.0.4664.110 Safari/537.36"
42.116.182.86 - - [30/Dec/2021:09:10:02 +0100] "GET /content/images/size/w1000/2021/12/Weekly.png HTTP/2.0" 200 136035 "https://krzwiatrzyk.eu/" "Mozilla/5.0 (Windows NT 10.0; Win64; x64) AppleWebKit/537.36 (KHTML, like Gecko) Chrome/96.0.4664.110 Safari/537.36"
42.116.182.86 - - [30/Dec/2021:09:10:03 +0100] "GET /content/images/size/w1000/2021/11/Weekly.png HTTP/2.0" 200 121835 "https://krzwiatrzyk.eu/" "Mozilla/5.0 (Windows NT 10.0; Win64; x64) AppleWebKit/537.36 (KHTML, like Gecko) Chrome/96.0.4664.110 Safari/537.36"
42.116.182.86 - - [30/Dec/2021:09:10:03 +0100] "GET /content/images/size/w30/2021/10/Screenshot_8.png HTTP/2.0" 200 1256 "https://krzwiatrzyk.eu/" "Mozilla/5.0 (Windows NT 10.0; Win64; x64) AppleWebKit/537.36 (KHTML, like Gecko) Chrome/96.0.4664.110 Safari/537.36"
42.116.182.86 - - [30/Dec/2021:09:10:03 +0100] "GET /assets/scripts/pagination.js?v=e5a81d7637 HTTP/2.0" 200 852 "https://krzwiatrzyk.eu/" "Mozilla/5.0 (Windows NT 10.0; Win64; x64) AppleWebKit/537.36 (KHTML, like Gecko) Chrome/96.0.4664.110 Safari/537.36"
42.116.182.86 - - [30/Dec/2021:09:10:03 +0100] "GET /content/images/size/w300/2021/10/d417ce9e68114f09acc670e5928685a3--5--1.png HTTP/2.0" 200 2741 "https://krzwiatrzyk.eu/" "Mozilla/5.0 (Windows NT 10.0; Win64; x64) AppleWebKit/537.36 (KHTML, like Gecko) Chrome/96.0.4664.110 Safari/537.36"
42.116.182.86 - - [30/Dec/2021:09:10:03 +0100] "GET /content/images/size/w1000/2021/12/Weekly-1.png HTTP/2.0" 200 121835 "https://krzwiatrzyk.eu/" "Mozilla/5.0 (Windows NT 10.0; Win64; x64) AppleWebKit/537.36 (KHTML, like Gecko) Chrome/96.0.4664.110 Safari/537.36"
42.116.182.86 - - [30/Dec/2021:09:10:03 +0100] "GET /favicon.png HTTP/2.0" 200 2741 "https://krzwiatrzyk.eu/" "Mozilla/5.0 (Windows NT 10.0; Win64; x64) AppleWebKit/537.36 (KHTML, like Gecko) Chrome/96.0.4664.110 Safari/537.36"
42.116.182.86 - - [30/Dec/2021:09:10:03 +0100] "GET /content/images/size/w1000/2021/10/Screenshot_8.png HTTP/2.0" 200 243714 "https://krzwiatrzyk.eu/" "Mozilla/5.0 (Windows NT 10.0; Win64; x64) AppleWebKit/537.36 (KHTML, like Gecko) Chrome/96.0.4664.110 Safari/537.36"
42.116.182.86 - - [30/Dec/2021:09:10:04 +0100] "GET /content/images/size/w600/2021/12/Weekly-1.png HTTP/2.0" 200 63913 "https://krzwiatrzyk.eu/" "Mozilla/5.0 (Windows NT 10.0; Win64; x64) AppleWebKit/537.36 (KHTML, like Gecko) Chrome/96.0.4664.110 Safari/537.36"
42.116.182.86 - - [30/Dec/2021:09:10:04 +0100] "GET /content/images/size/w1000/2021/12/Weekly.png HTTP/2.0" 200 136035 "https://krzwiatrzyk.eu/" "Mozilla/5.0 (Windows NT 10.0; Win64; x64) AppleWebKit/537.36 (KHTML, like Gecko) Chrome/96.0.4664.110 Safari/537.36"
42.116.182.86 - - [30/Dec/2021:09:10:04 +0100] "GET /content/images/size/w1000/2021/11/Weekly.png HTTP/2.0" 200 121835 "https://krzwiatrzyk.eu/" "Mozilla/5.0 (Windows NT 10.0; Win64; x64) AppleWebKit/537.36 (KHTML, like Gecko) Chrome/96.0.4664.110 Safari/537.36"
42.116.182.86 - - [30/Dec/2021:09:10:05 +0100] "GET /content/images/size/w30/2021/10/Screenshot_8.png HTTP/2.0" 200 1256 "https://krzwiatrzyk.eu/" "Mozilla/5.0 (Windows NT 10.0; Win64; x64) AppleWebKit/537.36 (KHTML, like Gecko) Chrome/96.0.4664.110 Safari/537.36"
42.116.182.86 - - [30/Dec/2021:09:10:05 +0100] "GET /content/images/size/w600/2021/12/Weekly.png HTTP/2.0" 200 67598 "https://krzwiatrzyk.eu/" "Mozilla/5.0 (Windows NT 10.0; Win64; x64) AppleWebKit/537.36 (KHTML, like Gecko) Chrome/96.0.4664.110 Safari/537.36"
42.116.182.86 - - [30/Dec/2021:09:10:05 +0100] "GET /content/images/size/w600/2021/11/Weekly.png HTTP/2.0" 200 63913 "https://krzwiatrzyk.eu/" "Mozilla/5.0 (Windows NT 10.0; Win64; x64) AppleWebKit/537.36 (KHTML, like Gecko) Chrome/96.0.4664.110 Safari/537.36"
42.116.182.86 - - [30/Dec/2021:09:10:05 +0100] "GET /assets/scripts/pagination.js?v=e5a81d7637 HTTP/2.0" 200 852 "https://krzwiatrzyk.eu/" "Mozilla/5.0 (Windows NT 10.0; Win64; x64) AppleWebKit/537.36 (KHTML, like Gecko) Chrome/96.0.4664.110 Safari/537.36"
54.189.162.167 - - [30/Dec/2021:09:12:04 +0100] "GET / HTTP/1.1" 301 162 "-" "-"
54.189.169.209 - - [30/Dec/2021:09:15:42 +0100] "GET / HTTP/1.1" 301 162 "-" "-"
184.105.139.70 - - [30/Dec/2021:09:28:40 +0100] "GET / HTTP/1.1" 301 162 "-" "-"
207.46.13.100 - - [30/Dec/2021:09:33:18 +0100] "GET /sitemap-pages.xml HTTP/2.0" 200 426 "-" "Mozilla/5.0 (compatible; bingbot/2.0; +http://www.bing.com/bingbot.htm)"
40.77.167.98 - - [30/Dec/2021:09:34:03 +0100] "GET /robots.txt HTTP/1.1" 301 162 "-" "Mozilla/5.0 (compatible; bingbot/2.0; +http://www.bing.com/bingbot.htm)"
40.77.167.98 - - [30/Dec/2021:09:34:04 +0100] "GET /robots.txt HTTP/2.0" 200 108 "-" "Mozilla/5.0 (compatible; bingbot/2.0; +http://www.bing.com/bingbot.htm)"
207.46.13.217 - - [30/Dec/2021:09:34:09 +0100] "GET / HTTP/1.1" 301 162 "-" "Mozilla/5.0 (compatible; bingbot/2.0; +http://www.bing.com/bingbot.htm)"
118.123.105.67 - - [30/Dec/2021:09:40:06 +0100] "GET / HTTP/1.0" 301 162 "-" "-"
118.123.105.67 - - [30/Dec/2021:09:40:07 +0100] "GET / HTTP/1.1" 301 162 "-" "Mozilla/5.0 (X11; Linux x86_64) AppleWebKit/537.36 (KHTML, like Gecko) Chrome/86.0.4 240.111 Safari/537.36"
118.123.105.67 - - [30/Dec/2021:09:40:08 +0100] "GET / HTTP/1.1" 200 595 "http://85.255.1.106" "Mozilla/5.0 (X11; Linux x86_64) AppleWebKit/537.36 (KHTML, like Gecko) Chrome/86.0.4 240.111 Safari/537.36"
118.123.105.67 - - [30/Dec/2021:09:40:09 +0100] "GET /favicon.ico HTTP/1.1" 301 162 "-" "Mozilla/5.0 (X11; Linux x86_64) AppleWebKit/537.36 (KHTML, like Gecko) Chrome/86.0.4 240.111 Safari/537.36"
118.123.105.67 - - [30/Dec/2021:09:40:10 +0100] "GET /favicon.ico HTTP/1.1" 200 595 "http://85.255.1.106/favicon.ico" "Mozilla/5.0 (X11; Linux x86_64) AppleWebKit/537.36 (KHTML, like Gecko) Chrome/86.0.4 240.111 Safari/537.36"
118.123.105.67 - - [30/Dec/2021:09:40:11 +0100] "GET /robots.txt HTTP/1.1" 301 162 "-" "Mozilla/5.0 (X11; Linux x86_64) AppleWebKit/537.36 (KHTML, like Gecko) Chrome/86.0.4 240.111 Safari/537.36"
118.123.105.67 - - [30/Dec/2021:09:40:12 +0100] "GET /robots.txt HTTP/1.1" 200 595 "http://85.255.1.106/robots.txt" "Mozilla/5.0 (X11; Linux x86_64) AppleWebKit/537.36 (KHTML, like Gecko) Chrome/86.0.4 240.111 Safari/537.36"
118.123.105.67 - - [30/Dec/2021:09:40:12 +0100] "GET /.well-known/security.txt HTTP/1.1" 301 162 "-" "Mozilla/5.0 (X11; Linux x86_64) AppleWebKit/537.36 (KHTML, like Gecko) Chrome/86.0.4 240.111 Safari/537.36"
118.123.105.67 - - [30/Dec/2021:09:40:13 +0100] "GET /.well-known/security.txt HTTP/1.1" 200 595 "http://85.255.1.106/.well-known/security.txt" "Mozilla/5.0 (X11; Linux x86_64) AppleWebKit/537.36 (KHTML, like Gecko) Chrome/86.0.4 240.111 Safari/537.36"
88.199.82.12 - - [30/Dec/2021:09:40:21 +0100] "GET / HTTP/1.1" 301 162 "-" "Mozilla/5.0 (Windows NT 10.0; WOW64) AppleWebKit/537.36 (KHTML, like Gecko) Chrome/51.0.2704.103 Safari/537.36"
192.241.214.37 - - [30/Dec/2021:09:41:07 +0100] "GET /ecp/Current/exporttool/microsoft.exchange.ediscovery.exporttool.application HTTP/1.1" 200 595 "-" "Mozilla/5.0 zgrab/0.x"
160.116.22.22 - - [30/Dec/2021:09:42:56 +0100] "GET / HTTP/1.0" 301 162 "-" "-"
160.116.22.22 - - [30/Dec/2021:09:42:56 +0100] "GET / HTTP/1.1" 301 162 "-" "Mozilla/5.0 (X11; Linux x86_64) AppleWebKit/537.36 (KHTML, like Gecko) Chrome/86.0.4 240.111 Safari/537.36"
160.116.22.22 - - [30/Dec/2021:09:43:21 +0100] "GET / HTTP/1.1" 301 162 "-" "Mozilla/5.0 (X11; Linux x86_64) AppleWebKit/537.36 (KHTML, like Gecko) Chrome/86.0.4 240.111 Safari/537.36"
160.116.22.22 - - [30/Dec/2021:09:43:21 +0100] "GET / HTTP/1.1" 200 595 "http://85.255.1.106" "Mozilla/5.0 (X11; Linux x86_64) AppleWebKit/537.36 (KHTML, like Gecko) Chrome/86.0.4 240.111 Safari/537.36"
160.116.22.22 - - [30/Dec/2021:09:43:22 +0100] "GET / HTTP/1.1" 200 595 "http://85.255.1.106/" "Mozilla/5.0 (X11; Linux x86_64) AppleWebKit/537.36 (KHTML, like Gecko) Chrome/86.0.4 240.111 Safari/537.36"
160.116.22.22 - - [30/Dec/2021:09:43:23 +0100] "GET /favicon.ico HTTP/1.1" 301 162 "-" "Mozilla/5.0 (X11; Linux x86_64) AppleWebKit/537.36 (KHTML, like Gecko) Chrome/86.0.4 240.111 Safari/537.36"
160.116.22.22 - - [30/Dec/2021:09:43:24 +0100] "GET /favicon.ico HTTP/1.1" 200 595 "http://85.255.1.106/favicon.ico" "Mozilla/5.0 (X11; Linux x86_64) AppleWebKit/537.36 (KHTML, like Gecko) Chrome/86.0.4 240.111 Safari/537.36"
160.116.22.22 - - [30/Dec/2021:09:43:42 +0100] "GET /robots.txt HTTP/1.1" 301 162 "-" "Mozilla/5.0 (X11; Linux x86_64) AppleWebKit/537.36 (KHTML, like Gecko) Chrome/86.0.4 240.111 Safari/537.36"
160.116.22.22 - - [30/Dec/2021:09:43:43 +0100] "GET /robots.txt HTTP/1.1" 200 595 "http://85.255.1.106/robots.txt" "Mozilla/5.0 (X11; Linux x86_64) AppleWebKit/537.36 (KHTML, like Gecko) Chrome/86.0.4 240.111 Safari/537.36"
160.116.22.22 - - [30/Dec/2021:09:43:44 +0100] "GET /.well-known/security.txt HTTP/1.1" 301 162 "-" "Mozilla/5.0 (X11; Linux x86_64) AppleWebKit/537.36 (KHTML, like Gecko) Chrome/86.0.4 240.111 Safari/537.36"
160.116.22.22 - - [30/Dec/2021:09:43:45 +0100] "GET /.well-known/security.txt HTTP/1.1" 200 595 "http://85.255.1.106/.well-known/security.txt" "Mozilla/5.0 (X11; Linux x86_64) AppleWebKit/537.36 (KHTML, like Gecko) Chrome/86.0.4 240.111 Safari/537.36"
192.241.214.50 - - [30/Dec/2021:09:49:23 +0100] "GET /owa/auth/logon.aspx?url=https%3a%2f%2f1%2fecp%2f HTTP/1.1" 200 595 "-" "Mozilla/5.0 zgrab/0.x"
161.97.87.64 - - [30/Dec/2021:10:00:15 +0100] "GET /recordings HTTP/1.1" 301 162 "-" "Mozilla/5.0 (Windows NT 10.0; Win64; x64) AppleWebKit/537.36 (KHTML, like Gecko) Chrome/91.0.4472.124 Safari/537.36"
161.97.87.64 - - [30/Dec/2021:10:00:16 +0100] "GET /recordings HTTP/1.1" 200 1345 "-" "Mozilla/5.0 (Windows NT 10.0; Win64; x64) AppleWebKit/537.36 (KHTML, like Gecko) Chrome/91.0.4472.124 Safari/537.36"
92.118.234.202 - - [30/Dec/2021:10:10:46 +0100] "GET http://azenv.net/ HTTP/1.1" 301 162 "-" "Go-http-client/1.1"
92.118.234.202 - - [30/Dec/2021:10:10:49 +0100] "CONNECT azenv.net:443 HTTP/1.1" 400 150 "-" "-"
36.75.224.137 - - [30/Dec/2021:10:26:38 +0100] "GET / HTTP/1.1" 301 162 "-" "Mozilla/5.0 (Windows NT 6.1; WOW64) AppleWebKit/537.36 (KHTML, like Gecko) Chrome/52.0.2743.116 Safari/537.36"
125.64.94.140 - - [30/Dec/2021:10:44:17 +0100] "GET / HTTP/1.0" 200 1345 "-" "-"
125.64.94.140 - - [30/Dec/2021:10:44:20 +0100] "GET /favicon.ico HTTP/1.1" 200 595 "-" "Mozilla/5.0 (X11; Linux x86_64) AppleWebKit/537.36 (KHTML, like Gecko) Chrome/86.0.4 240.111 Safari/537.36"
125.64.94.140 - - [30/Dec/2021:10:44:21 +0100] "GET /robots.txt HTTP/1.1" 200 595 "-" "Mozilla/5.0 (X11; Linux x86_64) AppleWebKit/537.36 (KHTML, like Gecko) Chrome/86.0.4 240.111 Safari/537.36"
125.64.94.140 - - [30/Dec/2021:10:44:23 +0100] "GET /.well-known/security.txt HTTP/1.1" 200 595 "-" "Mozilla/5.0 (X11; Linux x86_64) AppleWebKit/537.36 (KHTML, like Gecko) Chrome/86.0.4 240.111 Safari/537.36"
157.55.39.33 - - [30/Dec/2021:10:48:39 +0100] "GET /sitemap.xml HTTP/2.0" 200 642 "-" "Mozilla/5.0 (compatible; bingbot/2.0; +http://www.bing.com/bingbot.htm)"
157.55.39.33 - - [30/Dec/2021:10:58:49 +0100] "GET /sitemap.xml HTTP/2.0" 200 642 "-" "Mozilla/5.0 (compatible; bingbot/2.0; +http://www.bing.com/bingbot.htm)"
193.29.13.29 - - [30/Dec/2021:11:00:58 +0100] "\x03\x00\x00/*\xE0\x00\x00\x00\x00\x00Cookie: mstshash=Administr" 400 150 "-" "-"
79.103.152.182 - - [30/Dec/2021:11:05:06 +0100] "GET / HTTP/1.1" 301 162 "-" "Mozilla/5.0 (Windows NT 6.1; WOW64) AppleWebKit/537.36 (KHTML, like Gecko) Chrome/52.0.2743.116 Safari/537.36"
193.29.13.29 - - [30/Dec/2021:11:08:40 +0100] "\x03\x00\x00/*\xE0\x00\x00\x00\x00\x00Cookie: mstshash=Administr" 400 150 "-" "-"
161.97.87.64 - - [30/Dec/2021:11:23:24 +0100] "\x16\x03\x03\x00\x96\x01\x00\x00\x92\x03\x03a\xCD\x88\x9D\x108\xB8\xA1\xED\xD88\x89\xDE\x88$Y?\x09f\x87\xB1\xB8\xF6\x8B\x82\xCB \xEE\xC1a\xF9W\x00\x004\xC0(\xC0'\xC0\x14\xC0\x13\x00\x9F\x00\x9E\x009\x003\x00\x9D\x00\x9C\x00=\x00<\x005\x00/\xC0,\xC0+\xC0$\xC0#\xC0" 400 150 "-" "-"
161.97.87.64 - - [30/Dec/2021:11:23:24 +0100] "\x16\x03\x03\x00\x96\x01\x00\x00\x92\x03\x03a\xCD\x88\x9D\x1Bw26T\xB8\x946\xEB\xBAQ\xF1\x18\xB8\x16r\xEDZ`\xF2N\x8B\x82\x03" 400 150 "-" "-"
128.14.209.170 - - [30/Dec/2021:11:26:01 +0100] "GET / HTTP/1.1" 301 162 "-" "Mozilla/5.0 (Windows NT 10.0; Win64; x64) AppleWebKit/537.36 (KHTML, like Gecko) Chrome/60.0.3112.113 Safari/537.36"
128.14.209.170 - - [30/Dec/2021:11:26:02 +0100] "GET / HTTP/1.1" 200 595 "http://85.255.1.106/" "Mozilla/5.0 (Windows NT 10.0; Win64; x64) AppleWebKit/537.36 (KHTML, like Gecko) Chrome/60.0.3112.113 Safari/537.36"
157.55.39.150 - - [30/Dec/2021:11:51:31 +0100] "GET /sitemap-posts.xml HTTP/2.0" 200 386 "-" "Mozilla/5.0 (compatible; bingbot/2.0; +http://www.bing.com/bingbot.htm)"
125.64.94.140 - - [30/Dec/2021:12:26:12 +0100] "GET / HTTP/1.0" 301 162 "-" "-"
125.64.94.140 - - [30/Dec/2021:12:26:13 +0100] "GET / HTTP/1.1" 301 162 "-" "Mozilla/5.0 (X11; Linux x86_64) AppleWebKit/537.36 (KHTML, like Gecko) Chrome/86.0.4 240.111 Safari/537.36"
125.64.94.140 - - [30/Dec/2021:12:26:16 +0100] "GET / HTTP/1.1" 200 595 "http://85.255.1.106" "Mozilla/5.0 (X11; Linux x86_64) AppleWebKit/537.36 (KHTML, like Gecko) Chrome/86.0.4 240.111 Safari/537.36"
125.64.94.140 - - [30/Dec/2021:12:26:16 +0100] "GET /favicon.ico HTTP/1.1" 301 162 "-" "Mozilla/5.0 (X11; Linux x86_64) AppleWebKit/537.36 (KHTML, like Gecko) Chrome/86.0.4 240.111 Safari/537.36"
125.64.94.140 - - [30/Dec/2021:12:26:18 +0100] "GET /favicon.ico HTTP/1.1" 200 595 "http://85.255.1.106/favicon.ico" "Mozilla/5.0 (X11; Linux x86_64) AppleWebKit/537.36 (KHTML, like Gecko) Chrome/86.0.4 240.111 Safari/537.36"
125.64.94.140 - - [30/Dec/2021:12:26:19 +0100] "GET /robots.txt HTTP/1.1" 301 162 "-" "Mozilla/5.0 (X11; Linux x86_64) AppleWebKit/537.36 (KHTML, like Gecko) Chrome/86.0.4 240.111 Safari/537.36"
125.64.94.140 - - [30/Dec/2021:12:26:20 +0100] "GET /robots.txt HTTP/1.1" 200 595 "http://85.255.1.106/robots.txt" "Mozilla/5.0 (X11; Linux x86_64) AppleWebKit/537.36 (KHTML, like Gecko) Chrome/86.0.4 240.111 Safari/537.36"
125.64.94.140 - - [30/Dec/2021:12:26:21 +0100] "GET /.well-known/security.txt HTTP/1.1" 301 162 "-" "Mozilla/5.0 (X11; Linux x86_64) AppleWebKit/537.36 (KHTML, like Gecko) Chrome/86.0.4 240.111 Safari/537.36"
125.64.94.140 - - [30/Dec/2021:12:26:21 +0100] "GET /.well-known/security.txt HTTP/1.1" 200 595 "http://85.255.1.106/.well-known/security.txt" "Mozilla/5.0 (X11; Linux x86_64) AppleWebKit/537.36 (KHTML, like Gecko) Chrome/86.0.4 240.111 Safari/537.36"
92.118.234.202 - - [30/Dec/2021:12:35:19 +0100] "GET http://azenv.net/ HTTP/1.1" 301 162 "-" "Go-http-client/1.1"
92.118.234.202 - - [30/Dec/2021:12:35:24 +0100] "CONNECT azenv.net:443 HTTP/1.1" 400 150 "-" "-"
104.248.43.58 - - [30/Dec/2021:13:19:24 +0100] "\x16\x03\x01\x01\xFB\x01\x00\x01\xF7\x03\x03\xAF\x86Y\xF0\x02yH\xB5\xDB\x9838\xA3\x12\xFB\xAA\x22\xE3\xF0\xFA\xF6J9\xD6\x8F\xA7\xE9\xAB\xE0" 400 150 "-" "-"
193.118.53.194 - - [30/Dec/2021:13:26:34 +0100] "GET / HTTP/1.1" 200 595 "-" "Mozilla/5.0 (Windows NT 10.0; Win64; x64) AppleWebKit/537.36 (KHTML, like Gecko) Chrome/60.0.3112.113 Safari/537.36"
3.238.251.137 - - [30/Dec/2021:13:46:07 +0100] "GET /rss HTTP/1.1" 301 5 "-" "Ruby"
3.238.251.137 - - [30/Dec/2021:13:46:08 +0100] "GET /rss/ HTTP/1.1" 200 3432 "-" "Ruby"
