83.29.133.58 - - [07/Jan/2022:10:16:44 +0100] "GET /ghost/api/canary/admin/pages/?limit=30&page=1&filter=status%3A%5Bdraft%2Cscheduled%2Cpublished%2Csent%5D HTTP/2.0" 200 1397 "https://krzwiatrzyk.eu/ghost/" "Mozilla/5.0 (Windows NT 10.0; Win64; x64) AppleWebKit/537.36 (KHTML, like Gecko) Chrome/96.0.4664.110 Safari/537.36 OPR/82.0.4227.43"
83.29.133.58 - - [07/Jan/2022:10:16:44 +0100] "GET /ghost/api/canary/admin/tags/?limit=all HTTP/2.0" 200 397 "https://krzwiatrzyk.eu/ghost/" "Mozilla/5.0 (Windows NT 10.0; Win64; x64) AppleWebKit/537.36 (KHTML, like Gecko) Chrome/96.0.4664.110 Safari/537.36 OPR/82.0.4227.43"
83.29.133.58 - - [07/Jan/2022:10:16:44 +0100] "GET /ghost/api/canary/admin/snippets/?limit=all HTTP/2.0" 200 106 "https://krzwiatrzyk.eu/ghost/" "Mozilla/5.0 (Windows NT 10.0; Win64; x64) AppleWebKit/537.36 (KHTML, like Gecko) Chrome/96.0.4664.110 Safari/537.36 OPR/82.0.4227.43"
83.29.133.58 - - [07/Jan/2022:10:16:44 +0100] "GET /ghost/api/canary/admin/users/?limit=all&include=roles HTTP/2.0" 200 846 "https://krzwiatrzyk.eu/ghost/" "Mozilla/5.0 (Windows NT 10.0; Win64; x64) AppleWebKit/537.36 (KHTML, like Gecko) Chrome/96.0.4664.110 Safari/537.36 OPR/82.0.4227.43"
83.29.133.58 - - [07/Jan/2022:10:16:45 +0100] "GET /ghost/api/canary/admin/pages/61d6d97b024ed40001401c74/ HTTP/2.0" 200 1000 "https://krzwiatrzyk.eu/ghost/" "Mozilla/5.0 (Windows NT 10.0; Win64; x64) AppleWebKit/537.36 (KHTML, like Gecko) Chrome/96.0.4664.110 Safari/537.36 OPR/82.0.4227.43"
83.29.133.58 - - [07/Jan/2022:10:16:46 +0100] "GET /ghost/api/canary/admin/members/?limit=1&filter=subscribed%3Atrue&include=labels%2CemailRecipients HTTP/2.0" 200 101 "https://krzwiatrzyk.eu/ghost/" "Mozilla/5.0 (Windows NT 10.0; Win64; x64) AppleWebKit/537.36 (KHTML, like Gecko) Chrome/96.0.4664.110 Safari/537.36 OPR/82.0.4227.43"
83.29.133.58 - - [07/Jan/2022:10:16:46 +0100] "GET /ghost/api/canary/admin/settings/?group=site%2Ctheme%2Cprivate%2Cmembers%2Cportal%2Cnewsletter%2Cemail%2Camp%2Clabs%2Cslack%2Cunsplash%2Cviews%2Cfirstpromoter%2Coauth%2Ceditor HTTP/2.0" 200 1857 "https://krzwiatrzyk.eu/ghost/" "Mozilla/5.0 (Windows NT 10.0; Win64; x64) AppleWebKit/537.36 (KHTML, like Gecko) Chrome/96.0.4664.110 Safari/537.36 OPR/82.0.4227.43"
83.29.133.58 - - [07/Jan/2022:10:16:46 +0100] "GET /ghost/api/canary/admin/snippets/?limit=all HTTP/2.0" 200 106 "https://krzwiatrzyk.eu/ghost/" "Mozilla/5.0 (Windows NT 10.0; Win64; x64) AppleWebKit/537.36 (KHTML, like Gecko) Chrome/96.0.4664.110 Safari/537.36 OPR/82.0.4227.43"
83.29.133.58 - - [07/Jan/2022:10:17:19 +0100] "PUT /ghost/api/canary/admin/pages/61d6d97b024ed40001401c74/ HTTP/2.0" 200 1061 "https://krzwiatrzyk.eu/ghost/" "Mozilla/5.0 (Windows NT 10.0; Win64; x64) AppleWebKit/537.36 (KHTML, like Gecko) Chrome/96.0.4664.110 Safari/537.36 OPR/82.0.4227.43"
83.29.133.58 - - [07/Jan/2022:10:17:21 +0100] "GET /ghost/api/canary/admin/pages/?limit=30&page=1&filter=status%3A%5Bdraft%2Cscheduled%2Cpublished%2Csent%5D HTTP/2.0" 200 1457 "https://krzwiatrzyk.eu/ghost/" "Mozilla/5.0 (Windows NT 10.0; Win64; x64) AppleWebKit/537.36 (KHTML, like Gecko) Chrome/96.0.4664.110 Safari/537.36 OPR/82.0.4227.43"
83.29.133.58 - - [07/Jan/2022:10:22:01 +0100] "GET /rss/ HTTP/2.0" 304 0 "-" "Mozilla/5.0 (Windows NT 10.0; Win64; x64) AppleWebKit/537.36 (KHTML, like Gecko) Chrome/96.0.4664.110 Safari/537.36 OPR/82.0.4227.43"
192.241.217.35 - - [07/Jan/2022:10:25:49 +0100] "GET /ecp/Current/exporttool/microsoft.exchange.ediscovery.exporttool.application HTTP/1.1" 200 595 "-" "Mozilla/5.0 zgrab/0.x"
85.202.169.115 - - [07/Jan/2022:10:27:53 +0100] "GET / HTTP/1.1" 301 162 "-" "Linux Gnu (cow)"
192.241.219.243 - - [07/Jan/2022:10:35:22 +0100] "GET /owa/auth/logon.aspx?url=https%3a%2f%2f1%2fecp%2f HTTP/1.1" 200 595 "-" "Mozilla/5.0 zgrab/0.x"
83.29.133.58 - - [07/Jan/2022:10:37:00 +0100] "GET /rss/ HTTP/2.0" 304 0 "-" "Mozilla/5.0 (Windows NT 10.0; Win64; x64) AppleWebKit/537.36 (KHTML, like Gecko) Chrome/96.0.4664.110 Safari/537.36 OPR/82.0.4227.43"
83.29.133.58 - - [07/Jan/2022:10:52:01 +0100] "GET /rss/ HTTP/2.0" 304 0 "-" "Mozilla/5.0 (Windows NT 10.0; Win64; x64) AppleWebKit/537.36 (KHTML, like Gecko) Chrome/96.0.4664.110 Safari/537.36 OPR/82.0.4227.43"
83.29.133.58 - - [07/Jan/2022:11:07:01 +0100] "GET /rss/ HTTP/2.0" 304 0 "-" "Mozilla/5.0 (Windows NT 10.0; Win64; x64) AppleWebKit/537.36 (KHTML, like Gecko) Chrome/96.0.4664.110 Safari/537.36 OPR/82.0.4227.43"
192.241.218.81 - - [07/Jan/2022:11:11:09 +0100] "GET /ReportServer HTTP/1.1" 301 162 "-" "Mozilla/5.0 zgrab/0.x"
186.33.88.219 - - [07/Jan/2022:11:18:22 +0100] "GET / HTTP/1.1" 301 162 "-" "Mozilla/5.0 (Windows NT 6.1; WOW64) AppleWebKit/537.36 (KHTML, like Gecko) Chrome/51.0.2704.103 Safari/537.36"
83.29.133.58 - - [07/Jan/2022:11:22:01 +0100] "GET /rss/ HTTP/2.0" 304 0 "-" "Mozilla/5.0 (Windows NT 10.0; Win64; x64) AppleWebKit/537.36 (KHTML, like Gecko) Chrome/96.0.4664.110 Safari/537.36 OPR/82.0.4227.43"
66.249.66.139 - - [07/Jan/2022:11:32:20 +0100] "GET /robots.txt HTTP/1.1" 200 108 "-" "Mozilla/5.0 (compatible; Googlebot/2.1; +http://www.google.com/bot.html)"
66.249.66.139 - - [07/Jan/2022:11:32:20 +0100] "GET /weekly-stories-2/ HTTP/1.1" 200 15971 "-" "Mozilla/5.0 (compatible; Googlebot/2.1; +http://www.google.com/bot.html)"
148.72.177.181 - - [07/Jan/2022:11:32:39 +0100] "GET /remote/fgt_lang?lang=/../../../..//////////dev/cmdb/sslvpn_websession HTTP/1.1" 200 1345 "-" "Python-urllib/3.6"
83.29.133.58 - - [07/Jan/2022:11:37:01 +0100] "GET /rss/ HTTP/2.0" 304 0 "-" "Mozilla/5.0 (Windows NT 10.0; Win64; x64) AppleWebKit/537.36 (KHTML, like Gecko) Chrome/96.0.4664.110 Safari/537.36 OPR/82.0.4227.43"
83.29.133.58 - - [07/Jan/2022:11:52:01 +0100] "GET /rss/ HTTP/2.0" 304 0 "-" "Mozilla/5.0 (Windows NT 10.0; Win64; x64) AppleWebKit/537.36 (KHTML, like Gecko) Chrome/96.0.4664.110 Safari/537.36 OPR/82.0.4227.43"
66.240.205.34 - - [07/Jan/2022:11:56:21 +0100] "Gh0st\xAD\x00\x00\x00\xE0\x00\x00\x00x\x9CKS``\x98\xC3\xC0\xC0\xC0\x06\xC4\x8C@\xBCQ\x96\x81\x81\x09H\x07\xA7\x16\x95e&\xA7*\x04$&g+\x182\x94\xF6\xB000\xAC\xA8rc\x00\x01\x11\xA0\x82\x1F\x5C`&\x83\xC7K7\x86\x19\xE5n\x0C9\x95n\x0C;\x84\x0F3\xAC\xE8sch\xA8^\xCF4'J\x97\xA9\x82\xE30\xC3\x91h]&\x90\xF8\xCE\x97S\xCBA4L?2=\xE1\xC4\x92\x86\x0B@\xF5`\x0CT\x1F\xAE\xAF]" 400 150 "-" "-"
83.29.133.58 - - [07/Jan/2022:12:07:01 +0100] "GET /rss/ HTTP/2.0" 304 0 "-" "Mozilla/5.0 (Windows NT 10.0; Win64; x64) AppleWebKit/537.36 (KHTML, like Gecko) Chrome/96.0.4664.110 Safari/537.36 OPR/82.0.4227.43"
83.29.133.58 - - [07/Jan/2022:12:22:01 +0100] "GET /rss/ HTTP/2.0" 304 0 "-" "Mozilla/5.0 (Windows NT 10.0; Win64; x64) AppleWebKit/537.36 (KHTML, like Gecko) Chrome/96.0.4664.110 Safari/537.36 OPR/82.0.4227.43"
207.46.13.229 - - [07/Jan/2022:12:24:55 +0100] "GET /robots.txt HTTP/2.0" 200 108 "-" "Mozilla/5.0 (compatible; bingbot/2.0; +http://www.bing.com/bingbot.htm)"
207.46.13.100 - - [07/Jan/2022:12:25:00 +0100] "GET / HTTP/2.0" 200 13159 "-" "Mozilla/5.0 (compatible; bingbot/2.0; +http://www.bing.com/bingbot.htm)"
83.29.133.58 - - [07/Jan/2022:12:37:01 +0100] "GET /rss/ HTTP/2.0" 304 0 "-" "Mozilla/5.0 (Windows NT 10.0; Win64; x64) AppleWebKit/537.36 (KHTML, like Gecko) Chrome/96.0.4664.110 Safari/537.36 OPR/82.0.4227.43"
54.166.7.112 - - [07/Jan/2022:12:47:53 +0100] "GET /rss HTTP/1.1" 301 5 "-" "Forem Feeds Importer"
54.166.7.112 - - [07/Jan/2022:12:47:53 +0100] "GET /rss/ HTTP/1.1" 200 3444 "-" "Forem Feeds Importer"
83.29.133.58 - - [07/Jan/2022:12:52:01 +0100] "GET /rss/ HTTP/2.0" 304 0 "-" "Mozilla/5.0 (Windows NT 10.0; Win64; x64) AppleWebKit/537.36 (KHTML, like Gecko) Chrome/96.0.4664.110 Safari/537.36 OPR/82.0.4227.43"
83.29.133.58 - - [07/Jan/2022:13:07:01 +0100] "GET /rss/ HTTP/2.0" 304 0 "-" "Mozilla/5.0 (Windows NT 10.0; Win64; x64) AppleWebKit/537.36 (KHTML, like Gecko) Chrome/96.0.4664.110 Safari/537.36 OPR/82.0.4227.43"
83.29.133.58 - - [07/Jan/2022:13:22:01 +0100] "GET /rss/ HTTP/2.0" 304 0 "-" "Mozilla/5.0 (Windows NT 10.0; Win64; x64) AppleWebKit/537.36 (KHTML, like Gecko) Chrome/96.0.4664.110 Safari/537.36 OPR/82.0.4227.43"
186.33.64.197 - - [07/Jan/2022:13:22:28 +0100] "GET / HTTP/1.1" 301 162 "-" "Mozilla/5.0 (Macintosh; Intel Mac OS X 10_11_6) AppleWebKit/601.7.7 (KHTML, like Gecko) Version/9.1.2 Safari/601.7.7"
216.218.206.69 - - [07/Jan/2022:13:29:49 +0100] "GET / HTTP/1.1" 301 162 "-" "-"
83.29.133.58 - - [07/Jan/2022:13:37:01 +0100] "GET /rss/ HTTP/2.0" 304 0 "-" "Mozilla/5.0 (Windows NT 10.0; Win64; x64) AppleWebKit/537.36 (KHTML, like Gecko) Chrome/96.0.4664.110 Safari/537.36 OPR/82.0.4227.43"
83.29.133.58 - - [07/Jan/2022:13:52:01 +0100] "GET /rss/ HTTP/2.0" 304 0 "-" "Mozilla/5.0 (Windows NT 10.0; Win64; x64) AppleWebKit/537.36 (KHTML, like Gecko) Chrome/96.0.4664.110 Safari/537.36 OPR/82.0.4227.43"
45.137.23.241 - - [07/Jan/2022:14:00:58 +0100] "GET / HTTP/1.1" 200 595 "-" "Mozilla/5.0 (Windows NT 10.0; WOW64) AppleWebKit/537.36 (KHTML, like Gecko) Chrome/83.0.4103.116 Safari/537.36"
83.29.133.58 - - [07/Jan/2022:14:07:01 +0100] "GET /rss/ HTTP/2.0" 304 0 "-" "Mozilla/5.0 (Windows NT 10.0; Win64; x64) AppleWebKit/537.36 (KHTML, like Gecko) Chrome/96.0.4664.110 Safari/537.36 OPR/82.0.4227.43"
205.185.114.93 - - [07/Jan/2022:14:18:34 +0100] "GET /phpmyadmin/scripts/setup.php HTTP/1.1" 400 150 "-" "-"
83.29.133.58 - - [07/Jan/2022:14:22:01 +0100] "GET /rss/ HTTP/2.0" 304 0 "-" "Mozilla/5.0 (Windows NT 10.0; Win64; x64) AppleWebKit/537.36 (KHTML, like Gecko) Chrome/96.0.4664.110 Safari/537.36 OPR/82.0.4227.43"
83.29.133.58 - - [07/Jan/2022:14:37:01 +0100] "GET /rss/ HTTP/2.0" 304 0 "-" "Mozilla/5.0 (Windows NT 10.0; Win64; x64) AppleWebKit/537.36 (KHTML, like Gecko) Chrome/96.0.4664.110 Safari/537.36 OPR/82.0.4227.43"
142.93.48.117 - - [07/Jan/2022:14:50:31 +0100] "GET /.env HTTP/1.1" 301 162 "-" "Mozilla/5.0 (X11; Linux x86_64) AppleWebKit/537.36 (KHTML, like Gecko) Chrome/81.0.4044.129 Safari/537.36"
142.93.48.117 - - [07/Jan/2022:14:50:32 +0100] "POST / HTTP/1.1" 301 162 "-" "Mozilla/5.0 (X11; Linux x86_64) AppleWebKit/537.36 (KHTML, like Gecko) Chrome/81.0.4044.129 Safari/537.36"
142.93.48.117 - - [07/Jan/2022:14:50:32 +0100] "GET /core/.env HTTP/1.1" 301 162 "-" "Mozilla/5.0 (X11; Linux x86_64) AppleWebKit/537.36 (KHTML, like Gecko) Chrome/81.0.4044.129 Safari/537.36"
142.93.48.117 - - [07/Jan/2022:14:50:32 +0100] "POST / HTTP/1.1" 301 162 "-" "Mozilla/5.0 (X11; Linux x86_64) AppleWebKit/537.36 (KHTML, like Gecko) Chrome/81.0.4044.129 Safari/537.36"
142.93.48.117 - - [07/Jan/2022:14:50:32 +0100] "GET /app/.env HTTP/1.1" 301 162 "-" "Mozilla/5.0 (X11; Linux x86_64) AppleWebKit/537.36 (KHTML, like Gecko) Chrome/81.0.4044.129 Safari/537.36"
142.93.48.117 - - [07/Jan/2022:14:50:32 +0100] "POST / HTTP/1.1" 301 162 "-" "Mozilla/5.0 (X11; Linux x86_64) AppleWebKit/537.36 (KHTML, like Gecko) Chrome/81.0.4044.129 Safari/537.36"
142.93.48.117 - - [07/Jan/2022:14:50:33 +0100] "GET /public/.env HTTP/1.1" 301 162 "-" "Mozilla/5.0 (X11; Linux x86_64) AppleWebKit/537.36 (KHTML, like Gecko) Chrome/81.0.4044.129 Safari/537.36"
142.93.48.117 - - [07/Jan/2022:14:50:33 +0100] "POST / HTTP/1.1" 301 162 "-" "Mozilla/5.0 (X11; Linux x86_64) AppleWebKit/537.36 (KHTML, like Gecko) Chrome/81.0.4044.129 Safari/537.36"
83.29.133.58 - - [07/Jan/2022:14:52:01 +0100] "GET /rss/ HTTP/2.0" 304 0 "-" "Mozilla/5.0 (Windows NT 10.0; Win64; x64) AppleWebKit/537.36 (KHTML, like Gecko) Chrome/96.0.4664.110 Safari/537.36 OPR/82.0.4227.43"
43.131.25.196 - - [07/Jan/2022:14:58:18 +0100] "GET / HTTP/1.1" 301 162 "-" "-"
92.255.85.176 - - [07/Jan/2022:14:58:33 +0100] "\x03\x00\x00/*\xE0\x00\x00\x00\x00\x00Cookie: mstshash=Administr" 400 150 "-" "-"
83.29.133.58 - - [07/Jan/2022:15:07:01 +0100] "GET /rss/ HTTP/2.0" 304 0 "-" "Mozilla/5.0 (Windows NT 10.0; Win64; x64) AppleWebKit/537.36 (KHTML, like Gecko) Chrome/96.0.4664.110 Safari/537.36 OPR/82.0.4227.43"
89.248.163.177 - - [07/Jan/2022:15:21:26 +0100] "GET / HTTP/1.1" 301 162 "-" "libwww-perl/6.60"
89.248.163.177 - - [07/Jan/2022:15:21:26 +0100] "GET / HTTP/1.1" 200 1345 "-" "libwww-perl/6.60"
83.29.133.58 - - [07/Jan/2022:15:22:01 +0100] "GET /rss/ HTTP/2.0" 304 0 "-" "Mozilla/5.0 (Windows NT 10.0; Win64; x64) AppleWebKit/537.36 (KHTML, like Gecko) Chrome/96.0.4664.110 Safari/537.36 OPR/82.0.4227.43"
83.29.133.58 - - [07/Jan/2022:15:37:01 +0100] "GET /rss/ HTTP/2.0" 304 0 "-" "Mozilla/5.0 (Windows NT 10.0; Win64; x64) AppleWebKit/537.36 (KHTML, like Gecko) Chrome/96.0.4664.110 Safari/537.36 OPR/82.0.4227.43"
160.116.22.20 - - [07/Jan/2022:15:37:47 +0100] "GET / HTTP/1.0" 200 1345 "-" "-"
160.116.22.20 - - [07/Jan/2022:15:37:49 +0100] "GET /favicon.ico HTTP/1.1" 200 595 "-" "Mozilla/5.0 (X11; Linux x86_64) AppleWebKit/537.36 (KHTML, like Gecko) Chrome/86.0.4 240.111 Safari/537.36"
160.116.22.20 - - [07/Jan/2022:15:37:50 +0100] "GET /robots.txt HTTP/1.1" 200 595 "-" "Mozilla/5.0 (X11; Linux x86_64) AppleWebKit/537.36 (KHTML, like Gecko) Chrome/86.0.4 240.111 Safari/537.36"
160.116.22.20 - - [07/Jan/2022:15:37:51 +0100] "GET /.well-known/security.txt HTTP/1.1" 200 595 "-" "Mozilla/5.0 (X11; Linux x86_64) AppleWebKit/537.36 (KHTML, like Gecko) Chrome/86.0.4 240.111 Safari/537.36"
66.249.76.29 - - [07/Jan/2022:15:44:27 +0100] "GET /robots.txt HTTP/1.1" 200 108 "-" "Mozilla/5.0 (compatible; Googlebot/2.1; +http://www.google.com/bot.html)"
66.249.76.27 - - [07/Jan/2022:15:44:27 +0100] "GET /weekly-stories/amp/ HTTP/1.1" 200 5993 "-" "Mozilla/5.0 (Linux; Android 6.0.1; Nexus 5X Build/MMB29P) AppleWebKit/537.36 (KHTML, like Gecko) Chrome/97.0.4692.71 Mobile Safari/537.36 (compatible; Googlebot/2.1; +http://www.google.com/bot.html)"
66.249.76.27 - - [07/Jan/2022:15:44:28 +0100] "GET /weekly-stories-2/amp/ HTTP/1.1" 200 6563 "-" "Mozilla/5.0 (Linux; Android 6.0.1; Nexus 5X Build/MMB29P) AppleWebKit/537.36 (KHTML, like Gecko) Chrome/97.0.4692.71 Mobile Safari/537.36 (compatible; Googlebot/2.1; +http://www.google.com/bot.html)"
179.60.208.45 - - [07/Jan/2022:15:46:35 +0100] "GET / HTTP/1.1" 301 162 "-" "Mozilla/5.0 (Windows NT 6.1; WOW64) AppleWebKit/537.36 (KHTML, like Gecko) Chrome/52.0.2743.116 Safari/537.36"
179.60.208.45 - - [07/Jan/2022:15:46:35 +0100] "GET / HTTP/1.1" 301 162 "-" "Mozilla/5.0 (Windows NT 10.0; WOW64) AppleWebKit/537.36 (KHTML, like Gecko) Chrome/51.0.2704.103 Safari/537.36"
106.75.213.136 - - [07/Jan/2022:15:51:35 +0100] "GET / HTTP/1.0" 200 1345 "-" "-"
83.29.133.58 - - [07/Jan/2022:15:52:01 +0100] "GET /rss/ HTTP/2.0" 304 0 "-" "Mozilla/5.0 (Windows NT 10.0; Win64; x64) AppleWebKit/537.36 (KHTML, like Gecko) Chrome/96.0.4664.110 Safari/537.36 OPR/82.0.4227.43"
160.116.22.21 - - [07/Jan/2022:15:57:43 +0100] "GET / HTTP/1.1" 301 162 "-" "Mozilla/5.0 (X11; Linux x86_64) AppleWebKit/537.36 (KHTML, like Gecko) Chrome/86.0.4 240.111 Safari/537.36"
160.116.22.21 - - [07/Jan/2022:15:57:48 +0100] "\x5Cx01\x5Cx00\x5Cx00\x5Cx00 \x5Cxbf\x5Cx02\x5Cx00\x5Cx88\x5Cx13\x5Cx00\x5Cx00\x5Cx87\x5Cx00\x5Cx00\x5Cx00NIMABIJIAN\x5Cx04\x5Cx03\x5Cx00\x5Cx00{\x5Cx99Caig\x5Cx9c\x5Cx03\x5Cxc7eB\x5Cxc5\x5Ct\x5Cxc1\x5Cx18a\x5Cx11\x5Cx1a\x5Cx91\x5Cx1f\x5Cx02\x5Ctcof\x5Cx91\x5Cxc0\x5Cx80sJ5\x5Cxd2\x5Cx80\x5Cxe6\x5Cx9a~\x5Cxb9\x5Cxc7\x5Cx83^\x5Cx96\x5CxeeN\x5Cx16\x5Cx96\x5Cx96&\x5Cxe6\x5Cx03\x5Cxea\x5Cxbc\x5Cx81\x5Cx02=\x5Cxac\x5Cx10\x5Cxfa?7\x5Cx03\x5Cxc3\x5Cxdf\x5Cxf7\x5Cxe4\x5Cx98`p\x5Cxe6\x5Cx8d\x5Cxc1\x5Cxa9\x5Cx8d\x5Cxc6\x5Cx06\x5Cxdb\x5Cxaf\x5Cx91\x5Cxe7\x5Cx82s\x5Cxf7\x5Cx14H\x5Cxd4\x5Cxe1W\x5Cx9a\x5Cx93C\x5Cx9e]\x5Cxa4\x5Cx01#\x5Cx03#\x5Cx03]\x5Cx03c]CC\x5Cx05C\x5Cx03+S\x5Cx03b\x5Cxf4\x5Cx00\x5Cx00/\x5Cx9e\x5Cx16E" 400 150 "-" "-"
160.116.22.21 - - [07/Jan/2022:15:57:54 +0100] "GET / HTTP/1.1" 200 595 "-" "Mozilla/5.0 (X11; Linux x86_64) AppleWebKit/537.36 (KHTML, like Gecko) Chrome/86.0.4 240.111 Safari/537.36"
160.116.22.21 - - [07/Jan/2022:15:57:56 +0100] "\x16\x03\x01\x00\xEE\x01\x00\x00\xEA\x03\x03\x22\xC5\x87>\xB8\x9E\x9B\xC1a\xF3\xDA\x97zn=\xF7\xDD\xC8\x9F\x09\x89\xBDr5L\x85\xC0\xFA\xD3\xF9\xF8N :\xD7\xE0FD\xF5d\xF6M\x16\x8EF>\xA7\x8B\x5C\xC0\x08\x1C\xA1:_\x19\xBE\x0F\x1D\x8F\xF9+\x10\x1E]\x00&\xC0+\xC0/\xC0,\xC00\xCC\xA9\xCC\xA8\xC0\x09\xC0\x13\xC0" 400 150 "-" "-"
160.116.22.21 - - [07/Jan/2022:15:57:56 +0100] "\x16\x03\x01\x00\xEE\x01\x00\x00\xEA\x03\x03!\x03\x8B\xE2\xA1TTdE\x98\x9E\x8E='\x9C\xE5\x8E{\xDE_-\xC7\x17\xA1\xD8\xD4\xE5]\xE2\xB6\x9A\x07 \xC5\x01\xA2\x1D\xCCw\x9D\xAB\xE90\xB6\xEE\xE4(\x8D\x02\xA6.m16\xFA\xADj\xFC\x09=\xEA\xBCF\x15e\x00&\xC0+\xC0/\xC0,\xC00\xCC\xA9\xCC\xA8\xC0\x09\xC0\x13\xC0" 400 150 "-" "-"
160.116.22.21 - - [07/Jan/2022:15:58:12 +0100] "GET /favicon.ico HTTP/1.1" 301 162 "-" "Mozilla/5.0 (X11; Linux x86_64) AppleWebKit/537.36 (KHTML, like Gecko) Chrome/86.0.4 240.111 Safari/537.36"
160.116.22.21 - - [07/Jan/2022:15:58:22 +0100] "GET /favicon.ico/ HTTP/1.1" 301 162 "-" "Mozilla/5.0 (X11; Linux x86_64) AppleWebKit/537.36 (KHTML, like Gecko) Chrome/86.0.4 240.111 Safari/537.36"
160.116.22.21 - - [07/Jan/2022:15:58:23 +0100] "GET /favicon.ico/ HTTP/1.1" 200 595 "http://85.255.1.106/favicon.ico/" "Mozilla/5.0 (X11; Linux x86_64) AppleWebKit/537.36 (KHTML, like Gecko) Chrome/86.0.4 240.111 Safari/537.36"
160.116.22.21 - - [07/Jan/2022:15:58:24 +0100] "GET /robots.txt HTTP/1.1" 301 162 "-" "Mozilla/5.0 (X11; Linux x86_64) AppleWebKit/537.36 (KHTML, like Gecko) Chrome/86.0.4 240.111 Safari/537.36"
160.116.22.21 - - [07/Jan/2022:15:58:25 +0100] "GET /robots.txt HTTP/1.1" 200 595 "http://85.255.1.106/robots.txt" "Mozilla/5.0 (X11; Linux x86_64) AppleWebKit/537.36 (KHTML, like Gecko) Chrome/86.0.4 240.111 Safari/537.36"
160.116.22.21 - - [07/Jan/2022:15:58:26 +0100] "GET /.well-known/security.txt HTTP/1.1" 301 162 "-" "Mozilla/5.0 (X11; Linux x86_64) AppleWebKit/537.36 (KHTML, like Gecko) Chrome/86.0.4 240.111 Safari/537.36"
160.116.22.21 - - [07/Jan/2022:15:58:28 +0100] "GET /.well-known/security.txt HTTP/1.1" 200 595 "http://85.255.1.106/.well-known/security.txt" "Mozilla/5.0 (X11; Linux x86_64) AppleWebKit/537.36 (KHTML, like Gecko) Chrome/86.0.4 240.111 Safari/537.36"
207.46.13.37 - - [07/Jan/2022:16:06:41 +0100] "GET / HTTP/1.1" 301 162 "-" "Mozilla/5.0 (compatible; bingbot/2.0; +http://www.bing.com/bingbot.htm)"
83.29.133.58 - - [07/Jan/2022:16:07:01 +0100] "GET /rss/ HTTP/2.0" 304 0 "-" "Mozilla/5.0 (Windows NT 10.0; Win64; x64) AppleWebKit/537.36 (KHTML, like Gecko) Chrome/96.0.4664.110 Safari/537.36 OPR/82.0.4227.43"
92.255.85.176 - - [07/Jan/2022:16:11:20 +0100] "\x03\x00\x00/*\xE0\x00\x00\x00\x00\x00Cookie: mstshash=Administr" 400 150 "-" "-"
35.195.93.98 - - [07/Jan/2022:16:17:21 +0100] "GET / HTTP/1.1" 301 162 "-" "python-requests/2.26.0"
83.29.133.58 - - [07/Jan/2022:16:22:01 +0100] "GET /rss/ HTTP/2.0" 304 0 "-" "Mozilla/5.0 (Windows NT 10.0; Win64; x64) AppleWebKit/537.36 (KHTML, like Gecko) Chrome/96.0.4664.110 Safari/537.36 OPR/82.0.4227.43"
125.64.94.140 - - [07/Jan/2022:16:26:33 +0100] "GET / HTTP/1.0" 301 162 "-" "-"
125.64.94.140 - - [07/Jan/2022:16:26:34 +0100] "GET / HTTP/1.1" 301 162 "-" "Mozilla/5.0 (X11; Linux x86_64) AppleWebKit/537.36 (KHTML, like Gecko) Chrome/86.0.4 240.111 Safari/537.36"
125.64.94.140 - - [07/Jan/2022:16:26:36 +0100] "GET / HTTP/1.1" 200 595 "http://85.255.1.106" "Mozilla/5.0 (X11; Linux x86_64) AppleWebKit/537.36 (KHTML, like Gecko) Chrome/86.0.4 240.111 Safari/537.36"
125.64.94.140 - - [07/Jan/2022:16:26:36 +0100] "GET /favicon.ico HTTP/1.1" 301 162 "-" "Mozilla/5.0 (X11; Linux x86_64) AppleWebKit/537.36 (KHTML, like Gecko) Chrome/86.0.4 240.111 Safari/537.36"
125.64.94.140 - - [07/Jan/2022:16:26:38 +0100] "GET /favicon.ico HTTP/1.1" 200 595 "http://85.255.1.106/favicon.ico" "Mozilla/5.0 (X11; Linux x86_64) AppleWebKit/537.36 (KHTML, like Gecko) Chrome/86.0.4 240.111 Safari/537.36"
125.64.94.140 - - [07/Jan/2022:16:26:39 +0100] "GET /robots.txt HTTP/1.1" 301 162 "-" "Mozilla/5.0 (X11; Linux x86_64) AppleWebKit/537.36 (KHTML, like Gecko) Chrome/86.0.4 240.111 Safari/537.36"
125.64.94.140 - - [07/Jan/2022:16:26:40 +0100] "GET /robots.txt HTTP/1.1" 200 595 "http://85.255.1.106/robots.txt" "Mozilla/5.0 (X11; Linux x86_64) AppleWebKit/537.36 (KHTML, like Gecko) Chrome/86.0.4 240.111 Safari/537.36"
125.64.94.140 - - [07/Jan/2022:16:26:41 +0100] "GET /.well-known/security.txt HTTP/1.1" 301 162 "-" "Mozilla/5.0 (X11; Linux x86_64) AppleWebKit/537.36 (KHTML, like Gecko) Chrome/86.0.4 240.111 Safari/537.36"
125.64.94.140 - - [07/Jan/2022:16:26:43 +0100] "GET /.well-known/security.txt HTTP/1.1" 200 595 "http://85.255.1.106/.well-known/security.txt" "Mozilla/5.0 (X11; Linux x86_64) AppleWebKit/537.36 (KHTML, like Gecko) Chrome/86.0.4 240.111 Safari/537.36"
83.29.133.58 - - [07/Jan/2022:16:37:01 +0100] "GET /rss/ HTTP/2.0" 304 0 "-" "Mozilla/5.0 (Windows NT 10.0; Win64; x64) AppleWebKit/537.36 (KHTML, like Gecko) Chrome/96.0.4664.110 Safari/537.36 OPR/82.0.4227.43"
83.29.133.58 - - [07/Jan/2022:16:52:01 +0100] "GET /rss/ HTTP/2.0" 304 0 "-" "Mozilla/5.0 (Windows NT 10.0; Win64; x64) AppleWebKit/537.36 (KHTML, like Gecko) Chrome/96.0.4664.110 Safari/537.36 OPR/82.0.4227.43"
118.123.105.67 - - [07/Jan/2022:16:58:10 +0100] "GET / HTTP/1.0" 200 1345 "-" "-"
118.123.105.67 - - [07/Jan/2022:16:58:11 +0100] "GET /favicon.ico HTTP/1.1" 200 595 "-" "Mozilla/5.0 (X11; Linux x86_64) AppleWebKit/537.36 (KHTML, like Gecko) Chrome/86.0.4 240.111 Safari/537.36"
118.123.105.67 - - [07/Jan/2022:16:58:12 +0100] "GET /robots.txt HTTP/1.1" 200 595 "-" "Mozilla/5.0 (X11; Linux x86_64) AppleWebKit/537.36 (KHTML, like Gecko) Chrome/86.0.4 240.111 Safari/537.36"
118.123.105.67 - - [07/Jan/2022:16:58:13 +0100] "GET /.well-known/security.txt HTTP/1.1" 200 595 "-" "Mozilla/5.0 (X11; Linux x86_64) AppleWebKit/537.36 (KHTML, like Gecko) Chrome/86.0.4 240.111 Safari/537.36"
83.29.133.58 - - [07/Jan/2022:17:07:01 +0100] "GET /rss/ HTTP/2.0" 304 0 "-" "Mozilla/5.0 (Windows NT 10.0; Win64; x64) AppleWebKit/537.36 (KHTML, like Gecko) Chrome/96.0.4664.110 Safari/537.36 OPR/82.0.4227.43"
20.191.45.212 - - [07/Jan/2022:17:09:07 +0100] "GET / HTTP/1.1" 301 162 "http://krzwiatrzyk.eu/" "Mozilla/5.0 (compatible; DuckDuckGo-Favicons-Bot/1.0; +http://duckduckgo.com)"
20.191.45.212 - - [07/Jan/2022:17:09:07 +0100] "GET / HTTP/1.1" 200 13172 "https://krzwiatrzyk.eu/" "Mozilla/5.0 (compatible; DuckDuckGo-Favicons-Bot/1.0; +http://duckduckgo.com)"
20.191.45.212 - - [07/Jan/2022:17:09:07 +0100] "GET /favicon.png HTTP/1.1" 200 2741 "https://krzwiatrzyk.eu/favicon.png" "Mozilla/5.0 (compatible; DuckDuckGo-Favicons-Bot/1.0; +http://duckduckgo.com)"
192.241.217.101 - - [07/Jan/2022:17:20:18 +0100] "GET /actuator/health HTTP/1.1" 200 595 "-" "Mozilla/5.0 zgrab/0.x"
83.29.133.58 - - [07/Jan/2022:17:22:01 +0100] "GET /rss/ HTTP/2.0" 304 0 "-" "Mozilla/5.0 (Windows NT 10.0; Win64; x64) AppleWebKit/537.36 (KHTML, like Gecko) Chrome/96.0.4664.110 Safari/537.36 OPR/82.0.4227.43"
83.29.133.58 - - [07/Jan/2022:17:37:01 +0100] "GET /rss/ HTTP/2.0" 304 0 "-" "Mozilla/5.0 (Windows NT 10.0; Win64; x64) AppleWebKit/537.36 (KHTML, like Gecko) Chrome/96.0.4664.110 Safari/537.36 OPR/82.0.4227.43"
54.173.113.164 - - [07/Jan/2022:17:46:18 +0100] "GET /rss HTTP/1.1" 301 5 "-" "Forem Feeds Importer"
54.173.113.164 - - [07/Jan/2022:17:46:19 +0100] "GET /rss/ HTTP/1.1" 200 3444 "-" "Forem Feeds Importer"
209.141.53.74 - - [07/Jan/2022:17:49:13 +0100] "GET /config/getuser?index=0 HTTP/1.1" 301 162 "-" "Mozilla/5.0 (X11; Ubuntu; Linux x86_64; rv:76.0) Gecko/20100101 Firefox/76.0"
83.29.133.58 - - [07/Jan/2022:17:52:01 +0100] "GET /rss/ HTTP/2.0" 304 0 "-" "Mozilla/5.0 (Windows NT 10.0; Win64; x64) AppleWebKit/537.36 (KHTML, like Gecko) Chrome/96.0.4664.110 Safari/537.36 OPR/82.0.4227.43"
109.237.103.9 - - [07/Jan/2022:18:00:17 +0100] "GET /.env HTTP/1.1" 301 162 "-" "Mozilla/5.0 (X11; Linux x86_64) AppleWebKit/537.36 (KHTML, like Gecko) Chrome/81.0.4044.129 Safari/537.36"
109.237.103.9 - - [07/Jan/2022:18:00:18 +0100] "GET /.env HTTP/1.1" 200 595 "-" "Mozilla/5.0 (X11; Linux x86_64) AppleWebKit/537.36 (KHTML, like Gecko) Chrome/81.0.4044.129 Safari/537.36"
109.237.103.9 - - [07/Jan/2022:18:00:18 +0100] "POST /.env HTTP/1.1" 301 162 "-" "Mozilla/5.0 (X11; Linux x86_64) AppleWebKit/537.36 (KHTML, like Gecko) Chrome/81.0.4044.129 Safari/537.36"
83.29.133.58 - - [07/Jan/2022:18:07:01 +0100] "GET /rss/ HTTP/2.0" 304 0 "-" "Mozilla/5.0 (Windows NT 10.0; Win64; x64) AppleWebKit/537.36 (KHTML, like Gecko) Chrome/96.0.4664.110 Safari/537.36 OPR/82.0.4227.43"
83.29.133.58 - - [07/Jan/2022:18:22:01 +0100] "GET /rss/ HTTP/2.0" 304 0 "-" "Mozilla/5.0 (Windows NT 10.0; Win64; x64) AppleWebKit/537.36 (KHTML, like Gecko) Chrome/96.0.4664.110 Safari/537.36 OPR/82.0.4227.43"
101.255.24.154 - - [07/Jan/2022:18:27:27 +0100] "GET / HTTP/1.1" 301 162 "-" "Mozilla/5.0 (Windows NT 6.1; WOW64) AppleWebKit/537.36 (KHTML, like Gecko) Chrome/52.0.2743.116 Safari/537.36"
209.141.53.74 - - [07/Jan/2022:18:31:13 +0100] "GET /config/getuser?index=0 HTTP/1.1" 301 162 "-" "Mozilla/5.0 (X11; Ubuntu; Linux x86_64; rv:76.0) Gecko/20100101 Firefox/76.0"
83.29.133.58 - - [07/Jan/2022:18:37:01 +0100] "GET /rss/ HTTP/2.0" 304 0 "-" "Mozilla/5.0 (Windows NT 10.0; Win64; x64) AppleWebKit/537.36 (KHTML, like Gecko) Chrome/96.0.4664.110 Safari/537.36 OPR/82.0.4227.43"
83.29.133.58 - - [07/Jan/2022:18:52:01 +0100] "GET /rss/ HTTP/2.0" 304 0 "-" "Mozilla/5.0 (Windows NT 10.0; Win64; x64) AppleWebKit/537.36 (KHTML, like Gecko) Chrome/96.0.4664.110 Safari/537.36 OPR/82.0.4227.43"
83.29.133.58 - - [07/Jan/2022:19:07:01 +0100] "GET /rss/ HTTP/2.0" 304 0 "-" "Mozilla/5.0 (Windows NT 10.0; Win64; x64) AppleWebKit/537.36 (KHTML, like Gecko) Chrome/96.0.4664.110 Safari/537.36 OPR/82.0.4227.43"
83.29.133.58 - - [07/Jan/2022:19:22:01 +0100] "GET /rss/ HTTP/2.0" 304 0 "-" "Mozilla/5.0 (Windows NT 10.0; Win64; x64) AppleWebKit/537.36 (KHTML, like Gecko) Chrome/96.0.4664.110 Safari/537.36 OPR/82.0.4227.43"
66.249.76.55 - - [07/Jan/2022:19:22:40 +0100] "GET /robots.txt HTTP/1.1" 200 108 "-" "Mozilla/5.0 (compatible; Googlebot/2.1; +http://www.google.com/bot.html)"
85.202.169.115 - - [07/Jan/2022:19:29:58 +0100] "GET / HTTP/1.1" 301 162 "-" "Linux Gnu (cow)"
83.29.133.58 - - [07/Jan/2022:19:37:01 +0100] "GET /rss/ HTTP/2.0" 304 0 "-" "Mozilla/5.0 (Windows NT 10.0; Win64; x64) AppleWebKit/537.36 (KHTML, like Gecko) Chrome/96.0.4664.110 Safari/537.36 OPR/82.0.4227.43"
83.29.133.58 - - [07/Jan/2022:19:52:01 +0100] "GET /rss/ HTTP/2.0" 304 0 "-" "Mozilla/5.0 (Windows NT 10.0; Win64; x64) AppleWebKit/537.36 (KHTML, like Gecko) Chrome/96.0.4664.110 Safari/537.36 OPR/82.0.4227.43"
192.241.206.204 - - [07/Jan/2022:19:52:24 +0100] "GET /portal/redlion HTTP/1.1" 301 162 "-" "Mozilla/5.0 zgrab/0.x"
198.98.49.124 - - [07/Jan/2022:19:52:40 +0100] "GET /config/getuser?index=0 HTTP/1.1" 301 162 "-" "Mozilla/5.0 (X11; Ubuntu; Linux x86_64; rv:76.0) Gecko/20100101 Firefox/76.0"
118.123.105.67 - - [07/Jan/2022:19:57:03 +0100] "GET / HTTP/1.0" 200 1345 "-" "-"
118.123.105.67 - - [07/Jan/2022:19:57:04 +0100] "GET /favicon.ico HTTP/1.1" 200 595 "-" "Mozilla/5.0 (X11; Linux x86_64) AppleWebKit/537.36 (KHTML, like Gecko) Chrome/86.0.4 240.111 Safari/537.36"
118.123.105.67 - - [07/Jan/2022:19:57:05 +0100] "GET /robots.txt HTTP/1.1" 200 595 "-" "Mozilla/5.0 (X11; Linux x86_64) AppleWebKit/537.36 (KHTML, like Gecko) Chrome/86.0.4 240.111 Safari/537.36"
118.123.105.67 - - [07/Jan/2022:19:57:06 +0100] "GET /.well-known/security.txt HTTP/1.1" 200 595 "-" "Mozilla/5.0 (X11; Linux x86_64) AppleWebKit/537.36 (KHTML, like Gecko) Chrome/86.0.4 240.111 Safari/537.36"
83.29.133.58 - - [07/Jan/2022:20:07:01 +0100] "GET /rss/ HTTP/2.0" 304 0 "-" "Mozilla/5.0 (Windows NT 10.0; Win64; x64) AppleWebKit/537.36 (KHTML, like Gecko) Chrome/96.0.4664.110 Safari/537.36 OPR/82.0.4227.43"
66.249.76.56 - - [07/Jan/2022:20:07:40 +0100] "GET /weekly-stories/ HTTP/1.1" 200 15397 "-" "Mozilla/5.0 (Linux; Android 6.0.1; Nexus 5X Build/MMB29P) AppleWebKit/537.36 (KHTML, like Gecko) Chrome/97.0.4692.71 Mobile Safari/537.36 (compatible; Googlebot/2.1; +http://www.google.com/bot.html)"
83.29.133.58 - - [07/Jan/2022:20:22:01 +0100] "GET /rss/ HTTP/2.0" 304 0 "-" "Mozilla/5.0 (Windows NT 10.0; Win64; x64) AppleWebKit/537.36 (KHTML, like Gecko) Chrome/96.0.4664.110 Safari/537.36 OPR/82.0.4227.43"
167.99.133.28 - - [07/Jan/2022:20:32:12 +0100] "GET / HTTP/1.1" 400 150 "-" "-"
83.29.133.58 - - [07/Jan/2022:20:37:01 +0100] "GET /rss/ HTTP/2.0" 304 0 "-" "Mozilla/5.0 (Windows NT 10.0; Win64; x64) AppleWebKit/537.36 (KHTML, like Gecko) Chrome/96.0.4664.110 Safari/537.36 OPR/82.0.4227.43"
83.29.133.58 - - [07/Jan/2022:20:52:01 +0100] "GET /rss/ HTTP/2.0" 304 0 "-" "Mozilla/5.0 (Windows NT 10.0; Win64; x64) AppleWebKit/537.36 (KHTML, like Gecko) Chrome/96.0.4664.110 Safari/537.36 OPR/82.0.4227.43"
66.249.76.55 - - [07/Jan/2022:20:52:40 +0100] "GET /robots.txt HTTP/1.1" 200 108 "-" "Mozilla/5.0 (compatible; Googlebot/2.1; +http://www.google.com/bot.html)"
66.249.70.31 - - [07/Jan/2022:20:52:41 +0100] "GET /weekly-stories-3/amp/ HTTP/1.1" 200 6266 "-" "Mozilla/5.0 (Linux; Android 6.0.1; Nexus 5X Build/MMB29P) AppleWebKit/537.36 (KHTML, like Gecko) Chrome/97.0.4692.71 Mobile Safari/537.36 (compatible; Googlebot/2.1; +http://www.google.com/bot.html)"
192.241.218.199 - - [07/Jan/2022:20:53:36 +0100] "GET /actuator/health HTTP/1.1" 301 162 "-" "Mozilla/5.0 zgrab/0.x"
83.29.133.58 - - [07/Jan/2022:21:07:01 +0100] "GET /rss/ HTTP/2.0" 304 0 "-" "Mozilla/5.0 (Windows NT 10.0; Win64; x64) AppleWebKit/537.36 (KHTML, like Gecko) Chrome/96.0.4664.110 Safari/537.36 OPR/82.0.4227.43"
45.146.165.37 - - [07/Jan/2022:21:09:32 +0100] "GET /_ignition/execute-solution HTTP/1.1" 200 595 "-" "Mozilla/5.0 (Windows NT 10.0; Win64; x64) AppleWebKit/537.36 (KHTML, like Gecko) Chrome/78.0.3904.108 Safari/537.36"
205.185.114.93 - - [07/Jan/2022:21:11:52 +0100] "GET /phpmyadmin/scripts/setup.php HTTP/1.1" 400 150 "-" "-"
83.29.133.58 - - [07/Jan/2022:21:22:01 +0100] "GET /rss/ HTTP/2.0" 304 0 "-" "Mozilla/5.0 (Windows NT 10.0; Win64; x64) AppleWebKit/537.36 (KHTML, like Gecko) Chrome/96.0.4664.110 Safari/537.36 OPR/82.0.4227.43"
186.33.82.63 - - [07/Jan/2022:21:25:02 +0100] "GET / HTTP/1.1" 301 162 "-" "Mozilla/5.0 (Windows NT 6.1; WOW64) AppleWebKit/537.36 (KHTML, like Gecko) Chrome/52.0.2743.116 Safari/537.36"
83.29.133.58 - - [07/Jan/2022:21:37:01 +0100] "GET /rss/ HTTP/2.0" 304 0 "-" "Mozilla/5.0 (Windows NT 10.0; Win64; x64) AppleWebKit/537.36 (KHTML, like Gecko) Chrome/96.0.4664.110 Safari/537.36 OPR/82.0.4227.43"
66.249.76.57 - - [07/Jan/2022:21:37:40 +0100] "GET /kubernetes-headless-service/amp/ HTTP/1.1" 200 7037 "-" "Mozilla/5.0 (Linux; Android 6.0.1; Nexus 5X Build/MMB29P) AppleWebKit/537.36 (KHTML, like Gecko) Chrome/97.0.4692.71 Mobile Safari/537.36 (compatible; Googlebot/2.1; +http://www.google.com/bot.html)"
180.149.125.162 - - [07/Jan/2022:21:49:33 +0100] "GET / HTTP/1.1" 200 595 "-" "Mozilla/5.0 (Windows NT 5.1; Win64; x64) AppleWebKit/537.36 (KHTML, like Gecko) Chrome/60.0.3112.90 Safari/537.36"
83.29.133.58 - - [07/Jan/2022:21:52:01 +0100] "GET /rss/ HTTP/2.0" 304 0 "-" "Mozilla/5.0 (Windows NT 10.0; Win64; x64) AppleWebKit/537.36 (KHTML, like Gecko) Chrome/96.0.4664.110 Safari/537.36 OPR/82.0.4227.43"
15.164.129.53 - - [07/Jan/2022:21:57:29 +0100] "HEAD / HTTP/1.1" 301 0 "-" "Mozilla/5.0 (Linux; U; Android 4.4.2; en-US; HM NOTE 1W Build/KOT49H) AppleWebKit/534.30 (KHTML, like Gecko) Version/4.0 UCBrowser/11.0.5.850 U3/0.8.0 Mobile Safari/534.30"
15.164.129.53 - - [07/Jan/2022:21:57:29 +0100] "GET /.env HTTP/1.1" 301 162 "-" "Mozilla/5.0 (Linux; U; Android 4.4.2; en-US; HM NOTE 1W Build/KOT49H) AppleWebKit/534.30 (KHTML, like Gecko) Version/4.0 UCBrowser/11.0.5.850 U3/0.8.0 Mobile Safari/534.30"
15.164.129.53 - - [07/Jan/2022:21:57:30 +0100] "POST / HTTP/1.1" 301 162 "-" "Mozilla/5.0 (Linux; U; Android 4.4.2; en-US; HM NOTE 1W Build/KOT49H) AppleWebKit/534.30 (KHTML, like Gecko) Version/4.0 UCBrowser/11.0.5.850 U3/0.8.0 Mobile Safari/534.30"
15.164.129.53 - - [07/Jan/2022:21:57:31 +0100] "GET /.env HTTP/1.1" 200 595 "-" "Mozilla/5.0 (Linux; U; Android 4.4.2; en-US; HM NOTE 1W Build/KOT49H) AppleWebKit/534.30 (KHTML, like Gecko) Version/4.0 UCBrowser/11.0.5.850 U3/0.8.0 Mobile Safari/534.30"
15.164.129.53 - - [07/Jan/2022:21:57:32 +0100] "POST / HTTP/1.1" 405 150 "-" "Mozilla/5.0 (Linux; U; Android 4.4.2; en-US; HM NOTE 1W Build/KOT49H) AppleWebKit/534.30 (KHTML, like Gecko) Version/4.0 UCBrowser/11.0.5.850 U3/0.8.0 Mobile Safari/534.30"
15.164.129.53 - - [07/Jan/2022:21:57:35 +0100] "GET /.env HTTP/1.1" 200 595 "-" "Mozilla/5.0 (Linux; U; Android 4.4.2; en-US; HM NOTE 1W Build/KOT49H) AppleWebKit/534.30 (KHTML, like Gecko) Version/4.0 UCBrowser/11.0.5.850 U3/0.8.0 Mobile Safari/534.30"
15.164.129.53 - - [07/Jan/2022:21:57:36 +0100] "POST / HTTP/1.1" 405 150 "-" "Mozilla/5.0 (Linux; U; Android 4.4.2; en-US; HM NOTE 1W Build/KOT49H) AppleWebKit/534.30 (KHTML, like Gecko) Version/4.0 UCBrowser/11.0.5.850 U3/0.8.0 Mobile Safari/534.30"
83.29.133.58 - - [07/Jan/2022:22:07:01 +0100] "GET /rss/ HTTP/2.0" 304 0 "-" "Mozilla/5.0 (Windows NT 10.0; Win64; x64) AppleWebKit/537.36 (KHTML, like Gecko) Chrome/96.0.4664.110 Safari/537.36 OPR/82.0.4227.43"
45.146.165.37 - - [07/Jan/2022:22:08:10 +0100] "GET / HTTP/1.1" 200 595 "-" "Mozilla/5.0 (Windows NT 10.0; Win64; x64) AppleWebKit/537.36 (KHTML, like Gecko) Chrome/78.0.3904.108 Safari/537.36"
77.247.108.21 - - [07/Jan/2022:22:09:36 +0100] "GET / HTTP/1.1" 301 162 "-" "-"
104.140.188.34 - - [07/Jan/2022:22:17:42 +0100] "GET / HTTP/1.1" 301 162 "-" "https://gdnplus.com:Gather Analyze Provide."
104.140.188.34 - - [07/Jan/2022:22:17:42 +0100] "GET / HTTP/1.1" 200 1345 "http://85.255.1.106:80/" "Go http package"
125.64.94.140 - - [07/Jan/2022:22:19:18 +0100] "GET / HTTP/1.0" 200 1345 "-" "-"
125.64.94.140 - - [07/Jan/2022:22:19:19 +0100] "GET /favicon.ico HTTP/1.1" 200 595 "-" "Mozilla/5.0 (X11; Linux x86_64) AppleWebKit/537.36 (KHTML, like Gecko) Chrome/86.0.4 240.111 Safari/537.36"
125.64.94.140 - - [07/Jan/2022:22:19:20 +0100] "GET /robots.txt HTTP/1.1" 200 595 "-" "Mozilla/5.0 (X11; Linux x86_64) AppleWebKit/537.36 (KHTML, like Gecko) Chrome/86.0.4 240.111 Safari/537.36"
125.64.94.140 - - [07/Jan/2022:22:19:21 +0100] "GET /.well-known/security.txt HTTP/1.1" 200 595 "-" "Mozilla/5.0 (X11; Linux x86_64) AppleWebKit/537.36 (KHTML, like Gecko) Chrome/86.0.4 240.111 Safari/537.36"
83.29.133.58 - - [07/Jan/2022:22:22:01 +0100] "GET /rss/ HTTP/2.0" 304 0 "-" "Mozilla/5.0 (Windows NT 10.0; Win64; x64) AppleWebKit/537.36 (KHTML, like Gecko) Chrome/96.0.4664.110 Safari/537.36 OPR/82.0.4227.43"
66.249.76.27 - - [07/Jan/2022:22:22:40 +0100] "GET /robots.txt HTTP/1.1" 200 108 "-" "Mozilla/5.0 (compatible; Googlebot/2.1; +http://www.google.com/bot.html)"
66.249.76.27 - - [07/Jan/2022:22:22:40 +0100] "GET /tag/kubernetes-advanced/ HTTP/1.1" 200 13059 "-" "Mozilla/5.0 (Linux; Android 6.0.1; Nexus 5X Build/MMB29P) AppleWebKit/537.36 (KHTML, like Gecko) Chrome/97.0.4692.71 Mobile Safari/537.36 (compatible; Googlebot/2.1; +http://www.google.com/bot.html)"
192.241.196.173 - - [07/Jan/2022:22:23:59 +0100] "GET / HTTP/1.1" 301 162 "-" "Mozilla/5.0 zgrab/0.x"
83.29.133.58 - - [07/Jan/2022:22:37:01 +0100] "GET /rss/ HTTP/2.0" 304 0 "-" "Mozilla/5.0 (Windows NT 10.0; Win64; x64) AppleWebKit/537.36 (KHTML, like Gecko) Chrome/96.0.4664.110 Safari/537.36 OPR/82.0.4227.43"
45.146.165.37 - - [07/Jan/2022:22:39:52 +0100] "GET / HTTP/1.1" 200 595 "-" "Mozilla/5.0 (Windows NT 10.0; Win64; x64) AppleWebKit/537.36 (KHTML, like Gecko) Chrome/78.0.3904.108 Safari/537.36"
207.46.13.228 - - [07/Jan/2022:22:41:01 +0100] "GET /robots.txt HTTP/2.0" 200 108 "-" "Mozilla/5.0 (compatible; bingbot/2.0; +http://www.bing.com/bingbot.htm)"
207.46.13.201 - - [07/Jan/2022:22:41:12 +0100] "GET /signin/ HTTP/2.0" 404 12218 "-" "Mozilla/5.0 (compatible; bingbot/2.0; +http://www.bing.com/bingbot.htm)"
107.23.223.112 - - [07/Jan/2022:22:47:07 +0100] "GET /rss HTTP/1.1" 301 5 "-" "Forem Feeds Importer"
107.23.223.112 - - [07/Jan/2022:22:47:08 +0100] "GET /rss/ HTTP/1.1" 200 3449 "-" "Forem Feeds Importer"
83.29.133.58 - - [07/Jan/2022:22:52:01 +0100] "GET /rss/ HTTP/2.0" 304 0 "-" "Mozilla/5.0 (Windows NT 10.0; Win64; x64) AppleWebKit/537.36 (KHTML, like Gecko) Chrome/96.0.4664.110 Safari/537.36 OPR/82.0.4227.43"
192.241.215.185 - - [07/Jan/2022:22:54:36 +0100] "GET / HTTP/1.1" 200 595 "-" "Mozilla/5.0 zgrab/0.x"
83.29.133.58 - - [07/Jan/2022:23:07:01 +0100] "GET /rss/ HTTP/2.0" 304 0 "-" "Mozilla/5.0 (Windows NT 10.0; Win64; x64) AppleWebKit/537.36 (KHTML, like Gecko) Chrome/96.0.4664.110 Safari/537.36 OPR/82.0.4227.43"
192.241.206.88 - - [07/Jan/2022:23:14:17 +0100] "GET /hudson HTTP/1.1" 301 162 "-" "Mozilla/5.0 zgrab/0.x"
83.29.133.58 - - [07/Jan/2022:23:22:01 +0100] "GET /rss/ HTTP/2.0" 304 0 "-" "Mozilla/5.0 (Windows NT 10.0; Win64; x64) AppleWebKit/537.36 (KHTML, like Gecko) Chrome/96.0.4664.110 Safari/537.36 OPR/82.0.4227.43"
66.249.76.31 - - [07/Jan/2022:23:32:23 +0100] "GET /robots.txt HTTP/1.1" 200 108 "-" "Mozilla/5.0 (compatible; Googlebot/2.1; +http://www.google.com/bot.html)"
66.249.76.29 - - [07/Jan/2022:23:32:23 +0100] "GET /weekly-stories/amp/ HTTP/1.1" 200 5999 "-" "Mozilla/5.0 (Linux; Android 6.0.1; Nexus 5X Build/MMB29P) AppleWebKit/537.36 (KHTML, like Gecko) Chrome/97.0.4692.71 Mobile Safari/537.36 (compatible; Googlebot/2.1; +http://www.google.com/bot.html)"
83.29.133.58 - - [07/Jan/2022:23:37:01 +0100] "GET /rss/ HTTP/2.0" 304 0 "-" "Mozilla/5.0 (Windows NT 10.0; Win64; x64) AppleWebKit/537.36 (KHTML, like Gecko) Chrome/96.0.4664.110 Safari/537.36 OPR/82.0.4227.43"
83.29.133.58 - - [07/Jan/2022:23:52:01 +0100] "GET /rss/ HTTP/2.0" 304 0 "-" "Mozilla/5.0 (Windows NT 10.0; Win64; x64) AppleWebKit/537.36 (KHTML, like Gecko) Chrome/96.0.4664.110 Safari/537.36 OPR/82.0.4227.43"
45.146.165.37 - - [08/Jan/2022:00:06:14 +0100] "POST /cgi-bin/.%2e/.%2e/.%2e/.%2e/bin/sh HTTP/1.1" 400 150 "-" "-"
83.29.133.58 - - [08/Jan/2022:00:07:01 +0100] "GET /rss/ HTTP/2.0" 304 0 "-" "Mozilla/5.0 (Windows NT 10.0; Win64; x64) AppleWebKit/537.36 (KHTML, like Gecko) Chrome/96.0.4664.110 Safari/537.36 OPR/82.0.4227.43"
207.46.13.100 - - [08/Jan/2022:00:07:07 +0100] "GET /sitemap-pages.xml HTTP/2.0" 200 525 "-" "Mozilla/5.0 (compatible; bingbot/2.0; +http://www.bing.com/bingbot.htm)"
83.29.133.58 - - [08/Jan/2022:00:22:01 +0100] "GET /rss/ HTTP/2.0" 304 0 "-" "Mozilla/5.0 (Windows NT 10.0; Win64; x64) AppleWebKit/537.36 (KHTML, like Gecko) Chrome/96.0.4664.110 Safari/537.36 OPR/82.0.4227.43"
45.146.165.37 - - [08/Jan/2022:00:36:49 +0100] "GET / HTTP/1.1" 200 595 "-" "Mozilla/5.0 (Windows NT 10.0; Win64; x64) AppleWebKit/537.36 (KHTML, like Gecko) Chrome/78.0.3904.108 Safari/537.36"
83.29.133.58 - - [08/Jan/2022:00:37:01 +0100] "GET /rss/ HTTP/2.0" 304 0 "-" "Mozilla/5.0 (Windows NT 10.0; Win64; x64) AppleWebKit/537.36 (KHTML, like Gecko) Chrome/96.0.4664.110 Safari/537.36 OPR/82.0.4227.43"
207.46.13.100 - - [08/Jan/2022:00:43:52 +0100] "GET / HTTP/2.0" 200 13159 "-" "Mozilla/5.0 (compatible; bingbot/2.0; +http://www.bing.com/bingbot.htm)"
83.29.133.58 - - [08/Jan/2022:00:52:01 +0100] "GET /rss/ HTTP/2.0" 304 0 "-" "Mozilla/5.0 (Windows NT 10.0; Win64; x64) AppleWebKit/537.36 (KHTML, like Gecko) Chrome/96.0.4664.110 Safari/537.36 OPR/82.0.4227.43"
