128.14.134.170 - - [09/Dec/2021:01:08:00 +0100] "GET / HTTP/1.1" 301 162 "-" "Mozilla/5.0 (Windows NT 10.0; Win64; x64) AppleWebKit/537.36 (KHTML, like Gecko) Chrome/60.0.3112.113 Safari/537.36"
128.14.134.170 - - [09/Dec/2021:01:08:01 +0100] "GET / HTTP/1.1" 200 595 "http://85.255.1.106/" "Mozilla/5.0 (Windows NT 10.0; Win64; x64) AppleWebKit/537.36 (KHTML, like Gecko) Chrome/60.0.3112.113 Safari/537.36"
162.142.125.41 - - [09/Dec/2021:01:30:26 +0100] "GET / HTTP/1.1" 200 1345 "-" "-"
162.142.125.41 - - [09/Dec/2021:01:30:27 +0100] "GET / HTTP/1.1" 200 595 "-" "Mozilla/5.0 (compatible; CensysInspect/1.1; +https://about.censys.io/)"
184.105.247.194 - - [09/Dec/2021:01:31:15 +0100] "GET / HTTP/1.1" 301 162 "-" "-"
138.68.249.116 - - [09/Dec/2021:01:36:59 +0100] "SSTP_DUPLEX_POST /sra_{BA195980-CD49-458b-9E23-C84EE0ADCD75}/ HTTP/1.1" 400 150 "-" "-"
157.230.216.203 - - [09/Dec/2021:01:42:47 +0100] "GET /ab2g HTTP/1.1" 400 150 "-" "-"
157.230.216.203 - - [09/Dec/2021:01:42:47 +0100] "GET /ab2h HTTP/1.1" 400 150 "-" "-"
3.238.225.7 - - [09/Dec/2021:01:46:58 +0100] "GET /rss HTTP/1.1" 301 5 "-" "Ruby"
3.238.225.7 - - [09/Dec/2021:01:46:59 +0100] "GET /rss/ HTTP/1.1" 200 3133 "-" "Ruby"
62.76.13.51 - - [09/Dec/2021:01:47:32 +0100] "GET / HTTP/1.1" 301 162 "-" "Mozilla/5.0 (Windows NT 6.1; WOW64) AppleWebKit/537.36 (KHTML, like Gecko) Chrome/51.0.2704.103 Safari/537.36"
86.5.55.145 - - [09/Dec/2021:02:20:34 +0100] "GET http://www.sbjudge3.com/azenv.php HTTP/1.0" 301 162 "-" "-"
192.241.209.176 - - [09/Dec/2021:03:32:10 +0100] "GET /ecp/Current/exporttool/microsoft.exchange.ediscovery.exporttool.application HTTP/1.1" 200 595 "-" "Mozilla/5.0 zgrab/0.x"
192.241.208.230 - - [09/Dec/2021:04:06:22 +0100] "GET /owa/auth/logon.aspx?url=https%3a%2f%2f1%2fecp%2f HTTP/1.1" 200 595 "-" "Mozilla/5.0 zgrab/0.x"
5.227.24.210 - - [09/Dec/2021:04:20:57 +0100] "GET / HTTP/1.1" 301 162 "-" "Mozilla/5.0 (Windows NT 10.0; WOW64) AppleWebKit/537.36 (KHTML, like Gecko) Chrome/52.0.2743.116 Safari/537.36"
118.123.105.67 - - [09/Dec/2021:04:49:39 +0100] "GET / HTTP/1.0" 301 162 "-" "-"
118.123.105.67 - - [09/Dec/2021:04:49:40 +0100] "GET / HTTP/1.1" 301 162 "-" "Mozilla/5.0 (X11; Linux x86_64) AppleWebKit/537.36 (KHTML, like Gecko) Chrome/86.0.4 240.111 Safari/537.36"
118.123.105.67 - - [09/Dec/2021:04:49:43 +0100] "GET / HTTP/1.1" 200 595 "http://85.255.1.106" "Mozilla/5.0 (X11; Linux x86_64) AppleWebKit/537.36 (KHTML, like Gecko) Chrome/86.0.4 240.111 Safari/537.36"
118.123.105.67 - - [09/Dec/2021:04:49:44 +0100] "GET /favicon.ico HTTP/1.1" 301 162 "-" "Mozilla/5.0 (X11; Linux x86_64) AppleWebKit/537.36 (KHTML, like Gecko) Chrome/86.0.4 240.111 Safari/537.36"
118.123.105.67 - - [09/Dec/2021:04:49:45 +0100] "GET /favicon.ico HTTP/1.1" 200 595 "http://85.255.1.106/favicon.ico" "Mozilla/5.0 (X11; Linux x86_64) AppleWebKit/537.36 (KHTML, like Gecko) Chrome/86.0.4 240.111 Safari/537.36"
118.123.105.67 - - [09/Dec/2021:04:49:45 +0100] "GET /robots.txt HTTP/1.1" 301 162 "-" "Mozilla/5.0 (X11; Linux x86_64) AppleWebKit/537.36 (KHTML, like Gecko) Chrome/86.0.4 240.111 Safari/537.36"
118.123.105.67 - - [09/Dec/2021:04:49:47 +0100] "GET /robots.txt HTTP/1.1" 200 595 "http://85.255.1.106/robots.txt" "Mozilla/5.0 (X11; Linux x86_64) AppleWebKit/537.36 (KHTML, like Gecko) Chrome/86.0.4 240.111 Safari/537.36"
118.123.105.67 - - [09/Dec/2021:04:49:47 +0100] "GET /.well-known/security.txt HTTP/1.1" 301 162 "-" "Mozilla/5.0 (X11; Linux x86_64) AppleWebKit/537.36 (KHTML, like Gecko) Chrome/86.0.4 240.111 Safari/537.36"
118.123.105.67 - - [09/Dec/2021:04:49:49 +0100] "GET /.well-known/security.txt HTTP/1.1" 200 595 "http://85.255.1.106/.well-known/security.txt" "Mozilla/5.0 (X11; Linux x86_64) AppleWebKit/537.36 (KHTML, like Gecko) Chrome/86.0.4 240.111 Safari/537.36"
185.180.143.79 - - [09/Dec/2021:04:56:30 +0100] "GET / HTTP/1.1" 301 162 "-" "Mozilla/5.0 (Windows NT 10.0; Win64; x64) AppleWebKit/537.36 (KHTML, like Gecko) Chrome/60.0.3112.113 Safari/537.36"
185.180.143.79 - - [09/Dec/2021:04:56:31 +0100] "GET / HTTP/1.1" 200 595 "http://85.255.1.106/" "Mozilla/5.0 (Windows NT 10.0; Win64; x64) AppleWebKit/537.36 (KHTML, like Gecko) Chrome/60.0.3112.113 Safari/537.36"
125.64.94.140 - - [09/Dec/2021:05:17:16 +0100] "GET / HTTP/1.0" 200 1345 "-" "-"
125.64.94.140 - - [09/Dec/2021:05:17:17 +0100] "GET /favicon.ico HTTP/1.1" 200 595 "-" "Mozilla/5.0 (X11; Linux x86_64) AppleWebKit/537.36 (KHTML, like Gecko) Chrome/86.0.4 240.111 Safari/537.36"
125.64.94.140 - - [09/Dec/2021:05:17:19 +0100] "GET /robots.txt HTTP/1.1" 200 595 "-" "Mozilla/5.0 (X11; Linux x86_64) AppleWebKit/537.36 (KHTML, like Gecko) Chrome/86.0.4 240.111 Safari/537.36"
125.64.94.140 - - [09/Dec/2021:05:17:20 +0100] "GET /.well-known/security.txt HTTP/1.1" 200 595 "-" "Mozilla/5.0 (X11; Linux x86_64) AppleWebKit/537.36 (KHTML, like Gecko) Chrome/86.0.4 240.111 Safari/537.36"
207.46.13.96 - - [09/Dec/2021:06:17:51 +0100] "GET / HTTP/2.0" 200 12916 "-" "Mozilla/5.0 (compatible; bingbot/2.0; +http://www.bing.com/bingbot.htm)"
180.47.219.123 - - [09/Dec/2021:06:18:17 +0100] "GET / HTTP/1.1" 301 162 "-" "Mozilla/5.0 (Windows NT 10.0; WOW64) AppleWebKit/537.36 (KHTML, like Gecko) Chrome/51.0.2704.103 Safari/537.36"
180.47.219.123 - - [09/Dec/2021:06:18:17 +0100] "GET / HTTP/1.1" 301 162 "-" "Mozilla/5.0 (Windows NT 10.0; WOW64) AppleWebKit/537.36 (KHTML, like Gecko) Chrome/51.0.2704.103 Safari/537.36"
198.54.128.94 - - [09/Dec/2021:06:26:05 +0100] "GET / HTTP/1.1" 301 162 "-" "Mozilla/5.0 (Windows NT 10.0; Win64; x64) AppleWebKit/537.36 (KHTML, like Gecko) Chrome/95.0.4638.69 Safari/537.36"
185.220.101.182 - - [09/Dec/2021:06:27:26 +0100] "GET / HTTP/1.1" 200 595 "http://85.255.1.106/" "Mozilla/5.0 (Windows NT 10.0; Win64; x64) AppleWebKit/537.36 (KHTML, like Gecko) Chrome/95.0.4638.69 Safari/537.36"
172.104.138.223 - - [09/Dec/2021:06:40:23 +0100] "GET /fuN3 HTTP/1.0" 301 162 "-" "Mozilla/5.0 (Windows NT 10.0; Win64; x64) AppleWebKit/537.36 (KHTML, like Gecko) Chrome/91.0.4472.77 Safari/537.36"
3.238.225.7 - - [09/Dec/2021:06:46:35 +0100] "GET /rss HTTP/1.1" 301 5 "-" "Ruby"
3.238.225.7 - - [09/Dec/2021:06:46:35 +0100] "GET /rss/ HTTP/1.1" 200 3133 "-" "Ruby"
207.46.13.75 - - [09/Dec/2021:06:55:21 +0100] "GET /sitemap.xml HTTP/2.0" 200 642 "-" "Mozilla/5.0 (compatible; bingbot/2.0; +http://www.bing.com/bingbot.htm)"
185.189.182.234 - - [09/Dec/2021:07:07:30 +0100] "GET / HTTP/1.1" 400 150 "-" "-"
207.46.13.75 - - [09/Dec/2021:07:10:41 +0100] "GET /sitemap.xml HTTP/2.0" 200 642 "-" "Mozilla/5.0 (compatible; bingbot/2.0; +http://www.bing.com/bingbot.htm)"
139.162.145.250 - - [09/Dec/2021:07:21:11 +0100] "GET /bag2 HTTP/1.1" 200 595 "-" "Mozilla/4.0 (compatible; MSIE 8.0; Windows NT 6.0; Trident/4.0)"
118.123.105.67 - - [09/Dec/2021:08:20:28 +0100] "GET / HTTP/1.0" 200 1345 "-" "-"
118.123.105.67 - - [09/Dec/2021:08:20:54 +0100] "GET /favicon.ico/ HTTP/1.1" 200 595 "-" "Mozilla/5.0 (X11; Linux x86_64) AppleWebKit/537.36 (KHTML, like Gecko) Chrome/86.0.4 240.111 Safari/537.36"
118.123.105.67 - - [09/Dec/2021:08:20:55 +0100] "GET /robots.txt HTTP/1.1" 200 595 "-" "Mozilla/5.0 (X11; Linux x86_64) AppleWebKit/537.36 (KHTML, like Gecko) Chrome/86.0.4 240.111 Safari/537.36"
118.123.105.67 - - [09/Dec/2021:08:20:56 +0100] "GET /.well-known/security.txt HTTP/1.1" 200 595 "-" "Mozilla/5.0 (X11; Linux x86_64) AppleWebKit/537.36 (KHTML, like Gecko) Chrome/86.0.4 240.111 Safari/537.36"
35.205.104.93 - - [09/Dec/2021:08:22:39 +0100] "GET / HTTP/1.1" 200 595 "-" "python-requests/2.26.0"
156.146.50.171 - - [09/Dec/2021:08:25:28 +0100] "OPTIONS / HTTP/1.1" 405 552 "-" "Mozilla/5.0 (Windows NT 6.2; Win64; x64) AppleWebKit/537.36 (KHTML, like Gecko) Chrome/32.0.1667.0 Safari/537.36"
40.77.167.23 - - [09/Dec/2021:08:30:03 +0100] "GET /sitemap-posts.xml HTTP/2.0" 200 1016 "-" "Mozilla/5.0 (compatible; bingbot/2.0; +http://www.bing.com/bingbot.htm)"
164.52.24.162 - - [09/Dec/2021:08:37:15 +0100] "GET / HTTP/1.1" 200 1345 "-" "Mozilla/5.0 (Windows NT 10.0; Win64; x64; rv:79.0) Gecko/20100101 Firefox/79.0"
136.144.41.117 - - [09/Dec/2021:08:48:32 +0100] "GET / HTTP/1.1" 301 162 "-" "Linux Gnu (cow)"
64.227.99.233 - - [09/Dec/2021:08:56:08 +0100] "\x00\x0E8\x94\x94]\xDE\x95\xEFv\xE4\x00\x00\x00\x00\x00" 400 150 "-" "-"
118.123.105.67 - - [09/Dec/2021:09:08:01 +0100] "GET / HTTP/1.0" 200 1345 "-" "-"
118.123.105.67 - - [09/Dec/2021:09:08:02 +0100] "GET /favicon.ico HTTP/1.1" 200 595 "-" "Mozilla/5.0 (X11; Linux x86_64) AppleWebKit/537.36 (KHTML, like Gecko) Chrome/86.0.4 240.111 Safari/537.36"
118.123.105.67 - - [09/Dec/2021:09:08:03 +0100] "GET /robots.txt HTTP/1.1" 200 595 "-" "Mozilla/5.0 (X11; Linux x86_64) AppleWebKit/537.36 (KHTML, like Gecko) Chrome/86.0.4 240.111 Safari/537.36"
118.123.105.67 - - [09/Dec/2021:09:08:04 +0100] "GET /.well-known/security.txt HTTP/1.1" 200 595 "-" "Mozilla/5.0 (X11; Linux x86_64) AppleWebKit/537.36 (KHTML, like Gecko) Chrome/86.0.4 240.111 Safari/537.36"
164.90.179.117 - - [09/Dec/2021:09:08:50 +0100] "HEAD / HTTP/1.0" 400 0 "-" "-"
164.90.179.117 - - [09/Dec/2021:09:08:50 +0100] "HEAD / HTTP/1.0" 301 0 "-" "-"
164.90.179.117 - - [09/Dec/2021:09:08:50 +0100] "GET /system_api.php HTTP/1.1" 301 162 "-" "Mozilla/5.0 (Windows NT 10.0; Win64; x64) AppleWebKit/537.36 (KHTML, like Gecko) Chrome/74.0.3729.169 Safari/537.36"
164.90.179.117 - - [09/Dec/2021:09:08:50 +0100] "GET /system_api.php HTTP/1.1" 404 47 "-" "Mozilla/5.0 (Windows NT 10.0; Win64; x64) AppleWebKit/537.36 (KHTML, like Gecko) Chrome/74.0.3729.169 Safari/537.36"
164.90.179.117 - - [09/Dec/2021:09:08:50 +0100] "GET /system_api.php HTTP/1.1" 400 650 "-" "Mozilla/5.0 (Windows NT 10.0; Win64; x64) AppleWebKit/537.36 (KHTML, like Gecko) Chrome/74.0.3729.169 Safari/537.36"
164.90.179.117 - - [09/Dec/2021:09:08:50 +0100] "GET /system_api.php HTTP/1.1" 404 47 "-" "Mozilla/5.0 (Windows NT 10.0; Win64; x64) AppleWebKit/537.36 (KHTML, like Gecko) Chrome/74.0.3729.169 Safari/537.36"
164.90.179.117 - - [09/Dec/2021:09:08:50 +0100] "GET /c/version.js HTTP/1.1" 301 162 "-" "Mozilla/5.0 (Windows NT 10.0; Win64; x64) AppleWebKit/537.36 (KHTML, like Gecko) Chrome/74.0.3729.169 Safari/537.36"
164.90.179.117 - - [09/Dec/2021:09:08:50 +0100] "GET /c/version.js HTTP/1.1" 200 595 "-" "Mozilla/5.0 (Windows NT 10.0; Win64; x64) AppleWebKit/537.36 (KHTML, like Gecko) Chrome/74.0.3729.169 Safari/537.36"
164.90.179.117 - - [09/Dec/2021:09:08:50 +0100] "GET /c/version.js HTTP/1.1" 400 650 "-" "Mozilla/5.0 (Windows NT 10.0; Win64; x64) AppleWebKit/537.36 (KHTML, like Gecko) Chrome/74.0.3729.169 Safari/537.36"
164.90.179.117 - - [09/Dec/2021:09:08:50 +0100] "GET /c/version.js HTTP/1.1" 200 595 "-" "Mozilla/5.0 (Windows NT 10.0; Win64; x64) AppleWebKit/537.36 (KHTML, like Gecko) Chrome/74.0.3729.169 Safari/537.36"
164.90.179.117 - - [09/Dec/2021:09:08:51 +0100] "GET /streaming/clients_live.php HTTP/1.1" 301 162 "-" "Mozilla/5.0 (Windows NT 10.0; Win64; x64) AppleWebKit/537.36 (KHTML, like Gecko) Chrome/74.0.3729.169 Safari/537.36"
164.90.179.117 - - [09/Dec/2021:09:08:51 +0100] "GET /streaming/clients_live.php HTTP/1.1" 404 47 "-" "Mozilla/5.0 (Windows NT 10.0; Win64; x64) AppleWebKit/537.36 (KHTML, like Gecko) Chrome/74.0.3729.169 Safari/537.36"
164.90.179.117 - - [09/Dec/2021:09:08:51 +0100] "GET /streaming/clients_live.php HTTP/1.1" 400 650 "-" "Mozilla/5.0 (Windows NT 10.0; Win64; x64) AppleWebKit/537.36 (KHTML, like Gecko) Chrome/74.0.3729.169 Safari/537.36"
164.90.179.117 - - [09/Dec/2021:09:08:51 +0100] "GET /streaming/clients_live.php HTTP/1.1" 404 47 "-" "Mozilla/5.0 (Windows NT 10.0; Win64; x64) AppleWebKit/537.36 (KHTML, like Gecko) Chrome/74.0.3729.169 Safari/537.36"
164.90.179.117 - - [09/Dec/2021:09:08:51 +0100] "GET /stalker_portal/c/version.js HTTP/1.1" 301 162 "-" "Mozilla/5.0 (Windows NT 10.0; Win64; x64) AppleWebKit/537.36 (KHTML, like Gecko) Chrome/74.0.3729.169 Safari/537.36"
164.90.179.117 - - [09/Dec/2021:09:08:51 +0100] "GET /stalker_portal/c/version.js HTTP/1.1" 200 595 "-" "Mozilla/5.0 (Windows NT 10.0; Win64; x64) AppleWebKit/537.36 (KHTML, like Gecko) Chrome/74.0.3729.169 Safari/537.36"
164.90.179.117 - - [09/Dec/2021:09:08:51 +0100] "GET /stalker_portal/c/version.js HTTP/1.1" 400 650 "-" "Mozilla/5.0 (Windows NT 10.0; Win64; x64) AppleWebKit/537.36 (KHTML, like Gecko) Chrome/74.0.3729.169 Safari/537.36"
164.90.179.117 - - [09/Dec/2021:09:08:51 +0100] "GET /stalker_portal/c/version.js HTTP/1.1" 200 595 "-" "Mozilla/5.0 (Windows NT 10.0; Win64; x64) AppleWebKit/537.36 (KHTML, like Gecko) Chrome/74.0.3729.169 Safari/537.36"
164.90.179.117 - - [09/Dec/2021:09:08:51 +0100] "GET /stream/live.php HTTP/1.1" 301 162 "-" "VLC/3.0.8 LibVLC/3.0.8"
164.90.179.117 - - [09/Dec/2021:09:08:51 +0100] "GET /stream/live.php HTTP/1.1" 404 47 "-" "VLC/3.0.8 LibVLC/3.0.8"
164.90.179.117 - - [09/Dec/2021:09:08:51 +0100] "GET /stream/live.php HTTP/1.1" 400 248 "-" "VLC/3.0.8 LibVLC/3.0.8"
164.90.179.117 - - [09/Dec/2021:09:08:51 +0100] "GET /stream/live.php HTTP/1.1" 404 47 "-" "VLC/3.0.8 LibVLC/3.0.8"
164.90.179.117 - - [09/Dec/2021:09:08:51 +0100] "GET /flu/403.html HTTP/1.1" 301 162 "-" "Mozilla/5.0 (Windows NT 10.0; Win64; x64) AppleWebKit/537.36 (KHTML, like Gecko) Chrome/74.0.3729.169 Safari/537.36"
164.90.179.117 - - [09/Dec/2021:09:08:51 +0100] "GET /flu/403.html HTTP/1.1" 200 595 "-" "Mozilla/5.0 (Windows NT 10.0; Win64; x64) AppleWebKit/537.36 (KHTML, like Gecko) Chrome/74.0.3729.169 Safari/537.36"
164.90.179.117 - - [09/Dec/2021:09:08:52 +0100] "GET /flu/403.html HTTP/1.1" 400 650 "-" "Mozilla/5.0 (Windows NT 10.0; Win64; x64) AppleWebKit/537.36 (KHTML, like Gecko) Chrome/74.0.3729.169 Safari/537.36"
164.90.179.117 - - [09/Dec/2021:09:08:52 +0100] "GET /flu/403.html HTTP/1.1" 200 595 "-" "Mozilla/5.0 (Windows NT 10.0; Win64; x64) AppleWebKit/537.36 (KHTML, like Gecko) Chrome/74.0.3729.169 Safari/537.36"
164.90.179.117 - - [09/Dec/2021:09:08:52 +0100] "GET /gemini-iptv/vod.json HTTP/1.1" 301 162 "-" "Mozilla/5.0 (Windows NT 10.0; Win64; x64) AppleWebKit/537.36 (KHTML, like Gecko) Chrome/74.0.3729.169 Safari/537.36"
164.90.179.117 - - [09/Dec/2021:09:08:52 +0100] "GET /gemini-iptv/vod.json HTTP/1.1" 200 595 "-" "Mozilla/5.0 (Windows NT 10.0; Win64; x64) AppleWebKit/537.36 (KHTML, like Gecko) Chrome/74.0.3729.169 Safari/537.36"
164.90.179.117 - - [09/Dec/2021:09:08:52 +0100] "GET /gemini-iptv/get_prc.php HTTP/1.1" 301 162 "-" "Mozilla/5.0 (Windows NT 10.0; Win64; x64) AppleWebKit/537.36 (KHTML, like Gecko) Chrome/74.0.3729.169 Safari/537.36"
164.90.179.117 - - [09/Dec/2021:09:08:52 +0100] "GET /gemini-iptv/get_prc.php HTTP/1.1" 404 47 "-" "Mozilla/5.0 (Windows NT 10.0; Win64; x64) AppleWebKit/537.36 (KHTML, like Gecko) Chrome/74.0.3729.169 Safari/537.36"
164.90.179.117 - - [09/Dec/2021:09:08:52 +0100] "GET /gemini-iptv/vod.json HTTP/1.1" 400 650 "-" "Mozilla/5.0 (Windows NT 10.0; Win64; x64) AppleWebKit/537.36 (KHTML, like Gecko) Chrome/74.0.3729.169 Safari/537.36"
164.90.179.117 - - [09/Dec/2021:09:08:52 +0100] "GET /gemini-iptv/vod.json HTTP/1.1" 200 595 "-" "Mozilla/5.0 (Windows NT 10.0; Win64; x64) AppleWebKit/537.36 (KHTML, like Gecko) Chrome/74.0.3729.169 Safari/537.36"
164.90.179.117 - - [09/Dec/2021:09:08:52 +0100] "GET /gemini-iptv/get_prc.php HTTP/1.1" 400 650 "-" "Mozilla/5.0 (Windows NT 10.0; Win64; x64) AppleWebKit/537.36 (KHTML, like Gecko) Chrome/74.0.3729.169 Safari/537.36"
164.90.179.117 - - [09/Dec/2021:09:08:52 +0100] "GET /gemini-iptv/get_prc.php HTTP/1.1" 404 47 "-" "Mozilla/5.0 (Windows NT 10.0; Win64; x64) AppleWebKit/537.36 (KHTML, like Gecko) Chrome/74.0.3729.169 Safari/537.36"
164.90.179.117 - - [09/Dec/2021:09:08:52 +0100] "GET / HTTP/1.1" 301 162 "-" "Mozilla/5.0 (Windows NT 10.0; Win64; x64) AppleWebKit/537.36 (KHTML, like Gecko) Chrome/74.0.3729.169 Safari/537.36"
164.90.179.117 - - [09/Dec/2021:09:08:52 +0100] "GET / HTTP/1.1" 200 595 "-" "Mozilla/5.0 (Windows NT 10.0; Win64; x64) AppleWebKit/537.36 (KHTML, like Gecko) Chrome/74.0.3729.169 Safari/537.36"
164.90.179.117 - - [09/Dec/2021:09:08:52 +0100] "GET / HTTP/1.1" 400 650 "-" "Mozilla/5.0 (Windows NT 10.0; Win64; x64) AppleWebKit/537.36 (KHTML, like Gecko) Chrome/74.0.3729.169 Safari/537.36"
164.90.179.117 - - [09/Dec/2021:09:08:53 +0100] "GET / HTTP/1.1" 200 595 "-" "Mozilla/5.0 (Windows NT 10.0; Win64; x64) AppleWebKit/537.36 (KHTML, like Gecko) Chrome/74.0.3729.169 Safari/537.36"
128.14.134.134 - - [09/Dec/2021:10:10:15 +0100] "GET / HTTP/1.1" 301 162 "-" "Mozilla/5.0 (Windows NT 10.0; Win64; x64) AppleWebKit/537.36 (KHTML, like Gecko) Chrome/60.0.3112.113 Safari/537.36"
128.14.134.134 - - [09/Dec/2021:10:10:16 +0100] "GET / HTTP/1.1" 200 595 "http://85.255.1.106/" "Mozilla/5.0 (Windows NT 10.0; Win64; x64) AppleWebKit/537.36 (KHTML, like Gecko) Chrome/60.0.3112.113 Safari/537.36"
69.55.55.155 - - [09/Dec/2021:10:13:41 +0100] "GET / HTTP/1.0" 301 162 "-" "masscan/1.0 (https://github.com/robertdavidgraham/masscan)"
64.227.99.233 - - [09/Dec/2021:10:14:11 +0100] "\x00\x0E8\x15\xC2>\xF2\x8E\xF2\xEA~\x00\x00\x00\x00\x00" 400 150 "-" "-"
167.248.133.57 - - [09/Dec/2021:10:24:51 +0100] "GET / HTTP/1.1" 301 162 "-" "-"
167.248.133.57 - - [09/Dec/2021:10:24:51 +0100] "GET / HTTP/1.1" 301 162 "-" "Mozilla/5.0 (compatible; CensysInspect/1.1; +https://about.censys.io/)"
167.248.133.57 - - [09/Dec/2021:10:24:52 +0100] "GET / HTTP/1.1" 200 595 "-" "Mozilla/5.0 (compatible; CensysInspect/1.1; +https://about.censys.io/)"
159.65.221.114 - - [09/Dec/2021:10:40:18 +0100] "GET / HTTP/1.1" 301 162 "-" "Mozilla/5.0 (X11; Ubuntu; Linux x86_64; rv:76.0) Gecko/20100101 Firefox/76.0"
66.240.236.109 - - [09/Dec/2021:11:35:46 +0100] "GET / HTTP/1.1" 200 595 "-" "Mozilla/5.0 zgrab/0.x"
66.240.205.34 - - [09/Dec/2021:11:44:42 +0100] "Gh0st\xAD\x00\x00\x00\xE0\x00\x00\x00x\x9CKS``\x98\xC3\xC0\xC0\xC0\x06\xC4\x8C@\xBCQ\x96\x81\x81\x09H\x07\xA7\x16\x95e&\xA7*\x04$&g+\x182\x94\xF6\xB000\xAC\xA8rc\x00\x01\x11\xA0\x82\x1F\x5C`&\x83\xC7K7\x86\x19\xE5n\x0C9\x95n\x0C;\x84\x0F3\xAC\xE8sch\xA8^\xCF4'J\x97\xA9\x82\xE30\xC3\x91h]&\x90\xF8\xCE\x97S\xCBA4L?2=\xE1\xC4\x92\x86\x0B@\xF5`\x0CT\x1F\xAE\xAF]" 400 150 "-" "-"
3.86.247.120 - - [09/Dec/2021:11:48:22 +0100] "GET /rss HTTP/1.1" 301 5 "-" "Ruby"
3.86.247.120 - - [09/Dec/2021:11:48:22 +0100] "GET /rss/ HTTP/1.1" 200 3133 "-" "Ruby"
104.131.1.72 - - [09/Dec/2021:12:05:44 +0100] "GET / HTTP/1.1" 200 595 "-" "Mozilla/5.0 (X11; Linux x86_64; rv:73.0) Gecko/20100101 Firefox/73.0"
192.241.214.92 - - [09/Dec/2021:12:11:22 +0100] "GET /actuator/health HTTP/1.1" 200 595 "-" "Mozilla/5.0 zgrab/0.x"
139.162.246.231 - - [09/Dec/2021:12:41:19 +0100] "GET / HTTP/1.1" 301 162 "-" "Mozilla/5.0 (Windows NT 6.1; WOW64; rv:8.0) Gecko/20100101 Firefox/8.0"
139.162.246.231 - - [09/Dec/2021:12:41:19 +0100] "GET / HTTP/2.0" 200 583 "-" "Mozilla/5.0 (Windows NT 6.1; WOW64; rv:8.0) Gecko/20100101 Firefox/8.0"
157.55.39.18 - - [09/Dec/2021:13:13:06 +0100] "GET /robots.txt HTTP/1.1" 301 162 "-" "Mozilla/5.0 (compatible; bingbot/2.0; +http://www.bing.com/bingbot.htm)"
157.55.39.18 - - [09/Dec/2021:13:13:07 +0100] "GET /robots.txt HTTP/2.0" 200 108 "-" "Mozilla/5.0 (compatible; bingbot/2.0; +http://www.bing.com/bingbot.htm)"
207.46.13.148 - - [09/Dec/2021:13:13:16 +0100] "GET / HTTP/1.1" 301 162 "-" "Mozilla/5.0 (compatible; bingbot/2.0; +http://www.bing.com/bingbot.htm)"
60.217.75.69 - - [09/Dec/2021:13:45:17 +0100] "GET / HTTP/1.1" 200 595 "-" "Mozilla/5.0"
109.74.204.6 - - [09/Dec/2021:13:57:47 +0100] "GET / HTTP/2.0" 200 583 "-" "Mozilla/5.0 (Windows NT 6.1; WOW64; rv:8.0) Gecko/20100101 Firefox/8.0"
209.141.50.223 - - [09/Dec/2021:14:09:51 +0100] "GET /config/getuser?index=0 HTTP/1.1" 400 248 "-" "Mozilla/5.0 (X11; Ubuntu; Linux x86_64; rv:76.0) Gecko/20100101 Firefox/76.0"
88.0.214.160 - - [09/Dec/2021:14:34:06 +0100] "GET / HTTP/1.1" 301 162 "-" "Mozilla/5.0 zgrab/0.x"
40.88.21.235 - - [09/Dec/2021:15:27:33 +0100] "GET / HTTP/1.1" 301 162 "http://krzwiatrzyk.eu/" "Mozilla/5.0 (compatible; DuckDuckGo-Favicons-Bot/1.0; +http://duckduckgo.com)"
40.88.21.235 - - [09/Dec/2021:15:27:33 +0100] "GET / HTTP/1.1" 200 12934 "https://krzwiatrzyk.eu/" "Mozilla/5.0 (compatible; DuckDuckGo-Favicons-Bot/1.0; +http://duckduckgo.com)"
40.88.21.235 - - [09/Dec/2021:15:27:33 +0100] "GET /favicon.png HTTP/1.1" 200 2741 "https://krzwiatrzyk.eu/favicon.png" "Mozilla/5.0 (compatible; DuckDuckGo-Favicons-Bot/1.0; +http://duckduckgo.com)"
37.0.10.218 - - [09/Dec/2021:15:29:47 +0100] "GET /.env HTTP/1.1" 301 162 "-" "Mozilla/5.0 (Macintosh; Intel Mac OS X 10.15; rv:77.0) Gecko/20100101 Firefox/77.0"
207.46.13.75 - - [09/Dec/2021:16:08:23 +0100] "GET /sitemap-tags.xml HTTP/2.0" 200 458 "-" "Mozilla/5.0 (compatible; bingbot/2.0; +http://www.bing.com/bingbot.htm)"
128.1.248.26 - - [09/Dec/2021:16:17:49 +0100] "GET / HTTP/1.1" 200 595 "-" "Mozilla/5.0 (Windows NT 10.0; Win64; x64) AppleWebKit/537.36 (KHTML, like Gecko) Chrome/60.0.3112.113 Safari/537.36"
52.87.214.45 - - [09/Dec/2021:16:48:34 +0100] "GET /rss HTTP/1.1" 301 5 "-" "Ruby"
52.87.214.45 - - [09/Dec/2021:16:48:34 +0100] "GET /rss/ HTTP/1.1" 200 3138 "-" "Ruby"
118.123.105.67 - - [09/Dec/2021:17:12:43 +0100] "GET / HTTP/1.0" 200 1345 "-" "-"
118.123.105.67 - - [09/Dec/2021:17:12:44 +0100] "GET /favicon.ico HTTP/1.1" 200 595 "-" "Mozilla/5.0 (X11; Linux x86_64) AppleWebKit/537.36 (KHTML, like Gecko) Chrome/86.0.4 240.111 Safari/537.36"
118.123.105.67 - - [09/Dec/2021:17:12:45 +0100] "GET /robots.txt HTTP/1.1" 200 595 "-" "Mozilla/5.0 (X11; Linux x86_64) AppleWebKit/537.36 (KHTML, like Gecko) Chrome/86.0.4 240.111 Safari/537.36"
118.123.105.67 - - [09/Dec/2021:17:12:46 +0100] "GET /.well-known/security.txt HTTP/1.1" 200 595 "-" "Mozilla/5.0 (X11; Linux x86_64) AppleWebKit/537.36 (KHTML, like Gecko) Chrome/86.0.4 240.111 Safari/537.36"
40.77.167.23 - - [09/Dec/2021:17:23:53 +0100] "GET /sitemap-authors.xml HTTP/2.0" 200 344 "-" "Mozilla/5.0 (compatible; bingbot/2.0; +http://www.bing.com/bingbot.htm)"
192.241.199.248 - - [09/Dec/2021:17:24:42 +0100] "GET / HTTP/1.1" 301 162 "-" "Mozilla/5.0 zgrab/0.x"
192.241.213.115 - - [09/Dec/2021:17:39:56 +0100] "GET / HTTP/1.1" 200 595 "-" "Mozilla/5.0 zgrab/0.x"
60.217.72.12 - - [09/Dec/2021:17:43:25 +0100] "GET / HTTP/1.1" 200 595 "-" "Mozilla/5.0"
118.123.105.67 - - [09/Dec/2021:17:56:29 +0100] "GET / HTTP/1.0" 200 1345 "-" "-"
118.123.105.67 - - [09/Dec/2021:17:56:30 +0100] "GET /favicon.ico HTTP/1.1" 200 595 "-" "Mozilla/5.0 (X11; Linux x86_64) AppleWebKit/537.36 (KHTML, like Gecko) Chrome/86.0.4 240.111 Safari/537.36"
118.123.105.67 - - [09/Dec/2021:17:56:31 +0100] "GET /robots.txt HTTP/1.1" 200 595 "-" "Mozilla/5.0 (X11; Linux x86_64) AppleWebKit/537.36 (KHTML, like Gecko) Chrome/86.0.4 240.111 Safari/537.36"
118.123.105.67 - - [09/Dec/2021:17:56:33 +0100] "GET /.well-known/security.txt HTTP/1.1" 200 595 "-" "Mozilla/5.0 (X11; Linux x86_64) AppleWebKit/537.36 (KHTML, like Gecko) Chrome/86.0.4 240.111 Safari/537.36"
125.64.94.140 - - [09/Dec/2021:18:00:40 +0100] "GET / HTTP/1.0" 301 162 "-" "-"
125.64.94.140 - - [09/Dec/2021:18:00:41 +0100] "GET / HTTP/1.1" 301 162 "-" "Mozilla/5.0 (X11; Linux x86_64) AppleWebKit/537.36 (KHTML, like Gecko) Chrome/86.0.4 240.111 Safari/537.36"
125.64.94.140 - - [09/Dec/2021:18:00:42 +0100] "GET / HTTP/1.1" 200 595 "http://85.255.1.106" "Mozilla/5.0 (X11; Linux x86_64) AppleWebKit/537.36 (KHTML, like Gecko) Chrome/86.0.4 240.111 Safari/537.36"
125.64.94.140 - - [09/Dec/2021:18:00:43 +0100] "GET /favicon.ico HTTP/1.1" 301 162 "-" "Mozilla/5.0 (X11; Linux x86_64) AppleWebKit/537.36 (KHTML, like Gecko) Chrome/86.0.4 240.111 Safari/537.36"
125.64.94.140 - - [09/Dec/2021:18:00:46 +0100] "GET /favicon.ico HTTP/1.1" 200 595 "http://85.255.1.106/favicon.ico" "Mozilla/5.0 (X11; Linux x86_64) AppleWebKit/537.36 (KHTML, like Gecko) Chrome/86.0.4 240.111 Safari/537.36"
125.64.94.140 - - [09/Dec/2021:18:00:46 +0100] "GET /robots.txt HTTP/1.1" 301 162 "-" "Mozilla/5.0 (X11; Linux x86_64) AppleWebKit/537.36 (KHTML, like Gecko) Chrome/86.0.4 240.111 Safari/537.36"
125.64.94.140 - - [09/Dec/2021:18:00:48 +0100] "GET /robots.txt HTTP/1.1" 200 595 "http://85.255.1.106/robots.txt" "Mozilla/5.0 (X11; Linux x86_64) AppleWebKit/537.36 (KHTML, like Gecko) Chrome/86.0.4 240.111 Safari/537.36"
125.64.94.140 - - [09/Dec/2021:18:00:52 +0100] "GET /.well-known/security.txt HTTP/1.1" 301 162 "-" "Mozilla/5.0 (X11; Linux x86_64) AppleWebKit/537.36 (KHTML, like Gecko) Chrome/86.0.4 240.111 Safari/537.36"
125.64.94.140 - - [09/Dec/2021:18:00:55 +0100] "GET /.well-known/security.txt HTTP/1.1" 200 595 "http://85.255.1.106/.well-known/security.txt" "Mozilla/5.0 (X11; Linux x86_64) AppleWebKit/537.36 (KHTML, like Gecko) Chrome/86.0.4 240.111 Safari/537.36"
136.144.41.117 - - [09/Dec/2021:18:11:00 +0100] "GET / HTTP/1.1" 301 162 "-" "Linux Gnu (cow)"
37.204.238.189 - - [09/Dec/2021:18:27:12 +0100] "GET / HTTP/1.1" 301 162 "-" "Mozilla/5.0 (Windows NT 5.1; rv:9.0.1) Gecko/20100101 Firefox/9.0.1"
37.204.238.189 - - [09/Dec/2021:18:27:12 +0100] "GET / HTTP/1.1" 200 595 "-" "Mozilla/5.0 (Windows NT 5.1; rv:9.0.1) Gecko/20100101 Firefox/9.0.1"
37.204.238.189 - - [09/Dec/2021:18:27:13 +0100] "GET /HNAP1/ HTTP/1.1" 200 595 "http://85.255.1.106/" "Mozilla/5.0 (Windows NT 5.1; rv:9.0.1) Gecko/20100101 Firefox/9.0.1"
45.133.1.120 - - [09/Dec/2021:18:42:37 +0100] "GET /.env HTTP/1.1" 301 162 "-" "Mozilla/5.0 (X11; Linux x86_64) AppleWebKit/537.36 (KHTML, like Gecko) Chrome/81.0.4044.129 Safari/537.36"
45.133.1.120 - - [09/Dec/2021:18:42:38 +0100] "POST / HTTP/1.1" 301 162 "-" "Mozilla/5.0 (X11; Linux x86_64) AppleWebKit/537.36 (KHTML, like Gecko) Chrome/81.0.4044.129 Safari/537.36"
45.133.1.120 - - [09/Dec/2021:18:42:40 +0100] "GET /core/.env HTTP/1.1" 301 162 "-" "Mozilla/5.0 (X11; Linux x86_64) AppleWebKit/537.36 (KHTML, like Gecko) Chrome/81.0.4044.129 Safari/537.36"
45.133.1.120 - - [09/Dec/2021:18:42:41 +0100] "POST / HTTP/1.1" 301 162 "-" "Mozilla/5.0 (X11; Linux x86_64) AppleWebKit/537.36 (KHTML, like Gecko) Chrome/81.0.4044.129 Safari/537.36"
45.133.1.120 - - [09/Dec/2021:18:42:42 +0100] "GET /app/.env HTTP/1.1" 301 162 "-" "Mozilla/5.0 (X11; Linux x86_64) AppleWebKit/537.36 (KHTML, like Gecko) Chrome/81.0.4044.129 Safari/537.36"
45.133.1.120 - - [09/Dec/2021:18:42:43 +0100] "POST / HTTP/1.1" 301 162 "-" "Mozilla/5.0 (X11; Linux x86_64) AppleWebKit/537.36 (KHTML, like Gecko) Chrome/81.0.4044.129 Safari/537.36"
45.133.1.120 - - [09/Dec/2021:18:42:44 +0100] "GET /public/.env HTTP/1.1" 301 162 "-" "Mozilla/5.0 (X11; Linux x86_64) AppleWebKit/537.36 (KHTML, like Gecko) Chrome/81.0.4044.129 Safari/537.36"
45.133.1.120 - - [09/Dec/2021:18:42:46 +0100] "POST / HTTP/1.1" 301 162 "-" "Mozilla/5.0 (X11; Linux x86_64) AppleWebKit/537.36 (KHTML, like Gecko) Chrome/81.0.4044.129 Safari/537.36"
45.155.205.233 - - [09/Dec/2021:18:49:51 +0100] "POST /Autodiscover/Autodiscover.xml HTTP/1.1" 405 552 "-" "Mozilla/5.0 (Windows NT 10.0; Win64; x64) AppleWebKit/537.36 (KHTML, like Gecko) Chrome/78.0.3904.108 Safari/537.36"
45.155.205.233 - - [09/Dec/2021:19:02:10 +0100] "GET /_ignition/execute-solution HTTP/1.1" 200 595 "-" "Mozilla/5.0 (Windows NT 10.0; Win64; x64) AppleWebKit/537.36 (KHTML, like Gecko) Chrome/78.0.3904.108 Safari/537.36"
181.199.18.79 - - [09/Dec/2021:19:07:26 +0100] "GET / HTTP/1.1" 301 162 "-" "Mozilla/5.0 (Windows NT 10.0; WOW64) AppleWebKit/537.36 (KHTML, like Gecko) Chrome/52.0.2743.116 Safari/537.36"
43.131.23.42 - - [09/Dec/2021:19:43:30 +0100] "GET / HTTP/1.1" 301 162 "-" "-"
207.46.13.96 - - [09/Dec/2021:20:05:01 +0100] "GET / HTTP/2.0" 200 12916 "-" "Mozilla/5.0 (compatible; bingbot/2.0; +http://www.bing.com/bingbot.htm)"
83.29.175.13 - - [09/Dec/2021:20:09:41 +0100] "GET /rss/ HTTP/2.0" 304 0 "-" "Mozilla/5.0 (Windows NT 10.0; Win64; x64) AppleWebKit/537.36 (KHTML, like Gecko) Chrome/96.0.4664.45 Safari/537.36 OPR/82.0.4227.23"
209.141.50.223 - - [09/Dec/2021:20:16:39 +0100] "GET /config/getuser?index=0 HTTP/1.1" 301 162 "-" "Mozilla/5.0 (X11; Ubuntu; Linux x86_64; rv:76.0) Gecko/20100101 Firefox/76.0"
45.155.205.233 - - [09/Dec/2021:20:17:12 +0100] "GET / HTTP/1.1" 200 595 "-" "Mozilla/5.0 (Windows NT 10.0; Win64; x64) AppleWebKit/537.36 (KHTML, like Gecko) Chrome/78.0.3904.108 Safari/537.36"
118.123.105.67 - - [09/Dec/2021:20:24:32 +0100] "GET / HTTP/1.0" 200 1345 "-" "-"
118.123.105.67 - - [09/Dec/2021:20:24:33 +0100] "GET /favicon.ico HTTP/1.1" 200 595 "-" "Mozilla/5.0 (X11; Linux x86_64) AppleWebKit/537.36 (KHTML, like Gecko) Chrome/86.0.4 240.111 Safari/537.36"
118.123.105.67 - - [09/Dec/2021:20:24:34 +0100] "GET /robots.txt HTTP/1.1" 200 595 "-" "Mozilla/5.0 (X11; Linux x86_64) AppleWebKit/537.36 (KHTML, like Gecko) Chrome/86.0.4 240.111 Safari/537.36"
118.123.105.67 - - [09/Dec/2021:20:24:35 +0100] "GET /.well-known/security.txt HTTP/1.1" 200 595 "-" "Mozilla/5.0 (X11; Linux x86_64) AppleWebKit/537.36 (KHTML, like Gecko) Chrome/86.0.4 240.111 Safari/537.36"
83.29.175.13 - - [09/Dec/2021:20:24:40 +0100] "GET /rss/ HTTP/2.0" 304 0 "-" "Mozilla/5.0 (Windows NT 10.0; Win64; x64) AppleWebKit/537.36 (KHTML, like Gecko) Chrome/96.0.4664.45 Safari/537.36 OPR/82.0.4227.23"
152.32.170.230 - - [09/Dec/2021:20:27:00 +0100] "GET / HTTP/1.0" 301 162 "-" "-"
83.29.175.13 - - [09/Dec/2021:20:39:40 +0100] "GET /rss/ HTTP/2.0" 304 0 "-" "Mozilla/5.0 (Windows NT 10.0; Win64; x64) AppleWebKit/537.36 (KHTML, like Gecko) Chrome/96.0.4664.45 Safari/537.36 OPR/82.0.4227.23"
83.29.175.13 - - [09/Dec/2021:20:54:40 +0100] "GET /rss/ HTTP/2.0" 304 0 "-" "Mozilla/5.0 (Windows NT 10.0; Win64; x64) AppleWebKit/537.36 (KHTML, like Gecko) Chrome/96.0.4664.45 Safari/537.36 OPR/82.0.4227.23"
83.29.175.13 - - [09/Dec/2021:21:09:40 +0100] "GET /rss/ HTTP/2.0" 304 0 "-" "Mozilla/5.0 (Windows NT 10.0; Win64; x64) AppleWebKit/537.36 (KHTML, like Gecko) Chrome/96.0.4664.45 Safari/537.36 OPR/82.0.4227.23"
159.65.43.206 - - [09/Dec/2021:21:17:58 +0100] "GET / HTTP/1.0" 301 162 "-" "Mozilla/5.0 (Windows NT 10.0; Win64; x64; rv:82.0) Gecko/20100101 Firefox/82.0"
159.65.43.206 - - [09/Dec/2021:21:18:45 +0100] "GET /_ignition/execute-solution HTTP/1.1" 301 162 "-" "python-requests/2.18.4"
159.65.43.206 - - [09/Dec/2021:21:18:45 +0100] "GET /_ignition/execute-solution HTTP/1.1" 200 595 "-" "python-requests/2.18.4"
83.29.175.13 - - [09/Dec/2021:21:24:40 +0100] "GET /rss/ HTTP/2.0" 304 0 "-" "Mozilla/5.0 (Windows NT 10.0; Win64; x64) AppleWebKit/537.36 (KHTML, like Gecko) Chrome/96.0.4664.45 Safari/537.36 OPR/82.0.4227.23"
83.29.175.13 - - [09/Dec/2021:21:39:40 +0100] "GET /rss/ HTTP/2.0" 304 0 "-" "Mozilla/5.0 (Windows NT 10.0; Win64; x64) AppleWebKit/537.36 (KHTML, like Gecko) Chrome/96.0.4664.45 Safari/537.36 OPR/82.0.4227.23"
54.157.253.109 - - [09/Dec/2021:21:54:38 +0100] "GET /rss HTTP/1.1" 301 5 "-" "Ruby"
54.157.253.109 - - [09/Dec/2021:21:54:39 +0100] "GET /rss/ HTTP/1.1" 200 3133 "-" "Ruby"
83.29.175.13 - - [09/Dec/2021:21:54:40 +0100] "GET /rss/ HTTP/2.0" 304 0 "-" "Mozilla/5.0 (Windows NT 10.0; Win64; x64) AppleWebKit/537.36 (KHTML, like Gecko) Chrome/96.0.4664.45 Safari/537.36 OPR/82.0.4227.23"
159.65.221.114 - - [09/Dec/2021:21:56:53 +0100] "GET / HTTP/1.1" 301 162 "-" "Mozilla/5.0 (X11; Ubuntu; Linux x86_64; rv:76.0) Gecko/20100101 Firefox/76.0"
118.123.105.67 - - [09/Dec/2021:22:06:56 +0100] "GET / HTTP/1.0" 301 162 "-" "-"
118.123.105.67 - - [09/Dec/2021:22:06:58 +0100] "GET / HTTP/1.1" 301 162 "-" "Mozilla/5.0 (X11; Linux x86_64) AppleWebKit/537.36 (KHTML, like Gecko) Chrome/86.0.4 240.111 Safari/537.36"
118.123.105.67 - - [09/Dec/2021:22:07:00 +0100] "GET / HTTP/1.1" 200 595 "http://85.255.1.106" "Mozilla/5.0 (X11; Linux x86_64) AppleWebKit/537.36 (KHTML, like Gecko) Chrome/86.0.4 240.111 Safari/537.36"
118.123.105.67 - - [09/Dec/2021:22:07:00 +0100] "GET /favicon.ico HTTP/1.1" 301 162 "-" "Mozilla/5.0 (X11; Linux x86_64) AppleWebKit/537.36 (KHTML, like Gecko) Chrome/86.0.4 240.111 Safari/537.36"
118.123.105.67 - - [09/Dec/2021:22:07:01 +0100] "GET /favicon.ico HTTP/1.1" 200 595 "http://85.255.1.106/favicon.ico" "Mozilla/5.0 (X11; Linux x86_64) AppleWebKit/537.36 (KHTML, like Gecko) Chrome/86.0.4 240.111 Safari/537.36"
118.123.105.67 - - [09/Dec/2021:22:07:03 +0100] "GET /robots.txt HTTP/1.1" 301 162 "-" "Mozilla/5.0 (X11; Linux x86_64) AppleWebKit/537.36 (KHTML, like Gecko) Chrome/86.0.4 240.111 Safari/537.36"
118.123.105.67 - - [09/Dec/2021:22:07:04 +0100] "GET /robots.txt HTTP/1.1" 200 595 "http://85.255.1.106/robots.txt" "Mozilla/5.0 (X11; Linux x86_64) AppleWebKit/537.36 (KHTML, like Gecko) Chrome/86.0.4 240.111 Safari/537.36"
118.123.105.67 - - [09/Dec/2021:22:07:05 +0100] "GET /.well-known/security.txt HTTP/1.1" 301 162 "-" "Mozilla/5.0 (X11; Linux x86_64) AppleWebKit/537.36 (KHTML, like Gecko) Chrome/86.0.4 240.111 Safari/537.36"
118.123.105.67 - - [09/Dec/2021:22:07:07 +0100] "GET /.well-known/security.txt HTTP/1.1" 200 595 "http://85.255.1.106/.well-known/security.txt" "Mozilla/5.0 (X11; Linux x86_64) AppleWebKit/537.36 (KHTML, like Gecko) Chrome/86.0.4 240.111 Safari/537.36"
83.29.175.13 - - [09/Dec/2021:22:09:40 +0100] "GET /rss/ HTTP/2.0" 304 0 "-" "Mozilla/5.0 (Windows NT 10.0; Win64; x64) AppleWebKit/537.36 (KHTML, like Gecko) Chrome/96.0.4664.45 Safari/537.36 OPR/82.0.4227.23"
192.241.200.235 - - [09/Dec/2021:22:10:11 +0100] "GET /owa/auth/x.js HTTP/1.1" 200 595 "-" "Mozilla/5.0 zgrab/0.x"
192.241.195.22 - - [09/Dec/2021:22:12:41 +0100] "GET /owa/auth/logon.aspx HTTP/1.1" 200 595 "-" "Mozilla/5.0 zgrab/0.x"
192.241.212.44 - - [09/Dec/2021:22:13:30 +0100] "GET /ecp/Current/exporttool/microsoft.exchange.ediscovery.exporttool.application HTTP/1.1" 200 595 "-" "Mozilla/5.0 zgrab/0.x"
45.155.205.233 - - [09/Dec/2021:22:14:47 +0100] "POST /cgi-bin/.%2e/.%2e/.%2e/.%2e/bin/sh HTTP/1.1" 400 150 "-" "-"
40.77.167.48 - - [09/Dec/2021:22:22:07 +0100] "GET /kubernetes-headless-service/ HTTP/2.0" 200 16167 "-" "Mozilla/5.0 (compatible; bingbot/2.0; +http://www.bing.com/bingbot.htm)"
83.29.175.13 - - [09/Dec/2021:22:24:40 +0100] "GET /rss/ HTTP/2.0" 304 0 "-" "Mozilla/5.0 (Windows NT 10.0; Win64; x64) AppleWebKit/537.36 (KHTML, like Gecko) Chrome/96.0.4664.45 Safari/537.36 OPR/82.0.4227.23"
125.64.94.140 - - [09/Dec/2021:22:34:36 +0100] "GET / HTTP/1.0" 200 1345 "-" "-"
125.64.94.140 - - [09/Dec/2021:22:34:37 +0100] "GET /favicon.ico HTTP/1.1" 200 595 "-" "Mozilla/5.0 (X11; Linux x86_64) AppleWebKit/537.36 (KHTML, like Gecko) Chrome/86.0.4 240.111 Safari/537.36"
125.64.94.140 - - [09/Dec/2021:22:34:38 +0100] "GET /robots.txt HTTP/1.1" 200 595 "-" "Mozilla/5.0 (X11; Linux x86_64) AppleWebKit/537.36 (KHTML, like Gecko) Chrome/86.0.4 240.111 Safari/537.36"
125.64.94.140 - - [09/Dec/2021:22:34:39 +0100] "GET /.well-known/security.txt HTTP/1.1" 200 595 "-" "Mozilla/5.0 (X11; Linux x86_64) AppleWebKit/537.36 (KHTML, like Gecko) Chrome/86.0.4 240.111 Safari/537.36"
128.14.134.170 - - [09/Dec/2021:22:39:11 +0100] "GET / HTTP/1.1" 200 595 "-" "Mozilla/5.0 (Windows NT 10.0; Win64; x64) AppleWebKit/537.36 (KHTML, like Gecko) Chrome/60.0.3112.113 Safari/537.36"
83.29.175.13 - - [09/Dec/2021:22:39:40 +0100] "GET /rss/ HTTP/2.0" 304 0 "-" "Mozilla/5.0 (Windows NT 10.0; Win64; x64) AppleWebKit/537.36 (KHTML, like Gecko) Chrome/96.0.4664.45 Safari/537.36 OPR/82.0.4227.23"
45.155.205.233 - - [09/Dec/2021:22:50:16 +0100] "GET / HTTP/1.1" 200 595 "-" "Mozilla/5.0 (Windows NT 10.0; Win64; x64) AppleWebKit/537.36 (KHTML, like Gecko) Chrome/78.0.3904.108 Safari/537.36"
83.29.175.13 - - [09/Dec/2021:22:54:40 +0100] "GET /rss/ HTTP/2.0" 304 0 "-" "Mozilla/5.0 (Windows NT 10.0; Win64; x64) AppleWebKit/537.36 (KHTML, like Gecko) Chrome/96.0.4664.45 Safari/537.36 OPR/82.0.4227.23"
128.1.248.26 - - [09/Dec/2021:22:57:09 +0100] "GET / HTTP/1.1" 301 162 "-" "Mozilla/5.0 (Windows NT 10.0; Win64; x64) AppleWebKit/537.36 (KHTML, like Gecko) Chrome/60.0.3112.113 Safari/537.36"
128.1.248.26 - - [09/Dec/2021:22:57:09 +0100] "GET / HTTP/1.1" 200 595 "http://85.255.1.106/" "Mozilla/5.0 (Windows NT 10.0; Win64; x64) AppleWebKit/537.36 (KHTML, like Gecko) Chrome/60.0.3112.113 Safari/537.36"
83.29.175.13 - - [09/Dec/2021:23:09:40 +0100] "GET /rss/ HTTP/2.0" 304 0 "-" "Mozilla/5.0 (Windows NT 10.0; Win64; x64) AppleWebKit/537.36 (KHTML, like Gecko) Chrome/96.0.4664.45 Safari/537.36 OPR/82.0.4227.23"
178.224.91.183 - - [09/Dec/2021:23:11:52 +0100] "GET /phpmyadmin/ HTTP/1.1" 301 162 "-" "Mozilla/5.0 (Windows NT 10.0; WOW64) AppleWebKit/537.36 (KHTML, like Gecko) Chrome/51.0.2704.103 Safari/537.36"
64.246.165.190 - - [09/Dec/2021:23:42:03 +0100] "GET /robots.txt HTTP/1.0" 301 162 "-" "Mozilla/5.0 (Macintosh; Intel Mac OS X 10.10; rv:59.0) Gecko/20100101 Firefox/59.0"
64.246.165.190 - - [09/Dec/2021:23:42:03 +0100] "GET / HTTP/1.1" 301 162 "-" "Mozilla/5.0 (Macintosh; Intel Mac OS X 10.10; rv:59.0) Gecko/20100101 Firefox/59.0"
209.141.50.223 - - [09/Dec/2021:23:43:50 +0100] "GET /config/getuser?index=0 HTTP/1.1" 301 162 "-" "Mozilla/5.0 (X11; Ubuntu; Linux x86_64; rv:76.0) Gecko/20100101 Firefox/76.0"
128.14.134.134 - - [10/Dec/2021:00:11:01 +0100] "GET / HTTP/1.1" 200 595 "-" "Mozilla/5.0 (Windows NT 10.0; Win64; x64) AppleWebKit/537.36 (KHTML, like Gecko) Chrome/60.0.3112.113 Safari/537.36"
125.64.94.140 - - [10/Dec/2021:00:13:06 +0100] "GET / HTTP/1.0" 301 162 "-" "-"
125.64.94.140 - - [10/Dec/2021:00:13:07 +0100] "GET / HTTP/1.1" 301 162 "-" "Mozilla/5.0 (X11; Linux x86_64) AppleWebKit/537.36 (KHTML, like Gecko) Chrome/86.0.4 240.111 Safari/537.36"
125.64.94.140 - - [10/Dec/2021:00:13:08 +0100] "GET / HTTP/1.1" 200 595 "http://85.255.1.106" "Mozilla/5.0 (X11; Linux x86_64) AppleWebKit/537.36 (KHTML, like Gecko) Chrome/86.0.4 240.111 Safari/537.36"
125.64.94.140 - - [10/Dec/2021:00:13:09 +0100] "GET /favicon.ico HTTP/1.1" 301 162 "-" "Mozilla/5.0 (X11; Linux x86_64) AppleWebKit/537.36 (KHTML, like Gecko) Chrome/86.0.4 240.111 Safari/537.36"
125.64.94.140 - - [10/Dec/2021:00:13:10 +0100] "GET /favicon.ico HTTP/1.1" 200 595 "http://85.255.1.106/favicon.ico" "Mozilla/5.0 (X11; Linux x86_64) AppleWebKit/537.36 (KHTML, like Gecko) Chrome/86.0.4 240.111 Safari/537.36"
125.64.94.140 - - [10/Dec/2021:00:13:11 +0100] "GET /robots.txt HTTP/1.1" 301 162 "-" "Mozilla/5.0 (X11; Linux x86_64) AppleWebKit/537.36 (KHTML, like Gecko) Chrome/86.0.4 240.111 Safari/537.36"
125.64.94.140 - - [10/Dec/2021:00:13:13 +0100] "GET /robots.txt HTTP/1.1" 200 595 "http://85.255.1.106/robots.txt" "Mozilla/5.0 (X11; Linux x86_64) AppleWebKit/537.36 (KHTML, like Gecko) Chrome/86.0.4 240.111 Safari/537.36"
125.64.94.140 - - [10/Dec/2021:00:13:14 +0100] "GET /.well-known/security.txt HTTP/1.1" 301 162 "-" "Mozilla/5.0 (X11; Linux x86_64) AppleWebKit/537.36 (KHTML, like Gecko) Chrome/86.0.4 240.111 Safari/537.36"
125.64.94.140 - - [10/Dec/2021:00:13:15 +0100] "GET /.well-known/security.txt HTTP/1.1" 200 595 "http://85.255.1.106/.well-known/security.txt" "Mozilla/5.0 (X11; Linux x86_64) AppleWebKit/537.36 (KHTML, like Gecko) Chrome/86.0.4 240.111 Safari/537.36"
164.90.201.191 - - [10/Dec/2021:00:32:49 +0100] "GET / HTTP/1.1" 200 595 "-" "Mozilla/5.0 (compatible; InternetMeasurement/1.0; +https://internet-measurement.com/)"
104.244.77.102 - - [10/Dec/2021:00:33:16 +0100] "GET /favicon.ico HTTP/2.0" 200 583 "-" "Mozilla/5.0 (Windows NT 10.0; Win64; x64) AppleWebKit/537.36 (KHTML, like Gecko) Chrome/95.0.4638.69 Safari/537.36"
208.100.26.229 - - [10/Dec/2021:01:03:24 +0100] "GET / HTTP/1.0" 301 162 "-" "-"
208.100.26.229 - - [10/Dec/2021:01:05:22 +0100] "GET /nmaplowercheck1639094722 HTTP/1.1" 301 162 "-" "Mozilla/5.0 (iPhone; CPU iPhone OS 13_2_2 like Mac OS X) AppleWebKit/605.1.15 (KHTML, like Gecko) Mobile/15E148"
208.100.26.229 - - [10/Dec/2021:01:05:22 +0100] "POST /sdk HTTP/1.1" 301 162 "-" "Mozilla/5.0 (iPhone; CPU iPhone OS 13_2_2 like Mac OS X) AppleWebKit/605.1.15 (KHTML, like Gecko) Mobile/15E148"
208.100.26.229 - - [10/Dec/2021:01:05:22 +0100] "GET /evox/about HTTP/1.1" 301 162 "-" "Mozilla/5.0 (iPhone; CPU iPhone OS 13_2_2 like Mac OS X) AppleWebKit/605.1.15 (KHTML, like Gecko) Mobile/15E148"
208.100.26.229 - - [10/Dec/2021:01:05:24 +0100] "GET /HNAP1 HTTP/1.1" 301 162 "-" "Mozilla/5.0 (iPhone; CPU iPhone OS 13_2_2 like Mac OS X) AppleWebKit/605.1.15 (KHTML, like Gecko) Mobile/15E148"
208.100.26.229 - - [10/Dec/2021:01:05:24 +0100] "HEAD / HTTP/1.1" 301 0 "-" "Mozilla/5.0 (iPhone; CPU iPhone OS 13_2_2 like Mac OS X) AppleWebKit/605.1.15 (KHTML, like Gecko) Mobile/15E148"
208.100.26.229 - - [10/Dec/2021:01:05:24 +0100] "GET / HTTP/1.1" 301 162 "-" "Mozilla/5.0 (iPhone; CPU iPhone OS 13_2_2 like Mac OS X) AppleWebKit/605.1.15 (KHTML, like Gecko) Mobile/15E148"
208.100.26.229 - - [10/Dec/2021:01:05:25 +0100] "GET / HTTP/1.0" 301 162 "-" "-"
208.100.26.229 - - [10/Dec/2021:01:05:25 +0100] "GET / HTTP/1.1" 301 162 "-" "-"
118.123.105.67 - - [10/Dec/2021:01:08:13 +0100] "GET / HTTP/1.0" 301 162 "-" "-"
118.123.105.67 - - [10/Dec/2021:01:08:14 +0100] "GET / HTTP/1.1" 301 162 "-" "Mozilla/5.0 (X11; Linux x86_64) AppleWebKit/537.36 (KHTML, like Gecko) Chrome/86.0.4 240.111 Safari/537.36"
118.123.105.67 - - [10/Dec/2021:01:08:15 +0100] "GET / HTTP/1.1" 200 595 "http://85.255.1.106" "Mozilla/5.0 (X11; Linux x86_64) AppleWebKit/537.36 (KHTML, like Gecko) Chrome/86.0.4 240.111 Safari/537.36"
118.123.105.67 - - [10/Dec/2021:01:08:17 +0100] "GET /favicon.ico HTTP/1.1" 301 162 "-" "Mozilla/5.0 (X11; Linux x86_64) AppleWebKit/537.36 (KHTML, like Gecko) Chrome/86.0.4 240.111 Safari/537.36"
118.123.105.67 - - [10/Dec/2021:01:08:18 +0100] "GET /favicon.ico HTTP/1.1" 200 595 "http://85.255.1.106/favicon.ico" "Mozilla/5.0 (X11; Linux x86_64) AppleWebKit/537.36 (KHTML, like Gecko) Chrome/86.0.4 240.111 Safari/537.36"
118.123.105.67 - - [10/Dec/2021:01:08:19 +0100] "GET /robots.txt HTTP/1.1" 301 162 "-" "Mozilla/5.0 (X11; Linux x86_64) AppleWebKit/537.36 (KHTML, like Gecko) Chrome/86.0.4 240.111 Safari/537.36"
118.123.105.67 - - [10/Dec/2021:01:08:20 +0100] "GET /robots.txt HTTP/1.1" 200 595 "http://85.255.1.106/robots.txt" "Mozilla/5.0 (X11; Linux x86_64) AppleWebKit/537.36 (KHTML, like Gecko) Chrome/86.0.4 240.111 Safari/537.36"
118.123.105.67 - - [10/Dec/2021:01:08:21 +0100] "GET /.well-known/security.txt HTTP/1.1" 301 162 "-" "Mozilla/5.0 (X11; Linux x86_64) AppleWebKit/537.36 (KHTML, like Gecko) Chrome/86.0.4 240.111 Safari/537.36"
118.123.105.67 - - [10/Dec/2021:01:08:22 +0100] "GET /.well-known/security.txt HTTP/1.1" 200 595 "http://85.255.1.106/.well-known/security.txt" "Mozilla/5.0 (X11; Linux x86_64) AppleWebKit/537.36 (KHTML, like Gecko) Chrome/86.0.4 240.111 Safari/537.36"
207.46.13.148 - - [10/Dec/2021:01:10:24 +0100] "GET / HTTP/1.1" 301 162 "-" "Mozilla/5.0 (compatible; bingbot/2.0; +http://www.bing.com/bingbot.htm)"
198.199.104.21 - - [10/Dec/2021:01:26:43 +0100] "GET /ReportServer HTTP/1.1" 301 162 "-" "Mozilla/5.0 zgrab/0.x"
104.206.128.22 - - [10/Dec/2021:01:32:39 +0100] "GET / HTTP/1.1" 200 1345 "-" "https://gdnplus.com:Gather Analyze Provide."
185.19.214.108 - - [10/Dec/2021:01:40:58 +0100] "GET / HTTP/1.1" 301 162 "-" "Mozilla/5.0 (Windows NT 10.0; WOW64) AppleWebKit/537.36 (KHTML, like Gecko) Chrome/51.0.2704.103 Safari/537.36"
45.155.205.233 - - [10/Dec/2021:02:10:17 +0100] "GET /solr/admin/info/system?wt=json HTTP/1.1" 301 162 "-" "Mozilla/5.0 (Windows NT 10.0; Win64; x64) AppleWebKit/537.36 (KHTML, like Gecko) Chrome/78.0.3904.108 Safari/537.36"
109.237.103.38 - - [10/Dec/2021:02:33:12 +0100] "GET /.env HTTP/1.1" 400 650 "-" "Mozilla/5.0 (X11; Linux x86_64) AppleWebKit/537.36 (KHTML, like Gecko) Chrome/81.0.4044.129 Safari/537.36"
109.237.103.38 - - [10/Dec/2021:02:33:13 +0100] "GET /.env HTTP/1.1" 200 595 "-" "Mozilla/5.0 (X11; Linux x86_64) AppleWebKit/537.36 (KHTML, like Gecko) Chrome/81.0.4044.129 Safari/537.36"
20.191.45.212 - - [10/Dec/2021:02:33:58 +0100] "GET / HTTP/1.1" 301 162 "http://krzwiatrzyk.eu/" "Mozilla/5.0 (compatible; DuckDuckGo-Favicons-Bot/1.0; +http://duckduckgo.com)"
20.191.45.212 - - [10/Dec/2021:02:33:58 +0100] "GET / HTTP/1.1" 200 12929 "https://krzwiatrzyk.eu/" "Mozilla/5.0 (compatible; DuckDuckGo-Favicons-Bot/1.0; +http://duckduckgo.com)"
20.191.45.212 - - [10/Dec/2021:02:33:58 +0100] "GET /favicon.png HTTP/1.1" 200 2741 "https://krzwiatrzyk.eu/favicon.png" "Mozilla/5.0 (compatible; DuckDuckGo-Favicons-Bot/1.0; +http://duckduckgo.com)"
45.155.205.233 - - [10/Dec/2021:02:45:06 +0100] "GET /index.php?s=/Index/\x5Cthink\x5Capp/invokefunction&function=call_user_func_array&vars[0]=md5&vars[1][]=HelloThinkPHP21 HTTP/1.1" 301 162 "-" "Mozilla/5.0 (Windows NT 10.0; Win64; x64) AppleWebKit/537.36 (KHTML, like Gecko) Chrome/78.0.3904.108 Safari/537.36"
45.155.205.233 - - [10/Dec/2021:02:45:14 +0100] "GET /index.php?s=/Index/\x5Cthink\x5Capp/invokefunction&function=call_user_func_array&vars[0]=md5&vars[1][]=HelloThinkPHP21 HTTP/1.1" 404 47 "http://85.255.1.106:80/index.php?s=/Index/\x5Cthink\x5Capp/invokefunction&function=call_user_func_array&vars[0]=md5&vars[1][]=HelloThinkPHP21" "Mozilla/5.0 (Windows NT 10.0; Win64; x64) AppleWebKit/537.36 (KHTML, like Gecko) Chrome/78.0.3904.108 Safari/537.36"
54.172.241.76 - - [10/Dec/2021:02:46:59 +0100] "GET /rss HTTP/1.1" 301 5 "-" "Ruby"
54.172.241.76 - - [10/Dec/2021:02:46:59 +0100] "GET /rss/ HTTP/1.1" 200 3133 "-" "Ruby"
207.46.13.96 - - [10/Dec/2021:02:55:29 +0100] "GET /signup/ HTTP/2.0" 404 12142 "-" "Mozilla/5.0 (compatible; bingbot/2.0; +http://www.bing.com/bingbot.htm)"
66.249.64.121 - - [10/Dec/2021:03:15:29 +0100] "GET /robots.txt HTTP/1.1" 200 108 "-" "Mozilla/5.0 (compatible; Googlebot/2.1; +http://www.google.com/bot.html)"
66.249.64.121 - - [10/Dec/2021:03:15:30 +0100] "GET /tag/kubernetes-advanced/ HTTP/1.1" 200 13033 "-" "Mozilla/5.0 (compatible; Googlebot/2.1; +http://www.google.com/bot.html)"
45.155.205.233 - - [10/Dec/2021:03:15:45 +0100] "GET /?a=fetch&content=<php>die(@md5(HelloThinkCMF))</php> HTTP/1.1" 301 162 "-" "Mozilla/5.0 (Windows NT 10.0; Win64; x64) AppleWebKit/537.36 (KHTML, like Gecko) Chrome/78.0.3904.108 Safari/537.36"
45.155.205.233 - - [10/Dec/2021:03:15:45 +0100] "GET /?a=fetch&content=<php>die(@md5(HelloThinkCMF))</php> HTTP/1.1" 200 595 "http://85.255.1.106:80/?a=fetch&content=<php>die(@md5(HelloThinkCMF))</php>" "Mozilla/5.0 (Windows NT 10.0; Win64; x64) AppleWebKit/537.36 (KHTML, like Gecko) Chrome/78.0.3904.108 Safari/537.36"
45.155.205.233 - - [10/Dec/2021:03:22:31 +0100] "GET /?XDEBUG_SESSION_START=phpstorm HTTP/1.1" 301 162 "-" "Mozilla/5.0 (Windows NT 10.0; Win64; x64) AppleWebKit/537.36 (KHTML, like Gecko) Chrome/78.0.3904.108 Safari/537.36"
45.155.205.233 - - [10/Dec/2021:03:22:31 +0100] "GET /?XDEBUG_SESSION_START=phpstorm HTTP/1.1" 200 595 "http://85.255.1.106:80/?XDEBUG_SESSION_START=phpstorm" "Mozilla/5.0 (Windows NT 10.0; Win64; x64) AppleWebKit/537.36 (KHTML, like Gecko) Chrome/78.0.3904.108 Safari/537.36"
192.241.212.78 - - [10/Dec/2021:03:32:48 +0100] "GET /ecp/Current/exporttool/microsoft.exchange.ediscovery.exporttool.application HTTP/1.1" 200 595 "-" "Mozilla/5.0 zgrab/0.x"
139.162.145.250 - - [10/Dec/2021:03:49:31 +0100] "GET /bag2 HTTP/1.1" 400 650 "-" "Mozilla/4.0 (compatible; MSIE 8.0; Windows NT 6.0; Trident/4.0)"
192.241.211.238 - - [10/Dec/2021:04:08:10 +0100] "GET /owa/auth/logon.aspx?url=https%3a%2f%2f1%2fecp%2f HTTP/1.1" 200 595 "-" "Mozilla/5.0 zgrab/0.x"
216.218.206.69 - - [10/Dec/2021:04:20:59 +0100] "GET / HTTP/1.1" 301 162 "-" "-"
45.155.205.233 - - [10/Dec/2021:04:23:19 +0100] "GET /console/ HTTP/1.1" 301 162 "-" "Mozilla/5.0 (Windows NT 10.0; Win64; x64) AppleWebKit/537.36 (KHTML, like Gecko) Chrome/78.0.3904.108 Safari/537.36"
45.155.205.233 - - [10/Dec/2021:04:23:20 +0100] "GET /console/ HTTP/1.1" 200 595 "http://85.255.1.106:80/console/" "Mozilla/5.0 (Windows NT 10.0; Win64; x64) AppleWebKit/537.36 (KHTML, like Gecko) Chrome/78.0.3904.108 Safari/537.36"
185.189.182.234 - - [10/Dec/2021:05:07:27 +0100] "GET /bPJ` HTTP/1.1" 400 150 "-" "-"
136.144.41.117 - - [10/Dec/2021:05:07:50 +0100] "GET / HTTP/1.1" 301 162 "-" "Linux Gnu (cow)"
152.32.131.197 - - [10/Dec/2021:05:58:30 +0100] "GET / HTTP/1.0" 200 1345 "-" "-"
64.227.29.197 - - [10/Dec/2021:06:11:34 +0100] "\x16\x03\x01\x01\xFB\x01\x00\x01\xF7\x03\x03;*\xF2IfGV>\x95\x99\xE8\xB2\xDC~\x07\x0C\xE1\x84\x8F\x07\xAE\xE7v\xC5\xAA\xB4\xAF\x0F\x94\x1F\xC1&\x00\x01<\xCC\x14\xCC\x13\xCC\x15\xC00\xC0,\xC0(\xC0$\xC0\x14\xC0" 400 150 "-" "-"
207.46.13.75 - - [10/Dec/2021:06:22:38 +0100] "GET /sitemap.xml HTTP/2.0" 200 642 "-" "Mozilla/5.0 (compatible; bingbot/2.0; +http://www.bing.com/bingbot.htm)"
157.55.39.194 - - [10/Dec/2021:06:39:55 +0100] "GET /robots.txt HTTP/2.0" 200 108 "-" "Mozilla/5.0 (compatible; bingbot/2.0; +http://www.bing.com/bingbot.htm)"
207.46.13.75 - - [10/Dec/2021:06:39:59 +0100] "GET /sitemap.xml HTTP/2.0" 200 642 "-" "Mozilla/5.0 (compatible; bingbot/2.0; +http://www.bing.com/bingbot.htm)"
202.44.251.252 - - [10/Dec/2021:06:42:03 +0100] "GET / HTTP/1.0" 301 162 "-" "Mozilla/5.0 (compatible; MSIE 9.0; Windows NT 6.1; WOW64; Trident/5.0)"
45.137.23.232 - - [10/Dec/2021:06:49:51 +0100] "GET / HTTP/1.1" 301 162 "-" "Mozilla/5.0 zgrab/0.x"
164.52.24.179 - - [10/Dec/2021:07:01:01 +0100] "\x16\x03\x01\x01 \x01\x00\x01\x1C\x03\x03\xC3R\xA3\x950^\x13\xDC\x9Dg\xA7\x8A\xC2'\x8B\xED\xE5\xAF\xF6\xE8\xE5?-m\x9B?*\x99\x18\xEE\xCD& \xA1kn\xD4\xFD\xB3\xAA\x8Egj\xF3\x7F\x83\xCF\x07\x9D\xAC\xCCIww\xD7\xF6\x9A}c\x86\x14Lc\xE5" 400 150 "-" "-"
164.52.24.179 - - [10/Dec/2021:07:01:02 +0100] "\x16\x03\x01\x00\xBD\x01\x00\x00\xB9\x03\x03H\x11T\xFC,\x98nv\x8AH&2n\xDEw\xF4J,M\xF2\x1E\x9F\x811\xAA/\xF5\x90\xD5\xAE5\x03\x00\x008\xC0,\xC00\x00\x9F\xCC\xA9\xCC\xA8\xCC\xAA\xC0+\xC0/\x00\x9E\xC0$\xC0(\x00k\xC0#\xC0'\x00g\xC0" 400 150 "-" "-"
164.52.24.179 - - [10/Dec/2021:07:01:02 +0100] "\x16\x03\x01\x00c\x01\x00\x00_\x03\x02@X\xA9/\xC0\xDE,(\xA8U^%e\xA9-\xD5O\x8A\xBCIr\x91\xAE\xB0\xFF\xD3\x7F\x97Q\xAA\xF9H\x00\x00\x12\xC0" 400 150 "-" "-"
164.52.24.179 - - [10/Dec/2021:07:01:03 +0100] "\x16\x03\x01\x00c\x01\x00\x00_\x03\x01\xDDH`\xAC\x0Fb\x5C.X\x9B\x0F\xA77C\xEE\xF2\x8Ea\x9A\x8E\xCE\xE1\xC1\xC7Y\xD5\xCC\xDEE\x8F^Z\x00\x00\x12\xC0" 400 150 "-" "-"
