144.217.82.25 - - [06/Jan/2022:19:09:21 +0100] "GET /admin/sqladmin/index.php?lang=en HTTP/1.1" 301 162 "-" "Mozilla/5.0 (Windows NT 10.0; Win64; x64) AppleWebKit/537.36 (KHTML, like Gecko) Chrome/93.0.4577.82 Safari/537.36"
144.217.82.25 - - [06/Jan/2022:19:09:21 +0100] "GET /pma2021/index.php?lang=en HTTP/1.1" 301 162 "-" "Mozilla/5.0 (Windows NT 10.0; Win64; x64) AppleWebKit/537.36 (KHTML, like Gecko) Chrome/93.0.4577.82 Safari/537.36"
144.217.82.25 - - [06/Jan/2022:19:09:22 +0100] "GET /mysql/pma/index.php?lang=en HTTP/1.1" 301 162 "-" "Mozilla/5.0 (Windows NT 10.0; Win64; x64) AppleWebKit/537.36 (KHTML, like Gecko) Chrome/93.0.4577.82 Safari/537.36"
144.217.82.25 - - [06/Jan/2022:19:09:22 +0100] "GET /phpMyAdmin/index.php?lang=en HTTP/1.1" 301 162 "-" "Mozilla/5.0 (Windows NT 10.0; Win64; x64) AppleWebKit/537.36 (KHTML, like Gecko) Chrome/93.0.4577.82 Safari/537.36"
144.217.82.25 - - [06/Jan/2022:19:09:22 +0100] "GET /sql/phpmyadmin5/index.php?lang=en HTTP/1.1" 301 162 "-" "Mozilla/5.0 (Windows NT 10.0; Win64; x64) AppleWebKit/537.36 (KHTML, like Gecko) Chrome/93.0.4577.82 Safari/537.36"
144.217.82.25 - - [06/Jan/2022:19:09:22 +0100] "GET /phpMyAdmin-5/index.php?lang=en HTTP/1.1" 301 162 "-" "Mozilla/5.0 (Windows NT 10.0; Win64; x64) AppleWebKit/537.36 (KHTML, like Gecko) Chrome/93.0.4577.82 Safari/537.36"
144.217.82.25 - - [06/Jan/2022:19:09:23 +0100] "GET /admin/phpMyAdmin/index.php?lang=en HTTP/1.1" 301 162 "-" "Mozilla/5.0 (Windows NT 10.0; Win64; x64) AppleWebKit/537.36 (KHTML, like Gecko) Chrome/93.0.4577.82 Safari/537.36"
144.217.82.25 - - [06/Jan/2022:19:09:23 +0100] "GET /phpmyadmin2014/index.php?lang=en HTTP/1.1" 301 162 "-" "Mozilla/5.0 (Windows NT 10.0; Win64; x64) AppleWebKit/537.36 (KHTML, like Gecko) Chrome/93.0.4577.82 Safari/537.36"
144.217.82.25 - - [06/Jan/2022:19:09:23 +0100] "GET /sql/phpmy-admin/index.php?lang=en HTTP/1.1" 301 162 "-" "Mozilla/5.0 (Windows NT 10.0; Win64; x64) AppleWebKit/537.36 (KHTML, like Gecko) Chrome/93.0.4577.82 Safari/537.36"
144.217.82.25 - - [06/Jan/2022:19:09:23 +0100] "GET /db/phpMyAdmin/index.php?lang=en HTTP/1.1" 301 162 "-" "Mozilla/5.0 (Windows NT 10.0; Win64; x64) AppleWebKit/537.36 (KHTML, like Gecko) Chrome/93.0.4577.82 Safari/537.36"
144.217.82.25 - - [06/Jan/2022:19:09:23 +0100] "GET /phpmyadmin2012/index.php?lang=en HTTP/1.1" 301 162 "-" "Mozilla/5.0 (Windows NT 10.0; Win64; x64) AppleWebKit/537.36 (KHTML, like Gecko) Chrome/93.0.4577.82 Safari/537.36"
144.217.82.25 - - [06/Jan/2022:19:09:24 +0100] "GET /administrator/PMA/index.php?lang=en HTTP/1.1" 301 162 "-" "Mozilla/5.0 (Windows NT 10.0; Win64; x64) AppleWebKit/537.36 (KHTML, like Gecko) Chrome/93.0.4577.82 Safari/537.36"
144.217.82.25 - - [06/Jan/2022:19:09:24 +0100] "GET /PMA2014/index.php?lang=en HTTP/1.1" 301 162 "-" "Mozilla/5.0 (Windows NT 10.0; Win64; x64) AppleWebKit/537.36 (KHTML, like Gecko) Chrome/93.0.4577.82 Safari/537.36"
144.217.82.25 - - [06/Jan/2022:19:09:24 +0100] "GET /phpmyadmin2016/index.php?lang=en HTTP/1.1" 301 162 "-" "Mozilla/5.0 (Windows NT 10.0; Win64; x64) AppleWebKit/537.36 (KHTML, like Gecko) Chrome/93.0.4577.82 Safari/537.36"
144.217.82.25 - - [06/Jan/2022:19:09:24 +0100] "GET /phpmyadmin2018/index.php?lang=en HTTP/1.1" 301 162 "-" "Mozilla/5.0 (Windows NT 10.0; Win64; x64) AppleWebKit/537.36 (KHTML, like Gecko) Chrome/93.0.4577.82 Safari/537.36"
144.217.82.25 - - [06/Jan/2022:19:09:25 +0100] "GET /phpmyadmin3/index.php?lang=en HTTP/1.1" 301 162 "-" "Mozilla/5.0 (Windows NT 10.0; Win64; x64) AppleWebKit/537.36 (KHTML, like Gecko) Chrome/93.0.4577.82 Safari/537.36"
144.217.82.25 - - [06/Jan/2022:19:09:25 +0100] "GET /db/webdb/index.php?lang=en HTTP/1.1" 301 162 "-" "Mozilla/5.0 (Windows NT 10.0; Win64; x64) AppleWebKit/537.36 (KHTML, like Gecko) Chrome/93.0.4577.82 Safari/537.36"
144.217.82.25 - - [06/Jan/2022:19:09:25 +0100] "GET /PMA2011/index.php?lang=en HTTP/1.1" 301 162 "-" "Mozilla/5.0 (Windows NT 10.0; Win64; x64) AppleWebKit/537.36 (KHTML, like Gecko) Chrome/93.0.4577.82 Safari/537.36"
144.217.82.25 - - [06/Jan/2022:19:09:25 +0100] "GET /pma2011/index.php?lang=en HTTP/1.1" 301 162 "-" "Mozilla/5.0 (Windows NT 10.0; Win64; x64) AppleWebKit/537.36 (KHTML, like Gecko) Chrome/93.0.4577.82 Safari/537.36"
144.217.82.25 - - [06/Jan/2022:19:09:25 +0100] "GET /pma2020/index.php?lang=en HTTP/1.1" 301 162 "-" "Mozilla/5.0 (Windows NT 10.0; Win64; x64) AppleWebKit/537.36 (KHTML, like Gecko) Chrome/93.0.4577.82 Safari/537.36"
144.217.82.25 - - [06/Jan/2022:19:09:26 +0100] "GET /sql/phpMyAdmin/index.php?lang=en HTTP/1.1" 301 162 "-" "Mozilla/5.0 (Windows NT 10.0; Win64; x64) AppleWebKit/537.36 (KHTML, like Gecko) Chrome/93.0.4577.82 Safari/537.36"
170.130.187.6 - - [06/Jan/2022:19:23:06 +0100] "GET / HTTP/1.0" 301 162 "-" "https://gdnplus.com:Gather Analyze Provide."
24.128.107.88 - - [06/Jan/2022:19:34:29 +0100] "GET /kubernetes-headless-service/ HTTP/2.0" 200 16206 "https://www.bing.com/" "Mozilla/5.0 (Macintosh; Intel Mac OS X 10_15_7) AppleWebKit/537.36 (KHTML, like Gecko) Chrome/96.0.4664.110 Safari/537.36"
24.128.107.88 - - [06/Jan/2022:19:34:30 +0100] "GET /assets/styles/main.css?v=b76e4992ab HTTP/2.0" 200 14057 "https://krzwiatrzyk.eu/kubernetes-headless-service/" "Mozilla/5.0 (Macintosh; Intel Mac OS X 10_15_7) AppleWebKit/537.36 (KHTML, like Gecko) Chrome/96.0.4664.110 Safari/537.36"
24.128.107.88 - - [06/Jan/2022:19:34:30 +0100] "GET /assets/scripts/main.js?v=b76e4992ab HTTP/2.0" 200 9977 "https://krzwiatrzyk.eu/kubernetes-headless-service/" "Mozilla/5.0 (Macintosh; Intel Mac OS X 10_15_7) AppleWebKit/537.36 (KHTML, like Gecko) Chrome/96.0.4664.110 Safari/537.36"
24.128.107.88 - - [06/Jan/2022:19:34:30 +0100] "GET /content/images/size/w300/2021/10/d417ce9e68114f09acc670e5928685a3--5--1.png HTTP/2.0" 200 2741 "https://krzwiatrzyk.eu/kubernetes-headless-service/" "Mozilla/5.0 (Macintosh; Intel Mac OS X 10_15_7) AppleWebKit/537.36 (KHTML, like Gecko) Chrome/96.0.4664.110 Safari/537.36"
24.128.107.88 - - [06/Jan/2022:19:34:30 +0100] "GET /assets/images/avatar.png?v=b76e4992ab HTTP/2.0" 200 1550 "https://krzwiatrzyk.eu/kubernetes-headless-service/" "Mozilla/5.0 (Macintosh; Intel Mac OS X 10_15_7) AppleWebKit/537.36 (KHTML, like Gecko) Chrome/96.0.4664.110 Safari/537.36"
24.128.107.88 - - [06/Jan/2022:19:34:30 +0100] "GET /content/images/size/w2000/2021/10/Screenshot_8.png HTTP/2.0" 200 243714 "https://krzwiatrzyk.eu/kubernetes-headless-service/" "Mozilla/5.0 (Macintosh; Intel Mac OS X 10_15_7) AppleWebKit/537.36 (KHTML, like Gecko) Chrome/96.0.4664.110 Safari/537.36"
24.128.107.88 - - [06/Jan/2022:19:34:30 +0100] "GET /content/images/2021/10/image-2.png HTTP/2.0" 200 18100 "https://krzwiatrzyk.eu/kubernetes-headless-service/" "Mozilla/5.0 (Macintosh; Intel Mac OS X 10_15_7) AppleWebKit/537.36 (KHTML, like Gecko) Chrome/96.0.4664.110 Safari/537.36"
24.128.107.88 - - [06/Jan/2022:19:34:30 +0100] "GET /content/images/2021/10/image-9.png HTTP/2.0" 200 9699 "https://krzwiatrzyk.eu/kubernetes-headless-service/" "Mozilla/5.0 (Macintosh; Intel Mac OS X 10_15_7) AppleWebKit/537.36 (KHTML, like Gecko) Chrome/96.0.4664.110 Safari/537.36"
24.128.107.88 - - [06/Jan/2022:19:34:30 +0100] "GET /content/images/2021/10/image-8.png HTTP/2.0" 200 27358 "https://krzwiatrzyk.eu/kubernetes-headless-service/" "Mozilla/5.0 (Macintosh; Intel Mac OS X 10_15_7) AppleWebKit/537.36 (KHTML, like Gecko) Chrome/96.0.4664.110 Safari/537.36"
24.128.107.88 - - [06/Jan/2022:19:34:30 +0100] "GET /content/images/2021/10/image-1.png HTTP/2.0" 200 18781 "https://krzwiatrzyk.eu/kubernetes-headless-service/" "Mozilla/5.0 (Macintosh; Intel Mac OS X 10_15_7) AppleWebKit/537.36 (KHTML, like Gecko) Chrome/96.0.4664.110 Safari/537.36"
24.128.107.88 - - [06/Jan/2022:19:34:30 +0100] "GET /content/images/2021/10/obraz_2021-10-02_103514.png HTTP/2.0" 200 14588 "https://krzwiatrzyk.eu/kubernetes-headless-service/" "Mozilla/5.0 (Macintosh; Intel Mac OS X 10_15_7) AppleWebKit/537.36 (KHTML, like Gecko) Chrome/96.0.4664.110 Safari/537.36"
24.128.107.88 - - [06/Jan/2022:19:34:30 +0100] "GET /content/images/2021/10/image-10.png HTTP/2.0" 200 9335 "https://krzwiatrzyk.eu/kubernetes-headless-service/" "Mozilla/5.0 (Macintosh; Intel Mac OS X 10_15_7) AppleWebKit/537.36 (KHTML, like Gecko) Chrome/96.0.4664.110 Safari/537.36"
24.128.107.88 - - [06/Jan/2022:19:34:30 +0100] "GET /content/images/2021/10/image-14.png HTTP/2.0" 200 10295 "https://krzwiatrzyk.eu/kubernetes-headless-service/" "Mozilla/5.0 (Macintosh; Intel Mac OS X 10_15_7) AppleWebKit/537.36 (KHTML, like Gecko) Chrome/96.0.4664.110 Safari/537.36"
24.128.107.88 - - [06/Jan/2022:19:34:31 +0100] "GET /favicon.png HTTP/2.0" 200 2741 "https://krzwiatrzyk.eu/kubernetes-headless-service/" "Mozilla/5.0 (Macintosh; Intel Mac OS X 10_15_7) AppleWebKit/537.36 (KHTML, like Gecko) Chrome/96.0.4664.110 Safari/537.36"
24.128.107.88 - - [06/Jan/2022:19:35:01 +0100] "GET /content/images/2021/10/Kafka-Topic-Partition.drawio--2-.png HTTP/2.0" 200 28195 "https://krzwiatrzyk.eu/kubernetes-headless-service/" "Mozilla/5.0 (Macintosh; Intel Mac OS X 10_15_7) AppleWebKit/537.36 (KHTML, like Gecko) Chrome/96.0.4664.110 Safari/537.36"
185.180.143.79 - - [06/Jan/2022:19:51:18 +0100] "GET / HTTP/1.1" 200 595 "-" "Mozilla/5.0 (Windows NT 10.0; Win64; x64) AppleWebKit/537.36 (KHTML, like Gecko) Chrome/60.0.3112.113 Safari/537.36"
66.249.66.159 - - [06/Jan/2022:20:06:24 +0100] "GET /robots.txt HTTP/1.1" 200 108 "-" "Mozilla/5.0 (compatible; Googlebot/2.1; +http://www.google.com/bot.html)"
66.249.66.30 - - [06/Jan/2022:20:06:25 +0100] "GET /weekly-stories/ HTTP/1.1" 200 15412 "-" "Mozilla/5.0 (Linux; Android 6.0.1; Nexus 5X Build/MMB29P) AppleWebKit/537.36 (KHTML, like Gecko) Chrome/96.0.4664.110 Mobile Safari/537.36 (compatible; Googlebot/2.1; +http://www.google.com/bot.html)"
66.249.66.67 - - [06/Jan/2022:20:07:12 +0100] "GET /robots.txt HTTP/1.1" 301 162 "-" "Mozilla/5.0 (compatible; Googlebot/2.1; +http://www.google.com/bot.html)"
66.249.66.25 - - [06/Jan/2022:20:07:13 +0100] "GET /robots.txt HTTP/1.1" 200 108 "-" "Mozilla/5.0 (compatible; Googlebot/2.1; +http://www.google.com/bot.html)"
66.249.66.9 - - [06/Jan/2022:20:07:13 +0100] "GET / HTTP/1.1" 301 162 "-" "Mozilla/5.0 (Linux; Android 6.0.1; Nexus 5X Build/MMB29P) AppleWebKit/537.36 (KHTML, like Gecko) Chrome/96.0.4664.110 Mobile Safari/537.36 (compatible; Googlebot/2.1; +http://www.google.com/bot.html)"
66.249.66.76 - - [06/Jan/2022:20:07:14 +0100] "GET / HTTP/1.1" 200 13177 "-" "Mozilla/5.0 (Linux; Android 6.0.1; Nexus 5X Build/MMB29P) AppleWebKit/537.36 (KHTML, like Gecko) Chrome/96.0.4664.110 Mobile Safari/537.36 (compatible; Googlebot/2.1; +http://www.google.com/bot.html)"
192.241.217.131 - - [06/Jan/2022:20:07:32 +0100] "GET / HTTP/1.1" 200 595 "-" "Mozilla/5.0 zgrab/0.x"
66.249.66.130 - - [06/Jan/2022:20:11:18 +0100] "GET /assets/styles/main.css?v=b76e4992ab HTTP/1.1" 200 14070 "https://www.krzwiatrzyk.eu/weekly-stories/" "Mozilla/5.0 (Linux; Android 6.0.1; Nexus 5X Build/MMB29P) AppleWebKit/537.36 (KHTML, like Gecko) Chrome/96.0.4664.110 Mobile Safari/537.36 (compatible; Googlebot/2.1; +http://www.google.com/bot.html)"
207.46.13.100 - - [06/Jan/2022:20:26:30 +0100] "GET /sitemap-pages.xml HTTP/2.0" 200 525 "-" "Mozilla/5.0 (compatible; bingbot/2.0; +http://www.bing.com/bingbot.htm)"
66.249.66.27 - - [06/Jan/2022:20:51:24 +0100] "GET /tag/kubernetes-advanced/ HTTP/1.1" 200 13074 "-" "Mozilla/5.0 (compatible; Googlebot/2.1; +http://www.google.com/bot.html)"
66.249.66.75 - - [06/Jan/2022:20:52:12 +0100] "GET /weekly-stories/ HTTP/1.1" 200 15397 "-" "Mozilla/5.0 (compatible; Googlebot/2.1; +http://www.google.com/bot.html)"
109.237.103.123 - - [06/Jan/2022:21:02:29 +0100] "GET /.env HTTP/1.1" 301 162 "-" "Mozilla/5.0 (X11; Linux x86_64) AppleWebKit/537.36 (KHTML, like Gecko) Chrome/81.0.4044.129 Safari/537.36"
109.237.103.123 - - [06/Jan/2022:21:02:29 +0100] "GET /.env HTTP/1.1" 200 595 "-" "Mozilla/5.0 (X11; Linux x86_64) AppleWebKit/537.36 (KHTML, like Gecko) Chrome/81.0.4044.129 Safari/537.36"
109.237.103.123 - - [06/Jan/2022:21:02:29 +0100] "POST /.env HTTP/1.1" 301 162 "-" "Mozilla/5.0 (X11; Linux x86_64) AppleWebKit/537.36 (KHTML, like Gecko) Chrome/81.0.4044.129 Safari/537.36"
16.170.35.31 - - [06/Jan/2022:21:30:40 +0100] "GET /.env HTTP/1.1" 301 162 "-" "curl/7.47.0"
66.249.66.141 - - [06/Jan/2022:21:36:26 +0100] "GET /robots.txt HTTP/1.1" 200 108 "-" "Mozilla/5.0 (compatible; Googlebot/2.1; +http://www.google.com/bot.html)"
66.249.66.141 - - [06/Jan/2022:21:36:26 +0100] "GET /weekly-stories-3/ HTTP/1.1" 200 15615 "-" "Mozilla/5.0 (compatible; Googlebot/2.1; +http://www.google.com/bot.html)"
66.249.66.75 - - [06/Jan/2022:21:37:12 +0100] "GET /weekly-stories/ HTTP/1.1" 200 15397 "-" "Mozilla/5.0 (Linux; Android 6.0.1; Nexus 5X Build/MMB29P) AppleWebKit/537.36 (KHTML, like Gecko) Chrome/96.0.4664.110 Mobile Safari/537.36 (compatible; Googlebot/2.1; +http://www.google.com/bot.html)"
18.215.188.76 - - [06/Jan/2022:21:47:56 +0100] "GET /rss HTTP/1.1" 301 5 "-" "Forem Feeds Importer"
18.215.188.76 - - [06/Jan/2022:21:47:57 +0100] "GET /rss/ HTTP/1.1" 200 3444 "-" "Forem Feeds Importer"
40.77.167.19 - - [06/Jan/2022:21:48:48 +0100] "GET /sitemap.xml HTTP/2.0" 200 642 "-" "Mozilla/5.0 (compatible; bingbot/2.0; +http://www.bing.com/bingbot.htm)"
109.237.103.38 - - [06/Jan/2022:21:52:30 +0100] "GET /.env HTTP/1.1" 400 650 "-" "Mozilla/5.0 (X11; Linux x86_64) AppleWebKit/537.36 (KHTML, like Gecko) Chrome/81.0.4044.129 Safari/537.36"
109.237.103.38 - - [06/Jan/2022:21:52:30 +0100] "GET /.env HTTP/1.1" 200 595 "-" "Mozilla/5.0 (X11; Linux x86_64) AppleWebKit/537.36 (KHTML, like Gecko) Chrome/81.0.4044.129 Safari/537.36"
207.46.13.228 - - [06/Jan/2022:21:59:09 +0100] "GET /robots.txt HTTP/2.0" 200 108 "-" "Mozilla/5.0 (compatible; bingbot/2.0; +http://www.bing.com/bingbot.htm)"
40.77.167.19 - - [06/Jan/2022:21:59:19 +0100] "GET /sitemap.xml HTTP/2.0" 200 642 "-" "Mozilla/5.0 (compatible; bingbot/2.0; +http://www.bing.com/bingbot.htm)"
66.249.66.139 - - [06/Jan/2022:22:02:02 +0100] "GET /tag/weekly-stories/ HTTP/1.1" 200 13312 "-" "Mozilla/5.0 (compatible; Googlebot/2.1; +http://www.google.com/bot.html)"
66.249.66.219 - - [06/Jan/2022:22:04:15 +0100] "GET /kubernetes-headless-service/ HTTP/1.1" 200 16219 "-" "Mozilla/5.0 (Linux; Android 6.0.1; Nexus 5X Build/MMB29P) AppleWebKit/537.36 (KHTML, like Gecko) Chrome/96.0.4664.110 Mobile Safari/537.36 (compatible; Googlebot/2.1; +http://www.google.com/bot.html)"
198.98.49.124 - - [06/Jan/2022:22:07:17 +0100] "GET / HTTP/1.1" 301 162 "-" "Mozilla/5.0 (X11; Ubuntu; Linux x86_64; rv:76.0) Gecko/20100101 Firefox/76.0"
66.249.66.76 - - [06/Jan/2022:22:21:24 +0100] "GET /tripy-2021/ HTTP/1.1" 200 12356 "-" "Mozilla/5.0 (Linux; Android 6.0.1; Nexus 5X Build/MMB29P) AppleWebKit/537.36 (KHTML, like Gecko) Chrome/96.0.4664.110 Mobile Safari/537.36 (compatible; Googlebot/2.1; +http://www.google.com/bot.html)"
66.249.66.201 - - [06/Jan/2022:22:22:12 +0100] "GET /robots.txt HTTP/1.1" 301 162 "-" "Mozilla/5.0 (compatible; Googlebot/2.1; +http://www.google.com/bot.html)"
209.141.53.74 - - [06/Jan/2022:22:26:22 +0100] "GET /config/getuser?index=0 HTTP/1.1" 301 162 "-" "Mozilla/5.0 (X11; Ubuntu; Linux x86_64; rv:76.0) Gecko/20100101 Firefox/76.0"
207.46.13.100 - - [06/Jan/2022:22:30:30 +0100] "GET / HTTP/2.0" 200 13159 "-" "Mozilla/5.0 (compatible; bingbot/2.0; +http://www.bing.com/bingbot.htm)"
125.64.94.140 - - [06/Jan/2022:22:33:58 +0100] "GET / HTTP/1.0" 301 162 "-" "-"
125.64.94.140 - - [06/Jan/2022:22:33:59 +0100] "GET / HTTP/1.1" 301 162 "-" "Mozilla/5.0 (X11; Linux x86_64) AppleWebKit/537.36 (KHTML, like Gecko) Chrome/86.0.4 240.111 Safari/537.36"
125.64.94.140 - - [06/Jan/2022:22:34:01 +0100] "GET / HTTP/1.1" 200 595 "http://85.255.1.106" "Mozilla/5.0 (X11; Linux x86_64) AppleWebKit/537.36 (KHTML, like Gecko) Chrome/86.0.4 240.111 Safari/537.36"
125.64.94.140 - - [06/Jan/2022:22:34:02 +0100] "GET /favicon.ico HTTP/1.1" 301 162 "-" "Mozilla/5.0 (X11; Linux x86_64) AppleWebKit/537.36 (KHTML, like Gecko) Chrome/86.0.4 240.111 Safari/537.36"
125.64.94.140 - - [06/Jan/2022:22:34:03 +0100] "GET /favicon.ico HTTP/1.1" 200 595 "http://85.255.1.106/favicon.ico" "Mozilla/5.0 (X11; Linux x86_64) AppleWebKit/537.36 (KHTML, like Gecko) Chrome/86.0.4 240.111 Safari/537.36"
125.64.94.140 - - [06/Jan/2022:22:34:04 +0100] "GET /robots.txt HTTP/1.1" 301 162 "-" "Mozilla/5.0 (X11; Linux x86_64) AppleWebKit/537.36 (KHTML, like Gecko) Chrome/86.0.4 240.111 Safari/537.36"
125.64.94.140 - - [06/Jan/2022:22:34:05 +0100] "GET /robots.txt HTTP/1.1" 200 595 "http://85.255.1.106/robots.txt" "Mozilla/5.0 (X11; Linux x86_64) AppleWebKit/537.36 (KHTML, like Gecko) Chrome/86.0.4 240.111 Safari/537.36"
125.64.94.140 - - [06/Jan/2022:22:34:05 +0100] "GET /.well-known/security.txt HTTP/1.1" 301 162 "-" "Mozilla/5.0 (X11; Linux x86_64) AppleWebKit/537.36 (KHTML, like Gecko) Chrome/86.0.4 240.111 Safari/537.36"
125.64.94.140 - - [06/Jan/2022:22:34:06 +0100] "GET /.well-known/security.txt HTTP/1.1" 200 595 "http://85.255.1.106/.well-known/security.txt" "Mozilla/5.0 (X11; Linux x86_64) AppleWebKit/537.36 (KHTML, like Gecko) Chrome/86.0.4 240.111 Safari/537.36"
89.64.53.235 - - [06/Jan/2022:22:39:34 +0100] "GET / HTTP/2.0" 200 13159 "-" "Mozilla/5.0 (Windows NT 10.0; Win64; x64) AppleWebKit/537.36 (KHTML, like Gecko) Chrome/96.0.4664.110 Safari/537.36"
89.64.53.235 - - [06/Jan/2022:22:39:34 +0100] "GET /assets/styles/main.css?v=b76e4992ab HTTP/2.0" 200 14057 "https://krzwiatrzyk.eu/" "Mozilla/5.0 (Windows NT 10.0; Win64; x64) AppleWebKit/537.36 (KHTML, like Gecko) Chrome/96.0.4664.110 Safari/537.36"
89.64.53.235 - - [06/Jan/2022:22:39:34 +0100] "GET /assets/scripts/main.js?v=b76e4992ab HTTP/2.0" 200 9977 "https://krzwiatrzyk.eu/" "Mozilla/5.0 (Windows NT 10.0; Win64; x64) AppleWebKit/537.36 (KHTML, like Gecko) Chrome/96.0.4664.110 Safari/537.36"
89.64.53.235 - - [06/Jan/2022:22:39:34 +0100] "GET /content/images/size/w300/2021/10/d417ce9e68114f09acc670e5928685a3--5--1.png HTTP/2.0" 200 2741 "https://krzwiatrzyk.eu/" "Mozilla/5.0 (Windows NT 10.0; Win64; x64) AppleWebKit/537.36 (KHTML, like Gecko) Chrome/96.0.4664.110 Safari/537.36"
89.64.53.235 - - [06/Jan/2022:22:39:34 +0100] "GET /content/images/size/w1000/2021/12/Weekly-1.png HTTP/2.0" 200 121835 "https://krzwiatrzyk.eu/" "Mozilla/5.0 (Windows NT 10.0; Win64; x64) AppleWebKit/537.36 (KHTML, like Gecko) Chrome/96.0.4664.110 Safari/537.36"
89.64.53.235 - - [06/Jan/2022:22:39:34 +0100] "GET /content/images/size/w1000/2021/12/Weekly.png HTTP/2.0" 200 136035 "https://krzwiatrzyk.eu/" "Mozilla/5.0 (Windows NT 10.0; Win64; x64) AppleWebKit/537.36 (KHTML, like Gecko) Chrome/96.0.4664.110 Safari/537.36"
89.64.53.235 - - [06/Jan/2022:22:39:34 +0100] "GET /content/images/size/w1000/2021/11/Weekly.png HTTP/2.0" 200 121835 "https://krzwiatrzyk.eu/" "Mozilla/5.0 (Windows NT 10.0; Win64; x64) AppleWebKit/537.36 (KHTML, like Gecko) Chrome/96.0.4664.110 Safari/537.36"
89.64.53.235 - - [06/Jan/2022:22:39:34 +0100] "GET /content/images/size/w30/2021/10/Screenshot_8.png HTTP/2.0" 200 1256 "https://krzwiatrzyk.eu/" "Mozilla/5.0 (Windows NT 10.0; Win64; x64) AppleWebKit/537.36 (KHTML, like Gecko) Chrome/96.0.4664.110 Safari/537.36"
89.64.53.235 - - [06/Jan/2022:22:39:34 +0100] "GET /assets/scripts/pagination.js?v=b76e4992ab HTTP/2.0" 200 852 "https://krzwiatrzyk.eu/" "Mozilla/5.0 (Windows NT 10.0; Win64; x64) AppleWebKit/537.36 (KHTML, like Gecko) Chrome/96.0.4664.110 Safari/537.36"
89.64.53.235 - - [06/Jan/2022:22:39:34 +0100] "GET /favicon.png HTTP/2.0" 200 2741 "https://krzwiatrzyk.eu/" "Mozilla/5.0 (Windows NT 10.0; Win64; x64) AppleWebKit/537.36 (KHTML, like Gecko) Chrome/96.0.4664.110 Safari/537.36"
89.64.53.235 - - [06/Jan/2022:22:39:35 +0100] "GET /content/images/size/w1000/2021/10/Screenshot_8.png HTTP/2.0" 200 243714 "https://krzwiatrzyk.eu/" "Mozilla/5.0 (Windows NT 10.0; Win64; x64) AppleWebKit/537.36 (KHTML, like Gecko) Chrome/96.0.4664.110 Safari/537.36"
89.64.53.235 - - [06/Jan/2022:22:39:41 +0100] "GET /weekly-stories-3/ HTTP/2.0" 200 15597 "https://krzwiatrzyk.eu/" "Mozilla/5.0 (Windows NT 10.0; Win64; x64) AppleWebKit/537.36 (KHTML, like Gecko) Chrome/96.0.4664.110 Safari/537.36"
89.64.53.235 - - [06/Jan/2022:22:39:41 +0100] "GET /assets/images/avatar.png?v=b76e4992ab HTTP/2.0" 200 1550 "https://krzwiatrzyk.eu/weekly-stories-3/" "Mozilla/5.0 (Windows NT 10.0; Win64; x64) AppleWebKit/537.36 (KHTML, like Gecko) Chrome/96.0.4664.110 Safari/537.36"
89.64.53.235 - - [06/Jan/2022:22:39:41 +0100] "GET /content/images/size/w2000/2021/12/Weekly-1.png HTTP/2.0" 200 286095 "https://krzwiatrzyk.eu/weekly-stories-3/" "Mozilla/5.0 (Windows NT 10.0; Win64; x64) AppleWebKit/537.36 (KHTML, like Gecko) Chrome/96.0.4664.110 Safari/537.36"
89.64.53.235 - - [06/Jan/2022:22:39:41 +0100] "GET /content/images/size/w30/2021/11/Weekly.png HTTP/2.0" 200 1382 "https://krzwiatrzyk.eu/weekly-stories-3/" "Mozilla/5.0 (Windows NT 10.0; Win64; x64) AppleWebKit/537.36 (KHTML, like Gecko) Chrome/96.0.4664.110 Safari/537.36"
89.64.53.235 - - [06/Jan/2022:22:39:41 +0100] "GET /content/images/size/w30/2021/12/Weekly.png HTTP/2.0" 200 1357 "https://krzwiatrzyk.eu/weekly-stories-3/" "Mozilla/5.0 (Windows NT 10.0; Win64; x64) AppleWebKit/537.36 (KHTML, like Gecko) Chrome/96.0.4664.110 Safari/537.36"
94.232.43.63 - - [06/Jan/2022:22:42:50 +0100] "\x03\x00\x00,'\xE0\x00\x00\x00\x00\x00Cookie: mstshash=Domain" 400 150 "-" "-"
94.232.43.63 - - [06/Jan/2022:22:42:50 +0100] "\x03\x00\x00,'\xE0\x00\x00\x00\x00\x00Cookie: mstshash=Domain" 400 150 "-" "-"
40.88.21.235 - - [06/Jan/2022:22:49:32 +0100] "GET / HTTP/1.1" 301 162 "http://krzwiatrzyk.eu/" "Mozilla/5.0 (compatible; DuckDuckGo-Favicons-Bot/1.0; +http://duckduckgo.com)"
40.88.21.235 - - [06/Jan/2022:22:49:33 +0100] "GET / HTTP/1.1" 200 13172 "https://krzwiatrzyk.eu/" "Mozilla/5.0 (compatible; DuckDuckGo-Favicons-Bot/1.0; +http://duckduckgo.com)"
40.88.21.235 - - [06/Jan/2022:22:49:33 +0100] "GET /favicon.png HTTP/1.1" 200 2741 "https://krzwiatrzyk.eu/favicon.png" "Mozilla/5.0 (compatible; DuckDuckGo-Favicons-Bot/1.0; +http://duckduckgo.com)"
66.249.66.141 - - [06/Jan/2022:23:06:24 +0100] "GET /robots.txt HTTP/1.1" 200 108 "-" "Mozilla/5.0 (compatible; Googlebot/2.1; +http://www.google.com/bot.html)"
66.249.66.27 - - [06/Jan/2022:23:06:24 +0100] "GET /weekly-stories-3/ HTTP/1.1" 200 15615 "-" "Mozilla/5.0 (Linux; Android 6.0.1; Nexus 5X Build/MMB29P) AppleWebKit/537.36 (KHTML, like Gecko) Chrome/96.0.4664.110 Mobile Safari/537.36 (compatible; Googlebot/2.1; +http://www.google.com/bot.html)"
198.98.56.151 - - [06/Jan/2022:23:09:59 +0100] "GET / HTTP/1.1" 301 162 "-" "Linux Gnu (cow)"
118.123.105.67 - - [06/Jan/2022:23:13:20 +0100] "GET / HTTP/1.0" 301 162 "-" "-"
118.123.105.67 - - [06/Jan/2022:23:13:21 +0100] "GET / HTTP/1.1" 301 162 "-" "Mozilla/5.0 (X11; Linux x86_64) AppleWebKit/537.36 (KHTML, like Gecko) Chrome/86.0.4 240.111 Safari/537.36"
118.123.105.67 - - [06/Jan/2022:23:13:22 +0100] "GET / HTTP/1.1" 200 595 "http://85.255.1.106" "Mozilla/5.0 (X11; Linux x86_64) AppleWebKit/537.36 (KHTML, like Gecko) Chrome/86.0.4 240.111 Safari/537.36"
118.123.105.67 - - [06/Jan/2022:23:13:23 +0100] "GET /favicon.ico HTTP/1.1" 301 162 "-" "Mozilla/5.0 (X11; Linux x86_64) AppleWebKit/537.36 (KHTML, like Gecko) Chrome/86.0.4 240.111 Safari/537.36"
118.123.105.67 - - [06/Jan/2022:23:13:24 +0100] "GET /favicon.ico HTTP/1.1" 200 595 "http://85.255.1.106/favicon.ico" "Mozilla/5.0 (X11; Linux x86_64) AppleWebKit/537.36 (KHTML, like Gecko) Chrome/86.0.4 240.111 Safari/537.36"
118.123.105.67 - - [06/Jan/2022:23:13:25 +0100] "GET /robots.txt HTTP/1.1" 301 162 "-" "Mozilla/5.0 (X11; Linux x86_64) AppleWebKit/537.36 (KHTML, like Gecko) Chrome/86.0.4 240.111 Safari/537.36"
118.123.105.67 - - [06/Jan/2022:23:13:26 +0100] "GET /robots.txt HTTP/1.1" 200 595 "http://85.255.1.106/robots.txt" "Mozilla/5.0 (X11; Linux x86_64) AppleWebKit/537.36 (KHTML, like Gecko) Chrome/86.0.4 240.111 Safari/537.36"
118.123.105.67 - - [06/Jan/2022:23:13:27 +0100] "GET /.well-known/security.txt HTTP/1.1" 301 162 "-" "Mozilla/5.0 (X11; Linux x86_64) AppleWebKit/537.36 (KHTML, like Gecko) Chrome/86.0.4 240.111 Safari/537.36"
118.123.105.67 - - [06/Jan/2022:23:13:28 +0100] "GET /.well-known/security.txt HTTP/1.1" 200 595 "http://85.255.1.106/.well-known/security.txt" "Mozilla/5.0 (X11; Linux x86_64) AppleWebKit/537.36 (KHTML, like Gecko) Chrome/86.0.4 240.111 Safari/537.36"
66.249.66.139 - - [06/Jan/2022:23:32:02 +0100] "GET /tag/weekly-stories/ HTTP/1.1" 200 13317 "-" "Mozilla/5.0 (Linux; Android 6.0.1; Nexus 5X Build/MMB29P) AppleWebKit/537.36 (KHTML, like Gecko) Chrome/96.0.4664.110 Mobile Safari/537.36 (compatible; Googlebot/2.1; +http://www.google.com/bot.html)"
209.141.53.74 - - [06/Jan/2022:23:35:39 +0100] "GET /config/getuser?index=0 HTTP/1.1" 301 162 "-" "Mozilla/5.0 (X11; Ubuntu; Linux x86_64; rv:76.0) Gecko/20100101 Firefox/76.0"
66.249.66.29 - - [06/Jan/2022:23:51:24 +0100] "GET /tripy-2021/ HTTP/1.1" 200 12351 "-" "Mozilla/5.0 (compatible; Googlebot/2.1; +http://www.google.com/bot.html)"
118.123.105.67 - - [06/Jan/2022:23:54:50 +0100] "GET / HTTP/1.0" 301 162 "-" "-"
118.123.105.67 - - [06/Jan/2022:23:54:50 +0100] "GET / HTTP/1.1" 301 162 "-" "Mozilla/5.0 (X11; Linux x86_64) AppleWebKit/537.36 (KHTML, like Gecko) Chrome/86.0.4 240.111 Safari/537.36"
118.123.105.67 - - [06/Jan/2022:23:54:52 +0100] "GET / HTTP/1.1" 200 595 "http://85.255.1.106" "Mozilla/5.0 (X11; Linux x86_64) AppleWebKit/537.36 (KHTML, like Gecko) Chrome/86.0.4 240.111 Safari/537.36"
118.123.105.67 - - [06/Jan/2022:23:54:52 +0100] "GET /favicon.ico HTTP/1.1" 301 162 "-" "Mozilla/5.0 (X11; Linux x86_64) AppleWebKit/537.36 (KHTML, like Gecko) Chrome/86.0.4 240.111 Safari/537.36"
118.123.105.67 - - [06/Jan/2022:23:54:53 +0100] "GET /favicon.ico HTTP/1.1" 200 595 "http://85.255.1.106/favicon.ico" "Mozilla/5.0 (X11; Linux x86_64) AppleWebKit/537.36 (KHTML, like Gecko) Chrome/86.0.4 240.111 Safari/537.36"
118.123.105.67 - - [06/Jan/2022:23:54:54 +0100] "GET /robots.txt HTTP/1.1" 301 162 "-" "Mozilla/5.0 (X11; Linux x86_64) AppleWebKit/537.36 (KHTML, like Gecko) Chrome/86.0.4 240.111 Safari/537.36"
118.123.105.67 - - [06/Jan/2022:23:54:55 +0100] "GET /robots.txt HTTP/1.1" 200 595 "http://85.255.1.106/robots.txt" "Mozilla/5.0 (X11; Linux x86_64) AppleWebKit/537.36 (KHTML, like Gecko) Chrome/86.0.4 240.111 Safari/537.36"
118.123.105.67 - - [06/Jan/2022:23:54:56 +0100] "GET /.well-known/security.txt HTTP/1.1" 301 162 "-" "Mozilla/5.0 (X11; Linux x86_64) AppleWebKit/537.36 (KHTML, like Gecko) Chrome/86.0.4 240.111 Safari/537.36"
118.123.105.67 - - [06/Jan/2022:23:54:57 +0100] "GET /.well-known/security.txt HTTP/1.1" 200 595 "http://85.255.1.106/.well-known/security.txt" "Mozilla/5.0 (X11; Linux x86_64) AppleWebKit/537.36 (KHTML, like Gecko) Chrome/86.0.4 240.111 Safari/537.36"
103.145.13.223 - - [07/Jan/2022:00:21:57 +0100] "GET http://azenv.net/ HTTP/1.1" 301 162 "-" "Go-http-client/1.1"
103.145.13.223 - - [07/Jan/2022:00:22:03 +0100] "CONNECT azenv.net:443 HTTP/1.1" 400 150 "-" "-"
35.195.93.98 - - [07/Jan/2022:00:24:15 +0100] "GET / HTTP/1.1" 200 595 "-" "python-requests/2.26.0"
66.249.66.75 - - [07/Jan/2022:00:36:24 +0100] "GET /robots.txt HTTP/1.1" 200 108 "-" "Mozilla/5.0 (compatible; Googlebot/2.1; +http://www.google.com/bot.html)"
66.249.66.219 - - [07/Jan/2022:00:36:24 +0100] "GET /tag/kubernetes-advanced/ HTTP/1.1" 200 13059 "-" "Mozilla/5.0 (Linux; Android 6.0.1; Nexus 5X Build/MMB29P) AppleWebKit/537.36 (KHTML, like Gecko) Chrome/96.0.4664.110 Mobile Safari/537.36 (compatible; Googlebot/2.1; +http://www.google.com/bot.html)"
205.185.114.93 - - [07/Jan/2022:00:42:23 +0100] "GET /phpmyadmin/scripts/setup.php HTTP/1.1" 400 150 "-" "-"
128.14.133.58 - - [07/Jan/2022:00:52:48 +0100] "GET / HTTP/1.1" 301 162 "-" "Mozilla/5.0 (Windows NT 10.0; Win64; x64) AppleWebKit/537.36 (KHTML, like Gecko) Chrome/60.0.3112.113 Safari/537.36"
128.14.133.58 - - [07/Jan/2022:00:52:49 +0100] "GET / HTTP/1.1" 200 595 "http://85.255.1.106/" "Mozilla/5.0 (Windows NT 10.0; Win64; x64) AppleWebKit/537.36 (KHTML, like Gecko) Chrome/60.0.3112.113 Safari/537.36"
172.104.131.24 - - [07/Jan/2022:01:00:22 +0100] "ABCDEFGHIJKLMNOPQRSTUVWXYZ9999" 400 150 "-" "-"
66.249.66.219 - - [07/Jan/2022:01:02:02 +0100] "GET /kubernetes-headless-service/ HTTP/1.1" 200 16224 "-" "Mozilla/5.0 (compatible; Googlebot/2.1; +http://www.google.com/bot.html)"
128.14.133.58 - - [07/Jan/2022:01:34:13 +0100] "GET / HTTP/1.1" 200 595 "-" "Mozilla/5.0 (Windows NT 10.0; Win64; x64) AppleWebKit/537.36 (KHTML, like Gecko) Chrome/60.0.3112.113 Safari/537.36"
141.226.169.245 - - [07/Jan/2022:01:39:07 +0100] "GET / HTTP/1.1" 301 162 "-" "-"
86.5.55.145 - - [07/Jan/2022:01:51:23 +0100] "GET http://httpheader.net/azenv.php HTTP/1.0" 301 162 "-" "-"
66.249.66.74 - - [07/Jan/2022:01:59:59 +0100] "GET /robots.txt HTTP/1.1" 301 162 "-" "Mozilla/5.0 (compatible; Googlebot/2.1; +http://www.google.com/bot.html)"
66.249.66.19 - - [07/Jan/2022:01:59:59 +0100] "GET /robots.txt HTTP/1.1" 200 595 "-" "Mozilla/5.0 (compatible; Googlebot/2.1; +http://www.google.com/bot.html)"
66.249.66.75 - - [07/Jan/2022:01:59:59 +0100] "GET / HTTP/1.1" 301 162 "-" "Mozilla/5.0 (Linux; Android 6.0.1; Nexus 5X Build/MMB29P) AppleWebKit/537.36 (KHTML, like Gecko) Chrome/97.0.4692.71 Mobile Safari/537.36 (compatible; Googlebot/2.1; +http://www.google.com/bot.html)"
66.249.66.19 - - [07/Jan/2022:02:00:00 +0100] "GET / HTTP/1.1" 200 595 "-" "Mozilla/5.0 (Linux; Android 6.0.1; Nexus 5X Build/MMB29P) AppleWebKit/537.36 (KHTML, like Gecko) Chrome/97.0.4692.71 Mobile Safari/537.36 (compatible; Googlebot/2.1; +http://www.google.com/bot.html)"
161.97.87.64 - - [07/Jan/2022:02:09:39 +0100] "GET /recordings HTTP/1.1" 301 162 "-" "Mozilla/5.0 (Windows NT 10.0; Win64; x64) AppleWebKit/537.36 (KHTML, like Gecko) Chrome/91.0.4472.124 Safari/537.36"
161.97.87.64 - - [07/Jan/2022:02:09:39 +0100] "GET /recordings HTTP/1.1" 301 162 "-" "Mozilla/5.0 (Windows NT 10.0; Win64; x64) AppleWebKit/537.36 (KHTML, like Gecko) Chrome/91.0.4472.124 Safari/537.36"
161.97.87.64 - - [07/Jan/2022:02:09:39 +0100] "GET /recordings HTTP/1.1" 301 162 "-" "Mozilla/5.0 (Windows NT 10.0; Win64; x64) AppleWebKit/537.36 (KHTML, like Gecko) Chrome/91.0.4472.124 Safari/537.36"
161.97.87.64 - - [07/Jan/2022:02:09:40 +0100] "GET /recordings HTTP/1.1" 200 1345 "-" "Mozilla/5.0 (Windows NT 10.0; Win64; x64) AppleWebKit/537.36 (KHTML, like Gecko) Chrome/91.0.4472.124 Safari/537.36"
161.97.87.64 - - [07/Jan/2022:02:09:40 +0100] "GET /recordings HTTP/1.1" 200 1345 "-" "Mozilla/5.0 (Windows NT 10.0; Win64; x64) AppleWebKit/537.36 (KHTML, like Gecko) Chrome/91.0.4472.124 Safari/537.36"
161.97.87.64 - - [07/Jan/2022:02:09:40 +0100] "GET /recordings HTTP/1.1" 200 1345 "-" "Mozilla/5.0 (Windows NT 10.0; Win64; x64) AppleWebKit/537.36 (KHTML, like Gecko) Chrome/91.0.4472.124 Safari/537.36"
185.169.103.183 - - [07/Jan/2022:02:13:54 +0100] "GET / HTTP/1.1" 301 162 "-" "Mozilla/5.0 (Windows NT 10.0; WOW64) AppleWebKit/537.36 (KHTML, like Gecko) Chrome/52.0.2743.116 Safari/537.36"
161.97.87.64 - - [07/Jan/2022:02:19:31 +0100] "\x16\x03\x03\x00\x96\x01\x00\x00\x92\x03\x03a\xD7\x95*\x0E\xB4\xB9\xB62\xE8\xD7\xFA\x92_3\x9A\x10{\xCCd\xCF#\x8At\xE1\x22\x8AC`\x96\x8D\x97\x00\x004\xC0(\xC0'\xC0\x14\xC0\x13\x00\x9F\x00\x9E\x009\x003\x00\x9D\x00\x9C\x00=\x00<\x005\x00/\xC0,\xC0+\xC0$\xC0#\xC0" 400 150 "-" "-"
161.97.87.64 - - [07/Jan/2022:02:19:32 +0100] "\x16\x03\x03\x00\x96\x01\x00\x00\x92\x03\x03a\xD7\x95*\xDDrX\xD5\xB9\x9D\xC5*\xE5\xDC5T\xC6k\x95q16/\x91 \xFC\x1Ej\x83y\xC7E\x00\x004\xC0(\xC0'\xC0\x14\xC0\x13\x00\x9F\x00\x9E\x009\x003\x00\x9D\x00\x9C\x00=\x00<\x005\x00/\xC0,\xC0+\xC0$\xC0#\xC0" 400 150 "-" "-"
66.249.66.217 - - [07/Jan/2022:02:45:01 +0100] "GET /robots.txt HTTP/1.1" 200 108 "-" "Mozilla/5.0 (compatible; Googlebot/2.1; +http://www.google.com/bot.html)"
66.249.66.139 - - [07/Jan/2022:02:45:01 +0100] "GET /weekly-stories-2/ HTTP/1.1" 200 15976 "-" "Mozilla/5.0 (compatible; Googlebot/2.1; +http://www.google.com/bot.html)"
54.197.54.111 - - [07/Jan/2022:02:46:40 +0100] "GET /rss HTTP/1.1" 301 5 "-" "Forem Feeds Importer"
54.197.54.111 - - [07/Jan/2022:02:46:40 +0100] "GET /rss/ HTTP/1.1" 200 3444 "-" "Forem Feeds Importer"
207.46.13.37 - - [07/Jan/2022:02:57:46 +0100] "GET / HTTP/1.1" 301 162 "-" "Mozilla/5.0 (compatible; bingbot/2.0; +http://www.bing.com/bingbot.htm)"
118.123.105.67 - - [07/Jan/2022:03:23:16 +0100] "GET / HTTP/1.0" 301 162 "-" "-"
118.123.105.67 - - [07/Jan/2022:03:23:17 +0100] "GET / HTTP/1.1" 301 162 "-" "Mozilla/5.0 (X11; Linux x86_64) AppleWebKit/537.36 (KHTML, like Gecko) Chrome/86.0.4 240.111 Safari/537.36"
118.123.105.67 - - [07/Jan/2022:03:23:18 +0100] "GET / HTTP/1.1" 200 595 "http://85.255.1.106" "Mozilla/5.0 (X11; Linux x86_64) AppleWebKit/537.36 (KHTML, like Gecko) Chrome/86.0.4 240.111 Safari/537.36"
118.123.105.67 - - [07/Jan/2022:03:23:19 +0100] "GET /favicon.ico HTTP/1.1" 301 162 "-" "Mozilla/5.0 (X11; Linux x86_64) AppleWebKit/537.36 (KHTML, like Gecko) Chrome/86.0.4 240.111 Safari/537.36"
118.123.105.67 - - [07/Jan/2022:03:23:20 +0100] "GET /favicon.ico HTTP/1.1" 200 595 "http://85.255.1.106/favicon.ico" "Mozilla/5.0 (X11; Linux x86_64) AppleWebKit/537.36 (KHTML, like Gecko) Chrome/86.0.4 240.111 Safari/537.36"
118.123.105.67 - - [07/Jan/2022:03:23:21 +0100] "GET /robots.txt HTTP/1.1" 301 162 "-" "Mozilla/5.0 (X11; Linux x86_64) AppleWebKit/537.36 (KHTML, like Gecko) Chrome/86.0.4 240.111 Safari/537.36"
118.123.105.67 - - [07/Jan/2022:03:23:22 +0100] "GET /robots.txt HTTP/1.1" 200 595 "http://85.255.1.106/robots.txt" "Mozilla/5.0 (X11; Linux x86_64) AppleWebKit/537.36 (KHTML, like Gecko) Chrome/86.0.4 240.111 Safari/537.36"
118.123.105.67 - - [07/Jan/2022:03:23:23 +0100] "GET /.well-known/security.txt HTTP/1.1" 301 162 "-" "Mozilla/5.0 (X11; Linux x86_64) AppleWebKit/537.36 (KHTML, like Gecko) Chrome/86.0.4 240.111 Safari/537.36"
118.123.105.67 - - [07/Jan/2022:03:23:23 +0100] "GET /.well-known/security.txt HTTP/1.1" 200 595 "http://85.255.1.106/.well-known/security.txt" "Mozilla/5.0 (X11; Linux x86_64) AppleWebKit/537.36 (KHTML, like Gecko) Chrome/86.0.4 240.111 Safari/537.36"
184.105.247.252 - - [07/Jan/2022:03:29:08 +0100] "GET / HTTP/1.1" 200 1345 "-" "-"
66.249.66.139 - - [07/Jan/2022:03:30:00 +0100] "GET /weekly-stories-2/ HTTP/1.1" 200 15971 "-" "Mozilla/5.0 (Linux; Android 6.0.1; Nexus 5X Build/MMB29P) AppleWebKit/537.36 (KHTML, like Gecko) Chrome/97.0.4692.71 Mobile Safari/537.36 (compatible; Googlebot/2.1; +http://www.google.com/bot.html)"
13.36.172.39 - - [07/Jan/2022:04:33:28 +0100] "GET /.git/config HTTP/1.1" 200 595 "-" "Opera/9.80 (J2ME/MIDP; Opera Mini/8.0.35626/37.8918; U; en) Presto/2.12.423 Version/12.16"
161.97.87.64 - - [07/Jan/2022:04:42:22 +0100] "\x16\x03\x03\x00\x96\x01\x00\x00\x92\x03\x03a\xD7\xB6\xA4r\x0B" 400 150 "-" "-"
161.97.87.64 - - [07/Jan/2022:04:42:22 +0100] "\x16\x03\x03\x00\x96\x01\x00\x00\x92\x03\x03a\xD7\xB6\xA4\xAF\xD7\xCA\x02\x8Bc\xE3\xDEa5F\xAE\xC7!)\x9AB\x83sB\xA8\x19" 400 150 "-" "-"
161.97.87.64 - - [07/Jan/2022:04:46:17 +0100] "GET /recordings HTTP/1.1" 301 162 "-" "Mozilla/5.0 (Windows NT 10.0; Win64; x64) AppleWebKit/537.36 (KHTML, like Gecko) Chrome/91.0.4472.124 Safari/537.36"
161.97.87.64 - - [07/Jan/2022:04:46:18 +0100] "GET /recordings HTTP/1.1" 200 1345 "-" "Mozilla/5.0 (Windows NT 10.0; Win64; x64) AppleWebKit/537.36 (KHTML, like Gecko) Chrome/91.0.4472.124 Safari/537.36"
66.249.66.217 - - [07/Jan/2022:04:59:59 +0100] "GET /robots.txt HTTP/1.1" 200 108 "-" "Mozilla/5.0 (compatible; Googlebot/2.1; +http://www.google.com/bot.html)"
66.249.66.27 - - [07/Jan/2022:04:59:59 +0100] "GET /weekly-stories-2/amp/ HTTP/1.1" 200 6563 "-" "Mozilla/5.0 (Linux; Android 6.0.1; Nexus 5X Build/MMB29P) AppleWebKit/537.36 (KHTML, like Gecko) Chrome/97.0.4692.71 Mobile Safari/537.36 (compatible; Googlebot/2.1; +http://www.google.com/bot.html)"
66.249.66.75 - - [07/Jan/2022:05:01:01 +0100] "GET /weekly-stories/amp/ HTTP/1.1" 200 5993 "-" "Mozilla/5.0 (Linux; Android 6.0.1; Nexus 5X Build/MMB29P) AppleWebKit/537.36 (KHTML, like Gecko) Chrome/97.0.4692.71 Mobile Safari/537.36 (compatible; Googlebot/2.1; +http://www.google.com/bot.html)"
125.64.94.140 - - [07/Jan/2022:05:08:46 +0100] "GET / HTTP/1.0" 200 1345 "-" "-"
125.64.94.140 - - [07/Jan/2022:05:08:50 +0100] "GET /favicon.ico HTTP/1.1" 200 595 "-" "Mozilla/5.0 (X11; Linux x86_64) AppleWebKit/537.36 (KHTML, like Gecko) Chrome/86.0.4 240.111 Safari/537.36"
125.64.94.140 - - [07/Jan/2022:05:08:51 +0100] "GET /robots.txt HTTP/1.1" 200 595 "-" "Mozilla/5.0 (X11; Linux x86_64) AppleWebKit/537.36 (KHTML, like Gecko) Chrome/86.0.4 240.111 Safari/537.36"
125.64.94.140 - - [07/Jan/2022:05:08:53 +0100] "GET /.well-known/security.txt HTTP/1.1" 200 595 "-" "Mozilla/5.0 (X11; Linux x86_64) AppleWebKit/537.36 (KHTML, like Gecko) Chrome/86.0.4 240.111 Safari/537.36"
185.180.143.145 - - [07/Jan/2022:05:13:05 +0100] "GET / HTTP/1.1" 301 162 "-" "Mozilla/5.0 (Windows NT 10.0; WOW64) AppleWebKit/537.36 (KHTML, like Gecko) Chrome/66.0.3359.117 Safari/537.36"
185.180.143.145 - - [07/Jan/2022:05:13:05 +0100] "GET / HTTP/1.1" 200 595 "http://85.255.1.106/" "Mozilla/5.0 (Windows NT 10.0; WOW64) AppleWebKit/537.36 (KHTML, like Gecko) Chrome/66.0.3359.117 Safari/537.36"
66.249.66.25 - - [07/Jan/2022:05:22:41 +0100] "GET /kubernetes-headless-service/amp/ HTTP/1.1" 200 7037 "-" "Mozilla/5.0 (Linux; Android 6.0.1; Nexus 5X Build/MMB29P) AppleWebKit/537.36 (KHTML, like Gecko) Chrome/97.0.4692.71 Mobile Safari/537.36 (compatible; Googlebot/2.1; +http://www.google.com/bot.html)"
66.249.66.139 - - [07/Jan/2022:05:44:59 +0100] "GET /weekly-stories-3/amp/ HTTP/1.1" 200 6261 "-" "Mozilla/5.0 (Linux; Android 6.0.1; Nexus 5X Build/MMB29P) AppleWebKit/537.36 (KHTML, like Gecko) Chrome/97.0.4692.71 Mobile Safari/537.36 (compatible; Googlebot/2.1; +http://www.google.com/bot.html)"
136.144.41.117 - - [07/Jan/2022:05:55:10 +0100] "GET / HTTP/1.1" 301 162 "-" "Linux Gnu (cow)"
66.249.66.75 - - [07/Jan/2022:06:07:29 +0100] "GET /robots.txt HTTP/1.1" 200 108 "-" "Mozilla/5.0 (compatible; Googlebot/2.1; +http://www.google.com/bot.html)"
66.249.66.139 - - [07/Jan/2022:06:31:01 +0100] "GET /weekly-stories/amp/ HTTP/1.1" 200 5993 "-" "Mozilla/5.0 (Linux; Android 6.0.1; Nexus 5X Build/MMB29P) AppleWebKit/537.36 (KHTML, like Gecko) Chrome/97.0.4692.71 Mobile Safari/537.36 (compatible; Googlebot/2.1; +http://www.google.com/bot.html)"
45.137.23.232 - - [07/Jan/2022:06:32:15 +0100] "GET / HTTP/1.1" 301 162 "-" "Mozilla/5.0 zgrab/0.x"
136.144.41.117 - - [07/Jan/2022:06:54:24 +0100] "GET / HTTP/1.1" 301 162 "-" "Linux Gnu (cow)"
205.185.114.93 - - [07/Jan/2022:07:27:39 +0100] "GET /phpmyadmin/scripts/setup.php HTTP/1.1" 400 150 "-" "-"
66.249.66.139 - - [07/Jan/2022:07:32:20 +0100] "GET /robots.txt HTTP/1.1" 200 108 "-" "Mozilla/5.0 (compatible; Googlebot/2.1; +http://www.google.com/bot.html)"
66.249.66.25 - - [07/Jan/2022:07:32:20 +0100] "GET /weekly-stories-3/amp/ HTTP/1.1" 200 6266 "-" "Mozilla/5.0 (Linux; Android 6.0.1; Nexus 5X Build/MMB29P) AppleWebKit/537.36 (KHTML, like Gecko) Chrome/97.0.4692.71 Mobile Safari/537.36 (compatible; Googlebot/2.1; +http://www.google.com/bot.html)"
66.249.66.139 - - [07/Jan/2022:07:43:35 +0100] "GET /tripy-2021/ HTTP/1.1" 200 12351 "-" "Mozilla/5.0 (compatible; Googlebot/2.1; +http://www.google.com/bot.html)"
54.166.7.112 - - [07/Jan/2022:07:47:35 +0100] "GET /rss HTTP/1.1" 301 5 "-" "Forem Feeds Importer"
54.166.7.112 - - [07/Jan/2022:07:47:36 +0100] "GET /rss/ HTTP/1.1" 200 3444 "-" "Forem Feeds Importer"
89.248.163.174 - - [07/Jan/2022:07:49:05 +0100] "GET / HTTP/1.1" 200 1345 "-" "libwww-perl/6.60"
66.249.66.27 - - [07/Jan/2022:07:54:50 +0100] "GET /weekly-stories/ HTTP/1.1" 200 15397 "-" "Mozilla/5.0 (compatible; Googlebot/2.1; +http://www.google.com/bot.html)"
66.249.66.27 - - [07/Jan/2022:08:06:05 +0100] "GET /author/krzysztof/ HTTP/1.1" 200 13439 "-" "Mozilla/5.0 (Linux; Android 6.0.1; Nexus 5X Build/MMB29P) AppleWebKit/537.36 (KHTML, like Gecko) Chrome/97.0.4692.71 Mobile Safari/537.36 (compatible; Googlebot/2.1; +http://www.google.com/bot.html)"
66.249.66.221 - - [07/Jan/2022:08:22:29 +0100] "GET /tool-stack/ HTTP/1.1" 200 12244 "-" "Mozilla/5.0 (Linux; Android 6.0.1; Nexus 5X Build/MMB29P) AppleWebKit/537.36 (KHTML, like Gecko) Chrome/97.0.4692.71 Mobile Safari/537.36 (compatible; Googlebot/2.1; +http://www.google.com/bot.html)"
125.64.94.140 - - [07/Jan/2022:08:37:53 +0100] "GET / HTTP/1.0" 301 162 "-" "-"
125.64.94.140 - - [07/Jan/2022:08:37:53 +0100] "GET / HTTP/1.1" 301 162 "-" "Mozilla/5.0 (X11; Linux x86_64) AppleWebKit/537.36 (KHTML, like Gecko) Chrome/86.0.4 240.111 Safari/537.36"
125.64.94.140 - - [07/Jan/2022:08:37:54 +0100] "GET / HTTP/1.1" 200 595 "http://85.255.1.106" "Mozilla/5.0 (X11; Linux x86_64) AppleWebKit/537.36 (KHTML, like Gecko) Chrome/86.0.4 240.111 Safari/537.36"
125.64.94.140 - - [07/Jan/2022:08:37:55 +0100] "GET /favicon.ico HTTP/1.1" 301 162 "-" "Mozilla/5.0 (X11; Linux x86_64) AppleWebKit/537.36 (KHTML, like Gecko) Chrome/86.0.4 240.111 Safari/537.36"
125.64.94.140 - - [07/Jan/2022:08:37:56 +0100] "GET /favicon.ico HTTP/1.1" 200 595 "http://85.255.1.106/favicon.ico" "Mozilla/5.0 (X11; Linux x86_64) AppleWebKit/537.36 (KHTML, like Gecko) Chrome/86.0.4 240.111 Safari/537.36"
125.64.94.140 - - [07/Jan/2022:08:37:57 +0100] "GET /robots.txt HTTP/1.1" 301 162 "-" "Mozilla/5.0 (X11; Linux x86_64) AppleWebKit/537.36 (KHTML, like Gecko) Chrome/86.0.4 240.111 Safari/537.36"
125.64.94.140 - - [07/Jan/2022:08:37:58 +0100] "GET /robots.txt HTTP/1.1" 200 595 "http://85.255.1.106/robots.txt" "Mozilla/5.0 (X11; Linux x86_64) AppleWebKit/537.36 (KHTML, like Gecko) Chrome/86.0.4 240.111 Safari/537.36"
125.64.94.140 - - [07/Jan/2022:08:37:58 +0100] "GET /.well-known/security.txt HTTP/1.1" 301 162 "-" "Mozilla/5.0 (X11; Linux x86_64) AppleWebKit/537.36 (KHTML, like Gecko) Chrome/86.0.4 240.111 Safari/537.36"
125.64.94.140 - - [07/Jan/2022:08:37:59 +0100] "GET /.well-known/security.txt HTTP/1.1" 200 595 "http://85.255.1.106/.well-known/security.txt" "Mozilla/5.0 (X11; Linux x86_64) AppleWebKit/537.36 (KHTML, like Gecko) Chrome/86.0.4 240.111 Safari/537.36"
66.249.66.29 - - [07/Jan/2022:08:45:01 +0100] "GET /robots.txt HTTP/1.1" 200 108 "-" "Mozilla/5.0 (compatible; Googlebot/2.1; +http://www.google.com/bot.html)"
66.249.66.217 - - [07/Jan/2022:08:45:02 +0100] "GET /tool-stack/ HTTP/1.1" 200 12258 "-" "Mozilla/5.0 (compatible; Googlebot/2.1; +http://www.google.com/bot.html)"
131.100.22.140 - - [07/Jan/2022:08:45:41 +0100] "GET / HTTP/1.1" 301 162 "-" "Mozilla/5.0 (Windows NT 10.0; WOW64) AppleWebKit/537.36 (KHTML, like Gecko) Chrome/52.0.2743.116 Safari/537.36"
209.141.53.74 - - [07/Jan/2022:08:53:20 +0100] "GET /config/getuser?index=0 HTTP/1.1" 301 162 "-" "Mozilla/5.0 (X11; Ubuntu; Linux x86_64; rv:76.0) Gecko/20100101 Firefox/76.0"
83.29.133.58 - - [07/Jan/2022:09:07:01 +0100] "GET /rss/ HTTP/2.0" 304 0 "-" "Mozilla/5.0 (Windows NT 10.0; Win64; x64) AppleWebKit/537.36 (KHTML, like Gecko) Chrome/96.0.4664.110 Safari/537.36 OPR/82.0.4227.43"
69.55.55.155 - - [07/Jan/2022:09:15:54 +0100] "GET / HTTP/1.0" 301 162 "-" "masscan/1.0 (https://github.com/robertdavidgraham/masscan)"
83.29.133.58 - - [07/Jan/2022:09:22:00 +0100] "GET /rss/ HTTP/2.0" 304 0 "-" "Mozilla/5.0 (Windows NT 10.0; Win64; x64) AppleWebKit/537.36 (KHTML, like Gecko) Chrome/96.0.4664.110 Safari/537.36 OPR/82.0.4227.43"
66.249.66.29 - - [07/Jan/2022:09:32:20 +0100] "GET /tag/kubernetes-advanced/ HTTP/1.1" 200 13074 "-" "Mozilla/5.0 (Linux; Android 6.0.1; Nexus 5X Build/MMB29P) AppleWebKit/537.36 (KHTML, like Gecko) Chrome/97.0.4692.71 Mobile Safari/537.36 (compatible; Googlebot/2.1; +http://www.google.com/bot.html)"
83.29.133.58 - - [07/Jan/2022:09:37:00 +0100] "GET /rss/ HTTP/2.0" 304 0 "-" "Mozilla/5.0 (Windows NT 10.0; Win64; x64) AppleWebKit/537.36 (KHTML, like Gecko) Chrome/96.0.4664.110 Safari/537.36 OPR/82.0.4227.43"
83.29.133.58 - - [07/Jan/2022:09:52:00 +0100] "GET /rss/ HTTP/2.0" 304 0 "-" "Mozilla/5.0 (Windows NT 10.0; Win64; x64) AppleWebKit/537.36 (KHTML, like Gecko) Chrome/96.0.4664.110 Safari/537.36 OPR/82.0.4227.43"
66.249.66.25 - - [07/Jan/2022:09:52:48 +0100] "GET /robots.txt HTTP/1.1" 200 108 "-" "Mozilla/5.0 (compatible; Googlebot/2.1; +http://www.google.com/bot.html)"
8.210.90.76 - - [07/Jan/2022:09:57:58 +0100] "GET / HTTP/1.0" 200 1345 "-" "-"
192.241.217.136 - - [07/Jan/2022:09:58:36 +0100] "GET /owa/auth/logon.aspx HTTP/1.1" 200 595 "-" "Mozilla/5.0 zgrab/0.x"
192.241.218.146 - - [07/Jan/2022:09:58:42 +0100] "GET /ecp/Current/exporttool/microsoft.exchange.ediscovery.exporttool.application HTTP/1.1" 200 595 "-" "Mozilla/5.0 zgrab/0.x"
192.241.206.119 - - [07/Jan/2022:10:00:20 +0100] "GET /owa/auth/x.js HTTP/1.1" 200 595 "-" "Mozilla/5.0 zgrab/0.x"
8.210.90.76 - - [07/Jan/2022:10:00:41 +0100] "GET / HTTP/1.0" 200 1345 "-" "-"
8.210.90.76 - - [07/Jan/2022:10:00:41 +0100] "GET /text4041641546040 HTTP/1.1" 200 1345 "-" "Mozilla/5.0 (compatible;)"
8.210.90.76 - - [07/Jan/2022:10:00:41 +0100] "POST /sdk HTTP/1.1" 405 150 "-" "Mozilla/5.0 (compatible;)"
8.210.90.76 - - [07/Jan/2022:10:00:42 +0100] "GET /textCheck1641546040 HTTP/1.1" 200 1345 "-" "Mozilla/5.0 (compatible;)"
8.210.90.76 - - [07/Jan/2022:10:00:42 +0100] "GET / HTTP/1.1" 200 1345 "-" "-"
8.210.90.76 - - [07/Jan/2022:10:00:44 +0100] "GET /text/folder/review1641546040 HTTP/1.1" 200 1345 "-" "Mozilla/5.0 (compatible;)"
8.210.90.76 - - [07/Jan/2022:10:01:08 +0100] "GET / HTTP/2.0" 200 583 "-" "-"
8.210.90.76 - - [07/Jan/2022:10:01:09 +0100] "GET /favicon.ico HTTP/1.1" 200 595 "-" "curl/7.75.0"
8.210.90.76 - - [07/Jan/2022:10:01:10 +0100] "GET /robots.txt HTTP/1.1" 200 595 "-" "curl/7.75.0"
83.29.133.58 - - [07/Jan/2022:10:07:01 +0100] "GET /rss/ HTTP/2.0" 304 0 "-" "Mozilla/5.0 (Windows NT 10.0; Win64; x64) AppleWebKit/537.36 (KHTML, like Gecko) Chrome/96.0.4664.110 Safari/537.36 OPR/82.0.4227.43"
83.29.133.58 - - [07/Jan/2022:10:16:41 +0100] "GET /ghost/ HTTP/2.0" 200 1553 "-" "Mozilla/5.0 (Windows NT 10.0; Win64; x64) AppleWebKit/537.36 (KHTML, like Gecko) Chrome/96.0.4664.110 Safari/537.36 OPR/82.0.4227.43"
83.29.133.58 - - [07/Jan/2022:10:16:42 +0100] "GET /ghost/api/canary/admin/users/me/?include=roles HTTP/2.0" 200 755 "https://krzwiatrzyk.eu/ghost/" "Mozilla/5.0 (Windows NT 10.0; Win64; x64) AppleWebKit/537.36 (KHTML, like Gecko) Chrome/96.0.4664.110 Safari/537.36 OPR/82.0.4227.43"
83.29.133.58 - - [07/Jan/2022:10:16:42 +0100] "GET /ghost/api/canary/admin/site/ HTTP/2.0" 200 339 "https://krzwiatrzyk.eu/ghost/" "Mozilla/5.0 (Windows NT 10.0; Win64; x64) AppleWebKit/537.36 (KHTML, like Gecko) Chrome/96.0.4664.110 Safari/537.36 OPR/82.0.4227.43"
83.29.133.58 - - [07/Jan/2022:10:16:42 +0100] "GET /ghost/api/canary/admin/config/ HTTP/2.0" 200 239 "https://krzwiatrzyk.eu/ghost/" "Mozilla/5.0 (Windows NT 10.0; Win64; x64) AppleWebKit/537.36 (KHTML, like Gecko) Chrome/96.0.4664.110 Safari/537.36 OPR/82.0.4227.43"
83.29.133.58 - - [07/Jan/2022:10:16:42 +0100] "GET /ghost/api/canary/admin/settings/?group=site%2Ctheme%2Cprivate%2Cmembers%2Cportal%2Cnewsletter%2Cemail%2Camp%2Clabs%2Cslack%2Cunsplash%2Cviews%2Cfirstpromoter%2Coauth%2Ceditor HTTP/2.0" 200 1857 "https://krzwiatrzyk.eu/ghost/" "Mozilla/5.0 (Windows NT 10.0; Win64; x64) AppleWebKit/537.36 (KHTML, like Gecko) Chrome/96.0.4664.110 Safari/537.36 OPR/82.0.4227.43"
83.29.133.58 - - [07/Jan/2022:10:16:42 +0100] "GET /ghost/api/canary/admin/notifications/ HTTP/2.0" 200 378 "https://krzwiatrzyk.eu/ghost/" "Mozilla/5.0 (Windows NT 10.0; Win64; x64) AppleWebKit/537.36 (KHTML, like Gecko) Chrome/96.0.4664.110 Safari/537.36 OPR/82.0.4227.43"
83.29.133.58 - - [07/Jan/2022:10:16:42 +0100] "GET /ghost/api/canary/admin/members/stats/count/ HTTP/2.0" 200 42 "https://krzwiatrzyk.eu/ghost/" "Mozilla/5.0 (Windows NT 10.0; Win64; x64) AppleWebKit/537.36 (KHTML, like Gecko) Chrome/96.0.4664.110 Safari/537.36 OPR/82.0.4227.43"
83.29.133.58 - - [07/Jan/2022:10:16:42 +0100] "GET /ghost/api/canary/admin/members/events/?limit=5 HTTP/2.0" 200 13 "https://krzwiatrzyk.eu/ghost/" "Mozilla/5.0 (Windows NT 10.0; Win64; x64) AppleWebKit/537.36 (KHTML, like Gecko) Chrome/96.0.4664.110 Safari/537.36 OPR/82.0.4227.43"
83.29.133.58 - - [07/Jan/2022:10:16:42 +0100] "GET /ghost/api/canary/admin/products/?include=monthly_price%2Cyearly_price&limit=all HTTP/2.0" 200 344 "https://krzwiatrzyk.eu/ghost/" "Mozilla/5.0 (Windows NT 10.0; Win64; x64) AppleWebKit/537.36 (KHTML, like Gecko) Chrome/96.0.4664.110 Safari/537.36 OPR/82.0.4227.43"
83.29.133.58 - - [07/Jan/2022:10:16:42 +0100] "GET /ghost/api/canary/admin/members/?filter=email_open_rate%3A-null&order=email_open_rate%20desc&limit=5&include=labels%2CemailRecipients HTTP/2.0" 200 101 "https://krzwiatrzyk.eu/ghost/" "Mozilla/5.0 (Windows NT 10.0; Win64; x64) AppleWebKit/537.36 (KHTML, like Gecko) Chrome/96.0.4664.110 Safari/537.36 OPR/82.0.4227.43"
83.29.133.58 - - [07/Jan/2022:10:16:42 +0100] "GET /ghost/api/canary/admin/emails/?filter=email_count%3A-0&order=submitted_at%20desc&limit=5 HTTP/2.0" 200 100 "https://krzwiatrzyk.eu/ghost/" "Mozilla/5.0 (Windows NT 10.0; Win64; x64) AppleWebKit/537.36 (KHTML, like Gecko) Chrome/96.0.4664.110 Safari/537.36 OPR/82.0.4227.43"
83.29.133.58 - - [07/Jan/2022:10:16:42 +0100] "GET /ghost/api/canary/admin/members/?filter=status%3Apaid&order=created_at%20asc&limit=5&include=labels%2CemailRecipients HTTP/2.0" 200 101 "https://krzwiatrzyk.eu/ghost/" "Mozilla/5.0 (Windows NT 10.0; Win64; x64) AppleWebKit/537.36 (KHTML, like Gecko) Chrome/96.0.4664.110 Safari/537.36 OPR/82.0.4227.43"
83.29.133.58 - - [07/Jan/2022:10:16:42 +0100] "GET /ghost/api/canary/admin/members/stats/mrr/ HTTP/2.0" 200 28 "https://krzwiatrzyk.eu/ghost/" "Mozilla/5.0 (Windows NT 10.0; Win64; x64) AppleWebKit/537.36 (KHTML, like Gecko) Chrome/96.0.4664.110 Safari/537.36 OPR/82.0.4227.43"
