192.53.170.163 - - [05/Nov/2021:16:13:57 +0100] "GET / HTTP/1.1" 200 595 "http://85.255.1.106/" "Mozilla/5.0 (Windows NT 10.0; Win64; x64) AppleWebKit/537.36 (KHTML, like Gecko) Chrome/60.0.3112.113 Safari/537.36"
117.50.110.5 - - [05/Nov/2021:16:20:09 +0100] "GET / HTTP/1.0" 301 162 "-" "-"
5.173.49.100 - - [05/Nov/2021:16:21:36 +0100] "GET /rss/ HTTP/2.0" 304 0 "-" "Mozilla/5.0 (Windows NT 10.0; Win64; x64) AppleWebKit/537.36 (KHTML, like Gecko) Chrome/94.0.4606.81 Safari/537.36 OPR/80.0.4170.63"
5.173.49.100 - - [05/Nov/2021:16:21:48 +0100] "GET /ghost HTTP/2.0" 301 0 "-" "Mozilla/5.0 (Windows NT 10.0; Win64; x64) AppleWebKit/537.36 (KHTML, like Gecko) Chrome/94.0.4606.81 Safari/537.36 OPR/80.0.4170.63"
5.173.49.100 - - [05/Nov/2021:16:21:48 +0100] "GET /ghost/ HTTP/2.0" 200 1553 "-" "Mozilla/5.0 (Windows NT 10.0; Win64; x64) AppleWebKit/537.36 (KHTML, like Gecko) Chrome/94.0.4606.81 Safari/537.36 OPR/80.0.4170.63"
5.173.49.100 - - [05/Nov/2021:16:21:49 +0100] "GET /ghost/assets/vendor.min-987af30228885bce50f05c4723fe6f53.css HTTP/2.0" 200 10454 "https://krzwiatrzyk.eu/ghost/" "Mozilla/5.0 (Windows NT 10.0; Win64; x64) AppleWebKit/537.36 (KHTML, like Gecko) Chrome/94.0.4606.81 Safari/537.36 OPR/80.0.4170.63"
5.173.49.100 - - [05/Nov/2021:16:21:49 +0100] "GET /ghost/assets/ghost.min-e7612edfa72b0fe2c201b387923e6fc7.css HTTP/2.0" 200 95025 "https://krzwiatrzyk.eu/ghost/" "Mozilla/5.0 (Windows NT 10.0; Win64; x64) AppleWebKit/537.36 (KHTML, like Gecko) Chrome/94.0.4606.81 Safari/537.36 OPR/80.0.4170.63"
5.173.49.100 - - [05/Nov/2021:16:21:51 +0100] "GET /ghost/assets/ghost.min-d1d99f3ed6e0f427874b2a11e7078475.js HTTP/2.0" 200 295307 "https://krzwiatrzyk.eu/ghost/" "Mozilla/5.0 (Windows NT 10.0; Win64; x64) AppleWebKit/537.36 (KHTML, like Gecko) Chrome/94.0.4606.81 Safari/537.36 OPR/80.0.4170.63"
5.173.49.100 - - [05/Nov/2021:16:21:51 +0100] "GET /ghost/assets/vendor.min-3660ec7864887f1496fe7a27fd23ab76.js HTTP/2.0" 200 904746 "https://krzwiatrzyk.eu/ghost/" "Mozilla/5.0 (Windows NT 10.0; Win64; x64) AppleWebKit/537.36 (KHTML, like Gecko) Chrome/94.0.4606.81 Safari/537.36 OPR/80.0.4170.63"
5.173.49.100 - - [05/Nov/2021:16:21:52 +0100] "GET /ghost/assets/img/favicon.ico HTTP/2.0" 200 3781 "https://krzwiatrzyk.eu/ghost/" "Mozilla/5.0 (Windows NT 10.0; Win64; x64) AppleWebKit/537.36 (KHTML, like Gecko) Chrome/94.0.4606.81 Safari/537.36 OPR/80.0.4170.63"
5.173.49.100 - - [05/Nov/2021:16:21:52 +0100] "GET /ghost/api/canary/admin/users/me/?include=roles HTTP/2.0" 200 689 "https://krzwiatrzyk.eu/ghost/" "Mozilla/5.0 (Windows NT 10.0; Win64; x64) AppleWebKit/537.36 (KHTML, like Gecko) Chrome/94.0.4606.81 Safari/537.36 OPR/80.0.4170.63"
5.173.49.100 - - [05/Nov/2021:16:21:52 +0100] "GET /ghost/api/canary/admin/site/ HTTP/2.0" 200 339 "https://krzwiatrzyk.eu/ghost/" "Mozilla/5.0 (Windows NT 10.0; Win64; x64) AppleWebKit/537.36 (KHTML, like Gecko) Chrome/94.0.4606.81 Safari/537.36 OPR/80.0.4170.63"
5.173.49.100 - - [05/Nov/2021:16:21:52 +0100] "GET /ghost/api/canary/admin/config/ HTTP/2.0" 200 239 "https://krzwiatrzyk.eu/ghost/" "Mozilla/5.0 (Windows NT 10.0; Win64; x64) AppleWebKit/537.36 (KHTML, like Gecko) Chrome/94.0.4606.81 Safari/537.36 OPR/80.0.4170.63"
5.173.49.100 - - [05/Nov/2021:16:21:52 +0100] "GET /ghost/api/canary/admin/settings/?group=site%2Ctheme%2Cprivate%2Cmembers%2Cportal%2Cnewsletter%2Cemail%2Camp%2Clabs%2Cslack%2Cunsplash%2Cviews%2Cfirstpromoter%2Coauth%2Ceditor HTTP/2.0" 200 1826 "https://krzwiatrzyk.eu/ghost/" "Mozilla/5.0 (Windows NT 10.0; Win64; x64) AppleWebKit/537.36 (KHTML, like Gecko) Chrome/94.0.4606.81 Safari/537.36 OPR/80.0.4170.63"
5.173.49.100 - - [05/Nov/2021:16:21:53 +0100] "GET /ghost/assets/ghost-dark-bb2831fc27fcb02893ed0a761207dc63.css HTTP/2.0" 200 98448 "https://krzwiatrzyk.eu/ghost/" "Mozilla/5.0 (Windows NT 10.0; Win64; x64) AppleWebKit/537.36 (KHTML, like Gecko) Chrome/94.0.4606.81 Safari/537.36 OPR/80.0.4170.63"
5.173.49.100 - - [05/Nov/2021:16:21:53 +0100] "GET /ghost/api/canary/admin/notifications/ HTTP/2.0" 200 378 "https://krzwiatrzyk.eu/ghost/" "Mozilla/5.0 (Windows NT 10.0; Win64; x64) AppleWebKit/537.36 (KHTML, like Gecko) Chrome/94.0.4606.81 Safari/537.36 OPR/80.0.4170.63"
5.173.49.100 - - [05/Nov/2021:16:21:53 +0100] "GET /ghost/api/canary/admin/members/stats/count/ HTTP/2.0" 200 42 "https://krzwiatrzyk.eu/ghost/" "Mozilla/5.0 (Windows NT 10.0; Win64; x64) AppleWebKit/537.36 (KHTML, like Gecko) Chrome/94.0.4606.81 Safari/537.36 OPR/80.0.4170.63"
5.173.49.100 - - [05/Nov/2021:16:21:53 +0100] "GET /ghost/api/canary/admin/members/events/?limit=5 HTTP/2.0" 200 13 "https://krzwiatrzyk.eu/ghost/" "Mozilla/5.0 (Windows NT 10.0; Win64; x64) AppleWebKit/537.36 (KHTML, like Gecko) Chrome/94.0.4606.81 Safari/537.36 OPR/80.0.4170.63"
5.173.49.100 - - [05/Nov/2021:16:21:53 +0100] "GET /ghost/api/canary/admin/members/?filter=email_open_rate%3A-null&order=email_open_rate%20desc&limit=5&include=labels%2CemailRecipients HTTP/2.0" 200 101 "https://krzwiatrzyk.eu/ghost/" "Mozilla/5.0 (Windows NT 10.0; Win64; x64) AppleWebKit/537.36 (KHTML, like Gecko) Chrome/94.0.4606.81 Safari/537.36 OPR/80.0.4170.63"
5.173.49.100 - - [05/Nov/2021:16:21:53 +0100] "GET /ghost/api/canary/admin/products/?include=monthly_price%2Cyearly_price&limit=all HTTP/2.0" 200 344 "https://krzwiatrzyk.eu/ghost/" "Mozilla/5.0 (Windows NT 10.0; Win64; x64) AppleWebKit/537.36 (KHTML, like Gecko) Chrome/94.0.4606.81 Safari/537.36 OPR/80.0.4170.63"
5.173.49.100 - - [05/Nov/2021:16:21:53 +0100] "GET /ghost/api/canary/admin/emails/?filter=email_count%3A-0&order=submitted_at%20desc&limit=5 HTTP/2.0" 200 100 "https://krzwiatrzyk.eu/ghost/" "Mozilla/5.0 (Windows NT 10.0; Win64; x64) AppleWebKit/537.36 (KHTML, like Gecko) Chrome/94.0.4606.81 Safari/537.36 OPR/80.0.4170.63"
5.173.49.100 - - [05/Nov/2021:16:21:53 +0100] "GET /content/images/2021/10/d417ce9e68114f09acc670e5928685a3--5-.png HTTP/2.0" 200 2741 "https://krzwiatrzyk.eu/ghost/" "Mozilla/5.0 (Windows NT 10.0; Win64; x64) AppleWebKit/537.36 (KHTML, like Gecko) Chrome/94.0.4606.81 Safari/537.36 OPR/80.0.4170.63"
5.173.49.100 - - [05/Nov/2021:16:21:53 +0100] "GET /ghost/assets/img/user-image-639a88b784fb5f10964be8b975ca9fdf.png HTTP/2.0" 200 2479 "https://krzwiatrzyk.eu/ghost/" "Mozilla/5.0 (Windows NT 10.0; Win64; x64) AppleWebKit/537.36 (KHTML, like Gecko) Chrome/94.0.4606.81 Safari/537.36 OPR/80.0.4170.63"
5.173.49.100 - - [05/Nov/2021:16:21:53 +0100] "GET /ghost/assets/img/dashboard/bp1-03a13253453b372d0bbd5e6a19b20fca.jpg HTTP/2.0" 200 262731 "https://krzwiatrzyk.eu/ghost/" "Mozilla/5.0 (Windows NT 10.0; Win64; x64) AppleWebKit/537.36 (KHTML, like Gecko) Chrome/94.0.4606.81 Safari/537.36 OPR/80.0.4170.63"
5.173.49.100 - - [05/Nov/2021:16:21:53 +0100] "GET /ghost/api/canary/admin/members/?filter=status%3Apaid&order=created_at%20asc&limit=5&include=labels%2CemailRecipients HTTP/2.0" 200 101 "https://krzwiatrzyk.eu/ghost/" "Mozilla/5.0 (Windows NT 10.0; Win64; x64) AppleWebKit/537.36 (KHTML, like Gecko) Chrome/94.0.4606.81 Safari/537.36 OPR/80.0.4170.63"
5.173.49.100 - - [05/Nov/2021:16:21:53 +0100] "GET /ghost/api/canary/admin/members/stats/mrr/ HTTP/2.0" 200 28 "https://krzwiatrzyk.eu/ghost/" "Mozilla/5.0 (Windows NT 10.0; Win64; x64) AppleWebKit/537.36 (KHTML, like Gecko) Chrome/94.0.4606.81 Safari/537.36 OPR/80.0.4170.63"
5.173.49.100 - - [05/Nov/2021:16:21:54 +0100] "GET /ghost/assets/img/dashboard/bp2-ed14f9f48c56d5d6fe997dc637a8b1ad.jpg HTTP/2.0" 200 66579 "https://krzwiatrzyk.eu/ghost/" "Mozilla/5.0 (Windows NT 10.0; Win64; x64) AppleWebKit/537.36 (KHTML, like Gecko) Chrome/94.0.4606.81 Safari/537.36 OPR/80.0.4170.63"
5.173.49.100 - - [05/Nov/2021:16:21:54 +0100] "GET /ghost/assets/img/dashboard/join-community-bb5478f7dca6c04a2d0baf2b02f880fb.jpg HTTP/2.0" 200 105052 "https://krzwiatrzyk.eu/ghost/" "Mozilla/5.0 (Windows NT 10.0; Win64; x64) AppleWebKit/537.36 (KHTML, like Gecko) Chrome/94.0.4606.81 Safari/537.36 OPR/80.0.4170.63"
5.173.49.100 - - [05/Nov/2021:16:36:35 +0100] "GET /rss/ HTTP/2.0" 304 0 "-" "Mozilla/5.0 (Windows NT 10.0; Win64; x64) AppleWebKit/537.36 (KHTML, like Gecko) Chrome/94.0.4606.81 Safari/537.36 OPR/80.0.4170.63"
5.173.49.100 - - [05/Nov/2021:16:51:35 +0100] "GET /rss/ HTTP/2.0" 304 0 "-" "Mozilla/5.0 (Windows NT 10.0; Win64; x64) AppleWebKit/537.36 (KHTML, like Gecko) Chrome/94.0.4606.81 Safari/537.36 OPR/80.0.4170.63"
66.249.70.103 - - [05/Nov/2021:17:01:32 +0100] "GET /robots.txt HTTP/1.1" 301 162 "-" "Mozilla/5.0 (compatible; Googlebot/2.1; +http://www.google.com/bot.html)"
66.249.70.121 - - [05/Nov/2021:17:01:32 +0100] "GET /robots.txt HTTP/1.1" 200 108 "-" "Mozilla/5.0 (compatible; Googlebot/2.1; +http://www.google.com/bot.html)"
5.173.49.100 - - [05/Nov/2021:17:06:35 +0100] "GET /rss/ HTTP/2.0" 304 0 "-" "Mozilla/5.0 (Windows NT 10.0; Win64; x64) AppleWebKit/537.36 (KHTML, like Gecko) Chrome/94.0.4606.81 Safari/537.36 OPR/80.0.4170.63"
1.15.153.144 - - [05/Nov/2021:17:21:14 +0100] "GET /phpmyadmin/index.php HTTP/1.1" 301 162 "http://85.255.1.106/phpmyadmin/index.php" "Mozilla/4.0 (compatible; MSIE 9.0; Windows NT 6.1)"
1.15.153.144 - - [05/Nov/2021:17:21:20 +0100] "GET /phpmyadmin/index.php HTTP/1.1" 404 27 "http://85.255.1.106/phpmyadmin/index.php" "Mozilla/4.0 (compatible; MSIE 9.0; Windows NT 6.1)"
5.173.49.100 - - [05/Nov/2021:17:21:35 +0100] "GET /rss/ HTTP/2.0" 304 0 "-" "Mozilla/5.0 (Windows NT 10.0; Win64; x64) AppleWebKit/537.36 (KHTML, like Gecko) Chrome/94.0.4606.81 Safari/537.36 OPR/80.0.4170.63"
209.141.62.185 - - [05/Nov/2021:17:27:32 +0100] "GET /config/getuser?index=0 HTTP/1.1" 301 162 "-" "Mozilla/5.0 (X11; Ubuntu; Linux x86_64; rv:76.0) Gecko/20100101 Firefox/76.0"
5.173.49.100 - - [05/Nov/2021:17:36:35 +0100] "GET /rss/ HTTP/2.0" 304 0 "-" "Mozilla/5.0 (Windows NT 10.0; Win64; x64) AppleWebKit/537.36 (KHTML, like Gecko) Chrome/94.0.4606.81 Safari/537.36 OPR/80.0.4170.63"
5.173.49.100 - - [05/Nov/2021:17:51:35 +0100] "GET /rss/ HTTP/2.0" 304 0 "-" "Mozilla/5.0 (Windows NT 10.0; Win64; x64) AppleWebKit/537.36 (KHTML, like Gecko) Chrome/94.0.4606.81 Safari/537.36 OPR/80.0.4170.63"
157.55.39.142 - - [05/Nov/2021:17:53:36 +0100] "GET /kubernetes-headless-service/ HTTP/2.0" 200 15938 "-" "Mozilla/5.0 (iPhone; CPU iPhone OS 7_0 like Mac OS X) AppleWebKit/537.51.1 (KHTML, like Gecko) Version/7.0 Mobile/11A465 Safari/9537.53 (compatible; bingbot/2.0; +http://www.bing.com/bingbot.htm)"
157.55.39.149 - - [05/Nov/2021:17:53:54 +0100] "GET /assets/scripts/main.js?v=e5a81d7637 HTTP/2.0" 200 9977 "-" "Mozilla/5.0 (iPhone; CPU iPhone OS 7_0 like Mac OS X) AppleWebKit/537.51.1 (KHTML, like Gecko) Version/7.0 Mobile/11A465 Safari/9537.53 (compatible; bingbot/2.0; +http://www.bing.com/bingbot.htm)"
207.46.13.2 - - [05/Nov/2021:17:53:59 +0100] "GET /assets/styles/main.css?v=e5a81d7637 HTTP/2.0" 200 14057 "-" "Mozilla/5.0 (iPhone; CPU iPhone OS 7_0 like Mac OS X) AppleWebKit/537.51.1 (KHTML, like Gecko) Version/7.0 Mobile/11A465 Safari/9537.53 (compatible; bingbot/2.0; +http://www.bing.com/bingbot.htm)"
5.173.49.100 - - [05/Nov/2021:18:06:35 +0100] "GET /rss/ HTTP/2.0" 304 0 "-" "Mozilla/5.0 (Windows NT 10.0; Win64; x64) AppleWebKit/537.36 (KHTML, like Gecko) Chrome/94.0.4606.81 Safari/537.36 OPR/80.0.4170.63"
157.55.39.149 - - [05/Nov/2021:18:07:29 +0100] "GET /sitemap.xml HTTP/2.0" 200 642 "-" "Mozilla/5.0 (compatible; bingbot/2.0; +http://www.bing.com/bingbot.htm)"
5.173.49.100 - - [05/Nov/2021:18:21:35 +0100] "GET /rss/ HTTP/2.0" 304 0 "-" "Mozilla/5.0 (Windows NT 10.0; Win64; x64) AppleWebKit/537.36 (KHTML, like Gecko) Chrome/94.0.4606.81 Safari/537.36 OPR/80.0.4170.63"
130.211.54.158 - - [05/Nov/2021:18:25:01 +0100] "GET / HTTP/1.1" 301 162 "-" "python-requests/2.26.0"
5.173.49.100 - - [05/Nov/2021:18:36:35 +0100] "GET /rss/ HTTP/2.0" 304 0 "-" "Mozilla/5.0 (Windows NT 10.0; Win64; x64) AppleWebKit/537.36 (KHTML, like Gecko) Chrome/94.0.4606.81 Safari/537.36 OPR/80.0.4170.63"
5.173.49.100 - - [05/Nov/2021:18:49:53 +0100] "GET / HTTP/2.0" 200 12713 "-" "Mozilla/5.0 (Windows NT 10.0; Win64; x64) AppleWebKit/537.36 (KHTML, like Gecko) Chrome/94.0.4606.81 Safari/537.36 OPR/80.0.4170.63"
5.173.49.100 - - [05/Nov/2021:18:49:53 +0100] "GET /assets/styles/main.css?v=e5a81d7637 HTTP/2.0" 200 14057 "https://krzwiatrzyk.eu/" "Mozilla/5.0 (Windows NT 10.0; Win64; x64) AppleWebKit/537.36 (KHTML, like Gecko) Chrome/94.0.4606.81 Safari/537.36 OPR/80.0.4170.63"
5.173.49.100 - - [05/Nov/2021:18:49:54 +0100] "GET /assets/scripts/main.js?v=e5a81d7637 HTTP/2.0" 200 9977 "https://krzwiatrzyk.eu/" "Mozilla/5.0 (Windows NT 10.0; Win64; x64) AppleWebKit/537.36 (KHTML, like Gecko) Chrome/94.0.4606.81 Safari/537.36 OPR/80.0.4170.63"
5.173.49.100 - - [05/Nov/2021:18:49:54 +0100] "GET /assets/scripts/pagination.js?v=e5a81d7637 HTTP/2.0" 200 852 "https://krzwiatrzyk.eu/" "Mozilla/5.0 (Windows NT 10.0; Win64; x64) AppleWebKit/537.36 (KHTML, like Gecko) Chrome/94.0.4606.81 Safari/537.36 OPR/80.0.4170.63"
5.173.49.100 - - [05/Nov/2021:18:49:54 +0100] "GET /content/images/size/w300/2021/10/d417ce9e68114f09acc670e5928685a3--5--1.png HTTP/2.0" 200 2741 "https://krzwiatrzyk.eu/" "Mozilla/5.0 (Windows NT 10.0; Win64; x64) AppleWebKit/537.36 (KHTML, like Gecko) Chrome/94.0.4606.81 Safari/537.36 OPR/80.0.4170.63"
5.173.49.100 - - [05/Nov/2021:18:49:54 +0100] "GET /content/images/size/w1000/2021/10/Screenshot_8.png HTTP/2.0" 200 243714 "https://krzwiatrzyk.eu/" "Mozilla/5.0 (Windows NT 10.0; Win64; x64) AppleWebKit/537.36 (KHTML, like Gecko) Chrome/94.0.4606.81 Safari/537.36 OPR/80.0.4170.63"
5.173.49.100 - - [05/Nov/2021:18:49:54 +0100] "GET /favicon.png HTTP/2.0" 200 2741 "https://krzwiatrzyk.eu/" "Mozilla/5.0 (Windows NT 10.0; Win64; x64) AppleWebKit/537.36 (KHTML, like Gecko) Chrome/94.0.4606.81 Safari/537.36 OPR/80.0.4170.63"
5.173.49.100 - - [05/Nov/2021:18:51:35 +0100] "GET /rss/ HTTP/2.0" 304 0 "-" "Mozilla/5.0 (Windows NT 10.0; Win64; x64) AppleWebKit/537.36 (KHTML, like Gecko) Chrome/94.0.4606.81 Safari/537.36 OPR/80.0.4170.63"
209.141.62.185 - - [05/Nov/2021:18:58:50 +0100] "GET /config/getuser?index=0 HTTP/1.1" 301 162 "-" "Mozilla/5.0 (X11; Ubuntu; Linux x86_64; rv:76.0) Gecko/20100101 Firefox/76.0"
40.88.21.235 - - [05/Nov/2021:19:04:24 +0100] "GET / HTTP/1.1" 301 162 "http://krzwiatrzyk.eu/" "Mozilla/5.0 (compatible; DuckDuckGo-Favicons-Bot/1.0; +http://duckduckgo.com)"
40.88.21.235 - - [05/Nov/2021:19:04:25 +0100] "GET / HTTP/1.1" 200 12726 "https://krzwiatrzyk.eu/" "Mozilla/5.0 (compatible; DuckDuckGo-Favicons-Bot/1.0; +http://duckduckgo.com)"
40.88.21.235 - - [05/Nov/2021:19:04:25 +0100] "GET /favicon.png HTTP/1.1" 200 2741 "https://krzwiatrzyk.eu/favicon.png" "Mozilla/5.0 (compatible; DuckDuckGo-Favicons-Bot/1.0; +http://duckduckgo.com)"
5.173.49.100 - - [05/Nov/2021:19:06:35 +0100] "GET /rss/ HTTP/2.0" 304 0 "-" "Mozilla/5.0 (Windows NT 10.0; Win64; x64) AppleWebKit/537.36 (KHTML, like Gecko) Chrome/94.0.4606.81 Safari/537.36 OPR/80.0.4170.63"
23.146.241.135 - - [05/Nov/2021:19:12:09 +0100] "GET /dispatch.asp HTTP/1.1" 301 162 "-" "Mozilla/5.0 (iPad; CPU OS 7_1_2 like Mac OS X; en-US) AppleWebKit/531.5.2 (KHTML, like Gecko) Version/4.0.5 Mobile/8B116 Safari/6531.5.2"
5.173.49.100 - - [05/Nov/2021:19:21:35 +0100] "GET /rss/ HTTP/2.0" 304 0 "-" "Mozilla/5.0 (Windows NT 10.0; Win64; x64) AppleWebKit/537.36 (KHTML, like Gecko) Chrome/94.0.4606.81 Safari/537.36 OPR/80.0.4170.63"
5.173.49.100 - - [05/Nov/2021:19:36:35 +0100] "GET /rss/ HTTP/2.0" 304 0 "-" "Mozilla/5.0 (Windows NT 10.0; Win64; x64) AppleWebKit/537.36 (KHTML, like Gecko) Chrome/94.0.4606.81 Safari/537.36 OPR/80.0.4170.63"
5.173.49.100 - - [05/Nov/2021:19:51:35 +0100] "GET /rss/ HTTP/2.0" 304 0 "-" "Mozilla/5.0 (Windows NT 10.0; Win64; x64) AppleWebKit/537.36 (KHTML, like Gecko) Chrome/94.0.4606.81 Safari/537.36 OPR/80.0.4170.63"
5.173.49.100 - - [05/Nov/2021:20:06:35 +0100] "GET /rss/ HTTP/2.0" 304 0 "-" "Mozilla/5.0 (Windows NT 10.0; Win64; x64) AppleWebKit/537.36 (KHTML, like Gecko) Chrome/94.0.4606.81 Safari/537.36 OPR/80.0.4170.63"
5.173.49.100 - - [05/Nov/2021:20:21:35 +0100] "GET /rss/ HTTP/2.0" 304 0 "-" "Mozilla/5.0 (Windows NT 10.0; Win64; x64) AppleWebKit/537.36 (KHTML, like Gecko) Chrome/94.0.4606.81 Safari/537.36 OPR/80.0.4170.63"
207.46.13.170 - - [05/Nov/2021:20:33:18 +0100] "GET / HTTP/2.0" 200 12713 "-" "Mozilla/5.0 (compatible; bingbot/2.0; +http://www.bing.com/bingbot.htm)"
5.173.49.100 - - [05/Nov/2021:20:36:35 +0100] "GET /rss/ HTTP/2.0" 304 0 "-" "Mozilla/5.0 (Windows NT 10.0; Win64; x64) AppleWebKit/537.36 (KHTML, like Gecko) Chrome/94.0.4606.81 Safari/537.36 OPR/80.0.4170.63"
209.141.44.172 - - [05/Nov/2021:20:44:37 +0100] "GET / HTTP/1.1" 301 162 "-" "Mozilla/5.0 (X11; Ubuntu; Linux x86_64; rv:76.0) Gecko/20100101 Firefox/76.0"
5.173.49.100 - - [05/Nov/2021:20:51:35 +0100] "GET /rss/ HTTP/2.0" 304 0 "-" "Mozilla/5.0 (Windows NT 10.0; Win64; x64) AppleWebKit/537.36 (KHTML, like Gecko) Chrome/94.0.4606.81 Safari/537.36 OPR/80.0.4170.63"
54.211.203.47 - - [05/Nov/2021:20:56:19 +0100] "GET /rss HTTP/1.1" 301 5 "-" "Ruby"
54.211.203.47 - - [05/Nov/2021:20:56:20 +0100] "GET /rss/ HTTP/1.1" 200 2226 "-" "Ruby"
45.33.96.205 - - [05/Nov/2021:21:02:23 +0100] "GET / HTTP/1.1" 200 595 "-" "Mozilla/5.0 (Windows NT 10.0; Win64; x64) AppleWebKit/537.36 (KHTML, like Gecko) Chrome/60.0.3112.113 Safari/537.36"
5.173.49.100 - - [05/Nov/2021:21:06:35 +0100] "GET /rss/ HTTP/2.0" 304 0 "-" "Mozilla/5.0 (Windows NT 10.0; Win64; x64) AppleWebKit/537.36 (KHTML, like Gecko) Chrome/94.0.4606.81 Safari/537.36 OPR/80.0.4170.63"
5.173.49.100 - - [05/Nov/2021:21:21:35 +0100] "GET /rss/ HTTP/2.0" 304 0 "-" "Mozilla/5.0 (Windows NT 10.0; Win64; x64) AppleWebKit/537.36 (KHTML, like Gecko) Chrome/94.0.4606.81 Safari/537.36 OPR/80.0.4170.63"
5.173.49.100 - - [05/Nov/2021:21:36:35 +0100] "GET /rss/ HTTP/2.0" 304 0 "-" "Mozilla/5.0 (Windows NT 10.0; Win64; x64) AppleWebKit/537.36 (KHTML, like Gecko) Chrome/94.0.4606.81 Safari/537.36 OPR/80.0.4170.63"
5.173.49.100 - - [05/Nov/2021:21:51:35 +0100] "GET /rss/ HTTP/2.0" 304 0 "-" "Mozilla/5.0 (Windows NT 10.0; Win64; x64) AppleWebKit/537.36 (KHTML, like Gecko) Chrome/94.0.4606.81 Safari/537.36 OPR/80.0.4170.63"
89.248.165.120 - - [05/Nov/2021:21:58:23 +0100] "\x03\x00\x00\x13\x0E\xE0\x00\x00\x00\x00\x00\x01\x00\x08\x00\x02\x00\x00\x00" 400 150 "-" "-"
5.173.49.100 - - [05/Nov/2021:22:06:35 +0100] "GET /rss/ HTTP/2.0" 304 0 "-" "Mozilla/5.0 (Windows NT 10.0; Win64; x64) AppleWebKit/537.36 (KHTML, like Gecko) Chrome/94.0.4606.81 Safari/537.36 OPR/80.0.4170.63"
23.148.145.240 - - [05/Nov/2021:22:07:30 +0100] "GET / HTTP/1.1" 301 162 "-" "libwww-perl/6.57"
23.148.145.240 - - [05/Nov/2021:22:07:30 +0100] "GET / HTTP/1.1" 200 1345 "-" "libwww-perl/6.57"
23.148.145.240 - - [05/Nov/2021:22:14:42 +0100] "GET / HTTP/1.1" 200 1345 "-" "libwww-perl/6.57"
5.173.49.100 - - [05/Nov/2021:22:21:35 +0100] "GET /rss/ HTTP/2.0" 304 0 "-" "Mozilla/5.0 (Windows NT 10.0; Win64; x64) AppleWebKit/537.36 (KHTML, like Gecko) Chrome/94.0.4606.81 Safari/537.36 OPR/80.0.4170.63"
5.173.49.100 - - [05/Nov/2021:22:36:35 +0100] "GET /rss/ HTTP/2.0" 304 0 "-" "Mozilla/5.0 (Windows NT 10.0; Win64; x64) AppleWebKit/537.36 (KHTML, like Gecko) Chrome/94.0.4606.81 Safari/537.36 OPR/80.0.4170.63"
5.173.49.100 - - [05/Nov/2021:22:51:35 +0100] "GET /rss/ HTTP/2.0" 304 0 "-" "Mozilla/5.0 (Windows NT 10.0; Win64; x64) AppleWebKit/537.36 (KHTML, like Gecko) Chrome/94.0.4606.81 Safari/537.36 OPR/80.0.4170.63"
209.141.56.209 - - [05/Nov/2021:22:59:57 +0100] "GET / HTTP/1.1" 301 162 "-" "Linux Gnu (cow)"
5.173.49.100 - - [05/Nov/2021:23:06:35 +0100] "GET /rss/ HTTP/2.0" 304 0 "-" "Mozilla/5.0 (Windows NT 10.0; Win64; x64) AppleWebKit/537.36 (KHTML, like Gecko) Chrome/94.0.4606.81 Safari/537.36 OPR/80.0.4170.63"
186.190.224.131 - - [05/Nov/2021:23:08:33 +0100] "GET / HTTP/1.1" 301 162 "-" "Mozilla/5.0 (Windows NT 10.0; WOW64) AppleWebKit/537.36 (KHTML, like Gecko) Chrome/52.0.2743.116 Safari/537.36"
5.173.49.100 - - [05/Nov/2021:23:21:35 +0100] "GET /rss/ HTTP/2.0" 304 0 "-" "Mozilla/5.0 (Windows NT 10.0; Win64; x64) AppleWebKit/537.36 (KHTML, like Gecko) Chrome/94.0.4606.81 Safari/537.36 OPR/80.0.4170.63"
180.149.125.169 - - [05/Nov/2021:23:29:18 +0100] "GET / HTTP/1.1" 301 162 "-" "Mozilla/5.0 (Windows NT 5.1; Win64; x64) AppleWebKit/537.36 (KHTML, like Gecko) Chrome/60.0.3112.90 Safari/537.36"
180.149.125.169 - - [05/Nov/2021:23:29:19 +0100] "GET / HTTP/1.1" 200 595 "http://85.255.1.106/" "Mozilla/5.0 (Windows NT 5.1; Win64; x64) AppleWebKit/537.36 (KHTML, like Gecko) Chrome/60.0.3112.90 Safari/537.36"
157.55.39.149 - - [05/Nov/2021:23:56:13 +0100] "GET / HTTP/1.1" 301 162 "-" "Mozilla/5.0 (compatible; bingbot/2.0; +http://www.bing.com/bingbot.htm)"
20.115.114.27 - - [06/Nov/2021:00:31:54 +0100] "HEAD /robots.txt HTTP/1.0" 301 0 "-" "-"
165.227.203.23 - - [06/Nov/2021:00:32:36 +0100] "GET / HTTP/1.1" 301 162 "-" "Mozilla/5.0 (Windows NT 10.0; Win64; x64) AppleWebKit/537.36 (KHTML, like Gecko) Chrome/83.0.4103.61 Safari/537.36"
165.227.203.23 - - [06/Nov/2021:00:32:37 +0100] "GET / HTTP/1.1" 200 595 "-" "Mozilla/5.0 (Windows NT 10.0; Win64; x64) AppleWebKit/537.36 (KHTML, like Gecko) Chrome/83.0.4103.61 Safari/537.36"
165.227.203.23 - - [06/Nov/2021:00:32:37 +0100] "GET /favicon.ico HTTP/1.1" 200 595 "-" "Mozilla/5.0 (Windows NT 10.0; Win64; x64) AppleWebKit/537.36 (KHTML, like Gecko) Chrome/83.0.4103.61 Safari/537.36"
165.227.203.23 - - [06/Nov/2021:00:32:38 +0100] "GET / HTTP/1.1" 301 162 "-" "Mozilla/5.0 (Windows NT 10.0; Win64; x64) AppleWebKit/537.36 (KHTML, like Gecko) Chrome/83.0.4103.61 Safari/537.36"
165.227.203.23 - - [06/Nov/2021:00:32:38 +0100] "GET / HTTP/2.0" 200 583 "-" "Mozilla/5.0 (Windows NT 10.0; Win64; x64) AppleWebKit/537.36 (KHTML, like Gecko) Chrome/83.0.4103.61 Safari/537.36"
209.141.44.172 - - [06/Nov/2021:01:03:08 +0100] "GET / HTTP/1.1" 301 162 "-" "Mozilla/5.0 (X11; Ubuntu; Linux x86_64; rv:76.0) Gecko/20100101 Firefox/76.0"
209.141.62.185 - - [06/Nov/2021:01:18:28 +0100] "GET /config/getuser?index=0 HTTP/1.1" 400 248 "-" "Mozilla/5.0 (X11; Ubuntu; Linux x86_64; rv:76.0) Gecko/20100101 Firefox/76.0"
180.149.125.173 - - [06/Nov/2021:01:29:24 +0100] "GET / HTTP/1.1" 301 162 "-" "Mozilla/5.0 (Windows NT 5.1; Win64; x64) AppleWebKit/537.36 (KHTML, like Gecko) Chrome/60.0.3112.90 Safari/537.36"
180.149.125.173 - - [06/Nov/2021:01:29:26 +0100] "GET / HTTP/1.1" 200 595 "http://85.255.1.106/" "Mozilla/5.0 (Windows NT 5.1; Win64; x64) AppleWebKit/537.36 (KHTML, like Gecko) Chrome/60.0.3112.90 Safari/537.36"
172.104.131.24 - - [06/Nov/2021:01:42:23 +0100] "R\x93\x00\x00\xFF\xFF\xFF\xFF\x005ABC\x00" 400 150 "-" "-"
20.115.114.27 - - [06/Nov/2021:01:54:42 +0100] "HEAD /robots.txt HTTP/1.0" 301 0 "-" "-"
209.141.56.209 - - [06/Nov/2021:01:54:53 +0100] "GET / HTTP/1.1" 301 162 "-" "Linux Gnu (cow)"
216.218.206.67 - - [06/Nov/2021:01:55:10 +0100] "GET / HTTP/1.1" 200 1345 "-" "-"
52.91.254.37 - - [06/Nov/2021:01:55:14 +0100] "GET /rss HTTP/1.1" 301 5 "-" "Ruby"
52.91.254.37 - - [06/Nov/2021:01:55:15 +0100] "GET /rss/ HTTP/1.1" 200 2221 "-" "Ruby"
162.142.125.41 - - [06/Nov/2021:01:56:36 +0100] "GET / HTTP/1.1" 301 162 "-" "-"
162.142.125.41 - - [06/Nov/2021:01:56:36 +0100] "GET / HTTP/1.1" 301 162 "-" "Mozilla/5.0 (compatible; CensysInspect/1.1; +https://about.censys.io/)"
162.142.125.41 - - [06/Nov/2021:01:56:37 +0100] "GET / HTTP/1.1" 200 595 "-" "Mozilla/5.0 (compatible; CensysInspect/1.1; +https://about.censys.io/)"
188.75.171.194 - - [06/Nov/2021:02:42:56 +0100] "GET / HTTP/1.0" 301 162 "-" "-"
185.142.236.43 - - [06/Nov/2021:03:07:49 +0100] "GET / HTTP/1.1" 301 162 "-" "Mozilla/5.0 (Windows NT 6.1) AppleWebKit/537.36 (KHTML, like Gecko) Chrome/41.0.2228.0 Safari/537.36"
185.142.236.43 - - [06/Nov/2021:03:07:51 +0100] "GET /robots.txt HTTP/1.1" 301 162 "-" "-"
185.142.236.43 - - [06/Nov/2021:03:07:52 +0100] "GET /sitemap.xml HTTP/1.1" 301 162 "-" "-"
185.142.236.43 - - [06/Nov/2021:03:07:52 +0100] "GET /.well-known/security.txt HTTP/1.1" 301 162 "-" "-"
185.142.236.43 - - [06/Nov/2021:03:07:53 +0100] "GET /favicon.ico HTTP/1.1" 301 162 "-" "Mozilla/5.0 (Macintosh; Intel Mac OS X 10.15; rv:80.0) Gecko/20100101 Firefox/80.0"
185.142.236.43 - - [06/Nov/2021:03:07:54 +0100] "GET /favicon.ico HTTP/1.1" 200 595 "-" "Mozilla/5.0 (Macintosh; Intel Mac OS X 10.15; rv:80.0) Gecko/20100101 Firefox/80.0"
185.142.236.43 - - [06/Nov/2021:03:07:55 +0100] "\x03z\xE3\x85a\x00\x00\x00\x00\x00\x00\x00\x00\x00\x00\x00\x00\x00\x00\x00\x00\x00\x00\x00\x00\x00\x00\x00\x00\x00\x00\x00\x00\x00\x00\x00\x00\x00\x00\x00\x00\x00\x00\x00\x00\x00\x00\x00\x00\x00\x00\x00\x00\x00\x00\x00\x00\x00\x00\x00\x00\x00\x00\x00\x00\x00\x00\x00\x00\x00\x00\x00\x00\x00\x00\x00\x00\x00\x00\x00\x00\x00\x00\x00\x00\x00\x00\x00\x00\x00\x00\x00\x00\x00\x00\x00\x00\x00\x00\x00\x00\x00\x00\x00\x00\x00\x00\x00\x00\x00\x00\x00\x00\x00\x00\x00\x00\x00\x00\x00\x00\x00\x00\x00\x00\x00\x00\x00\x00\x00\x00\x00\x00\x00\x00\x00\x00\x00\x00\x00\x00\x00\x00\x00\x00\x00\x00\x00\x00\x00\x00\x00\x00\x00\x00\x00\x00\x00\x00\x00\x00\x00\x00\x00\x00\x00\x00\x00\x00\x00\x00\x00\x00\x00\x00\x00\x00\x00\x00\x00\x00\x00\x00\x00\x00\x00\x00\x00\x00\x00\x00\x00\x00\x00\x00\x00\x00\x00\x00\x00\x00\x00\x00\x00\x00\x00\x00\x00\x00\x00\x00\x00\x00\x00\x00\x00\x00\x00\x00\x00\x00\x00\x00\x00\x00\x00\x00\x00\x00\x00\x00\x00\x00\x00\x00\x00\x00\x00\x00\x00\x00\x00\x00\x00\x00\x00\x00\x00\x00\x00\x00\x00\x00\x00\x00\x00\x00\x00\x00\x00\x00\x00\x00\x00\x00\x00\x00\x00\x00\x00\x00\x00\x00\x00\x00\x00\x00\x00\x00\x00\x00\x00\x00\x00\x00\x00\x00\x00\x00\x00\x00\x00\x00\x00\x00\x00\x00\x00\x00\x00\x00\x00\x00\x00\x00\x00\x00\x00\x00\x00\x00\x00\x00\x00\x00\x00\x00\x00\x00\x00\x00\x00\x00\x00\x00\x00\x00\x00\x00\x00\x00\x00\x00\x00\x00\x00\x00\x00\x00\x00\x00\x00\x00\x00\x00\x00\x00\x00\x00\x00\x00\x00\x00\x00\x00\x00\x00\x00\x00\x00\x00\x00\x00\x00\x00\x00\x00\x00\x00\x00\x00\x00\x00\x00\x00\x00\x00\x00\x00\x00\x00\x00\x00\x00\x00\x00\x00\x00\x00\x00\x00\x00\x00\x00\x00\x00\x00\x00\x00\x00\x00\x00\x00\x00\x00\x00\x00\x00\x00\x00\x00\x00\x00\x00\x00\x00\x00\x00\x00\x00\x00\x00\x00\x00\x00\x00\x00\x00\x00\x00\x00\x00\x00\x00\x00\x00\x00\x00\x00\x00\x00\x00\x00\x00\x00\x00\x00\x00\x00\x00\x00\x00\x00\x00\x00\x00\x00\x00\x00\x00\x00\x00\x00\x00\x00\x00\x00\x00\x00\x00\x00\x00\x00\x00\x00\x00\x00\x00\x00\x00\x00\x00\x00\x00\x00\x00\x00\x00\x00\x00\x00\x00\x00\x00\x00\x00\x00\x00\x00\x00\x00\x00\x00\x00\x00\x00\x00\x00\x00\x00\x00\x00\x00\x00\x00\x00\x00\x00\x00\x00\x00\x00\x00\x00\x00\x00\x00\x00\x00\x00\x00\x00\x00\x00\x00\x00\x00\x00\x00\x00\x00\x00\x00\x00\x00\x00\x00\x00\x00\x00\x00\x00\x00\x00\x00\x00\x00\x00\x00\x00\x00\x00\x00\x00\x00\x00\x00\x00\x00\x00\x00\x00\x00\x00\x00\x00\x00\x00\x00\x00\x00\x00\x00\x00\x00\x00\x00\x00\x00\x00\x00\x00\x00\x00\x00\x00\x00\x00\x00\x00\x00\x00\x00\x00\x00\x00\x00\x00\x00\x00\x00\x00\x00\x00\x00\x00\x00\x00\x00\x00\x00\x00\x00\x00\x00\x00\x00\x00\x00\x00\x00\x00\x00\x00\x00\x00\x00\x00\x00\x00\x00\x00\x00\x00\x00\x00\x00\x00\x00\x00\x00\x00\x00\x00\x00\x00\x00\x00\x00\x00\x00\x00\x00\x00\x00\x00\x00\x00\x00\x00\x00\x00\x00\x00\x00\x00\x00\x00\x00\x00\x00\x00\x00\x00\x00\x00\x00\x00\x00\x00\x00\x00\x00\x00\x00\x00\x00\x00\x00\x00\x00\x00\x00\x00\x00\x00\x00\x00\x00\x00\x00\x00\x00\x00\x00\x00\x00\x00\x00\x00\x00\x00\x00\x00\x00\x00\x00\x00\x00\x00\x00\x00\x00\x00\x00\x00\x00\x00\x00\x00\x00\x00\x00\x00\x00\x00\x00\x00\x00\x00\x00\x00\x00\x00\x00\x00\x00\x00\x00\x00\x00\x00\x00\x00\x00\x00\x00\x00\x00\x00\x00\x00\x00\x00\x00\x00\x00\x00\x00\x00\x00\x00\x00\x00\x00\x00\x00\x00\x00\x00\x00\x00\x00\x00\x00\x00\x00\x00\x00\x00\x00\x00\x00\x00\x00\x00\x00\x00\x00\x00\x00\x00\x00\x00\x00\x00\x00\x00\x00\x00\x00\x00\x00\x00\x00\x00\x00\x00\x00\x00\x00\x00\x00\x00\x00\x00\x00\x00\x00\x00\x00\x00\x00\x00\x00\x00\x00\x00\x00\x00\x00\x00\x00\x00\x00\x00\x00\x00\x00\x00\x00\x00\x00\x00\x00\x00\x00\x00\x00\x00\x00\x00\x00\x00\x00\x00\x00\x00\x00\x00\x00\x00\x00\x00\x00\x00\x00\x00\x00\x00\x00\x00\x00\x00\x00\x00\x00\x00\x00\x00\x00\x00\x00\x00\x00\x00\x00\x00\x00\x00\x00\x00\x00\x00\x00\x00\x00\x00\x00\x00\x00\x00\x00\x00\x00\x00\x00\x00\x00\x00\x00\x00\x00\x00\x00\x00\x00\x00\x00\x00\x00\x00\x00\x00\x00\x00\x00\x00\x00\x00\x00\x00\x00\x00\x00\x00\x00\x00\x00\x00\x00\x00\x00\x00\x00\x00\x00\x00\x00\x00\x00\x00\x00\x00\x00\x00\x00\x00\x00\x00\x00\x00\x00\x00\x00\x00\x00\x00\x00\x00\x00\x00\x00\x00\x00\x00\x00\x00\x00\x00\x00\x00\x00\x00\x00\x00\x00\x00\x00\x00\x00\x00\x00\x00\x00\x00\x00\x00\x00\x00\x00\x00\x00\x00" 400 150 "-" "-"
35.195.93.98 - - [06/Nov/2021:03:11:16 +0100] "GET / HTTP/1.1" 301 162 "-" "python-requests/2.26.0"
180.149.125.163 - - [06/Nov/2021:03:31:53 +0100] "GET / HTTP/1.1" 301 162 "-" "Mozilla/5.0 (Windows NT 5.1; Win64; x64) AppleWebKit/537.36 (KHTML, like Gecko) Chrome/60.0.3112.90 Safari/537.36"
180.149.125.163 - - [06/Nov/2021:03:31:54 +0100] "GET / HTTP/1.1" 200 595 "http://85.255.1.106/" "Mozilla/5.0 (Windows NT 5.1; Win64; x64) AppleWebKit/537.36 (KHTML, like Gecko) Chrome/60.0.3112.90 Safari/537.36"
192.241.206.208 - - [06/Nov/2021:03:33:38 +0100] "GET /ecp/Current/exporttool/microsoft.exchange.ediscovery.exporttool.application HTTP/1.1" 200 595 "-" "Mozilla/5.0 zgrab/0.x"
54.36.108.101 - - [06/Nov/2021:03:52:44 +0100] "GET /webadmin/Index.action HTTP/1.1" 200 1345 "-" "Mozilla/5.0 (X11; Ubuntu; Linux x86_64; rv:88.0) Gecko/20100101 Firefox/88.0"
207.46.13.173 - - [06/Nov/2021:04:28:40 +0100] "GET /signin/ HTTP/2.0" 404 11967 "-" "Mozilla/5.0 (compatible; bingbot/2.0; +http://www.bing.com/bingbot.htm)"
161.97.87.64 - - [06/Nov/2021:05:01:47 +0100] "GET /recordings HTTP/1.1" 200 1345 "-" "Mozilla/5.0 (Windows NT 10.0; Win64; x64) AppleWebKit/537.36 (KHTML, like Gecko) Chrome/91.0.4472.124 Safari/537.36"
161.97.87.64 - - [06/Nov/2021:05:05:20 +0100] "GET /recordings HTTP/1.1" 400 650 "-" "Mozilla/5.0 (Windows NT 10.0; Win64; x64) AppleWebKit/537.36 (KHTML, like Gecko) Chrome/91.0.4472.124 Safari/537.36"
104.206.128.14 - - [06/Nov/2021:05:12:34 +0100] "GET / HTTP/1.1" 301 162 "-" "https://gdnplus.com:Gather Analyze Provide."
104.206.128.14 - - [06/Nov/2021:05:12:35 +0100] "GET / HTTP/1.1" 200 1345 "http://85.255.1.106:80/" "Go http package"
207.46.13.170 - - [06/Nov/2021:05:58:58 +0100] "GET / HTTP/2.0" 200 12713 "-" "Mozilla/5.0 (compatible; bingbot/2.0; +http://www.bing.com/bingbot.htm)"
167.94.138.113 - - [06/Nov/2021:06:21:19 +0100] "GET / HTTP/1.1" 200 1345 "-" "-"
167.94.138.113 - - [06/Nov/2021:06:21:19 +0100] "GET / HTTP/1.1" 200 595 "-" "Mozilla/5.0 (compatible; CensysInspect/1.1; +https://about.censys.io/)"
207.46.13.173 - - [06/Nov/2021:06:29:49 +0100] "GET /signin/ HTTP/2.0" 404 11967 "-" "Mozilla/5.0 (compatible; bingbot/2.0; +http://www.bing.com/bingbot.htm)"
209.141.62.185 - - [06/Nov/2021:06:33:17 +0100] "GET /config/getuser?index=0 HTTP/1.1" 301 162 "-" "Mozilla/5.0 (X11; Ubuntu; Linux x86_64; rv:76.0) Gecko/20100101 Firefox/76.0"
185.142.236.43 - - [06/Nov/2021:06:47:21 +0100] "GET / HTTP/1.1" 200 1345 "-" "Mozilla/5.0 (X11; Linux x86_64) AppleWebKit/537.36 (KHTML, like Gecko) Chrome/34.0.1847.137 Safari/537.36"
185.142.236.43 - - [06/Nov/2021:06:48:05 +0100] "" 400 0 "-" "-"
185.142.236.43 - - [06/Nov/2021:06:48:06 +0100] "" 400 0 "-" "-"
185.142.236.43 - - [06/Nov/2021:06:48:07 +0100] "" 400 0 "-" "-"
185.142.236.43 - - [06/Nov/2021:06:48:11 +0100] "GET /robots.txt HTTP/1.1" 200 1345 "-" "-"
185.142.236.43 - - [06/Nov/2021:06:48:11 +0100] "GET /sitemap.xml HTTP/1.1" 200 1345 "-" "-"
185.142.236.43 - - [06/Nov/2021:06:48:14 +0100] "GET /.well-known/security.txt HTTP/1.1" 200 1345 "-" "-"
185.142.236.43 - - [06/Nov/2021:06:48:15 +0100] "GET /favicon.ico HTTP/1.1" 200 595 "-" "Mozilla/5.0 (Macintosh; Intel Mac OS X 10.15; rv:80.0) Gecko/20100101 Firefox/80.0"
185.142.236.43 - - [06/Nov/2021:06:48:16 +0100] "" 400 0 "-" "-"
185.142.236.43 - - [06/Nov/2021:06:48:19 +0100] "\x03\x1F\x17\x86a\x00\x00\x00\x00\x00\x00\x00\x00\x00\x00\x00\x00\x00\x00\x00\x00\x00\x00\x00\x00\x00\x00\x00\x00\x00\x00\x00\x00\x00\x00\x00\x00\x00\x00\x00\x00\x00\x00\x00\x00\x00\x00\x00\x00\x00\x00\x00\x00\x00\x00\x00\x00\x00\x00\x00\x00\x00\x00\x00\x00\x00\x00\x00\x00\x00\x00\x00\x00\x00\x00\x00\x00\x00\x00\x00\x00\x00\x00\x00\x00\x00\x00\x00\x00\x00\x00\x00\x00\x00\x00\x00\x00\x00\x00\x00\x00\x00\x00\x00\x00\x00\x00\x00\x00\x00\x00\x00\x00\x00\x00\x00\x00\x00\x00\x00\x00\x00\x00\x00\x00\x00\x00\x00\x00\x00\x00\x00\x00\x00\x00\x00\x00\x00\x00\x00\x00\x00\x00\x00\x00\x00\x00\x00\x00\x00\x00\x00\x00\x00\x00\x00\x00\x00\x00\x00\x00\x00\x00\x00\x00\x00\x00\x00\x00\x00\x00\x00\x00\x00\x00\x00\x00\x00\x00\x00\x00\x00\x00\x00\x00\x00\x00\x00\x00\x00\x00\x00\x00\x00\x00\x00\x00\x00\x00\x00\x00\x00\x00\x00\x00\x00\x00\x00\x00\x00\x00\x00\x00\x00\x00\x00\x00\x00\x00\x00\x00\x00\x00\x00\x00\x00\x00\x00\x00\x00\x00\x00\x00\x00\x00\x00\x00\x00\x00\x00\x00\x00\x00\x00\x00\x00\x00\x00\x00\x00\x00\x00\x00\x00\x00\x00\x00\x00\x00\x00\x00\x00\x00\x00\x00\x00\x00\x00\x00\x00\x00\x00\x00\x00\x00\x00\x00\x00\x00\x00\x00\x00\x00\x00\x00\x00\x00\x00\x00\x00\x00\x00\x00\x00\x00\x00\x00\x00\x00\x00\x00\x00\x00\x00\x00\x00\x00\x00\x00\x00\x00\x00\x00\x00\x00\x00\x00\x00\x00\x00\x00\x00\x00\x00\x00\x00\x00\x00\x00\x00\x00\x00\x00\x00\x00\x00\x00\x00\x00\x00\x00\x00\x00\x00\x00\x00\x00\x00\x00\x00\x00\x00\x00\x00\x00\x00\x00\x00\x00\x00\x00\x00\x00\x00\x00\x00\x00\x00\x00\x00\x00\x00\x00\x00\x00\x00\x00\x00\x00\x00\x00\x00\x00\x00\x00\x00\x00\x00\x00\x00\x00\x00\x00\x00\x00\x00\x00\x00\x00\x00\x00\x00\x00\x00\x00\x00\x00\x00\x00\x00\x00\x00\x00\x00\x00\x00\x00\x00\x00\x00\x00\x00\x00\x00\x00\x00\x00\x00\x00\x00\x00\x00\x00\x00\x00\x00\x00\x00\x00\x00\x00\x00\x00\x00\x00\x00\x00\x00\x00\x00\x00\x00\x00\x00\x00\x00\x00\x00\x00\x00\x00\x00\x00\x00\x00\x00\x00\x00\x00\x00\x00\x00\x00\x00\x00\x00\x00\x00\x00\x00\x00\x00\x00\x00\x00\x00\x00\x00\x00\x00\x00\x00\x00\x00\x00\x00\x00\x00\x00\x00\x00\x00\x00\x00\x00\x00\x00\x00\x00\x00\x00\x00\x00\x00\x00\x00\x00\x00\x00\x00\x00\x00\x00\x00\x00\x00\x00\x00\x00\x00\x00\x00\x00\x00\x00\x00\x00\x00\x00\x00\x00\x00\x00\x00\x00\x00\x00\x00\x00\x00\x00\x00\x00\x00\x00\x00\x00\x00\x00\x00\x00\x00\x00\x00\x00\x00\x00\x00\x00\x00\x00\x00\x00\x00\x00\x00\x00\x00\x00\x00\x00\x00\x00\x00\x00\x00\x00\x00\x00\x00\x00\x00\x00\x00\x00\x00\x00\x00\x00\x00\x00\x00\x00\x00\x00\x00\x00\x00\x00\x00\x00\x00\x00\x00\x00\x00\x00\x00\x00\x00\x00\x00\x00\x00\x00\x00\x00\x00\x00\x00\x00\x00\x00\x00\x00\x00\x00\x00\x00\x00\x00\x00\x00\x00\x00\x00\x00\x00\x00\x00\x00\x00\x00\x00\x00\x00\x00\x00\x00\x00\x00\x00\x00\x00\x00\x00\x00\x00\x00\x00\x00\x00\x00\x00\x00\x00\x00\x00\x00\x00\x00\x00\x00\x00\x00\x00\x00\x00\x00\x00\x00\x00\x00\x00\x00\x00\x00\x00\x00\x00\x00\x00\x00\x00\x00\x00\x00\x00\x00\x00\x00\x00\x00\x00\x00\x00\x00\x00\x00\x00\x00\x00\x00\x00\x00\x00\x00\x00\x00\x00\x00\x00\x00\x00\x00\x00\x00\x00\x00\x00\x00\x00\x00\x00\x00\x00\x00\x00\x00\x00\x00\x00\x00\x00\x00\x00\x00\x00\x00\x00\x00\x00\x00\x00\x00\x00\x00\x00\x00\x00\x00\x00\x00\x00\x00\x00\x00\x00\x00\x00\x00\x00\x00\x00\x00\x00\x00\x00\x00\x00\x00\x00\x00\x00\x00\x00\x00\x00\x00\x00\x00\x00\x00\x00\x00\x00\x00\x00\x00\x00\x00\x00\x00\x00\x00\x00\x00\x00\x00\x00\x00\x00\x00\x00\x00\x00\x00\x00\x00\x00\x00\x00\x00\x00\x00\x00\x00\x00\x00\x00\x00\x00\x00\x00\x00\x00\x00\x00\x00\x00\x00\x00\x00\x00\x00\x00\x00\x00\x00\x00\x00\x00\x00\x00\x00\x00\x00\x00\x00\x00\x00\x00\x00\x00\x00\x00\x00\x00\x00\x00\x00\x00\x00\x00\x00\x00\x00\x00\x00\x00\x00\x00\x00\x00\x00\x00\x00\x00\x00\x00\x00\x00\x00\x00\x00\x00\x00\x00\x00\x00\x00\x00\x00\x00\x00\x00\x00\x00\x00\x00\x00\x00\x00\x00\x00\x00\x00\x00\x00\x00\x00\x00\x00\x00\x00\x00\x00\x00\x00\x00\x00\x00\x00\x00\x00\x00\x00\x00\x00\x00\x00\x00\x00\x00\x00\x00\x00\x00\x00\x00\x00\x00\x00\x00\x00\x00\x00\x00\x00\x00\x00\x00\x00\x00\x00\x00\x00\x00\x00\x00\x00\x00\x00\x00\x00\x00\x00\x00\x00\x00\x00\x00\x00\x00\x00\x00\x00\x00\x00\x00\x00\x00\x00\x00\x00\x00\x00\x00\x00\x00\x00\x00\x00\x00\x00\x00\x00\x00\x00\x00\x00\x00\x00\x00" 400 150 "-" "-"
52.91.254.37 - - [06/Nov/2021:06:54:31 +0100] "GET /rss HTTP/1.1" 301 5 "-" "Ruby"
52.91.254.37 - - [06/Nov/2021:06:54:31 +0100] "GET /rss/ HTTP/1.1" 200 2221 "-" "Ruby"
34.140.248.32 - - [06/Nov/2021:06:56:39 +0100] "GET / HTTP/1.1" 200 595 "-" "python-requests/2.26.0"
135.180.146.73 - - [06/Nov/2021:07:05:31 +0100] "GET / HTTP/1.1" 301 162 "-" "Mozilla/5.0 (Windows NT 10.0; WOW64) AppleWebKit/537.36 (KHTML, like Gecko) Chrome/51.0.2704.103 Safari/537.36"
180.149.125.168 - - [06/Nov/2021:07:11:09 +0100] "GET / HTTP/1.1" 301 162 "-" "Mozilla/5.0 (Windows NT 5.1; Win64; x64) AppleWebKit/537.36 (KHTML, like Gecko) Chrome/60.0.3112.90 Safari/537.36"
180.149.125.168 - - [06/Nov/2021:07:11:10 +0100] "GET / HTTP/1.1" 200 595 "http://85.255.1.106/" "Mozilla/5.0 (Windows NT 5.1; Win64; x64) AppleWebKit/537.36 (KHTML, like Gecko) Chrome/60.0.3112.90 Safari/537.36"
154.209.125.21 - - [06/Nov/2021:07:59:22 +0100] "GET / HTTP/1.1" 200 1345 "-" "Mozilla/5.0 (Macintosh; Intel Mac OS X 10.11; rv:47.0) Gecko/20100101 Firefox/47.0"
192.241.198.231 - - [06/Nov/2021:08:02:36 +0100] "GET /ecp/Current/exporttool/microsoft.exchange.ediscovery.exporttool.application HTTP/1.1" 200 595 "-" "Mozilla/5.0 zgrab/0.x"
192.241.208.195 - - [06/Nov/2021:08:05:20 +0100] "GET /owa/auth/x.js HTTP/1.1" 200 595 "-" "Mozilla/5.0 zgrab/0.x"
198.199.104.235 - - [06/Nov/2021:08:05:45 +0100] "GET /owa/auth/logon.aspx HTTP/1.1" 200 595 "-" "Mozilla/5.0 zgrab/0.x"
180.149.125.173 - - [06/Nov/2021:08:17:41 +0100] "GET / HTTP/1.1" 301 162 "-" "Mozilla/5.0 (Windows NT 5.1; Win64; x64) AppleWebKit/537.36 (KHTML, like Gecko) Chrome/60.0.3112.90 Safari/537.36"
180.149.125.173 - - [06/Nov/2021:08:17:42 +0100] "GET / HTTP/1.1" 200 595 "http://85.255.1.106/" "Mozilla/5.0 (Windows NT 5.1; Win64; x64) AppleWebKit/537.36 (KHTML, like Gecko) Chrome/60.0.3112.90 Safari/537.36"
92.112.23.194 - - [06/Nov/2021:08:52:32 +0100] "GET / HTTP/1.1" 301 162 "-" "Mozilla/5.0 (Windows NT 10.0; WOW64) AppleWebKit/537.36 (KHTML, like Gecko) Chrome/52.0.2743.116 Safari/537.36"
66.240.205.34 - - [06/Nov/2021:09:00:56 +0100] "H\x00\x00\x00tj\xA8\x9E#D\x98+\xCA\xF0\xA7\xBBl\xC5\x19\xD7\x8D\xB6\x18\xEDJ\x1En\xC1\xF9xu[l\xF0E\x1D-j\xEC\xD4xL\xC9r\xC9\x15\x10u\xE0%\x86Rtg\x05fv\x86]%\xCC\x80\x0C\xE8\xCF\xAE\x00\xB5\xC0f\xC8\x8DD\xC5\x09\xF4" 400 150 "-" "-"
109.237.103.118 - - [06/Nov/2021:09:01:31 +0100] "GET /.env HTTP/1.1" 400 650 "-" "Mozilla/5.0 (X11; Linux x86_64) AppleWebKit/537.36 (KHTML, like Gecko) Chrome/81.0.4044.129 Safari/537.36"
109.237.103.118 - - [06/Nov/2021:09:01:31 +0100] "GET /.env HTTP/1.1" 200 595 "-" "Mozilla/5.0 (X11; Linux x86_64) AppleWebKit/537.36 (KHTML, like Gecko) Chrome/81.0.4044.129 Safari/537.36"
157.55.39.149 - - [06/Nov/2021:09:09:30 +0100] "GET /sitemap.xml HTTP/2.0" 200 642 "-" "Mozilla/5.0 (compatible; bingbot/2.0; +http://www.bing.com/bingbot.htm)"
157.55.39.149 - - [06/Nov/2021:09:31:52 +0100] "GET / HTTP/1.1" 301 162 "-" "Mozilla/5.0 (compatible; bingbot/2.0; +http://www.bing.com/bingbot.htm)"
142.93.111.174 - - [06/Nov/2021:09:33:55 +0100] "GET / HTTP/1.1" 301 162 "-" "Mozilla/5.0 (Macintosh; Intel Mac OS X 10_14_6) Project-Resonance (http://project-resonance.com/) (KHTML, like Gecko) Chrome/83.0.4103.61 Safari/537.36"
142.93.111.174 - - [06/Nov/2021:09:33:55 +0100] "GET / HTTP/1.1" 200 595 "http://85.255.1.106/" "Mozilla/5.0 (Macintosh; Intel Mac OS X 10_14_6) Project-Resonance (http://project-resonance.com/) (KHTML, like Gecko) Chrome/83.0.4103.61 Safari/537.36"
67.129.123.70 - - [06/Nov/2021:09:45:29 +0100] "GET /.env HTTP/1.1" 301 162 "-" "Mozilla/5.0 (X11; Linux x86_64) AppleWebKit/537.36 (KHTML, like Gecko) Chrome/81.0.4044.129 Safari/537.36"
67.129.123.70 - - [06/Nov/2021:09:45:29 +0100] "POST / HTTP/1.1" 301 162 "-" "Mozilla/5.0 (X11; Linux x86_64) AppleWebKit/537.36 (KHTML, like Gecko) Chrome/81.0.4044.129 Safari/537.36"
77.44.16.237 - - [06/Nov/2021:09:46:17 +0100] "GET / HTTP/1.1" 200 595 "-" "Mozilla/5.0 (Windows NT 5.1; rv:9.0.1) Gecko/20100101 Firefox/9.0.1"
147.182.156.41 - - [06/Nov/2021:10:20:50 +0100] "\x16\x03\x01\x01\xFB\x01\x00\x01\xF7\x03\x03\xDF\xF7\xA8}h\xAF\x1E\xD3hq!G\xE1C\xF5\x04\x8F\xE3\xE3\x01\xA1\x03\xDE\xD1\xC4\xB7\xBC\x0E\xDBY\xA1O\x00\x01<\xCC\x14\xCC\x13\xCC\x15\xC00\xC0,\xC0(\xC0$\xC0\x14\xC0" 400 150 "-" "-"
192.241.201.214 - - [06/Nov/2021:10:27:27 +0100] "GET /actuator/health HTTP/1.1" 200 595 "-" "Mozilla/5.0 zgrab/0.x"
185.40.4.70 - - [06/Nov/2021:10:40:07 +0100] "GET //a2billing/customer/templates/default/footer.tpl HTTP/1.1" 200 595 "-" "python-requests/2.6.0 CPython/2.7.5 Linux/3.10.0-1160.42.2.el7.x86_64"
60.217.75.69 - - [06/Nov/2021:10:52:07 +0100] "GET / HTTP/1.1" 301 162 "-" "Mozilla/5.0"
60.217.75.69 - - [06/Nov/2021:10:52:09 +0100] "GET / HTTP/1.1" 200 595 "http://85.255.1.106:80/" "Mozilla/5.0"
193.3.19.243 - - [06/Nov/2021:11:05:00 +0100] "\x03\x00\x00/*\xE0\x00\x00\x00\x00\x00Cookie: mstshash=Administr" 400 150 "-" "-"
89.248.165.52 - - [06/Nov/2021:11:52:48 +0100] "\x04\x01\x00\x19h/\x0C!\x00" 400 150 "-" "-"
89.248.165.52 - - [06/Nov/2021:11:52:48 +0100] "\x05\x01\x00" 400 150 "-" "-"
89.248.165.52 - - [06/Nov/2021:11:52:48 +0100] "CONNECT hotmail-com.olc.protection.outlook.com:25 HTTP/1.1" 400 150 "-" "-"
3.239.49.49 - - [06/Nov/2021:11:52:59 +0100] "GET /rss HTTP/1.1" 301 5 "-" "Ruby"
3.239.49.49 - - [06/Nov/2021:11:52:59 +0100] "GET /rss/ HTTP/1.1" 200 2221 "-" "Ruby"
189.164.169.159 - - [06/Nov/2021:12:09:00 +0100] "GET / HTTP/1.1" 301 162 "-" "Mozilla/5.0 (Windows NT 6.1; WOW64) AppleWebKit/537.36 (KHTML, like Gecko) Chrome/51.0.2704.103 Safari/537.36"
162.142.125.60 - - [06/Nov/2021:12:11:31 +0100] "GET / HTTP/1.1" 200 1345 "-" "-"
162.142.125.60 - - [06/Nov/2021:12:11:32 +0100] "GET / HTTP/1.1" 200 595 "-" "Mozilla/5.0 (compatible; CensysInspect/1.1; +https://about.censys.io/)"
209.141.62.185 - - [06/Nov/2021:12:16:51 +0100] "GET /config/getuser?index=0 HTTP/1.1" 400 248 "-" "Mozilla/5.0 (X11; Ubuntu; Linux x86_64; rv:76.0) Gecko/20100101 Firefox/76.0"
180.149.125.163 - - [06/Nov/2021:12:38:45 +0100] "GET / HTTP/1.1" 301 162 "-" "Mozilla/5.0 (Windows NT 5.1; Win64; x64) AppleWebKit/537.36 (KHTML, like Gecko) Chrome/60.0.3112.90 Safari/537.36"
180.149.125.163 - - [06/Nov/2021:12:38:46 +0100] "GET / HTTP/1.1" 200 595 "http://85.255.1.106/" "Mozilla/5.0 (Windows NT 5.1; Win64; x64) AppleWebKit/537.36 (KHTML, like Gecko) Chrome/60.0.3112.90 Safari/537.36"
180.149.125.164 - - [06/Nov/2021:13:18:41 +0100] "GET / HTTP/1.1" 301 162 "-" "Mozilla/5.0 (Windows NT 5.1; Win64; x64) AppleWebKit/537.36 (KHTML, like Gecko) Chrome/60.0.3112.90 Safari/537.36"
180.149.125.164 - - [06/Nov/2021:13:18:42 +0100] "GET / HTTP/1.1" 200 595 "http://85.255.1.106/" "Mozilla/5.0 (Windows NT 5.1; Win64; x64) AppleWebKit/537.36 (KHTML, like Gecko) Chrome/60.0.3112.90 Safari/537.36"
5.173.49.100 - - [06/Nov/2021:13:26:44 +0100] "GET /rss/ HTTP/2.0" 304 0 "-" "Mozilla/5.0 (Windows NT 10.0; Win64; x64) AppleWebKit/537.36 (KHTML, like Gecko) Chrome/94.0.4606.81 Safari/537.36 OPR/80.0.4170.63"
5.173.49.100 - - [06/Nov/2021:13:41:43 +0100] "GET /rss/ HTTP/2.0" 304 0 "-" "Mozilla/5.0 (Windows NT 10.0; Win64; x64) AppleWebKit/537.36 (KHTML, like Gecko) Chrome/94.0.4606.81 Safari/537.36 OPR/80.0.4170.63"
24.37.104.246 - - [06/Nov/2021:13:49:28 +0100] "GET / HTTP/1.1" 301 162 "-" "Mozilla/5.0 (Windows NT 10.0; WOW64) AppleWebKit/537.36 (KHTML, like Gecko) Chrome/51.0.2704.103 Safari/537.36"
5.173.49.100 - - [06/Nov/2021:13:56:43 +0100] "GET /rss/ HTTP/2.0" 304 0 "-" "Mozilla/5.0 (Windows NT 10.0; Win64; x64) AppleWebKit/537.36 (KHTML, like Gecko) Chrome/94.0.4606.81 Safari/537.36 OPR/80.0.4170.63"
5.173.49.100 - - [06/Nov/2021:14:11:43 +0100] "GET /rss/ HTTP/2.0" 304 0 "-" "Mozilla/5.0 (Windows NT 10.0; Win64; x64) AppleWebKit/537.36 (KHTML, like Gecko) Chrome/94.0.4606.81 Safari/537.36 OPR/80.0.4170.63"
192.241.205.107 - - [06/Nov/2021:14:26:16 +0100] "GET /owa/auth/logon.aspx?url=https%3a%2f%2f1%2fecp%2f HTTP/1.1" 200 595 "-" "Mozilla/5.0 zgrab/0.x"
5.173.49.100 - - [06/Nov/2021:14:26:43 +0100] "GET /rss/ HTTP/2.0" 304 0 "-" "Mozilla/5.0 (Windows NT 10.0; Win64; x64) AppleWebKit/537.36 (KHTML, like Gecko) Chrome/94.0.4606.81 Safari/537.36 OPR/80.0.4170.63"
167.99.133.28 - - [06/Nov/2021:14:37:00 +0100] "GET / HTTP/1.1" 400 150 "-" "-"
167.99.133.28 - - [06/Nov/2021:14:37:26 +0100] "GET / HTTP/1.1" 200 1345 "-" "l9tcpid/v1.1.0"
167.99.133.28 - - [06/Nov/2021:14:37:28 +0100] "GET /cgi-bin/.%2e/%2e%2e/%2e%2e/%2e%2e/%2e%2e/%2e%2e/%2e%2e/%2e%2e/%2e%2e/etc/hosts HTTP/1.1" 400 150 "-" "-"
167.99.133.28 - - [06/Nov/2021:14:37:28 +0100] "GET /.DS_Store HTTP/1.1" 200 595 "-" "Go-http-client/1.1"
167.99.133.28 - - [06/Nov/2021:14:37:28 +0100] "GET /v2/_catalog HTTP/1.1" 200 595 "-" "l9explore/1.3.0"
167.99.133.28 - - [06/Nov/2021:14:37:28 +0100] "GET /info.php HTTP/1.1" 404 47 "-" "l9explore/1.3.0"
167.99.133.28 - - [06/Nov/2021:14:37:28 +0100] "GET /login.action HTTP/1.1" 200 595 "-" "l9explore/1.3.0"
167.99.133.28 - - [06/Nov/2021:14:37:28 +0100] "GET /.env HTTP/1.1" 200 595 "-" "l9explore/1.3.0"
167.99.133.28 - - [06/Nov/2021:14:37:28 +0100] "GET /idx_config/ HTTP/1.1" 200 595 "-" "l9explore/1.3.0"
167.99.133.28 - - [06/Nov/2021:14:37:29 +0100] "GET / HTTP/1.1" 200 595 "-" "l9explore/1.3.0"
167.99.133.28 - - [06/Nov/2021:14:37:29 +0100] "GET /api/search?folderIds=0 HTTP/1.1" 200 595 "-" "l9explore/1.3.0"
167.99.133.28 - - [06/Nov/2021:14:37:29 +0100] "GET /server-status HTTP/1.1" 200 595 "-" "l9explore/1.3.0"
167.99.133.28 - - [06/Nov/2021:14:37:29 +0100] "GET /.git/config HTTP/1.1" 200 595 "-" "l9explore/1.3.0"
167.99.133.28 - - [06/Nov/2021:14:37:29 +0100] "GET /telescope/requests HTTP/1.1" 200 595 "-" "l9explore/1.3.0"
167.99.133.28 - - [06/Nov/2021:14:37:29 +0100] "GET /debug/default/view?panel=config HTTP/1.1" 200 595 "-" "l9explore/1.3.0"
167.99.133.28 - - [06/Nov/2021:14:37:29 +0100] "GET /config.json HTTP/1.1" 200 595 "-" "l9explore/1.3.0"
167.99.133.28 - - [06/Nov/2021:14:37:29 +0100] "GET /.json HTTP/1.1" 200 595 "-" "l9explore/1.3.0"
167.99.133.28 - - [06/Nov/2021:14:37:30 +0100] "GET /s/lkx/_/;/META-INF/maven/com.atlassian.jira/jira-webapp-dist/pom.properties HTTP/1.1" 200 595 "-" "l9explore/1.3.0"
167.99.133.28 - - [06/Nov/2021:14:37:30 +0100] "GET /frontend_dev.php/$ HTTP/1.1" 200 595 "-" "l9explore/1.3.0"
167.71.13.196 - - [06/Nov/2021:14:41:38 +0100] "GET / HTTP/1.1" 200 42859 "-" "-"
167.71.13.196 - - [06/Nov/2021:14:41:38 +0100] "GET / HTTP/1.1" 200 42859 "-" "-"
167.71.13.196 - - [06/Nov/2021:14:41:38 +0100] "HELP" 400 150 "-" "-"
167.71.13.196 - - [06/Nov/2021:14:41:38 +0100] "HELP" 400 150 "-" "-"
167.71.13.196 - - [06/Nov/2021:14:41:38 +0100] "GET / HTTP/1.1" 200 42859 "-" "-"
167.71.13.196 - - [06/Nov/2021:14:41:38 +0100] "HELP" 400 150 "-" "-"
167.71.13.196 - - [06/Nov/2021:14:41:39 +0100] "GET / HTTP/1.1" 200 42859 "-" "l9tcpid/v1.1.0"
167.71.13.196 - - [06/Nov/2021:14:41:39 +0100] "GET / HTTP/1.1" 200 42859 "-" "l9tcpid/v1.1.0"
167.71.13.196 - - [06/Nov/2021:14:41:39 +0100] "GET / HTTP/1.1" 200 42859 "-" "l9tcpid/v1.1.0"
167.71.13.196 - - [06/Nov/2021:14:41:39 +0100] "GET /cgi-bin/.%2e/%2e%2e/%2e%2e/%2e%2e/%2e%2e/%2e%2e/%2e%2e/%2e%2e/%2e%2e/etc/hosts HTTP/1.1" 400 150 "-" "-"
167.71.13.196 - - [06/Nov/2021:14:41:39 +0100] "GET /cgi-bin/.%2e/%2e%2e/%2e%2e/%2e%2e/%2e%2e/%2e%2e/%2e%2e/%2e%2e/%2e%2e/etc/hosts HTTP/1.1" 400 150 "-" "-"
167.71.13.196 - - [06/Nov/2021:14:41:39 +0100] "GET /cgi-bin/.%2e/%2e%2e/%2e%2e/%2e%2e/%2e%2e/%2e%2e/%2e%2e/%2e%2e/%2e%2e/etc/hosts HTTP/1.1" 400 150 "-" "-"
167.71.13.196 - - [06/Nov/2021:14:41:39 +0100] "GET /.DS_Store HTTP/1.1" 301 5 "-" "Go-http-client/1.1"
167.71.13.196 - - [06/Nov/2021:14:41:39 +0100] "GET /.DS_Store HTTP/1.1" 301 5 "-" "Go-http-client/1.1"
167.71.13.196 - - [06/Nov/2021:14:41:39 +0100] "GET /.DS_Store HTTP/1.1" 301 5 "-" "Go-http-client/1.1"
167.71.13.196 - - [06/Nov/2021:14:41:39 +0100] "GET /.env HTTP/1.1" 301 5 "-" "l9explore/1.3.0"
167.71.13.196 - - [06/Nov/2021:14:41:39 +0100] "GET /api/search?folderIds=0 HTTP/1.1" 301 5 "-" "l9explore/1.3.0"
167.71.13.196 - - [06/Nov/2021:14:41:40 +0100] "GET /info.php HTTP/1.1" 301 5 "-" "l9explore/1.3.0"
167.71.13.196 - - [06/Nov/2021:14:41:40 +0100] "GET /idx_config/ HTTP/1.1" 404 11985 "-" "l9explore/1.3.0"
167.71.13.196 - - [06/Nov/2021:14:41:40 +0100] "GET /idx_config/ HTTP/1.1" 404 11985 "-" "l9explore/1.3.0"
167.71.13.196 - - [06/Nov/2021:14:41:40 +0100] "GET / HTTP/1.1" 200 12731 "-" "l9explore/1.3.0"
167.71.13.196 - - [06/Nov/2021:14:41:40 +0100] "GET /telescope/requests HTTP/1.1" 301 5 "-" "l9explore/1.3.0"
167.71.13.196 - - [06/Nov/2021:14:41:40 +0100] "GET /telescope/requests HTTP/1.1" 301 5 "-" "l9explore/1.3.0"
167.71.13.196 - - [06/Nov/2021:14:41:40 +0100] "GET /.git/config HTTP/1.1" 301 5 "-" "l9explore/1.3.0"
167.71.13.196 - - [06/Nov/2021:14:41:40 +0100] "GET /s/lkx/_/;/META-INF/maven/com.atlassian.jira/jira-webapp-dist/pom.properties HTTP/1.1" 301 5 "-" "l9explore/1.3.0"
167.71.13.196 - - [06/Nov/2021:14:41:40 +0100] "GET /s/lkx/_/;/META-INF/maven/com.atlassian.jira/jira-webapp-dist/pom.properties HTTP/1.1" 301 5 "-" "l9explore/1.3.0"
167.71.13.196 - - [06/Nov/2021:14:41:41 +0100] "GET /config.json HTTP/1.1" 301 5 "-" "l9explore/1.3.0"
167.71.13.196 - - [06/Nov/2021:14:41:41 +0100] "GET /login.action HTTP/1.1" 301 5 "-" "l9explore/1.3.0"
167.71.13.196 - - [06/Nov/2021:14:41:41 +0100] "GET /login.action HTTP/1.1" 301 5 "-" "l9explore/1.3.0"
167.71.13.196 - - [06/Nov/2021:14:41:41 +0100] "GET /.env HTTP/1.1" 301 5 "-" "l9explore/1.3.0"
167.71.13.196 - - [06/Nov/2021:14:41:41 +0100] "GET /v2/_catalog HTTP/1.1" 301 5 "-" "l9explore/1.3.0"
167.71.13.196 - - [06/Nov/2021:14:41:41 +0100] "GET /v2/_catalog HTTP/1.1" 301 5 "-" "l9explore/1.3.0"
167.71.13.196 - - [06/Nov/2021:14:41:41 +0100] "GET /idx_config/ HTTP/1.1" 404 11980 "-" "l9explore/1.3.0"
167.71.13.196 - - [06/Nov/2021:14:41:41 +0100] "GET /config.json HTTP/1.1" 301 5 "-" "l9explore/1.3.0"
167.71.13.196 - - [06/Nov/2021:14:41:41 +0100] "GET /config.json HTTP/1.1" 301 5 "-" "l9explore/1.3.0"
