128.14.209.154 - - [07/Dec/2021:05:35:48 +0100] "GET / HTTP/1.1" 200 595 "-" "Mozilla/5.0 (Windows NT 10.0; WOW64) AppleWebKit/537.36 (KHTML, like Gecko) Chrome/66.0.3359.117 Safari/537.36"
23.251.102.74 - - [07/Dec/2021:05:38:07 +0100] "GET / HTTP/1.1" 301 162 "-" "Mozilla/5.0 (Windows NT 10.0; Win64; x64) AppleWebKit/537.36 (KHTML, like Gecko) Chrome/60.0.3112.113 Safari/537.36"
23.251.102.74 - - [07/Dec/2021:05:38:08 +0100] "GET / HTTP/1.1" 200 595 "http://85.255.1.106/" "Mozilla/5.0 (Windows NT 10.0; Win64; x64) AppleWebKit/537.36 (KHTML, like Gecko) Chrome/60.0.3112.113 Safari/537.36"
198.98.51.210 - - [07/Dec/2021:05:49:51 +0100] "GET /config/getuser?index=0 HTTP/1.1" 400 248 "-" "Mozilla/5.0 (X11; Ubuntu; Linux x86_64; rv:76.0) Gecko/20100101 Firefox/76.0"
45.137.23.232 - - [07/Dec/2021:05:53:24 +0100] "GET / HTTP/1.1" 301 162 "-" "Mozilla/5.0 zgrab/0.x"
186.33.70.63 - - [07/Dec/2021:05:56:29 +0100] "GET / HTTP/1.1" 301 162 "-" "Mozilla/5.0 (Macintosh; Intel Mac OS X 10_11_6) AppleWebKit/601.7.7 (KHTML, like Gecko) Version/9.1.2 Safari/601.7.7"
178.73.215.171 - - [07/Dec/2021:06:05:24 +0100] "GET / HTTP/1.0" 301 162 "-" "-"
45.155.205.233 - - [07/Dec/2021:06:43:47 +0100] "POST /mifs/.;/services/LogService HTTP/1.1" 405 552 "https://85.255.1.106:443" "Mozilla/5.0 (Windows NT 10.0; Win64; x64) AppleWebKit/537.36 (KHTML, like Gecko) Chrome/78.0.3904.108 Safari/537.36"
134.122.11.90 - - [07/Dec/2021:06:56:03 +0100] "GET / HTTP/1.1" 200 595 "-" "Mozilla/5.0 (compatible; InternetMeasurement/1.0; +https://internet-measurement.com/)"
207.46.13.75 - - [07/Dec/2021:07:16:29 +0100] "GET /sitemap-tags.xml HTTP/2.0" 200 458 "-" "Mozilla/5.0 (compatible; bingbot/2.0; +http://www.bing.com/bingbot.htm)"
45.155.205.233 - - [07/Dec/2021:07:24:04 +0100] "GET /console/ HTTP/1.1" 200 595 "-" "Mozilla/5.0 (Windows NT 10.0; Win64; x64) AppleWebKit/537.36 (KHTML, like Gecko) Chrome/78.0.3904.108 Safari/537.36"
186.33.90.147 - - [07/Dec/2021:07:43:30 +0100] "GET / HTTP/1.1" 301 162 "-" "Mozilla/5.0 (Windows NT 10.0; WOW64) AppleWebKit/537.36 (KHTML, like Gecko) Chrome/52.0.2743.116 Safari/537.36"
61.64.84.83 - - [07/Dec/2021:08:09:17 +0100] "GET /phpmyadmin/ HTTP/1.1" 301 162 "-" "Mozilla/5.0 (Windows NT 10.0; WOW64) AppleWebKit/537.36 (KHTML, like Gecko) Chrome/51.0.2704.103 Safari/537.36"
198.98.51.210 - - [07/Dec/2021:08:09:34 +0100] "GET /config/getuser?index=0 HTTP/1.1" 400 248 "-" "Mozilla/5.0 (X11; Ubuntu; Linux x86_64; rv:76.0) Gecko/20100101 Firefox/76.0"
207.46.13.96 - - [07/Dec/2021:08:18:56 +0100] "GET / HTTP/2.0" 200 12916 "-" "Mozilla/5.0 (compatible; bingbot/2.0; +http://www.bing.com/bingbot.htm)"
40.77.167.23 - - [07/Dec/2021:08:19:52 +0100] "GET /sitemap-authors.xml HTTP/2.0" 200 344 "-" "Mozilla/5.0 (compatible; bingbot/2.0; +http://www.bing.com/bingbot.htm)"
136.144.41.117 - - [07/Dec/2021:08:37:31 +0100] "GET / HTTP/1.1" 301 162 "-" "Linux Gnu (cow)"
34.140.248.32 - - [07/Dec/2021:08:43:04 +0100] "GET / HTTP/1.1" 200 595 "-" "python-requests/2.26.0"
45.155.205.233 - - [07/Dec/2021:08:43:07 +0100] "POST /Autodiscover/Autodiscover.xml HTTP/1.1" 405 552 "-" "Mozilla/5.0 (Windows NT 10.0; Win64; x64) AppleWebKit/537.36 (KHTML, like Gecko) Chrome/78.0.3904.108 Safari/537.36"
167.94.138.44 - - [07/Dec/2021:08:48:40 +0100] "GET / HTTP/1.1" 200 1345 "-" "-"
167.94.138.44 - - [07/Dec/2021:08:48:40 +0100] "GET / HTTP/1.1" 200 595 "-" "Mozilla/5.0 (compatible; CensysInspect/1.1; +https://about.censys.io/)"
94.232.43.63 - - [07/Dec/2021:09:18:16 +0100] "\x03\x00\x00,'\xE0\x00\x00\x00\x00\x00Cookie: mstshash=Domain" 400 150 "-" "-"
94.232.43.63 - - [07/Dec/2021:09:18:16 +0100] "\x03\x00\x00,'\xE0\x00\x00\x00\x00\x00Cookie: mstshash=Domain" 400 150 "-" "-"
157.230.216.203 - - [07/Dec/2021:09:24:27 +0100] "GET /ab2g HTTP/1.1" 400 150 "-" "-"
157.230.216.203 - - [07/Dec/2021:09:24:27 +0100] "GET /ab2h HTTP/1.1" 400 150 "-" "-"
45.137.23.232 - - [07/Dec/2021:09:42:06 +0100] "GET / HTTP/1.1" 301 162 "-" "Mozilla/5.0 zgrab/0.x"
45.155.205.233 - - [07/Dec/2021:09:44:59 +0100] "GET /_ignition/execute-solution HTTP/1.1" 200 595 "-" "Mozilla/5.0 (Windows NT 10.0; Win64; x64) AppleWebKit/537.36 (KHTML, like Gecko) Chrome/78.0.3904.108 Safari/537.36"
3.237.90.113 - - [07/Dec/2021:09:47:25 +0100] "GET /rss HTTP/1.1" 301 5 "-" "Ruby"
3.237.90.113 - - [07/Dec/2021:09:47:25 +0100] "GET /rss/ HTTP/1.1" 200 3138 "-" "Ruby"
195.78.54.241 - - [07/Dec/2021:10:06:26 +0100] "OPTIONS / HTTP/1.1" 301 162 "-" "Mozilla/5.0 (Windows NT 6.1; WOW64) AppleWebKit/537.17 (KHTML, like Gecko) Chrome/24.0.1312.60 Safari/537.17"
195.78.54.241 - - [07/Dec/2021:10:06:29 +0100] "OPTIONS / HTTP/1.1" 405 552 "-" "Mozilla/5.0 (Windows NT 6.1; WOW64) AppleWebKit/537.17 (KHTML, like Gecko) Chrome/24.0.1312.60 Safari/537.17"
193.118.53.210 - - [07/Dec/2021:10:25:39 +0100] "GET / HTTP/1.1" 301 162 "-" "Mozilla/5.0 (Windows NT 10.0; Win64; x64) AppleWebKit/537.36 (KHTML, like Gecko) Chrome/60.0.3112.113 Safari/537.36"
104.131.127.172 - - [07/Dec/2021:10:26:00 +0100] "GET / HTTP/1.0" 301 162 "-" "Mozilla/5.0 (X11; Linux x86_64; rv:73.0) Gecko/20100101 Firefox/73.0"
45.155.205.233 - - [07/Dec/2021:10:37:53 +0100] "GET / HTTP/1.1" 200 595 "-" "Mozilla/5.0 (Windows NT 10.0; Win64; x64) AppleWebKit/537.36 (KHTML, like Gecko) Chrome/78.0.3904.108 Safari/537.36"
104.131.127.172 - - [07/Dec/2021:10:52:31 +0100] "GET / HTTP/1.1" 301 162 "-" "Mozilla/5.0 (X11; Linux x86_64; rv:73.0) Gecko/20100101 Firefox/73.0"
104.131.127.172 - - [07/Dec/2021:10:52:32 +0100] "GET / HTTP/1.1" 200 595 "http://85.255.1.106/" "Mozilla/5.0 (X11; Linux x86_64; rv:73.0) Gecko/20100101 Firefox/73.0"
138.246.253.24 - - [07/Dec/2021:11:15:08 +0100] "GET /robots.txt HTTP/1.1" 200 1345 "-" "Mozilla/5.0 (Windows NT 10.0; Win64; x64) AppleWebKit/537.36 (KHTML, like Gecko) Chrome/88.0.4324.146 Safari/537.36"
45.155.205.233 - - [07/Dec/2021:11:18:58 +0100] "GET / HTTP/1.1" 200 595 "-" "Mozilla/5.0 (Windows NT 10.0; Win64; x64) AppleWebKit/537.36 (KHTML, like Gecko) Chrome/78.0.3904.108 Safari/537.36"
207.46.13.148 - - [07/Dec/2021:11:57:43 +0100] "GET / HTTP/1.1" 301 162 "-" "Mozilla/5.0 (compatible; bingbot/2.0; +http://www.bing.com/bingbot.htm)"
192.241.209.122 - - [07/Dec/2021:12:08:03 +0100] "GET /actuator/health HTTP/1.1" 200 595 "-" "Mozilla/5.0 zgrab/0.x"
185.190.24.45 - - [07/Dec/2021:12:11:59 +0100] "\x03\x00\x00.)\xE0\x00\x00\x00\x00\x00Cookie: mstshash=ANIGEQTI" 400 150 "-" "-"
64.62.197.92 - - [07/Dec/2021:12:17:35 +0100] "GET / HTTP/1.1" 200 1345 "-" "-"
103.203.57.29 - - [07/Dec/2021:12:26:15 +0100] "GET / HTTP/1.1" 200 595 "-" "Mozilla/5.0 (Windows NT 10.0; WOW64) AppleWebKit/537.36 (KHTML, like Gecko) Chrome/45.0.2454.101 Safari/537.36"
106.75.84.37 - - [07/Dec/2021:12:27:28 +0100] "GET / HTTP/1.0" 301 162 "-" "-"
118.123.105.67 - - [07/Dec/2021:12:40:10 +0100] "GET / HTTP/1.0" 400 248 "-" "-"
118.123.105.67 - - [07/Dec/2021:12:40:11 +0100] "GET / HTTP/1.1" 200 595 "-" "Mozilla/5.0 (X11; Linux x86_64) AppleWebKit/537.36 (KHTML, like Gecko) Chrome/86.0.4 240.111 Safari/537.36"
118.123.105.67 - - [07/Dec/2021:12:40:36 +0100] "GET /favicon.ico HTTP/1.1" 400 650 "-" "Mozilla/5.0 (X11; Linux x86_64) AppleWebKit/537.36 (KHTML, like Gecko) Chrome/86.0.4 240.111 Safari/537.36"
118.123.105.67 - - [07/Dec/2021:12:40:37 +0100] "GET /robots.txt HTTP/1.1" 400 650 "-" "Mozilla/5.0 (X11; Linux x86_64) AppleWebKit/537.36 (KHTML, like Gecko) Chrome/86.0.4 240.111 Safari/537.36"
118.123.105.67 - - [07/Dec/2021:12:40:38 +0100] "GET /.well-known/security.txt HTTP/1.1" 400 650 "-" "Mozilla/5.0 (X11; Linux x86_64) AppleWebKit/537.36 (KHTML, like Gecko) Chrome/86.0.4 240.111 Safari/537.36"
20.191.45.212 - - [07/Dec/2021:12:52:02 +0100] "GET / HTTP/1.1" 301 162 "http://krzwiatrzyk.eu/" "Mozilla/5.0 (compatible; DuckDuckGo-Favicons-Bot/1.0; +http://duckduckgo.com)"
20.191.45.212 - - [07/Dec/2021:12:52:03 +0100] "GET / HTTP/1.1" 200 12929 "https://krzwiatrzyk.eu/" "Mozilla/5.0 (compatible; DuckDuckGo-Favicons-Bot/1.0; +http://duckduckgo.com)"
20.191.45.212 - - [07/Dec/2021:12:52:03 +0100] "GET /favicon.png HTTP/1.1" 200 2741 "https://krzwiatrzyk.eu/favicon.png" "Mozilla/5.0 (compatible; DuckDuckGo-Favicons-Bot/1.0; +http://duckduckgo.com)"
147.182.150.169 - - [07/Dec/2021:12:52:04 +0100] "GET / HTTP/1.0" 400 248 "-" "-"
20.191.45.212 - - [07/Dec/2021:13:17:05 +0100] "GET / HTTP/1.1" 301 162 "http://krzwiatrzyk.eu/" "Mozilla/5.0 (compatible; DuckDuckGo-Favicons-Bot/1.0; +http://duckduckgo.com)"
20.191.45.212 - - [07/Dec/2021:13:17:05 +0100] "GET / HTTP/1.1" 200 12934 "https://krzwiatrzyk.eu/" "Mozilla/5.0 (compatible; DuckDuckGo-Favicons-Bot/1.0; +http://duckduckgo.com)"
20.191.45.212 - - [07/Dec/2021:13:17:05 +0100] "GET /favicon.png HTTP/1.1" 200 2741 "https://krzwiatrzyk.eu/favicon.png" "Mozilla/5.0 (compatible; DuckDuckGo-Favicons-Bot/1.0; +http://duckduckgo.com)"
69.197.185.45 - - [07/Dec/2021:13:56:28 +0100] "GET / HTTP/1.1" 200 12944 "http://www.google.com.hk" "Mozilla/5.0 (Windows NT 6.1; WOW64) AppleWebKit/537.36 (KHTML, like Gecko) Chrome/42.0.2311.90 Safari/537.36"
51.75.95.101 - - [07/Dec/2021:14:15:03 +0100] "GET / HTTP/1.1" 301 162 "-" "Mozilla/5.0 (Windows NT 10.0; Win64; x64; rv:89.0) Gecko/20100101 Firefox/89.0"
51.75.95.101 - - [07/Dec/2021:14:15:03 +0100] "GET / HTTP/1.1" 200 12934 "http://www.krzwiatrzyk.eu" "Mozilla/5.0 (Windows NT 10.0; Win64; x64; rv:89.0) Gecko/20100101 Firefox/89.0"
51.75.95.101 - - [07/Dec/2021:14:15:03 +0100] "GET /ads.txt HTTP/1.1" 301 162 "-" "Mozilla/5.0 (Windows NT 10.0; Win64; x64; rv:89.0) Gecko/20100101 Firefox/89.0"
51.75.95.101 - - [07/Dec/2021:14:15:03 +0100] "GET /ads.txt HTTP/1.1" 301 5 "http://krzwiatrzyk.eu/ads.txt" "Mozilla/5.0 (Windows NT 10.0; Win64; x64; rv:89.0) Gecko/20100101 Firefox/89.0"
51.75.95.101 - - [07/Dec/2021:14:15:03 +0100] "GET /ads.txt/ HTTP/1.1" 404 12155 "https://krzwiatrzyk.eu/ads.txt" "Mozilla/5.0 (Windows NT 10.0; Win64; x64; rv:89.0) Gecko/20100101 Firefox/89.0"
80.82.77.192 - - [07/Dec/2021:14:25:35 +0100] "GET / HTTP/1.1" 200 595 "-" "Mozilla/5.0 (Windows NT 10.0; Win64; x64) AppleWebKit/537.36 (KHTML, like Gecko) Chrome/88.0.4324.190 Safari/537.36"
118.123.105.67 - - [07/Dec/2021:14:35:06 +0100] "GET / HTTP/1.0" 400 248 "-" "-"
118.123.105.67 - - [07/Dec/2021:14:35:07 +0100] "GET / HTTP/1.1" 200 595 "-" "Mozilla/5.0 (X11; Linux x86_64) AppleWebKit/537.36 (KHTML, like Gecko) Chrome/86.0.4 240.111 Safari/537.36"
118.123.105.67 - - [07/Dec/2021:14:35:33 +0100] "GET /favicon.ico HTTP/1.1" 400 650 "-" "Mozilla/5.0 (X11; Linux x86_64) AppleWebKit/537.36 (KHTML, like Gecko) Chrome/86.0.4 240.111 Safari/537.36"
118.123.105.67 - - [07/Dec/2021:14:35:34 +0100] "GET /robots.txt HTTP/1.1" 400 650 "-" "Mozilla/5.0 (X11; Linux x86_64) AppleWebKit/537.36 (KHTML, like Gecko) Chrome/86.0.4 240.111 Safari/537.36"
118.123.105.67 - - [07/Dec/2021:14:35:34 +0100] "GET /.well-known/security.txt HTTP/1.1" 400 650 "-" "Mozilla/5.0 (X11; Linux x86_64) AppleWebKit/537.36 (KHTML, like Gecko) Chrome/86.0.4 240.111 Safari/537.36"
44.199.232.165 - - [07/Dec/2021:14:47:43 +0100] "GET /rss HTTP/1.1" 301 5 "-" "Ruby"
44.199.232.165 - - [07/Dec/2021:14:47:43 +0100] "GET /rss/ HTTP/1.1" 200 3138 "-" "Ruby"
188.166.181.18 - - [07/Dec/2021:15:08:10 +0100] "GET / HTTP/1.0" 301 162 "-" "-"
185.108.167.52 - - [07/Dec/2021:15:25:50 +0100] "GET / HTTP/1.1" 301 162 "-" "Mozilla/5.0 (Windows NT 10.0; WOW64) AppleWebKit/537.36 (KHTML, like Gecko) Chrome/51.0.2704.103 Safari/537.36"
176.98.16.33 - - [07/Dec/2021:15:38:31 +0100] "GET / HTTP/1.1" 301 162 "-" "Mozilla/5.0 (Macintosh; Intel Mac OS X 10_11_6) AppleWebKit/601.7.7 (KHTML, like Gecko) Version/9.1.2 Safari/601.7.7"
89.248.165.52 - - [07/Dec/2021:15:43:30 +0100] "\x04\x01\x00\x19h/7\xA1\x00" 400 150 "-" "-"
89.248.165.52 - - [07/Dec/2021:15:43:30 +0100] "\x05\x01\x00" 400 150 "-" "-"
89.248.165.52 - - [07/Dec/2021:15:43:30 +0100] "CONNECT hotmail-com.olc.protection.outlook.com:25 HTTP/1.1" 400 150 "-" "-"
118.123.105.67 - - [07/Dec/2021:15:56:01 +0100] "GET / HTTP/1.0" 400 248 "-" "-"
118.123.105.67 - - [07/Dec/2021:15:56:02 +0100] "GET / HTTP/1.1" 200 595 "-" "Mozilla/5.0 (X11; Linux x86_64) AppleWebKit/537.36 (KHTML, like Gecko) Chrome/86.0.4 240.111 Safari/537.36"
118.123.105.67 - - [07/Dec/2021:15:56:09 +0100] "GET /favicon.ico HTTP/1.1" 400 650 "-" "Mozilla/5.0 (X11; Linux x86_64) AppleWebKit/537.36 (KHTML, like Gecko) Chrome/86.0.4 240.111 Safari/537.36"
118.123.105.67 - - [07/Dec/2021:15:56:10 +0100] "GET /robots.txt HTTP/1.1" 400 650 "-" "Mozilla/5.0 (X11; Linux x86_64) AppleWebKit/537.36 (KHTML, like Gecko) Chrome/86.0.4 240.111 Safari/537.36"
118.123.105.67 - - [07/Dec/2021:15:56:10 +0100] "GET /.well-known/security.txt HTTP/1.1" 400 650 "-" "Mozilla/5.0 (X11; Linux x86_64) AppleWebKit/537.36 (KHTML, like Gecko) Chrome/86.0.4 240.111 Safari/537.36"
45.155.205.233 - - [07/Dec/2021:16:00:55 +0100] "GET /solr/admin/info/system?wt=json HTTP/1.1" 301 162 "-" "Mozilla/5.0 (Windows NT 10.0; Win64; x64) AppleWebKit/537.36 (KHTML, like Gecko) Chrome/78.0.3904.108 Safari/537.36"
45.155.205.233 - - [07/Dec/2021:16:00:55 +0100] "GET /solr/admin/info/system?wt=json HTTP/1.1" 200 595 "http://85.255.1.106:80/solr/admin/info/system?wt=json" "Mozilla/5.0 (Windows NT 10.0; Win64; x64) AppleWebKit/537.36 (KHTML, like Gecko) Chrome/78.0.3904.108 Safari/537.36"
24.173.125.28 - - [07/Dec/2021:16:01:48 +0100] "GET /.env HTTP/1.1" 301 162 "-" "Mozilla/5.0 (X11; Linux x86_64) AppleWebKit/537.36 (KHTML, like Gecko) Chrome/81.0.4044.129 Safari/537.36"
24.173.125.28 - - [07/Dec/2021:16:01:48 +0100] "POST / HTTP/1.1" 301 162 "-" "Mozilla/5.0 (X11; Linux x86_64) AppleWebKit/537.36 (KHTML, like Gecko) Chrome/81.0.4044.129 Safari/537.36"
207.46.13.75 - - [07/Dec/2021:16:05:18 +0100] "GET /sitemap.xml HTTP/2.0" 200 642 "-" "Mozilla/5.0 (compatible; bingbot/2.0; +http://www.bing.com/bingbot.htm)"
157.55.39.194 - - [07/Dec/2021:16:20:48 +0100] "GET /robots.txt HTTP/2.0" 200 108 "-" "Mozilla/5.0 (compatible; bingbot/2.0; +http://www.bing.com/bingbot.htm)"
207.46.13.75 - - [07/Dec/2021:16:20:52 +0100] "GET /sitemap.xml HTTP/2.0" 200 642 "-" "Mozilla/5.0 (compatible; bingbot/2.0; +http://www.bing.com/bingbot.htm)"
118.123.105.67 - - [07/Dec/2021:16:25:24 +0100] "GET / HTTP/1.0" 400 248 "-" "-"
118.123.105.67 - - [07/Dec/2021:16:25:25 +0100] "GET / HTTP/1.1" 200 595 "-" "Mozilla/5.0 (X11; Linux x86_64) AppleWebKit/537.36 (KHTML, like Gecko) Chrome/86.0.4 240.111 Safari/537.36"
118.123.105.67 - - [07/Dec/2021:16:25:32 +0100] "GET /favicon.ico HTTP/1.1" 400 650 "-" "Mozilla/5.0 (X11; Linux x86_64) AppleWebKit/537.36 (KHTML, like Gecko) Chrome/86.0.4 240.111 Safari/537.36"
118.123.105.67 - - [07/Dec/2021:16:25:33 +0100] "GET /robots.txt HTTP/1.1" 400 650 "-" "Mozilla/5.0 (X11; Linux x86_64) AppleWebKit/537.36 (KHTML, like Gecko) Chrome/86.0.4 240.111 Safari/537.36"
118.123.105.67 - - [07/Dec/2021:16:25:34 +0100] "GET /.well-known/security.txt HTTP/1.1" 400 650 "-" "Mozilla/5.0 (X11; Linux x86_64) AppleWebKit/537.36 (KHTML, like Gecko) Chrome/86.0.4 240.111 Safari/537.36"
45.155.205.233 - - [07/Dec/2021:16:43:00 +0100] "GET /index.php?s=/Index/\x5Cthink\x5Capp/invokefunction&function=call_user_func_array&vars[0]=md5&vars[1][]=HelloThinkPHP21 HTTP/1.1" 301 162 "-" "Mozilla/5.0 (Windows NT 10.0; Win64; x64) AppleWebKit/537.36 (KHTML, like Gecko) Chrome/78.0.3904.108 Safari/537.36"
45.155.205.233 - - [07/Dec/2021:16:43:00 +0100] "GET /index.php?s=/Index/\x5Cthink\x5Capp/invokefunction&function=call_user_func_array&vars[0]=md5&vars[1][]=HelloThinkPHP21 HTTP/1.1" 404 47 "http://85.255.1.106:80/index.php?s=/Index/\x5Cthink\x5Capp/invokefunction&function=call_user_func_array&vars[0]=md5&vars[1][]=HelloThinkPHP21" "Mozilla/5.0 (Windows NT 10.0; Win64; x64) AppleWebKit/537.36 (KHTML, like Gecko) Chrome/78.0.3904.108 Safari/537.36"
45.155.205.233 - - [07/Dec/2021:16:58:18 +0100] "GET /?a=fetch&content=<php>die(@md5(HelloThinkCMF))</php> HTTP/1.1" 301 162 "-" "Mozilla/5.0 (Windows NT 10.0; Win64; x64) AppleWebKit/537.36 (KHTML, like Gecko) Chrome/78.0.3904.108 Safari/537.36"
45.155.205.233 - - [07/Dec/2021:16:58:18 +0100] "GET /?a=fetch&content=<php>die(@md5(HelloThinkCMF))</php> HTTP/1.1" 200 595 "http://85.255.1.106:80/?a=fetch&content=<php>die(@md5(HelloThinkCMF))</php>" "Mozilla/5.0 (Windows NT 10.0; Win64; x64) AppleWebKit/537.36 (KHTML, like Gecko) Chrome/78.0.3904.108 Safari/537.36"
128.14.141.34 - - [07/Dec/2021:17:03:58 +0100] "GET / HTTP/1.1" 301 162 "-" "Mozilla/5.0 (Windows NT 10.0; Win64; x64) AppleWebKit/537.36 (KHTML, like Gecko) Chrome/60.0.3112.113 Safari/537.36"
128.14.141.34 - - [07/Dec/2021:17:03:58 +0100] "GET / HTTP/1.1" 200 595 "http://85.255.1.106/" "Mozilla/5.0 (Windows NT 10.0; Win64; x64) AppleWebKit/537.36 (KHTML, like Gecko) Chrome/60.0.3112.113 Safari/537.36"
45.33.96.205 - - [07/Dec/2021:17:06:54 +0100] "GET /owa/ HTTP/1.1" 200 595 "-" "Mozilla/5.0 (Windows NT 10.0; Win64; x64) AppleWebKit/537.36 (KHTML, like Gecko) Chrome/60.0.3112.113 Safari/537.36"
192.35.168.16 - - [07/Dec/2021:17:12:40 +0100] "GET / HTTP/1.1" 200 595 "-" "Mozilla/5.0 zgrab/0.x"
192.241.210.24 - - [07/Dec/2021:17:21:24 +0100] "GET / HTTP/1.1" 301 162 "-" "Mozilla/5.0 zgrab/0.x"
192.241.210.50 - - [07/Dec/2021:17:31:28 +0100] "GET / HTTP/1.1" 200 595 "-" "Mozilla/5.0 zgrab/0.x"
40.77.167.23 - - [07/Dec/2021:17:40:09 +0100] "GET /sitemap-posts.xml HTTP/2.0" 200 1016 "-" "Mozilla/5.0 (compatible; bingbot/2.0; +http://www.bing.com/bingbot.htm)"
45.155.205.233 - - [07/Dec/2021:17:40:56 +0100] "GET /?XDEBUG_SESSION_START=phpstorm HTTP/1.1" 301 162 "-" "Mozilla/5.0 (Windows NT 10.0; Win64; x64) AppleWebKit/537.36 (KHTML, like Gecko) Chrome/78.0.3904.108 Safari/537.36"
45.155.205.233 - - [07/Dec/2021:17:40:56 +0100] "GET /?XDEBUG_SESSION_START=phpstorm HTTP/1.1" 200 595 "http://85.255.1.106:80/?XDEBUG_SESSION_START=phpstorm" "Mozilla/5.0 (Windows NT 10.0; Win64; x64) AppleWebKit/537.36 (KHTML, like Gecko) Chrome/78.0.3904.108 Safari/537.36"
207.46.13.96 - - [07/Dec/2021:18:02:12 +0100] "GET / HTTP/2.0" 200 12916 "-" "Mozilla/5.0 (compatible; bingbot/2.0; +http://www.bing.com/bingbot.htm)"
193.118.53.194 - - [07/Dec/2021:18:17:42 +0100] "GET / HTTP/1.1" 200 595 "-" "Mozilla/5.0 (Windows NT 10.0; Win64; x64) AppleWebKit/537.36 (KHTML, like Gecko) Chrome/60.0.3112.113 Safari/537.36"
45.155.205.233 - - [07/Dec/2021:18:34:06 +0100] "POST /Autodiscover/Autodiscover.xml HTTP/1.1" 301 162 "-" "Mozilla/5.0 (Windows NT 10.0; Win64; x64) AppleWebKit/537.36 (KHTML, like Gecko) Chrome/78.0.3904.108 Safari/537.36"
45.155.205.233 - - [07/Dec/2021:18:34:06 +0100] "GET /Autodiscover/Autodiscover.xml HTTP/1.1" 200 595 "http://85.255.1.106:80/Autodiscover/Autodiscover.xml" "Mozilla/5.0 (Windows NT 10.0; Win64; x64) AppleWebKit/537.36 (KHTML, like Gecko) Chrome/78.0.3904.108 Safari/537.36"
43.131.23.42 - - [07/Dec/2021:18:37:33 +0100] "GET / HTTP/1.1" 301 162 "-" "-"
119.90.42.90 - - [07/Dec/2021:19:23:39 +0100] "GET / HTTP/1.1" 301 162 "-" "Go-http-client/1.1"
119.90.42.90 - - [07/Dec/2021:19:23:40 +0100] "GET / HTTP/2.0" 200 583 "http://85.255.1.106:80/" "Go-http-client/2.0"
118.123.105.67 - - [07/Dec/2021:19:34:44 +0100] "GET / HTTP/1.0" 301 162 "-" "-"
118.123.105.67 - - [07/Dec/2021:19:34:45 +0100] "GET / HTTP/1.1" 301 162 "-" "Mozilla/5.0 (X11; Linux x86_64) AppleWebKit/537.36 (KHTML, like Gecko) Chrome/86.0.4 240.111 Safari/537.36"
118.123.105.67 - - [07/Dec/2021:19:34:46 +0100] "GET / HTTP/1.1" 200 595 "http://85.255.1.106" "Mozilla/5.0 (X11; Linux x86_64) AppleWebKit/537.36 (KHTML, like Gecko) Chrome/86.0.4 240.111 Safari/537.36"
118.123.105.67 - - [07/Dec/2021:19:34:46 +0100] "GET /favicon.ico HTTP/1.1" 301 162 "-" "Mozilla/5.0 (X11; Linux x86_64) AppleWebKit/537.36 (KHTML, like Gecko) Chrome/86.0.4 240.111 Safari/537.36"
118.123.105.67 - - [07/Dec/2021:19:34:47 +0100] "GET /favicon.ico HTTP/1.1" 200 595 "http://85.255.1.106/favicon.ico" "Mozilla/5.0 (X11; Linux x86_64) AppleWebKit/537.36 (KHTML, like Gecko) Chrome/86.0.4 240.111 Safari/537.36"
118.123.105.67 - - [07/Dec/2021:19:34:48 +0100] "GET /robots.txt HTTP/1.1" 301 162 "-" "Mozilla/5.0 (X11; Linux x86_64) AppleWebKit/537.36 (KHTML, like Gecko) Chrome/86.0.4 240.111 Safari/537.36"
118.123.105.67 - - [07/Dec/2021:19:34:49 +0100] "GET /robots.txt HTTP/1.1" 200 595 "http://85.255.1.106/robots.txt" "Mozilla/5.0 (X11; Linux x86_64) AppleWebKit/537.36 (KHTML, like Gecko) Chrome/86.0.4 240.111 Safari/537.36"
118.123.105.67 - - [07/Dec/2021:19:34:49 +0100] "GET /.well-known/security.txt HTTP/1.1" 301 162 "-" "Mozilla/5.0 (X11; Linux x86_64) AppleWebKit/537.36 (KHTML, like Gecko) Chrome/86.0.4 240.111 Safari/537.36"
118.123.105.67 - - [07/Dec/2021:19:34:50 +0100] "GET /.well-known/security.txt HTTP/1.1" 200 595 "http://85.255.1.106/.well-known/security.txt" "Mozilla/5.0 (X11; Linux x86_64) AppleWebKit/537.36 (KHTML, like Gecko) Chrome/86.0.4 240.111 Safari/537.36"
89.248.165.52 - - [07/Dec/2021:19:47:01 +0100] "\x04\x01\x00PU\xCE\xA0s\x00" 400 150 "-" "-"
89.248.165.52 - - [07/Dec/2021:19:47:01 +0100] "\x05\x01\x00" 400 150 "-" "-"
89.248.165.52 - - [07/Dec/2021:19:47:01 +0100] "CONNECT 85.206.160.115:80 HTTP/1.1" 400 150 "-" "-"
54.163.152.65 - - [07/Dec/2021:19:51:03 +0100] "GET /rss HTTP/1.1" 301 5 "-" "Ruby"
54.163.152.65 - - [07/Dec/2021:19:51:04 +0100] "GET /rss/ HTTP/1.1" 200 3133 "-" "Ruby"
45.137.23.232 - - [07/Dec/2021:20:44:01 +0100] "GET / HTTP/1.1" 301 162 "-" "Mozilla/5.0 zgrab/0.x"
20.122.29.145 - - [07/Dec/2021:21:48:11 +0100] "HEAD /robots.txt HTTP/1.0" 301 0 "-" "-"
192.241.212.246 - - [07/Dec/2021:22:33:54 +0100] "GET /owa/auth/x.js HTTP/1.1" 200 595 "-" "Mozilla/5.0 zgrab/0.x"
192.241.204.149 - - [07/Dec/2021:22:36:29 +0100] "GET /owa/auth/logon.aspx HTTP/1.1" 200 595 "-" "Mozilla/5.0 zgrab/0.x"
192.241.213.113 - - [07/Dec/2021:22:36:55 +0100] "GET /ecp/Current/exporttool/microsoft.exchange.ediscovery.exporttool.application HTTP/1.1" 200 595 "-" "Mozilla/5.0 zgrab/0.x"
128.14.141.34 - - [07/Dec/2021:22:37:12 +0100] "GET / HTTP/1.1" 200 595 "-" "Mozilla/5.0 (Windows NT 10.0; Win64; x64) AppleWebKit/537.36 (KHTML, like Gecko) Chrome/60.0.3112.113 Safari/537.36"
20.122.29.145 - - [07/Dec/2021:23:06:57 +0100] "HEAD /robots.txt HTTP/1.0" 400 0 "-" "-"
118.123.105.67 - - [07/Dec/2021:23:17:01 +0100] "GET / HTTP/1.0" 301 162 "-" "-"
118.123.105.67 - - [07/Dec/2021:23:17:02 +0100] "GET / HTTP/1.1" 301 162 "-" "Mozilla/5.0 (X11; Linux x86_64) AppleWebKit/537.36 (KHTML, like Gecko) Chrome/86.0.4 240.111 Safari/537.36"
118.123.105.67 - - [07/Dec/2021:23:17:03 +0100] "GET / HTTP/1.1" 200 595 "http://85.255.1.106" "Mozilla/5.0 (X11; Linux x86_64) AppleWebKit/537.36 (KHTML, like Gecko) Chrome/86.0.4 240.111 Safari/537.36"
118.123.105.67 - - [07/Dec/2021:23:17:04 +0100] "GET /favicon.ico HTTP/1.1" 301 162 "-" "Mozilla/5.0 (X11; Linux x86_64) AppleWebKit/537.36 (KHTML, like Gecko) Chrome/86.0.4 240.111 Safari/537.36"
118.123.105.67 - - [07/Dec/2021:23:17:05 +0100] "GET /favicon.ico HTTP/1.1" 200 595 "http://85.255.1.106/favicon.ico" "Mozilla/5.0 (X11; Linux x86_64) AppleWebKit/537.36 (KHTML, like Gecko) Chrome/86.0.4 240.111 Safari/537.36"
118.123.105.67 - - [07/Dec/2021:23:17:06 +0100] "GET /robots.txt HTTP/1.1" 301 162 "-" "Mozilla/5.0 (X11; Linux x86_64) AppleWebKit/537.36 (KHTML, like Gecko) Chrome/86.0.4 240.111 Safari/537.36"
118.123.105.67 - - [07/Dec/2021:23:17:07 +0100] "GET /robots.txt HTTP/1.1" 200 595 "http://85.255.1.106/robots.txt" "Mozilla/5.0 (X11; Linux x86_64) AppleWebKit/537.36 (KHTML, like Gecko) Chrome/86.0.4 240.111 Safari/537.36"
118.123.105.67 - - [07/Dec/2021:23:17:08 +0100] "GET /.well-known/security.txt HTTP/1.1" 301 162 "-" "Mozilla/5.0 (X11; Linux x86_64) AppleWebKit/537.36 (KHTML, like Gecko) Chrome/86.0.4 240.111 Safari/537.36"
118.123.105.67 - - [07/Dec/2021:23:17:09 +0100] "GET /.well-known/security.txt HTTP/1.1" 200 595 "http://85.255.1.106/.well-known/security.txt" "Mozilla/5.0 (X11; Linux x86_64) AppleWebKit/537.36 (KHTML, like Gecko) Chrome/86.0.4 240.111 Safari/537.36"
193.169.254.179 - - [07/Dec/2021:23:17:30 +0100] "GET /.git/config HTTP/1.1" 200 595 "-" "Mozilla/5.0 (Windows NT 10.0; Win64; x64; rv:67.0) Gecko/20100101 Firefox/67.0"
193.169.254.179 - - [07/Dec/2021:23:17:30 +0100] "GET /api/.git/config HTTP/1.1" 200 595 "-" "Mozilla/5.0 (Windows NT 10.0; Win64; x64; rv:67.0) Gecko/20100101 Firefox/67.0"
193.169.254.179 - - [07/Dec/2021:23:17:30 +0100] "GET /.env HTTP/1.1" 200 595 "-" "Mozilla/5.0 (Windows NT 10.0; Win64; x64; rv:67.0) Gecko/20100101 Firefox/67.0"
193.169.254.179 - - [07/Dec/2021:23:17:30 +0100] "GET /api/.env HTTP/1.1" 200 595 "-" "Mozilla/5.0 (Windows NT 10.0; Win64; x64; rv:67.0) Gecko/20100101 Firefox/67.0"
193.169.254.179 - - [07/Dec/2021:23:17:31 +0100] "GET /sftp-config.json HTTP/1.1" 200 595 "-" "Mozilla/5.0 (Windows NT 10.0; Win64; x64; rv:67.0) Gecko/20100101 Firefox/67.0"
193.169.254.179 - - [07/Dec/2021:23:17:31 +0100] "GET /api/sftp-config.json HTTP/1.1" 200 595 "-" "Mozilla/5.0 (Windows NT 10.0; Win64; x64; rv:67.0) Gecko/20100101 Firefox/67.0"
193.169.254.179 - - [07/Dec/2021:23:17:31 +0100] "GET /.ftpconfig HTTP/1.1" 200 595 "-" "Mozilla/5.0 (Windows NT 10.0; Win64; x64; rv:67.0) Gecko/20100101 Firefox/67.0"
193.169.254.179 - - [07/Dec/2021:23:17:31 +0100] "GET /api/.ftpconfig HTTP/1.1" 200 595 "-" "Mozilla/5.0 (Windows NT 10.0; Win64; x64; rv:67.0) Gecko/20100101 Firefox/67.0"
193.169.254.179 - - [07/Dec/2021:23:17:31 +0100] "GET /.remote-sync.json HTTP/1.1" 200 595 "-" "Mozilla/5.0 (Windows NT 10.0; Win64; x64; rv:67.0) Gecko/20100101 Firefox/67.0"
193.169.254.179 - - [07/Dec/2021:23:17:31 +0100] "GET /api/.remote-sync.json HTTP/1.1" 200 595 "-" "Mozilla/5.0 (Windows NT 10.0; Win64; x64; rv:67.0) Gecko/20100101 Firefox/67.0"
193.169.254.179 - - [07/Dec/2021:23:17:31 +0100] "GET /.vscode/ftp-sync.json HTTP/1.1" 200 595 "-" "Mozilla/5.0 (Windows NT 10.0; Win64; x64; rv:67.0) Gecko/20100101 Firefox/67.0"
193.169.254.179 - - [07/Dec/2021:23:17:31 +0100] "GET /api/.vscode/ftp-sync.json HTTP/1.1" 200 595 "-" "Mozilla/5.0 (Windows NT 10.0; Win64; x64; rv:67.0) Gecko/20100101 Firefox/67.0"
193.169.254.179 - - [07/Dec/2021:23:17:32 +0100] "GET /.vscode/sftp.json HTTP/1.1" 200 595 "-" "Mozilla/5.0 (Windows NT 10.0; Win64; x64; rv:67.0) Gecko/20100101 Firefox/67.0"
193.169.254.179 - - [07/Dec/2021:23:17:32 +0100] "GET /api/.vscode/sftp.json HTTP/1.1" 200 595 "-" "Mozilla/5.0 (Windows NT 10.0; Win64; x64; rv:67.0) Gecko/20100101 Firefox/67.0"
193.169.254.179 - - [07/Dec/2021:23:17:32 +0100] "GET /deployment-config.json HTTP/1.1" 200 595 "-" "Mozilla/5.0 (Windows NT 10.0; Win64; x64; rv:67.0) Gecko/20100101 Firefox/67.0"
193.169.254.179 - - [07/Dec/2021:23:17:32 +0100] "GET /api/deployment-config.json HTTP/1.1" 200 595 "-" "Mozilla/5.0 (Windows NT 10.0; Win64; x64; rv:67.0) Gecko/20100101 Firefox/67.0"
193.169.254.179 - - [07/Dec/2021:23:17:32 +0100] "GET /ftpsync.settings HTTP/1.1" 200 595 "-" "Mozilla/5.0 (Windows NT 10.0; Win64; x64; rv:67.0) Gecko/20100101 Firefox/67.0"
193.169.254.179 - - [07/Dec/2021:23:17:32 +0100] "GET /api/ftpsync.settings HTTP/1.1" 200 595 "-" "Mozilla/5.0 (Windows NT 10.0; Win64; x64; rv:67.0) Gecko/20100101 Firefox/67.0"
207.46.13.148 - - [07/Dec/2021:23:21:39 +0100] "GET / HTTP/1.1" 301 162 "-" "Mozilla/5.0 (compatible; bingbot/2.0; +http://www.bing.com/bingbot.htm)"
43.130.11.228 - - [07/Dec/2021:23:38:02 +0100] "GET / HTTP/1.1" 301 162 "-" "curl/7.64.1"
209.141.33.65 - - [07/Dec/2021:23:38:09 +0100] "GET / HTTP/1.1" 301 162 "-" "Chrome/54.0 (Windows NT 10.0)"
209.141.36.231 - - [07/Dec/2021:23:38:10 +0100] "GET / HTTP/1.1" 200 595 "http://85.255.1.106" "Chrome/54.0 (Windows NT 10.0)"
209.141.33.65 - - [07/Dec/2021:23:38:10 +0100] "GET /favicon.ico HTTP/1.1" 301 162 "-" "Chrome/54.0 (Windows NT 10.0)"
209.141.36.231 - - [07/Dec/2021:23:38:10 +0100] "GET /favicon.ico HTTP/1.1" 200 595 "http://85.255.1.106/favicon.ico" "Chrome/54.0 (Windows NT 10.0)"
209.141.42.155 - - [07/Dec/2021:23:38:11 +0100] "GET / HTTP/1.1" 301 162 "-" "Chrome/54.0 (Windows NT 10.0)"
209.141.42.155 - - [07/Dec/2021:23:38:12 +0100] "GET / HTTP/1.1" 200 12929 "http://krzwiatrzyk.eu" "Chrome/54.0 (Windows NT 10.0)"
205.185.116.25 - - [07/Dec/2021:23:38:13 +0100] "GET / HTTP/1.1" 301 162 "-" "Mozilla/5.0 (Macintosh; Intel Mac OS X 11_0_0) AppleWebKit/537.36 (KHTML, like Gecko) Chrome/87.0.4280.88 Safari/537.36"
209.141.41.193 - - [07/Dec/2021:23:38:14 +0100] "GET / HTTP/1.1" 200 12934 "-" "Mozilla/5.0 (Macintosh; Intel Mac OS X 11_0_0) AppleWebKit/537.36 (KHTML, like Gecko) Chrome/87.0.4280.88 Safari/537.36"
209.141.33.65 - - [07/Dec/2021:23:38:15 +0100] "GET /assets/scripts/main.js?v=e5a81d7637 HTTP/1.1" 200 9995 "https://krzwiatrzyk.eu/" "Mozilla/5.0 (Macintosh; Intel Mac OS X 11_0_0) AppleWebKit/537.36 (KHTML, like Gecko) Chrome/87.0.4280.88 Safari/537.36"
209.141.36.231 - - [07/Dec/2021:23:38:15 +0100] "GET /assets/scripts/pagination.js?v=e5a81d7637 HTTP/1.1" 200 864 "https://krzwiatrzyk.eu/" "Mozilla/5.0 (Macintosh; Intel Mac OS X 11_0_0) AppleWebKit/537.36 (KHTML, like Gecko) Chrome/87.0.4280.88 Safari/537.36"
209.141.42.155 - - [07/Dec/2021:23:38:18 +0100] "GET /favicon.ico HTTP/1.1" 301 162 "-" "Chrome/54.0 (Windows NT 10.0)"
209.141.42.155 - - [07/Dec/2021:23:38:19 +0100] "GET /favicon.ico HTTP/1.1" 302 68 "http://krzwiatrzyk.eu/favicon.ico" "Chrome/54.0 (Windows NT 10.0)"
209.141.42.155 - - [07/Dec/2021:23:38:19 +0100] "GET /favicon.png HTTP/1.1" 200 2741 "https://krzwiatrzyk.eu/favicon.ico" "Chrome/54.0 (Windows NT 10.0)"
128.199.238.188 - - [08/Dec/2021:00:04:01 +0100] "\x16\x03\x01\x01\xFB\x01\x00\x01\xF7\x03\x03\xA7\xEB\xDD{\xA0\xB9\xDFN\xCCW\xE3\x86hb\x5C\xD1\x1D\x96\x10\x10\xC8\xB51\xD7&M\xD6b\x17=P\x0E\x00\x01<\xCC\x14\xCC\x13\xCC\x15\xC00\xC0,\xC0(\xC0$\xC0\x14\xC0" 400 150 "-" "-"
192.241.213.125 - - [08/Dec/2021:00:19:06 +0100] "GET /ReportServer HTTP/1.1" 200 595 "-" "Mozilla/5.0 zgrab/0.x"
192.241.211.129 - - [08/Dec/2021:00:38:22 +0100] "GET /login HTTP/1.1" 200 595 "-" "Mozilla/5.0 zgrab/0.x"
100.24.123.237 - - [08/Dec/2021:00:45:44 +0100] "GET /rss HTTP/1.1" 301 5 "-" "Ruby"
100.24.123.237 - - [08/Dec/2021:00:45:44 +0100] "GET /rss/ HTTP/1.1" 200 3138 "-" "Ruby"
52.204.27.85 - - [08/Dec/2021:01:02:43 +0100] "GET /tag/weekly-stories/ HTTP/1.1" 200 45673 "-" "Mozilla/5.0 (compatible)"
131.196.185.2 - - [08/Dec/2021:01:42:33 +0100] "GET / HTTP/1.1" 301 162 "-" "Mozilla/5.0 (Windows NT 6.1; WOW64) AppleWebKit/537.36 (KHTML, like Gecko) Chrome/52.0.2743.116 Safari/537.36"
94.250.201.139 - - [08/Dec/2021:01:44:31 +0100] "GET / HTTP/1.1" 200 595 "-" "Mozilla/5.0 (Windows NT 10.0; WOW64) AppleWebKit/537.36 (KHTML, like Gecko) Chrome/69.0.3497.81 Safari/537.36 OPR/55.0.2994.47"
94.250.201.139 - - [08/Dec/2021:01:45:06 +0100] "GET / HTTP/1.1" 301 162 "-" "Mozilla/5.0 (Windows NT 6.2) AppleWebKit/537.36 (KHTML, like Gecko) Chrome/70.0.3538.67 Safari/537.36"
104.140.188.10 - - [08/Dec/2021:02:44:50 +0100] "GET / HTTP/1.1" 200 1345 "-" "https://gdnplus.com:Gather Analyze Provide."
128.14.141.34 - - [08/Dec/2021:03:08:57 +0100] "GET / HTTP/1.1" 301 162 "-" "Mozilla/5.0 (Windows NT 10.0; Win64; x64) AppleWebKit/537.36 (KHTML, like Gecko) Chrome/60.0.3112.113 Safari/537.36"
128.14.141.34 - - [08/Dec/2021:03:08:57 +0100] "GET / HTTP/1.1" 200 595 "http://85.255.1.106/" "Mozilla/5.0 (Windows NT 10.0; Win64; x64) AppleWebKit/537.36 (KHTML, like Gecko) Chrome/60.0.3112.113 Safari/537.36"
192.241.213.57 - - [08/Dec/2021:03:27:41 +0100] "GET /ecp/Current/exporttool/microsoft.exchange.ediscovery.exporttool.application HTTP/1.1" 200 595 "-" "Mozilla/5.0 zgrab/0.x"
118.123.105.67 - - [08/Dec/2021:03:29:51 +0100] "GET / HTTP/1.0" 301 162 "-" "-"
118.123.105.67 - - [08/Dec/2021:03:29:53 +0100] "GET / HTTP/1.1" 301 162 "-" "Mozilla/5.0 (X11; Linux x86_64) AppleWebKit/537.36 (KHTML, like Gecko) Chrome/86.0.4 240.111 Safari/537.36"
118.123.105.67 - - [08/Dec/2021:03:29:54 +0100] "GET / HTTP/1.1" 200 595 "http://85.255.1.106" "Mozilla/5.0 (X11; Linux x86_64) AppleWebKit/537.36 (KHTML, like Gecko) Chrome/86.0.4 240.111 Safari/537.36"
118.123.105.67 - - [08/Dec/2021:03:29:55 +0100] "GET /favicon.ico HTTP/1.1" 301 162 "-" "Mozilla/5.0 (X11; Linux x86_64) AppleWebKit/537.36 (KHTML, like Gecko) Chrome/86.0.4 240.111 Safari/537.36"
118.123.105.67 - - [08/Dec/2021:03:29:56 +0100] "GET /favicon.ico HTTP/1.1" 200 595 "http://85.255.1.106/favicon.ico" "Mozilla/5.0 (X11; Linux x86_64) AppleWebKit/537.36 (KHTML, like Gecko) Chrome/86.0.4 240.111 Safari/537.36"
118.123.105.67 - - [08/Dec/2021:03:29:57 +0100] "GET /robots.txt HTTP/1.1" 301 162 "-" "Mozilla/5.0 (X11; Linux x86_64) AppleWebKit/537.36 (KHTML, like Gecko) Chrome/86.0.4 240.111 Safari/537.36"
118.123.105.67 - - [08/Dec/2021:03:29:58 +0100] "GET /robots.txt HTTP/1.1" 200 595 "http://85.255.1.106/robots.txt" "Mozilla/5.0 (X11; Linux x86_64) AppleWebKit/537.36 (KHTML, like Gecko) Chrome/86.0.4 240.111 Safari/537.36"
118.123.105.67 - - [08/Dec/2021:03:29:59 +0100] "GET /.well-known/security.txt HTTP/1.1" 301 162 "-" "Mozilla/5.0 (X11; Linux x86_64) AppleWebKit/537.36 (KHTML, like Gecko) Chrome/86.0.4 240.111 Safari/537.36"
118.123.105.67 - - [08/Dec/2021:03:30:00 +0100] "GET /.well-known/security.txt HTTP/1.1" 200 595 "http://85.255.1.106/.well-known/security.txt" "Mozilla/5.0 (X11; Linux x86_64) AppleWebKit/537.36 (KHTML, like Gecko) Chrome/86.0.4 240.111 Safari/537.36"
93.87.39.83 - - [08/Dec/2021:03:35:29 +0100] "GET / HTTP/1.1" 301 162 "-" "Mozilla/5.0 (Macintosh; Intel Mac OS X 10_11_6) AppleWebKit/601.7.7 (KHTML, like Gecko) Version/9.1.2 Safari/601.7.7"
65.49.20.68 - - [08/Dec/2021:03:40:16 +0100] "GET / HTTP/1.1" 301 162 "-" "-"
125.64.94.138 - - [08/Dec/2021:03:52:00 +0100] "GET / HTTP/1.0" 301 162 "-" "-"
125.64.94.138 - - [08/Dec/2021:03:52:01 +0100] "GET / HTTP/1.1" 301 162 "-" "Mozilla/5.0 (X11; Linux x86_64) AppleWebKit/537.36 (KHTML, like Gecko) Chrome/86.0.4 240.111 Safari/537.36"
125.64.94.138 - - [08/Dec/2021:03:52:02 +0100] "GET / HTTP/1.1" 200 595 "http://85.255.1.106" "Mozilla/5.0 (X11; Linux x86_64) AppleWebKit/537.36 (KHTML, like Gecko) Chrome/86.0.4 240.111 Safari/537.36"
125.64.94.138 - - [08/Dec/2021:03:52:03 +0100] "GET /favicon.ico HTTP/1.1" 301 162 "-" "Mozilla/5.0 (X11; Linux x86_64) AppleWebKit/537.36 (KHTML, like Gecko) Chrome/86.0.4 240.111 Safari/537.36"
125.64.94.138 - - [08/Dec/2021:03:52:05 +0100] "GET /favicon.ico HTTP/1.1" 200 595 "http://85.255.1.106/favicon.ico" "Mozilla/5.0 (X11; Linux x86_64) AppleWebKit/537.36 (KHTML, like Gecko) Chrome/86.0.4 240.111 Safari/537.36"
125.64.94.138 - - [08/Dec/2021:03:52:06 +0100] "GET /robots.txt HTTP/1.1" 301 162 "-" "Mozilla/5.0 (X11; Linux x86_64) AppleWebKit/537.36 (KHTML, like Gecko) Chrome/86.0.4 240.111 Safari/537.36"
125.64.94.138 - - [08/Dec/2021:03:52:07 +0100] "GET /robots.txt HTTP/1.1" 200 595 "http://85.255.1.106/robots.txt" "Mozilla/5.0 (X11; Linux x86_64) AppleWebKit/537.36 (KHTML, like Gecko) Chrome/86.0.4 240.111 Safari/537.36"
125.64.94.138 - - [08/Dec/2021:03:52:08 +0100] "GET /.well-known/security.txt HTTP/1.1" 301 162 "-" "Mozilla/5.0 (X11; Linux x86_64) AppleWebKit/537.36 (KHTML, like Gecko) Chrome/86.0.4 240.111 Safari/537.36"
125.64.94.138 - - [08/Dec/2021:03:52:09 +0100] "GET /.well-known/security.txt HTTP/1.1" 200 595 "http://85.255.1.106/.well-known/security.txt" "Mozilla/5.0 (X11; Linux x86_64) AppleWebKit/537.36 (KHTML, like Gecko) Chrome/86.0.4 240.111 Safari/537.36"
192.241.196.170 - - [08/Dec/2021:04:03:59 +0100] "GET /owa/auth/logon.aspx?url=https%3a%2f%2f1%2fecp%2f HTTP/1.1" 200 595 "-" "Mozilla/5.0 zgrab/0.x"
102.221.88.62 - - [08/Dec/2021:04:22:21 +0100] "GET / HTTP/1.1" 301 162 "-" "Mozilla/5.0 (Windows NT 10.0; WOW64) AppleWebKit/537.36 (KHTML, like Gecko) Chrome/51.0.2704.103 Safari/537.36"
207.46.13.75 - - [08/Dec/2021:04:24:22 +0100] "GET /sitemap-tags.xml HTTP/2.0" 200 458 "-" "Mozilla/5.0 (compatible; bingbot/2.0; +http://www.bing.com/bingbot.htm)"
109.237.103.38 - - [08/Dec/2021:05:08:15 +0100] "GET /.env HTTP/1.1" 400 650 "-" "Mozilla/5.0 (X11; Linux x86_64) AppleWebKit/537.36 (KHTML, like Gecko) Chrome/81.0.4044.129 Safari/537.36"
109.237.103.38 - - [08/Dec/2021:05:08:15 +0100] "GET /.env HTTP/1.1" 200 595 "-" "Mozilla/5.0 (X11; Linux x86_64) AppleWebKit/537.36 (KHTML, like Gecko) Chrome/81.0.4044.129 Safari/537.36"
125.64.94.140 - - [08/Dec/2021:05:09:35 +0100] "GET / HTTP/1.0" 301 162 "-" "-"
125.64.94.140 - - [08/Dec/2021:05:09:35 +0100] "GET / HTTP/1.1" 301 162 "-" "Mozilla/5.0 (X11; Linux x86_64) AppleWebKit/537.36 (KHTML, like Gecko) Chrome/86.0.4 240.111 Safari/537.36"
125.64.94.140 - - [08/Dec/2021:05:09:37 +0100] "GET / HTTP/1.1" 200 595 "http://85.255.1.106" "Mozilla/5.0 (X11; Linux x86_64) AppleWebKit/537.36 (KHTML, like Gecko) Chrome/86.0.4 240.111 Safari/537.36"
125.64.94.140 - - [08/Dec/2021:05:09:38 +0100] "GET /favicon.ico HTTP/1.1" 301 162 "-" "Mozilla/5.0 (X11; Linux x86_64) AppleWebKit/537.36 (KHTML, like Gecko) Chrome/86.0.4 240.111 Safari/537.36"
125.64.94.140 - - [08/Dec/2021:05:09:39 +0100] "GET /favicon.ico HTTP/1.1" 200 595 "http://85.255.1.106/favicon.ico" "Mozilla/5.0 (X11; Linux x86_64) AppleWebKit/537.36 (KHTML, like Gecko) Chrome/86.0.4 240.111 Safari/537.36"
125.64.94.140 - - [08/Dec/2021:05:09:40 +0100] "GET /robots.txt HTTP/1.1" 301 162 "-" "Mozilla/5.0 (X11; Linux x86_64) AppleWebKit/537.36 (KHTML, like Gecko) Chrome/86.0.4 240.111 Safari/537.36"
125.64.94.140 - - [08/Dec/2021:05:09:41 +0100] "GET /robots.txt HTTP/1.1" 200 595 "http://85.255.1.106/robots.txt" "Mozilla/5.0 (X11; Linux x86_64) AppleWebKit/537.36 (KHTML, like Gecko) Chrome/86.0.4 240.111 Safari/537.36"
125.64.94.140 - - [08/Dec/2021:05:09:42 +0100] "GET /.well-known/security.txt HTTP/1.1" 301 162 "-" "Mozilla/5.0 (X11; Linux x86_64) AppleWebKit/537.36 (KHTML, like Gecko) Chrome/86.0.4 240.111 Safari/537.36"
125.64.94.140 - - [08/Dec/2021:05:09:43 +0100] "GET /.well-known/security.txt HTTP/1.1" 200 595 "http://85.255.1.106/.well-known/security.txt" "Mozilla/5.0 (X11; Linux x86_64) AppleWebKit/537.36 (KHTML, like Gecko) Chrome/86.0.4 240.111 Safari/537.36"
207.46.13.96 - - [08/Dec/2021:05:24:18 +0100] "GET / HTTP/2.0" 200 12916 "-" "Mozilla/5.0 (compatible; bingbot/2.0; +http://www.bing.com/bingbot.htm)"
207.46.13.96 - - [08/Dec/2021:05:24:35 +0100] "GET /weekly-stories-2/ HTTP/2.0" 200 15779 "-" "Mozilla/5.0 (compatible; bingbot/2.0; +http://www.bing.com/bingbot.htm)"
40.77.139.23 - - [08/Dec/2021:05:24:37 +0100] "GET /assets/scripts/main.js?v=e5a81d7637 HTTP/2.0" 200 9977 "https://krzwiatrzyk.eu/weekly-stories-2/" "Mozilla/5.0 (Windows NT 6.1; WOW64) AppleWebKit/534+ (KHTML, like Gecko) BingPreview/1.0b"
40.77.139.23 - - [08/Dec/2021:05:24:37 +0100] "GET /assets/styles/main.css?v=e5a81d7637 HTTP/2.0" 200 14057 "https://krzwiatrzyk.eu/weekly-stories-2/" "Mozilla/5.0 (Windows NT 6.1; WOW64) AppleWebKit/534+ (KHTML, like Gecko) BingPreview/1.0b"
40.77.167.94 - - [08/Dec/2021:05:25:10 +0100] "GET /content/images/size/w1000/2021/12/Weekly.png HTTP/2.0" 200 136035 "-" "Mozilla/5.0 (compatible; bingbot/2.0; +http://www.bing.com/bingbot.htm)"
40.77.167.94 - - [08/Dec/2021:05:25:13 +0100] "GET /content/images/size/w300/2021/12/Weekly.png HTTP/2.0" 200 28529 "-" "Mozilla/5.0 (compatible; bingbot/2.0; +http://www.bing.com/bingbot.htm)"
40.77.167.94 - - [08/Dec/2021:05:25:16 +0100] "GET /content/images/size/w600/2021/12/Weekly.png HTTP/2.0" 200 67598 "-" "Mozilla/5.0 (compatible; bingbot/2.0; +http://www.bing.com/bingbot.htm)"
157.55.39.235 - - [08/Dec/2021:05:25:17 +0100] "GET /content/images/size/w2000/2021/12/Weekly.png HTTP/2.0" 200 286095 "-" "Mozilla/5.0 (compatible; bingbot/2.0; +http://www.bing.com/bingbot.htm)"
157.55.39.235 - - [08/Dec/2021:05:25:19 +0100] "GET /content/images/2021/12/Weekly.png HTTP/2.0" 200 286095 "-" "Mozilla/5.0 (compatible; bingbot/2.0; +http://www.bing.com/bingbot.htm)"
40.77.167.23 - - [08/Dec/2021:05:28:17 +0100] "GET /sitemap-authors.xml HTTP/2.0" 200 344 "-" "Mozilla/5.0 (compatible; bingbot/2.0; +http://www.bing.com/bingbot.htm)"
54.163.152.65 - - [08/Dec/2021:05:45:46 +0100] "GET /rss HTTP/1.1" 301 5 "-" "Ruby"
54.163.152.65 - - [08/Dec/2021:05:45:47 +0100] "GET /rss/ HTTP/1.1" 200 3133 "-" "Ruby"
104.206.128.38 - - [08/Dec/2021:05:50:44 +0100] "GET / HTTP/1.0" 301 162 "-" "https://gdnplus.com:Gather Analyze Provide."
125.64.94.140 - - [08/Dec/2021:06:35:43 +0100] "GET / HTTP/1.0" 200 1345 "-" "-"
125.64.94.140 - - [08/Dec/2021:06:35:44 +0100] "GET /favicon.ico HTTP/1.1" 200 595 "-" "Mozilla/5.0 (X11; Linux x86_64) AppleWebKit/537.36 (KHTML, like Gecko) Chrome/86.0.4 240.111 Safari/537.36"
125.64.94.140 - - [08/Dec/2021:06:35:47 +0100] "GET /robots.txt HTTP/1.1" 200 595 "-" "Mozilla/5.0 (X11; Linux x86_64) AppleWebKit/537.36 (KHTML, like Gecko) Chrome/86.0.4 240.111 Safari/537.36"
125.64.94.140 - - [08/Dec/2021:06:35:48 +0100] "GET /.well-known/security.txt HTTP/1.1" 200 595 "-" "Mozilla/5.0 (X11; Linux x86_64) AppleWebKit/537.36 (KHTML, like Gecko) Chrome/86.0.4 240.111 Safari/537.36"
118.123.105.67 - - [08/Dec/2021:07:01:01 +0100] "GET / HTTP/1.0" 200 1345 "-" "-"
118.123.105.67 - - [08/Dec/2021:07:01:02 +0100] "GET /favicon.ico HTTP/1.1" 200 595 "-" "Mozilla/5.0 (X11; Linux x86_64) AppleWebKit/537.36 (KHTML, like Gecko) Chrome/86.0.4 240.111 Safari/537.36"
118.123.105.67 - - [08/Dec/2021:07:01:03 +0100] "GET /robots.txt HTTP/1.1" 200 595 "-" "Mozilla/5.0 (X11; Linux x86_64) AppleWebKit/537.36 (KHTML, like Gecko) Chrome/86.0.4 240.111 Safari/537.36"
118.123.105.67 - - [08/Dec/2021:07:01:03 +0100] "GET /.well-known/security.txt HTTP/1.1" 200 595 "-" "Mozilla/5.0 (X11; Linux x86_64) AppleWebKit/537.36 (KHTML, like Gecko) Chrome/86.0.4 240.111 Safari/537.36"
68.80.52.46 - - [08/Dec/2021:07:14:18 +0100] "GET /pma2011/index.php?lang=en HTTP/1.1" 301 162 "-" "Mozilla/5.0 (Windows NT 10.0; Win64; x64) AppleWebKit/537.36 (KHTML, like Gecko) Chrome/93.0.4577.82 Safari/537.36"
68.80.52.46 - - [08/Dec/2021:07:14:19 +0100] "GET /phpmyadmin2013/index.php?lang=en HTTP/1.1" 301 162 "-" "Mozilla/5.0 (Windows NT 10.0; Win64; x64) AppleWebKit/537.36 (KHTML, like Gecko) Chrome/93.0.4577.82 Safari/537.36"
68.80.52.46 - - [08/Dec/2021:07:14:19 +0100] "GET /PMA2011/index.php?lang=en HTTP/1.1" 301 162 "-" "Mozilla/5.0 (Windows NT 10.0; Win64; x64) AppleWebKit/537.36 (KHTML, like Gecko) Chrome/93.0.4577.82 Safari/537.36"
68.80.52.46 - - [08/Dec/2021:07:14:19 +0100] "GET /MyAdmin/index.php?lang=en HTTP/1.1" 301 162 "-" "Mozilla/5.0 (Windows NT 10.0; Win64; x64) AppleWebKit/537.36 (KHTML, like Gecko) Chrome/93.0.4577.82 Safari/537.36"
68.80.52.46 - - [08/Dec/2021:07:14:19 +0100] "GET /administrator/admin/index.php?lang=en HTTP/1.1" 301 162 "-" "Mozilla/5.0 (Windows NT 10.0; Win64; x64) AppleWebKit/537.36 (KHTML, like Gecko) Chrome/93.0.4577.82 Safari/537.36"
68.80.52.46 - - [08/Dec/2021:07:14:20 +0100] "GET /admin/web/index.php?lang=en HTTP/1.1" 301 162 "-" "Mozilla/5.0 (Windows NT 10.0; Win64; x64) AppleWebKit/537.36 (KHTML, like Gecko) Chrome/93.0.4577.82 Safari/537.36"
68.80.52.46 - - [08/Dec/2021:07:14:20 +0100] "GET /administrator/admin/index.php?lang=en HTTP/1.1" 301 162 "-" "Mozilla/5.0 (Windows NT 10.0; Win64; x64) AppleWebKit/537.36 (KHTML, like Gecko) Chrome/93.0.4577.82 Safari/537.36"
68.80.52.46 - - [08/Dec/2021:07:14:20 +0100] "GET /mysql/web/index.php?lang=en HTTP/1.1" 301 162 "-" "Mozilla/5.0 (Windows NT 10.0; Win64; x64) AppleWebKit/537.36 (KHTML, like Gecko) Chrome/93.0.4577.82 Safari/537.36"
68.80.52.46 - - [08/Dec/2021:07:14:20 +0100] "GET /mysql/index.php?lang=en HTTP/1.1" 301 162 "-" "Mozilla/5.0 (Windows NT 10.0; Win64; x64) AppleWebKit/537.36 (KHTML, like Gecko) Chrome/93.0.4577.82 Safari/537.36"
68.80.52.46 - - [08/Dec/2021:07:14:20 +0100] "GET /pma2016/index.php?lang=en HTTP/1.1" 301 162 "-" "Mozilla/5.0 (Windows NT 10.0; Win64; x64) AppleWebKit/537.36 (KHTML, like Gecko) Chrome/93.0.4577.82 Safari/537.36"
68.80.52.46 - - [08/Dec/2021:07:14:21 +0100] "GET /phpMyAdmin-4.9.7-english/index.php?lang=en HTTP/1.1" 301 162 "-" "Mozilla/5.0 (Windows NT 10.0; Win64; x64) AppleWebKit/537.36 (KHTML, like Gecko) Chrome/93.0.4577.82 Safari/537.36"
68.80.52.46 - - [08/Dec/2021:07:14:21 +0100] "GET /sql/phpmyadmin4/index.php?lang=en HTTP/1.1" 301 162 "-" "Mozilla/5.0 (Windows NT 10.0; Win64; x64) AppleWebKit/537.36 (KHTML, like Gecko) Chrome/93.0.4577.82 Safari/537.36"
68.80.52.46 - - [08/Dec/2021:07:14:21 +0100] "GET /admin/web/index.php?lang=en HTTP/1.1" 301 162 "-" "Mozilla/5.0 (Windows NT 10.0; Win64; x64) AppleWebKit/537.36 (KHTML, like Gecko) Chrome/93.0.4577.82 Safari/537.36"
68.80.52.46 - - [08/Dec/2021:07:14:21 +0100] "GET /phpmyadmin3/index.php?lang=en HTTP/1.1" 301 162 "-" "Mozilla/5.0 (Windows NT 10.0; Win64; x64) AppleWebKit/537.36 (KHTML, like Gecko) Chrome/93.0.4577.82 Safari/537.36"
68.80.52.46 - - [08/Dec/2021:07:14:22 +0100] "GET /myadmin/index.php?lang=en HTTP/1.1" 301 162 "-" "Mozilla/5.0 (Windows NT 10.0; Win64; x64) AppleWebKit/537.36 (KHTML, like Gecko) Chrome/93.0.4577.82 Safari/537.36"
68.80.52.46 - - [08/Dec/2021:07:14:22 +0100] "GET /pma2015/index.php?lang=en HTTP/1.1" 301 162 "-" "Mozilla/5.0 (Windows NT 10.0; Win64; x64) AppleWebKit/537.36 (KHTML, like Gecko) Chrome/93.0.4577.82 Safari/537.36"
68.80.52.46 - - [08/Dec/2021:07:14:22 +0100] "GET /sql/phpmanager/index.php?lang=en HTTP/1.1" 301 162 "-" "Mozilla/5.0 (Windows NT 10.0; Win64; x64) AppleWebKit/537.36 (KHTML, like Gecko) Chrome/93.0.4577.82 Safari/537.36"
68.80.52.46 - - [08/Dec/2021:07:14:22 +0100] "GET /phppma/index.php?lang=en HTTP/1.1" 301 162 "-" "Mozilla/5.0 (Windows NT 10.0; Win64; x64) AppleWebKit/537.36 (KHTML, like Gecko) Chrome/93.0.4577.82 Safari/537.36"
68.80.52.46 - - [08/Dec/2021:07:14:23 +0100] "GET /mysql/pma/index.php?lang=en HTTP/1.1" 301 162 "-" "Mozilla/5.0 (Windows NT 10.0; Win64; x64) AppleWebKit/537.36 (KHTML, like Gecko) Chrome/93.0.4577.82 Safari/537.36"
68.80.52.46 - - [08/Dec/2021:07:14:23 +0100] "GET /pma2018/index.php?lang=en HTTP/1.1" 301 162 "-" "Mozilla/5.0 (Windows NT 10.0; Win64; x64) AppleWebKit/537.36 (KHTML, like Gecko) Chrome/93.0.4577.82 Safari/537.36"
68.80.52.46 - - [08/Dec/2021:07:14:23 +0100] "GET /administrator/web/index.php?lang=en HTTP/1.1" 301 162 "-" "Mozilla/5.0 (Windows NT 10.0; Win64; x64) AppleWebKit/537.36 (KHTML, like Gecko) Chrome/93.0.4577.82 Safari/537.36"
68.80.52.46 - - [08/Dec/2021:07:14:23 +0100] "GET /db/phpMyAdmin/index.php?lang=en HTTP/1.1" 301 162 "-" "Mozilla/5.0 (Windows NT 10.0; Win64; x64) AppleWebKit/537.36 (KHTML, like Gecko) Chrome/93.0.4577.82 Safari/537.36"
68.80.52.46 - - [08/Dec/2021:07:14:24 +0100] "GET /phpmyadmin2013/index.php?lang=en HTTP/1.1" 301 162 "-" "Mozilla/5.0 (Windows NT 10.0; Win64; x64) AppleWebKit/537.36 (KHTML, like Gecko) Chrome/93.0.4577.82 Safari/537.36"
68.80.52.46 - - [08/Dec/2021:07:14:24 +0100] "GET /pma2012/index.php?lang=en HTTP/1.1" 301 162 "-" "Mozilla/5.0 (Windows NT 10.0; Win64; x64) AppleWebKit/537.36 (KHTML, like Gecko) Chrome/93.0.4577.82 Safari/537.36"
68.80.52.46 - - [08/Dec/2021:07:14:24 +0100] "GET /sqlmanager/index.php?lang=en HTTP/1.1" 301 162 "-" "Mozilla/5.0 (Windows NT 10.0; Win64; x64) AppleWebKit/537.36 (KHTML, like Gecko) Chrome/93.0.4577.82 Safari/537.36"
68.80.52.46 - - [08/Dec/2021:07:14:24 +0100] "GET /pma2019/index.php?lang=en HTTP/1.1" 301 162 "-" "Mozilla/5.0 (Windows NT 10.0; Win64; x64) AppleWebKit/537.36 (KHTML, like Gecko) Chrome/93.0.4577.82 Safari/537.36"
68.80.52.46 - - [08/Dec/2021:07:14:25 +0100] "GET /admin/phpMyAdmin/index.php?lang=en HTTP/1.1" 301 162 "-" "Mozilla/5.0 (Windows NT 10.0; Win64; x64) AppleWebKit/537.36 (KHTML, like Gecko) Chrome/93.0.4577.82 Safari/537.36"
68.80.52.46 - - [08/Dec/2021:07:14:25 +0100] "GET /PMA2017/index.php?lang=en HTTP/1.1" 301 162 "-" "Mozilla/5.0 (Windows NT 10.0; Win64; x64) AppleWebKit/537.36 (KHTML, like Gecko) Chrome/93.0.4577.82 Safari/537.36"
68.80.52.46 - - [08/Dec/2021:07:14:25 +0100] "GET /db/webadmin/index.php?lang=en HTTP/1.1" 301 162 "-" "Mozilla/5.0 (Windows NT 10.0; Win64; x64) AppleWebKit/537.36 (KHTML, like Gecko) Chrome/93.0.4577.82 Safari/537.36"
68.80.52.46 - - [08/Dec/2021:07:14:25 +0100] "GET /phpMyAdmin-4.9.7/index.php?lang=en HTTP/1.1" 301 162 "-" "Mozilla/5.0 (Windows NT 10.0; Win64; x64) AppleWebKit/537.36 (KHTML, like Gecko) Chrome/93.0.4577.82 Safari/537.36"
68.80.52.46 - - [08/Dec/2021:07:14:26 +0100] "GET /phpmyadmin4/index.php?lang=en HTTP/1.1" 301 162 "-" "Mozilla/5.0 (Windows NT 10.0; Win64; x64) AppleWebKit/537.36 (KHTML, like Gecko) Chrome/93.0.4577.82 Safari/537.36"
68.80.52.46 - - [08/Dec/2021:07:14:26 +0100] "GET /phpMyAdmin5/index.php?lang=en HTTP/1.1" 301 162 "-" "Mozilla/5.0 (Windows NT 10.0; Win64; x64) AppleWebKit/537.36 (KHTML, like Gecko) Chrome/93.0.4577.82 Safari/537.36"
68.80.52.46 - - [08/Dec/2021:07:14:26 +0100] "GET /phpmyadmin2016/index.php?lang=en HTTP/1.1" 301 162 "-" "Mozilla/5.0 (Windows NT 10.0; Win64; x64) AppleWebKit/537.36 (KHTML, like Gecko) Chrome/93.0.4577.82 Safari/537.36"
68.80.52.46 - - [08/Dec/2021:07:14:26 +0100] "GET /PMA2014/index.php?lang=en HTTP/1.1" 301 162 "-" "Mozilla/5.0 (Windows NT 10.0; Win64; x64) AppleWebKit/537.36 (KHTML, like Gecko) Chrome/93.0.4577.82 Safari/537.36"
68.80.52.46 - - [08/Dec/2021:07:14:27 +0100] "GET /phpmyadmin2013/index.php?lang=en HTTP/1.1" 301 162 "-" "Mozilla/5.0 (Windows NT 10.0; Win64; x64) AppleWebKit/537.36 (KHTML, like Gecko) Chrome/93.0.4577.82 Safari/537.36"
68.80.52.46 - - [08/Dec/2021:07:14:27 +0100] "GET /PMA2021/index.php?lang=en HTTP/1.1" 301 162 "-" "Mozilla/5.0 (Windows NT 10.0; Win64; x64) AppleWebKit/537.36 (KHTML, like Gecko) Chrome/93.0.4577.82 Safari/537.36"
68.80.52.46 - - [08/Dec/2021:07:14:27 +0100] "GET /phpMyAdmin4/index.php?lang=en HTTP/1.1" 301 162 "-" "Mozilla/5.0 (Windows NT 10.0; Win64; x64) AppleWebKit/537.36 (KHTML, like Gecko) Chrome/93.0.4577.82 Safari/537.36"
68.80.52.46 - - [08/Dec/2021:07:14:27 +0100] "GET /pma2018/index.php?lang=en HTTP/1.1" 301 162 "-" "Mozilla/5.0 (Windows NT 10.0; Win64; x64) AppleWebKit/537.36 (KHTML, like Gecko) Chrome/93.0.4577.82 Safari/537.36"
