66.249.65.59 - - [19/Jan/2022:21:31:13 +0100] "GET /robots.txt HTTP/1.1" 200 108 "-" "Mozilla/5.0 (compatible; Googlebot/2.1; +http://www.google.com/bot.html)"
66.249.65.57 - - [19/Jan/2022:21:31:13 +0100] "GET /weekly-stories-3/amp/ HTTP/1.1" 200 6261 "-" "Mozilla/5.0 (Linux; Android 6.0.1; Nexus 5X Build/MMB29P) AppleWebKit/537.36 (KHTML, like Gecko) Chrome/97.0.4692.71 Mobile Safari/537.36 (compatible; Googlebot/2.1; +http://www.google.com/bot.html)"
83.29.176.162 - - [19/Jan/2022:21:34:48 +0100] "GET /rss/ HTTP/2.0" 304 0 "-" "Mozilla/5.0 (Windows NT 10.0; Win64; x64) AppleWebKit/537.36 (KHTML, like Gecko) Chrome/96.0.4664.110 Safari/537.36 OPR/82.0.4227.58"
205.185.114.93 - - [19/Jan/2022:21:49:39 +0100] "GET /phpmyadmin/scripts/setup.php HTTP/1.1" 400 150 "-" "-"
83.29.176.162 - - [19/Jan/2022:21:49:49 +0100] "GET /rss/ HTTP/2.0" 304 0 "-" "Mozilla/5.0 (Windows NT 10.0; Win64; x64) AppleWebKit/537.36 (KHTML, like Gecko) Chrome/96.0.4664.110 Safari/537.36 OPR/82.0.4227.58"
61.219.11.151 - - [19/Jan/2022:22:01:26 +0100] "dN\x93\xB9\xE6\xBCl\xB6\x92\x84:\xD7\x03\xF1N\xB9\xC5;\x90\xC2\xC6\xBA\xE1I-\x22\xDDs\xBA\x1FgC:\xB1\xA7\x80+\x00\x00\x00\x00%\xFDK:\xAAW.|J\xB2\xB5\xF5'\xA5l\xD3V(\xB7\x01%(CsK8B\xCE\x9A\xD0z\xC7\x13\xAD" 400 150 "-" "-"
164.90.138.35 - - [19/Jan/2022:22:04:34 +0100] "GET / HTTP/1.1" 200 595 "-" "Mozilla/5.0 (compatible; InternetMeasurement/1.0; +https://internet-measurement.com/)"
83.29.176.162 - - [19/Jan/2022:22:04:49 +0100] "GET /rss/ HTTP/2.0" 304 0 "-" "Mozilla/5.0 (Windows NT 10.0; Win64; x64) AppleWebKit/537.36 (KHTML, like Gecko) Chrome/96.0.4664.110 Safari/537.36 OPR/82.0.4227.58"
83.29.176.162 - - [19/Jan/2022:22:19:49 +0100] "GET /rss/ HTTP/2.0" 304 0 "-" "Mozilla/5.0 (Windows NT 10.0; Win64; x64) AppleWebKit/537.36 (KHTML, like Gecko) Chrome/96.0.4664.110 Safari/537.36 OPR/82.0.4227.58"
35.233.62.116 - - [19/Jan/2022:22:25:49 +0100] "GET / HTTP/1.1" 200 595 "-" "python-requests/2.27.1"
83.29.176.162 - - [19/Jan/2022:22:34:49 +0100] "GET /rss/ HTTP/2.0" 304 0 "-" "Mozilla/5.0 (Windows NT 10.0; Win64; x64) AppleWebKit/537.36 (KHTML, like Gecko) Chrome/96.0.4664.110 Safari/537.36 OPR/82.0.4227.58"
40.77.167.36 - - [19/Jan/2022:22:37:12 +0100] "GET / HTTP/2.0" 200 13159 "-" "Mozilla/5.0 (compatible; bingbot/2.0; +http://www.bing.com/bingbot.htm)"
45.146.165.168 - - [19/Jan/2022:22:37:58 +0100] "POST /./RestAPI/LogonCustomization HTTP/1.1" 301 162 "-" "Mozilla/5.0 (Macintosh; Intel Mac OS X 10.14; rv:76.0) Gecko/20100101 Firefox/76.0"
45.146.165.168 - - [19/Jan/2022:22:37:58 +0100] "GET /RestAPI/LogonCustomization HTTP/1.1" 200 595 "http://85.255.1.106:80/./RestAPI/LogonCustomization" "Mozilla/5.0 (Macintosh; Intel Mac OS X 10.14; rv:76.0) Gecko/20100101 Firefox/76.0"
64.246.165.160 - - [19/Jan/2022:22:44:11 +0100] "GET /robots.txt HTTP/1.0" 301 162 "-" "Mozilla/5.0 (Macintosh; Intel Mac OS X 10.10; rv:59.0) Gecko/20100101 Firefox/59.0"
64.246.165.160 - - [19/Jan/2022:22:44:11 +0100] "GET / HTTP/1.1" 301 162 "-" "Mozilla/5.0 (Macintosh; Intel Mac OS X 10.10; rv:59.0) Gecko/20100101 Firefox/59.0"
66.249.65.61 - - [19/Jan/2022:22:49:13 +0100] "GET /robots.txt HTTP/1.1" 200 108 "-" "Mozilla/5.0 (compatible; Googlebot/2.1; +http://www.google.com/bot.html)"
66.249.65.59 - - [19/Jan/2022:22:49:13 +0100] "GET /weekly-stories-3/ HTTP/1.1" 200 15610 "-" "Mozilla/5.0 (Linux; Android 6.0.1; Nexus 5X Build/MMB29P) AppleWebKit/537.36 (KHTML, like Gecko) Chrome/97.0.4692.71 Mobile Safari/537.36 (compatible; Googlebot/2.1; +http://www.google.com/bot.html)"
45.146.165.168 - - [19/Jan/2022:22:49:44 +0100] "POST /./RestAPI/LogonCustomization HTTP/1.1" 405 150 "-" "Mozilla/5.0 (Macintosh; Intel Mac OS X 10.14; rv:76.0) Gecko/20100101 Firefox/76.0"
83.29.176.162 - - [19/Jan/2022:22:49:49 +0100] "GET /rss/ HTTP/2.0" 304 0 "-" "Mozilla/5.0 (Windows NT 10.0; Win64; x64) AppleWebKit/537.36 (KHTML, like Gecko) Chrome/96.0.4664.110 Safari/537.36 OPR/82.0.4227.58"
157.55.39.214 - - [19/Jan/2022:23:04:26 +0100] "GET / HTTP/1.1" 301 162 "-" "Mozilla/5.0 (compatible; bingbot/2.0; +http://www.bing.com/bingbot.htm)"
192.241.219.29 - - [19/Jan/2022:23:16:34 +0100] "GET /hudson HTTP/1.1" 301 162 "-" "Mozilla/5.0 zgrab/0.x"
137.184.117.195 - - [19/Jan/2022:23:27:44 +0100] "HEAD / HTTP/1.0" 400 0 "-" "-"
137.184.117.195 - - [19/Jan/2022:23:27:45 +0100] "HEAD / HTTP/1.0" 301 0 "-" "-"
137.184.117.195 - - [19/Jan/2022:23:27:48 +0100] "GET /system_api.php HTTP/1.1" 301 162 "-" "Mozilla/5.0 (Windows NT 10.0; Win64; x64) AppleWebKit/537.36 (KHTML, like Gecko) Chrome/74.0.3729.169 Safari/537.36"
137.184.117.195 - - [19/Jan/2022:23:27:48 +0100] "GET /system_api.php HTTP/1.1" 404 47 "-" "Mozilla/5.0 (Windows NT 10.0; Win64; x64) AppleWebKit/537.36 (KHTML, like Gecko) Chrome/74.0.3729.169 Safari/537.36"
137.184.117.195 - - [19/Jan/2022:23:27:49 +0100] "GET /system_api.php HTTP/1.1" 400 650 "-" "Mozilla/5.0 (Windows NT 10.0; Win64; x64) AppleWebKit/537.36 (KHTML, like Gecko) Chrome/74.0.3729.169 Safari/537.36"
137.184.117.195 - - [19/Jan/2022:23:27:49 +0100] "GET /system_api.php HTTP/1.1" 404 47 "-" "Mozilla/5.0 (Windows NT 10.0; Win64; x64) AppleWebKit/537.36 (KHTML, like Gecko) Chrome/74.0.3729.169 Safari/537.36"
137.184.117.195 - - [19/Jan/2022:23:27:52 +0100] "GET /c/version.js HTTP/1.1" 301 162 "-" "Mozilla/5.0 (Windows NT 10.0; Win64; x64) AppleWebKit/537.36 (KHTML, like Gecko) Chrome/74.0.3729.169 Safari/537.36"
137.184.117.195 - - [19/Jan/2022:23:27:52 +0100] "GET /c/version.js HTTP/1.1" 200 595 "-" "Mozilla/5.0 (Windows NT 10.0; Win64; x64) AppleWebKit/537.36 (KHTML, like Gecko) Chrome/74.0.3729.169 Safari/537.36"
137.184.117.195 - - [19/Jan/2022:23:27:53 +0100] "GET /c/version.js HTTP/1.1" 400 650 "-" "Mozilla/5.0 (Windows NT 10.0; Win64; x64) AppleWebKit/537.36 (KHTML, like Gecko) Chrome/74.0.3729.169 Safari/537.36"
137.184.117.195 - - [19/Jan/2022:23:27:53 +0100] "GET /c/version.js HTTP/1.1" 200 595 "-" "Mozilla/5.0 (Windows NT 10.0; Win64; x64) AppleWebKit/537.36 (KHTML, like Gecko) Chrome/74.0.3729.169 Safari/537.36"
137.184.117.195 - - [19/Jan/2022:23:27:56 +0100] "GET /streaming/clients_live.php HTTP/1.1" 301 162 "-" "Mozilla/5.0 (Windows NT 10.0; Win64; x64) AppleWebKit/537.36 (KHTML, like Gecko) Chrome/74.0.3729.169 Safari/537.36"
137.184.117.195 - - [19/Jan/2022:23:27:56 +0100] "GET /streaming/clients_live.php HTTP/1.1" 404 47 "-" "Mozilla/5.0 (Windows NT 10.0; Win64; x64) AppleWebKit/537.36 (KHTML, like Gecko) Chrome/74.0.3729.169 Safari/537.36"
137.184.117.195 - - [19/Jan/2022:23:27:57 +0100] "GET /streaming/clients_live.php HTTP/1.1" 400 650 "-" "Mozilla/5.0 (Windows NT 10.0; Win64; x64) AppleWebKit/537.36 (KHTML, like Gecko) Chrome/74.0.3729.169 Safari/537.36"
137.184.117.195 - - [19/Jan/2022:23:27:58 +0100] "GET /streaming/clients_live.php HTTP/1.1" 404 47 "-" "Mozilla/5.0 (Windows NT 10.0; Win64; x64) AppleWebKit/537.36 (KHTML, like Gecko) Chrome/74.0.3729.169 Safari/537.36"
137.184.117.195 - - [19/Jan/2022:23:28:00 +0100] "GET /stalker_portal/c/version.js HTTP/1.1" 301 162 "-" "Mozilla/5.0 (Windows NT 10.0; Win64; x64) AppleWebKit/537.36 (KHTML, like Gecko) Chrome/74.0.3729.169 Safari/537.36"
137.184.117.195 - - [19/Jan/2022:23:28:00 +0100] "GET /stalker_portal/c/version.js HTTP/1.1" 200 595 "-" "Mozilla/5.0 (Windows NT 10.0; Win64; x64) AppleWebKit/537.36 (KHTML, like Gecko) Chrome/74.0.3729.169 Safari/537.36"
137.184.117.195 - - [19/Jan/2022:23:28:01 +0100] "GET /stalker_portal/c/version.js HTTP/1.1" 400 650 "-" "Mozilla/5.0 (Windows NT 10.0; Win64; x64) AppleWebKit/537.36 (KHTML, like Gecko) Chrome/74.0.3729.169 Safari/537.36"
137.184.117.195 - - [19/Jan/2022:23:28:02 +0100] "GET /stalker_portal/c/version.js HTTP/1.1" 200 595 "-" "Mozilla/5.0 (Windows NT 10.0; Win64; x64) AppleWebKit/537.36 (KHTML, like Gecko) Chrome/74.0.3729.169 Safari/537.36"
137.184.117.195 - - [19/Jan/2022:23:28:04 +0100] "GET /stream/live.php HTTP/1.1" 301 162 "-" "VLC/3.0.8 LibVLC/3.0.8"
137.184.117.195 - - [19/Jan/2022:23:28:04 +0100] "GET /stream/live.php HTTP/1.1" 404 47 "-" "VLC/3.0.8 LibVLC/3.0.8"
137.184.117.195 - - [19/Jan/2022:23:28:05 +0100] "GET /stream/live.php HTTP/1.1" 400 248 "-" "VLC/3.0.8 LibVLC/3.0.8"
137.184.117.195 - - [19/Jan/2022:23:28:06 +0100] "GET /stream/live.php HTTP/1.1" 404 47 "-" "VLC/3.0.8 LibVLC/3.0.8"
137.184.117.195 - - [19/Jan/2022:23:28:08 +0100] "GET /flu/403.html HTTP/1.1" 301 162 "-" "Mozilla/5.0 (Windows NT 10.0; Win64; x64) AppleWebKit/537.36 (KHTML, like Gecko) Chrome/74.0.3729.169 Safari/537.36"
137.184.117.195 - - [19/Jan/2022:23:28:08 +0100] "GET /flu/403.html HTTP/1.1" 200 595 "-" "Mozilla/5.0 (Windows NT 10.0; Win64; x64) AppleWebKit/537.36 (KHTML, like Gecko) Chrome/74.0.3729.169 Safari/537.36"
137.184.117.195 - - [19/Jan/2022:23:28:09 +0100] "GET /flu/403.html HTTP/1.1" 400 650 "-" "Mozilla/5.0 (Windows NT 10.0; Win64; x64) AppleWebKit/537.36 (KHTML, like Gecko) Chrome/74.0.3729.169 Safari/537.36"
137.184.117.195 - - [19/Jan/2022:23:28:10 +0100] "GET /flu/403.html HTTP/1.1" 200 595 "-" "Mozilla/5.0 (Windows NT 10.0; Win64; x64) AppleWebKit/537.36 (KHTML, like Gecko) Chrome/74.0.3729.169 Safari/537.36"
64.227.99.233 - - [19/Jan/2022:23:32:01 +0100] "\x00\x0E8\x0E\xC9\xDC\x12\xFA\xE9\x05z\x00\x00\x00\x00\x00" 400 150 "-" "-"
125.64.94.140 - - [20/Jan/2022:00:16:31 +0100] "GET / HTTP/1.0" 200 1345 "-" "-"
125.64.94.140 - - [20/Jan/2022:00:16:33 +0100] "GET /favicon.ico HTTP/1.1" 200 595 "-" "Mozilla/5.0 (X11; Linux x86_64) AppleWebKit/537.36 (KHTML, like Gecko) Chrome/86.0.4 240.111 Safari/537.36"
125.64.94.140 - - [20/Jan/2022:00:16:34 +0100] "GET /robots.txt HTTP/1.1" 200 595 "-" "Mozilla/5.0 (X11; Linux x86_64) AppleWebKit/537.36 (KHTML, like Gecko) Chrome/86.0.4 240.111 Safari/537.36"
125.64.94.140 - - [20/Jan/2022:00:16:38 +0100] "GET /.well-known/security.txt HTTP/1.1" 200 595 "-" "Mozilla/5.0 (X11; Linux x86_64) AppleWebKit/537.36 (KHTML, like Gecko) Chrome/86.0.4 240.111 Safari/537.36"
66.249.65.57 - - [20/Jan/2022:00:19:13 +0100] "GET /robots.txt HTTP/1.1" 200 108 "-" "Mozilla/5.0 (compatible; Googlebot/2.1; +http://www.google.com/bot.html)"
66.249.65.57 - - [20/Jan/2022:00:19:13 +0100] "GET /weekly-stories/ HTTP/1.1" 200 15403 "-" "Mozilla/5.0 (Linux; Android 6.0.1; Nexus 5X Build/MMB29P) AppleWebKit/537.36 (KHTML, like Gecko) Chrome/97.0.4692.71 Mobile Safari/537.36 (compatible; Googlebot/2.1; +http://www.google.com/bot.html)"
84.38.189.2 - - [20/Jan/2022:00:23:59 +0100] "GET /users/sign_in HTTP/1.0" 301 162 "-" "-"
47.243.162.165 - - [20/Jan/2022:00:43:07 +0100] "GET / HTTP/1.0" 200 1345 "-" "-"
47.243.162.165 - - [20/Jan/2022:00:45:51 +0100] "GET /text4041642635950 HTTP/1.1" 200 1345 "-" "Mozilla/5.0 (compatible;)"
47.243.162.165 - - [20/Jan/2022:00:45:52 +0100] "GET /textCheck1642635950 HTTP/1.1" 200 1345 "-" "Mozilla/5.0 (compatible;)"
47.243.162.165 - - [20/Jan/2022:00:45:54 +0100] "GET /text/folder/review1642635950 HTTP/1.1" 200 1345 "-" "Mozilla/5.0 (compatible;)"
47.243.162.165 - - [20/Jan/2022:00:45:56 +0100] "GET / HTTP/1.0" 200 1345 "-" "-"
47.243.162.165 - - [20/Jan/2022:00:45:57 +0100] "POST /sdk HTTP/1.1" 405 150 "-" "Mozilla/5.0 (compatible;)"
47.243.162.165 - - [20/Jan/2022:00:45:58 +0100] "GET / HTTP/1.1" 200 1345 "-" "-"
47.243.162.165 - - [20/Jan/2022:00:46:33 +0100] "GET / HTTP/2.0" 200 583 "-" "-"
47.243.162.165 - - [20/Jan/2022:00:46:34 +0100] "GET /favicon.ico HTTP/1.1" 200 595 "-" "curl/7.75.0"
47.243.162.165 - - [20/Jan/2022:00:46:35 +0100] "GET /robots.txt HTTP/1.1" 200 595 "-" "curl/7.75.0"
66.240.236.109 - - [20/Jan/2022:01:02:55 +0100] "GET / HTTP/1.1" 200 595 "-" "Mozilla/5.0 zgrab/0.x"
185.100.87.54 - - [20/Jan/2022:01:29:15 +0100] "GET / HTTP/1.1" 301 162 "-" "-"
186.33.92.47 - - [20/Jan/2022:01:33:42 +0100] "GET / HTTP/1.1" 301 162 "-" "Mozilla/5.0 (Windows NT 6.1; WOW64) AppleWebKit/537.36 (KHTML, like Gecko) Chrome/51.0.2704.103 Safari/537.36"
3.82.120.195 - - [20/Jan/2022:01:46:52 +0100] "GET /rss HTTP/1.1" 301 5 "-" "Forem Feeds Importer"
3.82.120.195 - - [20/Jan/2022:01:46:53 +0100] "GET /rss/ HTTP/1.1" 200 3443 "-" "Forem Feeds Importer"
66.249.65.59 - - [20/Jan/2022:01:49:13 +0100] "GET /robots.txt HTTP/1.1" 200 108 "-" "Mozilla/5.0 (compatible; Googlebot/2.1; +http://www.google.com/bot.html)"
23.225.180.199 - - [20/Jan/2022:02:09:43 +0100] "GET / HTTP/1.1" 301 162 "-" "-"
23.225.180.199 - - [20/Jan/2022:02:10:03 +0100] "GET / HTTP/1.1" 200 595 "http://85.255.1.106/" "Mozilla/5.0 (Macintosh; Intel Mac OS X 10_7_0) AppleWebKit/535.11 (KHTML, like Gecko) Chrome/17.0.963.56 Safari/535.11"
23.225.180.199 - - [20/Jan/2022:02:10:03 +0100] "GET /favicon.ico HTTP/1.1" 301 162 "-" "Go-http-client/1.1"
23.225.180.199 - - [20/Jan/2022:02:10:04 +0100] "GET /favicon.ico HTTP/1.1" 200 595 "http://85.255.1.106/favicon.ico" "Go-http-client/1.1"
23.225.180.199 - - [20/Jan/2022:02:10:05 +0100] "GET /robots.txt HTTP/1.1" 301 162 "-" "Go-http-client/1.1"
23.225.180.199 - - [20/Jan/2022:02:10:21 +0100] "GET /robots.txt HTTP/1.1" 200 595 "http://85.255.1.106/robots.txt" "Go-http-client/1.1"
23.225.180.199 - - [20/Jan/2022:02:10:37 +0100] "GET /sitemap.xml HTTP/1.1" 301 162 "-" "Go-http-client/1.1"
23.225.180.199 - - [20/Jan/2022:02:10:37 +0100] "GET /sitemap.xml HTTP/1.1" 200 595 "http://85.255.1.106/sitemap.xml" "Go-http-client/1.1"
192.241.204.239 - - [20/Jan/2022:02:17:36 +0100] "GET / HTTP/1.1" 400 248 "-" "Mozilla/5.0 zgrab/0.x"
118.123.105.68 - - [20/Jan/2022:02:44:43 +0100] "GET / HTTP/1.0" 200 1345 "-" "-"
118.123.105.68 - - [20/Jan/2022:02:44:44 +0100] "GET /favicon.ico HTTP/1.1" 200 595 "-" "Mozilla/5.0 (X11; Linux x86_64) AppleWebKit/537.36 (KHTML, like Gecko) Chrome/86.0.4 240.111 Safari/537.36"
118.123.105.68 - - [20/Jan/2022:02:44:45 +0100] "GET /robots.txt HTTP/1.1" 200 595 "-" "Mozilla/5.0 (X11; Linux x86_64) AppleWebKit/537.36 (KHTML, like Gecko) Chrome/86.0.4 240.111 Safari/537.36"
118.123.105.68 - - [20/Jan/2022:02:44:46 +0100] "GET /.well-known/security.txt HTTP/1.1" 200 595 "-" "Mozilla/5.0 (X11; Linux x86_64) AppleWebKit/537.36 (KHTML, like Gecko) Chrome/86.0.4 240.111 Safari/537.36"
136.144.41.117 - - [20/Jan/2022:03:04:01 +0100] "GET / HTTP/1.1" 301 162 "-" "Linux Gnu (cow)"
125.64.94.214 - - [20/Jan/2022:03:12:13 +0100] "GET / HTTP/1.0" 301 162 "-" "-"
125.64.94.214 - - [20/Jan/2022:03:12:14 +0100] "GET / HTTP/1.1" 301 162 "-" "Mozilla/5.0 (X11; Linux x86_64) AppleWebKit/537.36 (KHTML, like Gecko) Chrome/86.0.4 240.111 Safari/537.36"
125.64.94.214 - - [20/Jan/2022:03:12:15 +0100] "GET / HTTP/1.1" 200 595 "http://85.255.1.106" "Mozilla/5.0 (X11; Linux x86_64) AppleWebKit/537.36 (KHTML, like Gecko) Chrome/86.0.4 240.111 Safari/537.36"
125.64.94.214 - - [20/Jan/2022:03:12:15 +0100] "GET /favicon.ico HTTP/1.1" 301 162 "-" "Mozilla/5.0 (X11; Linux x86_64) AppleWebKit/537.36 (KHTML, like Gecko) Chrome/86.0.4 240.111 Safari/537.36"
125.64.94.214 - - [20/Jan/2022:03:12:16 +0100] "GET /favicon.ico HTTP/1.1" 200 595 "http://85.255.1.106/favicon.ico" "Mozilla/5.0 (X11; Linux x86_64) AppleWebKit/537.36 (KHTML, like Gecko) Chrome/86.0.4 240.111 Safari/537.36"
125.64.94.214 - - [20/Jan/2022:03:12:17 +0100] "GET /robots.txt HTTP/1.1" 301 162 "-" "Mozilla/5.0 (X11; Linux x86_64) AppleWebKit/537.36 (KHTML, like Gecko) Chrome/86.0.4 240.111 Safari/537.36"
125.64.94.214 - - [20/Jan/2022:03:12:18 +0100] "GET /robots.txt HTTP/1.1" 200 595 "http://85.255.1.106/robots.txt" "Mozilla/5.0 (X11; Linux x86_64) AppleWebKit/537.36 (KHTML, like Gecko) Chrome/86.0.4 240.111 Safari/537.36"
125.64.94.214 - - [20/Jan/2022:03:12:19 +0100] "GET /.well-known/security.txt HTTP/1.1" 301 162 "-" "Mozilla/5.0 (X11; Linux x86_64) AppleWebKit/537.36 (KHTML, like Gecko) Chrome/86.0.4 240.111 Safari/537.36"
125.64.94.214 - - [20/Jan/2022:03:12:20 +0100] "GET /.well-known/security.txt HTTP/1.1" 200 595 "http://85.255.1.106/.well-known/security.txt" "Mozilla/5.0 (X11; Linux x86_64) AppleWebKit/537.36 (KHTML, like Gecko) Chrome/86.0.4 240.111 Safari/537.36"
66.249.65.57 - - [20/Jan/2022:03:19:13 +0100] "GET /robots.txt HTTP/1.1" 200 108 "-" "Mozilla/5.0 (compatible; Googlebot/2.1; +http://www.google.com/bot.html)"
66.249.65.57 - - [20/Jan/2022:03:19:14 +0100] "GET /tag/kubernetes-advanced/ HTTP/1.1" 200 13074 "-" "Mozilla/5.0 (compatible; Googlebot/2.1; +http://www.google.com/bot.html)"
207.46.13.32 - - [20/Jan/2022:03:24:49 +0100] "GET /kubernetes-headless-service/ HTTP/2.0" 200 16206 "-" "Mozilla/5.0 (compatible; bingbot/2.0; +http://www.bing.com/bingbot.htm)"
5.8.10.202 - - [20/Jan/2022:03:38:34 +0100] "\x16\x03\x01\x00\xEE\x01\x00\x00\xEA\x03\x03'\xC1\x85\xFC\x8D\x15\xE5>\xDC\x8E\x93\x06\xFA\xF0\x83\xB5\xE2K\xE9\x81rj\xBE\x01\x97\x02x\x89\xBA&;$ \x1FY\xA0\xA1[\x1D#'\x1F\x94\x19\x92=\xEFE+\x1F\xC6\x8B7\x15\x00\xDD\x12]F\xEC\x8C\x92pDg\x00&\xCC\xA8\xCC\xA9\xC0/\xC00\xC0+\xC0,\xC0\x13\xC0\x09\xC0\x14\xC0" 400 150 "-" "-"
5.8.10.202 - - [20/Jan/2022:03:38:34 +0100] "GET /aaa9 HTTP/1.1" 301 162 "-" "Mozilla/5.0 (Windows NT 10.0; Win64; x64) AppleWebKit/537.36 (KHTML, like Gecko) Chrome/70.0.3538.77 Safari/537.36"
5.8.10.202 - - [20/Jan/2022:03:38:35 +0100] "\x16\x03\x01\x00\xEE\x01\x00\x00\xEA\x03\x03}\xBF\xD7|\xF96\xD0\xDF\x13\xB1Q\xCE\xC2n\x0F\xE8\x8Dgz\x81\x98\x09\x88~I\xB4.t\xFF\x13\x15, \xF4\x8FD\x8Cw'\xF4\xDF\xAE\x13V|\x96\x06\xBCU\xE9\xB8\xC1_\x1C\xD2L\x16\xD2LS\xBF]\xE9(L\x00&\xCC\xA8\xCC\xA9\xC0/\xC00\xC0+\xC0,\xC0\x13\xC0\x09\xC0\x14\xC0" 400 150 "-" "-"
5.8.10.202 - - [20/Jan/2022:03:38:35 +0100] "GET /aab9 HTTP/1.1" 301 162 "-" "Mozilla/5.0 (Windows NT 10.0; Win64; x64) AppleWebKit/537.36 (KHTML, like Gecko) Chrome/70.0.3538.77 Safari/537.36"
66.249.65.57 - - [20/Jan/2022:04:06:58 +0100] "GET /weekly-stories/amp/ HTTP/1.1" 200 5994 "-" "Mozilla/5.0 (Linux; Android 6.0.1; Nexus 5X Build/MMB29P) AppleWebKit/537.36 (KHTML, like Gecko) Chrome/97.0.4692.71 Mobile Safari/537.36 (compatible; Googlebot/2.1; +http://www.google.com/bot.html)"
205.185.114.93 - - [20/Jan/2022:04:30:46 +0100] "GET /phpmyadmin/scripts/setup.php HTTP/1.1" 400 150 "-" "-"
207.46.13.32 - - [20/Jan/2022:04:32:05 +0100] "GET /kubernetes-headless-service/ HTTP/2.0" 200 16206 "-" "Mozilla/5.0 (compatible; bingbot/2.0; +http://www.bing.com/bingbot.htm)"
40.77.167.36 - - [20/Jan/2022:04:37:09 +0100] "GET /tool-stack HTTP/2.0" 301 0 "-" "Mozilla/5.0 (compatible; bingbot/2.0; +http://www.bing.com/bingbot.htm)"
40.77.167.36 - - [20/Jan/2022:04:37:20 +0100] "GET /tool-stack/ HTTP/2.0" 200 12431 "-" "Mozilla/5.0 (compatible; bingbot/2.0; +http://www.bing.com/bingbot.htm)"
66.249.65.57 - - [20/Jan/2022:04:49:20 +0100] "GET /robots.txt HTTP/1.1" 200 108 "-" "Mozilla/5.0 (compatible; Googlebot/2.1; +http://www.google.com/bot.html)"
66.249.65.61 - - [20/Jan/2022:04:49:20 +0100] "GET /tag/kubernetes-advanced/ HTTP/1.1" 200 13059 "-" "Mozilla/5.0 (Linux; Android 6.0.1; Nexus 5X Build/MMB29P) AppleWebKit/537.36 (KHTML, like Gecko) Chrome/97.0.4692.71 Mobile Safari/537.36 (compatible; Googlebot/2.1; +http://www.google.com/bot.html)"
5.188.210.227 - - [20/Jan/2022:04:50:18 +0100] "\x05\x01\x00" 400 150 "-" "-"
5.188.210.227 - - [20/Jan/2022:04:51:35 +0100] "\x04\x01\x00P\x05\xBC\xD2\xE3\x00" 400 150 "-" "-"
5.188.210.227 - - [20/Jan/2022:04:52:32 +0100] "GET http://5.188.210.227/echo.php HTTP/1.1" 400 650 "https://www.google.com/" "Mozilla/5.0 (Windows NT 6.1) AppleWebKit/537.36 (KHTML, like Gecko) Chrome/70.0.3538.77 Safari/537.36"
125.64.94.140 - - [20/Jan/2022:05:12:59 +0100] "GET / HTTP/1.0" 301 162 "-" "-"
125.64.94.140 - - [20/Jan/2022:05:13:00 +0100] "GET / HTTP/1.1" 301 162 "-" "Mozilla/5.0 (X11; Linux x86_64) AppleWebKit/537.36 (KHTML, like Gecko) Chrome/86.0.4 240.111 Safari/537.36"
125.64.94.140 - - [20/Jan/2022:05:13:02 +0100] "GET / HTTP/1.1" 200 595 "http://85.255.1.106" "Mozilla/5.0 (X11; Linux x86_64) AppleWebKit/537.36 (KHTML, like Gecko) Chrome/86.0.4 240.111 Safari/537.36"
125.64.94.140 - - [20/Jan/2022:05:13:03 +0100] "GET /favicon.ico HTTP/1.1" 301 162 "-" "Mozilla/5.0 (X11; Linux x86_64) AppleWebKit/537.36 (KHTML, like Gecko) Chrome/86.0.4 240.111 Safari/537.36"
125.64.94.140 - - [20/Jan/2022:05:13:05 +0100] "GET /favicon.ico HTTP/1.1" 200 595 "http://85.255.1.106/favicon.ico" "Mozilla/5.0 (X11; Linux x86_64) AppleWebKit/537.36 (KHTML, like Gecko) Chrome/86.0.4 240.111 Safari/537.36"
125.64.94.140 - - [20/Jan/2022:05:13:06 +0100] "GET /robots.txt HTTP/1.1" 301 162 "-" "Mozilla/5.0 (X11; Linux x86_64) AppleWebKit/537.36 (KHTML, like Gecko) Chrome/86.0.4 240.111 Safari/537.36"
125.64.94.140 - - [20/Jan/2022:05:13:07 +0100] "GET /robots.txt HTTP/1.1" 200 595 "http://85.255.1.106/robots.txt" "Mozilla/5.0 (X11; Linux x86_64) AppleWebKit/537.36 (KHTML, like Gecko) Chrome/86.0.4 240.111 Safari/537.36"
125.64.94.140 - - [20/Jan/2022:05:13:08 +0100] "GET /.well-known/security.txt HTTP/1.1" 301 162 "-" "Mozilla/5.0 (X11; Linux x86_64) AppleWebKit/537.36 (KHTML, like Gecko) Chrome/86.0.4 240.111 Safari/537.36"
125.64.94.140 - - [20/Jan/2022:05:13:09 +0100] "GET /.well-known/security.txt HTTP/1.1" 200 595 "http://85.255.1.106/.well-known/security.txt" "Mozilla/5.0 (X11; Linux x86_64) AppleWebKit/537.36 (KHTML, like Gecko) Chrome/86.0.4 240.111 Safari/537.36"
118.123.105.68 - - [20/Jan/2022:05:22:45 +0100] "GET / HTTP/1.0" 301 162 "-" "-"
118.123.105.68 - - [20/Jan/2022:05:22:50 +0100] "GET / HTTP/1.1" 301 162 "-" "Mozilla/5.0 (X11; Linux x86_64) AppleWebKit/537.36 (KHTML, like Gecko) Chrome/86.0.4 240.111 Safari/537.36"
118.123.105.68 - - [20/Jan/2022:05:22:52 +0100] "GET / HTTP/1.1" 200 595 "http://85.255.1.106" "Mozilla/5.0 (X11; Linux x86_64) AppleWebKit/537.36 (KHTML, like Gecko) Chrome/86.0.4 240.111 Safari/537.36"
118.123.105.68 - - [20/Jan/2022:05:22:52 +0100] "GET /favicon.ico HTTP/1.1" 301 162 "-" "Mozilla/5.0 (X11; Linux x86_64) AppleWebKit/537.36 (KHTML, like Gecko) Chrome/86.0.4 240.111 Safari/537.36"
118.123.105.68 - - [20/Jan/2022:05:22:53 +0100] "GET /favicon.ico HTTP/1.1" 200 595 "http://85.255.1.106/favicon.ico" "Mozilla/5.0 (X11; Linux x86_64) AppleWebKit/537.36 (KHTML, like Gecko) Chrome/86.0.4 240.111 Safari/537.36"
118.123.105.68 - - [20/Jan/2022:05:22:54 +0100] "GET /robots.txt HTTP/1.1" 301 162 "-" "Mozilla/5.0 (X11; Linux x86_64) AppleWebKit/537.36 (KHTML, like Gecko) Chrome/86.0.4 240.111 Safari/537.36"
118.123.105.68 - - [20/Jan/2022:05:22:55 +0100] "GET /robots.txt HTTP/1.1" 200 595 "http://85.255.1.106/robots.txt" "Mozilla/5.0 (X11; Linux x86_64) AppleWebKit/537.36 (KHTML, like Gecko) Chrome/86.0.4 240.111 Safari/537.36"
118.123.105.68 - - [20/Jan/2022:05:22:56 +0100] "GET /.well-known/security.txt HTTP/1.1" 301 162 "-" "Mozilla/5.0 (X11; Linux x86_64) AppleWebKit/537.36 (KHTML, like Gecko) Chrome/86.0.4 240.111 Safari/537.36"
118.123.105.68 - - [20/Jan/2022:05:22:57 +0100] "GET /.well-known/security.txt HTTP/1.1" 200 595 "http://85.255.1.106/.well-known/security.txt" "Mozilla/5.0 (X11; Linux x86_64) AppleWebKit/537.36 (KHTML, like Gecko) Chrome/86.0.4 240.111 Safari/537.36"
128.199.160.152 - - [20/Jan/2022:05:42:24 +0100] "GET / HTTP/1.1" 200 595 "-" "Mozilla/5.0 (Linux; Android 9; ANE-LX1) AppleWebKit/537.36 (KHTML, like Gecko) Chrome/74.0.3729.157 Mobile Safari/537.36"
195.116.52.176 - - [20/Jan/2022:05:46:54 +0100] "GET / HTTP/1.1" 301 162 "-" "Mozilla/5.0 (Windows NT 10.0; WOW64) AppleWebKit/537.36 (KHTML, like Gecko) Chrome/51.0.2704.103 Safari/537.36"
128.199.160.152 - - [20/Jan/2022:05:56:22 +0100] "GET /.env HTTP/1.1" 200 595 "-" "Mozilla/5.0 (Windows NT 6.4; WOW64) AppleWebKit/537.36 (KHTML, like Gecko) Chrome/41.0.2225.0 Safari/537.36"
8.210.70.27 - - [20/Jan/2022:06:00:38 +0100] "GET / HTTP/1.0" 200 1345 "-" "-"
8.210.70.27 - - [20/Jan/2022:06:03:06 +0100] "GET /text4041642654984 HTTP/1.1" 200 1345 "-" "Mozilla/5.0 (compatible;)"
8.210.70.27 - - [20/Jan/2022:06:03:06 +0100] "GET / HTTP/1.0" 200 1345 "-" "-"
8.210.70.27 - - [20/Jan/2022:06:03:06 +0100] "POST /sdk HTTP/1.1" 405 150 "-" "Mozilla/5.0 (compatible;)"
8.210.70.27 - - [20/Jan/2022:06:03:07 +0100] "GET /textCheck1642654984 HTTP/1.1" 200 1345 "-" "Mozilla/5.0 (compatible;)"
8.210.70.27 - - [20/Jan/2022:06:03:07 +0100] "GET / HTTP/1.1" 200 1345 "-" "-"
8.210.70.27 - - [20/Jan/2022:06:03:08 +0100] "GET /text/folder/review1642654984 HTTP/1.1" 200 1345 "-" "Mozilla/5.0 (compatible;)"
8.210.70.27 - - [20/Jan/2022:06:03:31 +0100] "GET / HTTP/2.0" 200 583 "-" "-"
8.210.70.27 - - [20/Jan/2022:06:03:32 +0100] "GET /favicon.ico HTTP/1.1" 200 595 "-" "curl/7.75.0"
8.210.70.27 - - [20/Jan/2022:06:03:33 +0100] "GET /robots.txt HTTP/1.1" 200 595 "-" "curl/7.75.0"
192.241.212.49 - - [20/Jan/2022:06:17:34 +0100] "GET /actuator/health HTTP/1.1" 200 595 "-" "Mozilla/5.0 zgrab/0.x"
66.249.65.61 - - [20/Jan/2022:06:19:13 +0100] "GET /robots.txt HTTP/1.1" 200 108 "-" "Mozilla/5.0 (compatible; Googlebot/2.1; +http://www.google.com/bot.html)"
66.249.65.57 - - [20/Jan/2022:06:19:13 +0100] "GET /weekly-stories-3/ HTTP/1.1" 200 15615 "-" "Mozilla/5.0 (compatible; Googlebot/2.1; +http://www.google.com/bot.html)"
125.64.94.140 - - [20/Jan/2022:06:32:29 +0100] "GET / HTTP/1.0" 301 162 "-" "-"
125.64.94.140 - - [20/Jan/2022:06:32:30 +0100] "GET / HTTP/1.1" 301 162 "-" "Mozilla/5.0 (X11; Linux x86_64) AppleWebKit/537.36 (KHTML, like Gecko) Chrome/86.0.4 240.111 Safari/537.36"
125.64.94.140 - - [20/Jan/2022:06:32:31 +0100] "GET / HTTP/1.1" 200 595 "http://85.255.1.106" "Mozilla/5.0 (X11; Linux x86_64) AppleWebKit/537.36 (KHTML, like Gecko) Chrome/86.0.4 240.111 Safari/537.36"
125.64.94.140 - - [20/Jan/2022:06:32:32 +0100] "GET /favicon.ico HTTP/1.1" 301 162 "-" "Mozilla/5.0 (X11; Linux x86_64) AppleWebKit/537.36 (KHTML, like Gecko) Chrome/86.0.4 240.111 Safari/537.36"
125.64.94.140 - - [20/Jan/2022:06:32:35 +0100] "GET /favicon.ico HTTP/1.1" 200 595 "http://85.255.1.106/favicon.ico" "Mozilla/5.0 (X11; Linux x86_64) AppleWebKit/537.36 (KHTML, like Gecko) Chrome/86.0.4 240.111 Safari/537.36"
125.64.94.140 - - [20/Jan/2022:06:32:37 +0100] "GET /robots.txt HTTP/1.1" 301 162 "-" "Mozilla/5.0 (X11; Linux x86_64) AppleWebKit/537.36 (KHTML, like Gecko) Chrome/86.0.4 240.111 Safari/537.36"
125.64.94.140 - - [20/Jan/2022:06:32:38 +0100] "GET /robots.txt HTTP/1.1" 200 595 "http://85.255.1.106/robots.txt" "Mozilla/5.0 (X11; Linux x86_64) AppleWebKit/537.36 (KHTML, like Gecko) Chrome/86.0.4 240.111 Safari/537.36"
125.64.94.140 - - [20/Jan/2022:06:32:39 +0100] "GET /.well-known/security.txt HTTP/1.1" 301 162 "-" "Mozilla/5.0 (X11; Linux x86_64) AppleWebKit/537.36 (KHTML, like Gecko) Chrome/86.0.4 240.111 Safari/537.36"
125.64.94.140 - - [20/Jan/2022:06:32:41 +0100] "GET /.well-known/security.txt HTTP/1.1" 200 595 "http://85.255.1.106/.well-known/security.txt" "Mozilla/5.0 (X11; Linux x86_64) AppleWebKit/537.36 (KHTML, like Gecko) Chrome/86.0.4 240.111 Safari/537.36"
66.249.65.59 - - [20/Jan/2022:06:33:57 +0100] "GET /weekly-stories/amp/ HTTP/1.1" 200 5994 "-" "Mozilla/5.0 (Linux; Android 6.0.1; Nexus 5X Build/MMB29P) AppleWebKit/537.36 (KHTML, like Gecko) Chrome/97.0.4692.71 Mobile Safari/537.36 (compatible; Googlebot/2.1; +http://www.google.com/bot.html)"
18.208.158.12 - - [20/Jan/2022:06:45:52 +0100] "GET /rss HTTP/1.1" 301 5 "-" "Forem Feeds Importer"
18.208.158.12 - - [20/Jan/2022:06:45:53 +0100] "GET /rss/ HTTP/1.1" 200 3443 "-" "Forem Feeds Importer"
44.201.44.36 - - [20/Jan/2022:06:45:59 +0100] "GET /rss HTTP/1.1" 301 5 "-" "Forem Feeds Importer"
44.201.44.36 - - [20/Jan/2022:06:45:59 +0100] "GET /rss/ HTTP/1.1" 200 3448 "-" "Forem Feeds Importer"
157.55.39.214 - - [20/Jan/2022:07:07:12 +0100] "GET / HTTP/1.1" 301 162 "-" "Mozilla/5.0 (compatible; bingbot/2.0; +http://www.bing.com/bingbot.htm)"
118.123.105.68 - - [20/Jan/2022:07:45:08 +0100] "GET / HTTP/1.0" 301 162 "-" "-"
118.123.105.68 - - [20/Jan/2022:07:45:09 +0100] "GET / HTTP/1.1" 301 162 "-" "Mozilla/5.0 (X11; Linux x86_64) AppleWebKit/537.36 (KHTML, like Gecko) Chrome/86.0.4 240.111 Safari/537.36"
118.123.105.68 - - [20/Jan/2022:07:45:10 +0100] "GET / HTTP/1.1" 200 595 "http://85.255.1.106" "Mozilla/5.0 (X11; Linux x86_64) AppleWebKit/537.36 (KHTML, like Gecko) Chrome/86.0.4 240.111 Safari/537.36"
118.123.105.68 - - [20/Jan/2022:07:45:11 +0100] "GET /favicon.ico HTTP/1.1" 301 162 "-" "Mozilla/5.0 (X11; Linux x86_64) AppleWebKit/537.36 (KHTML, like Gecko) Chrome/86.0.4 240.111 Safari/537.36"
118.123.105.68 - - [20/Jan/2022:07:45:12 +0100] "GET /favicon.ico HTTP/1.1" 200 595 "http://85.255.1.106/favicon.ico" "Mozilla/5.0 (X11; Linux x86_64) AppleWebKit/537.36 (KHTML, like Gecko) Chrome/86.0.4 240.111 Safari/537.36"
118.123.105.68 - - [20/Jan/2022:07:45:13 +0100] "GET /robots.txt HTTP/1.1" 301 162 "-" "Mozilla/5.0 (X11; Linux x86_64) AppleWebKit/537.36 (KHTML, like Gecko) Chrome/86.0.4 240.111 Safari/537.36"
118.123.105.68 - - [20/Jan/2022:07:45:14 +0100] "GET /robots.txt HTTP/1.1" 200 595 "http://85.255.1.106/robots.txt" "Mozilla/5.0 (X11; Linux x86_64) AppleWebKit/537.36 (KHTML, like Gecko) Chrome/86.0.4 240.111 Safari/537.36"
118.123.105.68 - - [20/Jan/2022:07:45:15 +0100] "GET /.well-known/security.txt HTTP/1.1" 301 162 "-" "Mozilla/5.0 (X11; Linux x86_64) AppleWebKit/537.36 (KHTML, like Gecko) Chrome/86.0.4 240.111 Safari/537.36"
118.123.105.68 - - [20/Jan/2022:07:45:16 +0100] "GET /.well-known/security.txt HTTP/1.1" 200 595 "http://85.255.1.106/.well-known/security.txt" "Mozilla/5.0 (X11; Linux x86_64) AppleWebKit/537.36 (KHTML, like Gecko) Chrome/86.0.4 240.111 Safari/537.36"
183.136.226.3 - - [20/Jan/2022:07:49:57 +0100] "GET / HTTP/1.1" 301 162 "-" "Mozilla/5.0 (Macintosh; Intel Mac OS X 10.11; rv:47.0) Gecko/20100101 Firefox/47.0"
183.136.226.3 - - [20/Jan/2022:07:49:59 +0100] "GET / HTTP/1.1" 200 1345 "-" "Mozilla/5.0 (Macintosh; Intel Mac OS X 10.11; rv:47.0) Gecko/20100101 Firefox/47.0"
183.136.226.3 - - [20/Jan/2022:07:50:50 +0100] "GET /robots.txt HTTP/1.1" 301 162 "-" "Mozilla/5.0 (Windows NT 6.1; WOW64) AppleWebKit/537.36 (KHTML, like Gecko) Chrome/63.0.3239.132 Safari/537.36 QIHU 360SE"
183.136.226.3 - - [20/Jan/2022:07:51:00 +0100] "GET / HTTP/1.1" 301 162 "-" "Mozilla/5.0 (Windows NT 6.1; WOW64) AppleWebKit/537.36 (KHTML, like Gecko) Chrome/63.0.3239.132 Safari/537.36 QIHU 360SE"
40.77.167.36 - - [20/Jan/2022:07:56:38 +0100] "GET / HTTP/2.0" 200 13159 "-" "Mozilla/5.0 (compatible; bingbot/2.0; +http://www.bing.com/bingbot.htm)"
157.55.39.214 - - [20/Jan/2022:08:24:10 +0100] "GET / HTTP/1.1" 301 162 "-" "Mozilla/5.0 (compatible; bingbot/2.0; +http://www.bing.com/bingbot.htm)"
107.189.29.181 - - [20/Jan/2022:08:27:53 +0100] "GET / HTTP/1.1" 301 162 "-" "-"
107.189.29.181 - - [20/Jan/2022:08:28:00 +0100] "POST /HNAP1/ HTTP/1.1" 301 162 "-" "Mozila/5.0"
192.53.170.243 - - [20/Jan/2022:08:38:54 +0100] "GET / HTTP/1.1" 200 595 "-" "Mozilla/5.0 (Windows NT 10.0; Win64; x64) AppleWebKit/537.36 (KHTML, like Gecko) Chrome/60.0.3112.113 Safari/537.36"
64.62.197.62 - - [20/Jan/2022:08:44:50 +0100] "GET / HTTP/1.1" 200 1345 "-" "-"
107.189.12.178 - - [20/Jan/2022:08:55:30 +0100] "GET / HTTP/1.1" 301 162 "-" "-"
107.189.12.178 - - [20/Jan/2022:08:55:30 +0100] "POST /HNAP1/ HTTP/1.1" 301 162 "-" "Mozila/5.0"
83.29.176.162 - - [20/Jan/2022:09:07:46 +0100] "GET / HTTP/2.0" 200 13159 "-" "Mozilla/5.0 (Windows NT 10.0; Win64; x64; rv:96.0) Gecko/20100101 Firefox/96.0"
83.29.176.162 - - [20/Jan/2022:09:07:47 +0100] "GET /assets/styles/main.css?v=ffd8b13e55 HTTP/2.0" 200 14057 "https://krzwiatrzyk.eu/" "Mozilla/5.0 (Windows NT 10.0; Win64; x64; rv:96.0) Gecko/20100101 Firefox/96.0"
83.29.176.162 - - [20/Jan/2022:09:07:47 +0100] "GET /content/images/size/w300/2021/10/d417ce9e68114f09acc670e5928685a3--5--1.png HTTP/2.0" 200 2741 "https://krzwiatrzyk.eu/" "Mozilla/5.0 (Windows NT 10.0; Win64; x64; rv:96.0) Gecko/20100101 Firefox/96.0"
83.29.176.162 - - [20/Jan/2022:09:07:47 +0100] "GET /content/images/size/w1000/2021/12/Weekly-1.png HTTP/2.0" 200 121835 "https://krzwiatrzyk.eu/" "Mozilla/5.0 (Windows NT 10.0; Win64; x64; rv:96.0) Gecko/20100101 Firefox/96.0"
83.29.176.162 - - [20/Jan/2022:09:07:47 +0100] "GET /content/images/size/w1000/2021/12/Weekly.png HTTP/2.0" 200 136035 "https://krzwiatrzyk.eu/" "Mozilla/5.0 (Windows NT 10.0; Win64; x64; rv:96.0) Gecko/20100101 Firefox/96.0"
83.29.176.162 - - [20/Jan/2022:09:07:47 +0100] "GET /content/images/size/w1000/2021/11/Weekly.png HTTP/2.0" 200 121835 "https://krzwiatrzyk.eu/" "Mozilla/5.0 (Windows NT 10.0; Win64; x64; rv:96.0) Gecko/20100101 Firefox/96.0"
83.29.176.162 - - [20/Jan/2022:09:07:47 +0100] "GET /assets/scripts/main.js?v=ffd8b13e55 HTTP/2.0" 200 9977 "https://krzwiatrzyk.eu/" "Mozilla/5.0 (Windows NT 10.0; Win64; x64; rv:96.0) Gecko/20100101 Firefox/96.0"
83.29.176.162 - - [20/Jan/2022:09:07:47 +0100] "GET /assets/scripts/pagination.js?v=ffd8b13e55 HTTP/2.0" 200 852 "https://krzwiatrzyk.eu/" "Mozilla/5.0 (Windows NT 10.0; Win64; x64; rv:96.0) Gecko/20100101 Firefox/96.0"
83.29.176.162 - - [20/Jan/2022:09:07:47 +0100] "GET /content/images/size/w30/2021/10/Screenshot_8.png HTTP/2.0" 200 1256 "https://krzwiatrzyk.eu/" "Mozilla/5.0 (Windows NT 10.0; Win64; x64; rv:96.0) Gecko/20100101 Firefox/96.0"
83.29.176.162 - - [20/Jan/2022:09:07:50 +0100] "GET /ghost/ HTTP/2.0" 200 1553 "-" "Mozilla/5.0 (Windows NT 10.0; Win64; x64; rv:96.0) Gecko/20100101 Firefox/96.0"
83.29.176.162 - - [20/Jan/2022:09:07:50 +0100] "GET /ghost/assets/vendor.min-987af30228885bce50f05c4723fe6f53.css HTTP/2.0" 499 0 "https://krzwiatrzyk.eu/ghost/" "Mozilla/5.0 (Windows NT 10.0; Win64; x64; rv:96.0) Gecko/20100101 Firefox/96.0"
83.29.176.162 - - [20/Jan/2022:09:07:50 +0100] "GET /ghost/assets/ghost.min-e7612edfa72b0fe2c201b387923e6fc7.css HTTP/2.0" 499 0 "https://krzwiatrzyk.eu/ghost/" "Mozilla/5.0 (Windows NT 10.0; Win64; x64; rv:96.0) Gecko/20100101 Firefox/96.0"
83.29.176.162 - - [20/Jan/2022:09:07:51 +0100] "GET /ghost/assets/img/medium-7359075af28d69523987ff4c0e2067c5.png HTTP/2.0" 200 126 "https://krzwiatrzyk.eu/ghost/" "Mozilla/5.0 (Windows NT 10.0; Win64; x64; rv:96.0) Gecko/20100101 Firefox/96.0"
83.29.176.162 - - [20/Jan/2022:09:07:51 +0100] "GET /ghost/assets/img/favicon.ico HTTP/2.0" 499 0 "https://krzwiatrzyk.eu/ghost/" "Mozilla/5.0 (Windows NT 10.0; Win64; x64; rv:96.0) Gecko/20100101 Firefox/96.0"
83.29.176.162 - - [20/Jan/2022:09:07:51 +0100] "GET /ghost/api/canary/admin/users/me/?include=roles HTTP/2.0" 200 755 "https://krzwiatrzyk.eu/ghost/" "Mozilla/5.0 (Windows NT 10.0; Win64; x64; rv:96.0) Gecko/20100101 Firefox/96.0"
83.29.176.162 - - [20/Jan/2022:09:07:51 +0100] "GET /ghost/api/canary/admin/site/ HTTP/2.0" 200 339 "https://krzwiatrzyk.eu/ghost/" "Mozilla/5.0 (Windows NT 10.0; Win64; x64; rv:96.0) Gecko/20100101 Firefox/96.0"
83.29.176.162 - - [20/Jan/2022:09:07:51 +0100] "GET /ghost/api/canary/admin/config/ HTTP/2.0" 200 239 "https://krzwiatrzyk.eu/ghost/" "Mozilla/5.0 (Windows NT 10.0; Win64; x64; rv:96.0) Gecko/20100101 Firefox/96.0"
83.29.176.162 - - [20/Jan/2022:09:07:51 +0100] "GET /ghost/api/canary/admin/settings/?group=site%2Ctheme%2Cprivate%2Cmembers%2Cportal%2Cnewsletter%2Cemail%2Camp%2Clabs%2Cslack%2Cunsplash%2Cviews%2Cfirstpromoter%2Coauth%2Ceditor HTTP/2.0" 200 1857 "https://krzwiatrzyk.eu/ghost/" "Mozilla/5.0 (Windows NT 10.0; Win64; x64; rv:96.0) Gecko/20100101 Firefox/96.0"
83.29.176.162 - - [20/Jan/2022:09:07:52 +0100] "GET /ghost/api/canary/admin/notifications/ HTTP/2.0" 200 378 "https://krzwiatrzyk.eu/ghost/" "Mozilla/5.0 (Windows NT 10.0; Win64; x64; rv:96.0) Gecko/20100101 Firefox/96.0"
83.29.176.162 - - [20/Jan/2022:09:07:52 +0100] "GET /ghost/api/canary/admin/members/events/?limit=5 HTTP/2.0" 200 13 "https://krzwiatrzyk.eu/ghost/" "Mozilla/5.0 (Windows NT 10.0; Win64; x64; rv:96.0) Gecko/20100101 Firefox/96.0"
83.29.176.162 - - [20/Jan/2022:09:07:52 +0100] "GET /ghost/api/canary/admin/members/stats/count/ HTTP/2.0" 200 42 "https://krzwiatrzyk.eu/ghost/" "Mozilla/5.0 (Windows NT 10.0; Win64; x64; rv:96.0) Gecko/20100101 Firefox/96.0"
83.29.176.162 - - [20/Jan/2022:09:07:52 +0100] "GET /ghost/api/canary/admin/members/?filter=email_open_rate%3A-null&order=email_open_rate%20desc&limit=5&include=labels%2CemailRecipients HTTP/2.0" 200 101 "https://krzwiatrzyk.eu/ghost/" "Mozilla/5.0 (Windows NT 10.0; Win64; x64; rv:96.0) Gecko/20100101 Firefox/96.0"
83.29.176.162 - - [20/Jan/2022:09:07:52 +0100] "GET /ghost/api/canary/admin/products/?include=monthly_price%2Cyearly_price&limit=all HTTP/2.0" 200 344 "https://krzwiatrzyk.eu/ghost/" "Mozilla/5.0 (Windows NT 10.0; Win64; x64; rv:96.0) Gecko/20100101 Firefox/96.0"
83.29.176.162 - - [20/Jan/2022:09:07:52 +0100] "GET /ghost/api/canary/admin/emails/?filter=email_count%3A-0&order=submitted_at%20desc&limit=5 HTTP/2.0" 200 100 "https://krzwiatrzyk.eu/ghost/" "Mozilla/5.0 (Windows NT 10.0; Win64; x64; rv:96.0) Gecko/20100101 Firefox/96.0"
83.29.176.162 - - [20/Jan/2022:09:07:52 +0100] "GET /ghost/assets/img/dashboard/bp2-ed14f9f48c56d5d6fe997dc637a8b1ad.jpg HTTP/2.0" 499 0 "https://krzwiatrzyk.eu/ghost/" "Mozilla/5.0 (Windows NT 10.0; Win64; x64; rv:96.0) Gecko/20100101 Firefox/96.0"
83.29.176.162 - - [20/Jan/2022:09:07:52 +0100] "GET /ghost/api/canary/admin/members/?filter=status%3Apaid&order=created_at%20asc&limit=5&include=labels%2CemailRecipients HTTP/2.0" 200 101 "https://krzwiatrzyk.eu/ghost/" "Mozilla/5.0 (Windows NT 10.0; Win64; x64; rv:96.0) Gecko/20100101 Firefox/96.0"
83.29.176.162 - - [20/Jan/2022:09:07:52 +0100] "GET /ghost/api/canary/admin/members/stats/mrr/ HTTP/2.0" 200 28 "https://krzwiatrzyk.eu/ghost/" "Mozilla/5.0 (Windows NT 10.0; Win64; x64; rv:96.0) Gecko/20100101 Firefox/96.0"
83.29.176.162 - - [20/Jan/2022:09:07:54 +0100] "GET /ghost/api/canary/admin/posts/?limit=30&page=1&filter=status%3Adraft HTTP/2.0" 200 3875 "https://krzwiatrzyk.eu/ghost/" "Mozilla/5.0 (Windows NT 10.0; Win64; x64; rv:96.0) Gecko/20100101 Firefox/96.0"
83.29.176.162 - - [20/Jan/2022:09:07:54 +0100] "GET /ghost/api/canary/admin/tags/?limit=all HTTP/2.0" 200 397 "https://krzwiatrzyk.eu/ghost/" "Mozilla/5.0 (Windows NT 10.0; Win64; x64; rv:96.0) Gecko/20100101 Firefox/96.0"
83.29.176.162 - - [20/Jan/2022:09:07:54 +0100] "GET /ghost/api/canary/admin/users/?limit=all&include=roles HTTP/2.0" 200 846 "https://krzwiatrzyk.eu/ghost/" "Mozilla/5.0 (Windows NT 10.0; Win64; x64; rv:96.0) Gecko/20100101 Firefox/96.0"
83.29.176.162 - - [20/Jan/2022:09:07:54 +0100] "GET /ghost/api/canary/admin/snippets/?limit=all HTTP/2.0" 200 106 "https://krzwiatrzyk.eu/ghost/" "Mozilla/5.0 (Windows NT 10.0; Win64; x64; rv:96.0) Gecko/20100101 Firefox/96.0"
83.29.176.162 - - [20/Jan/2022:09:07:56 +0100] "GET /ghost/api/canary/admin/posts/61cb3be24df07d00013ddd90/ HTTP/2.0" 200 1349 "https://krzwiatrzyk.eu/ghost/" "Mozilla/5.0 (Windows NT 10.0; Win64; x64; rv:96.0) Gecko/20100101 Firefox/96.0"
83.29.176.162 - - [20/Jan/2022:09:07:56 +0100] "GET /ghost/api/canary/admin/members/?limit=1&filter=subscribed%3Atrue&include=labels%2CemailRecipients HTTP/2.0" 200 101 "https://krzwiatrzyk.eu/ghost/" "Mozilla/5.0 (Windows NT 10.0; Win64; x64; rv:96.0) Gecko/20100101 Firefox/96.0"
83.29.176.162 - - [20/Jan/2022:09:07:56 +0100] "GET /ghost/api/canary/admin/settings/?group=site%2Ctheme%2Cprivate%2Cmembers%2Cportal%2Cnewsletter%2Cemail%2Camp%2Clabs%2Cslack%2Cunsplash%2Cviews%2Cfirstpromoter%2Coauth%2Ceditor HTTP/2.0" 200 1857 "https://krzwiatrzyk.eu/ghost/" "Mozilla/5.0 (Windows NT 10.0; Win64; x64; rv:96.0) Gecko/20100101 Firefox/96.0"
83.29.176.162 - - [20/Jan/2022:09:07:56 +0100] "GET /ghost/api/canary/admin/snippets/?limit=all HTTP/2.0" 200 106 "https://krzwiatrzyk.eu/ghost/" "Mozilla/5.0 (Windows NT 10.0; Win64; x64; rv:96.0) Gecko/20100101 Firefox/96.0"
83.29.176.162 - - [20/Jan/2022:09:08:19 +0100] "PUT /ghost/api/canary/admin/posts/61cb3be24df07d00013ddd90/ HTTP/2.0" 200 1395 "https://krzwiatrzyk.eu/ghost/" "Mozilla/5.0 (Windows NT 10.0; Win64; x64; rv:96.0) Gecko/20100101 Firefox/96.0"
83.29.176.162 - - [20/Jan/2022:09:08:23 +0100] "PUT /ghost/api/canary/admin/posts/61cb3be24df07d00013ddd90/ HTTP/2.0" 200 1391 "https://krzwiatrzyk.eu/ghost/" "Mozilla/5.0 (Windows NT 10.0; Win64; x64; rv:96.0) Gecko/20100101 Firefox/96.0"
83.29.176.162 - - [20/Jan/2022:09:08:23 +0100] "GET /ghost/api/canary/admin/posts/?limit=30&page=1&filter=status%3Adraft HTTP/2.0" 200 3919 "https://krzwiatrzyk.eu/ghost/" "Mozilla/5.0 (Windows NT 10.0; Win64; x64; rv:96.0) Gecko/20100101 Firefox/96.0"
3.80.178.117 - - [20/Jan/2022:09:08:54 +0100] "GET /ghost/api/canary/admin/members/?filter=email_open_rate%3A-null&order=email_open_rate%20desc&limit=5&include=labels%2CemailRecipients HTTP/1.1" 403 321 "-" "Mozilla/5.0 (Windows NT 6.1; Win64; x64) AppleWebKit/537.36 (KHTML, like Gecko) Chrome/72.0.3626.109 Safari/537.36"
34.205.78.192 - - [20/Jan/2022:09:09:28 +0100] "GET /ghost/api/canary/admin/products/?include=monthly_price%2Cyearly_price&limit=all HTTP/1.1" 403 321 "-" "Mozilla/5.0 (Windows NT 6.1; Win64; x64) AppleWebKit/537.36 (KHTML, like Gecko) Chrome/72.0.3626.109 Safari/537.36"
34.205.78.192 - - [20/Jan/2022:09:09:32 +0100] "GET /ghost/api/canary/admin/users/?limit=all&include=roles HTTP/1.1" 403 321 "-" "Mozilla/5.0 (Windows NT 6.1; Win64; x64) AppleWebKit/537.36 (KHTML, like Gecko) Chrome/72.0.3626.109 Safari/537.36"
34.205.78.192 - - [20/Jan/2022:09:09:47 +0100] "GET /assets/scripts/pagination.js?v=ffd8b13e55 HTTP/1.1" 200 1753 "-" "Mozilla/5.0 (Windows NT 6.1; Win64; x64) AppleWebKit/537.36 (KHTML, like Gecko) Chrome/72.0.3626.109 Safari/537.36"
34.229.228.199 - - [20/Jan/2022:09:09:48 +0100] "GET /ghost/api/canary/admin/members/stats/count/ HTTP/1.1" 403 321 "-" "Mozilla/5.0 (Windows NT 6.1; Win64; x64) AppleWebKit/537.36 (KHTML, like Gecko) Chrome/72.0.3626.109 Safari/537.36"
35.170.203.102 - - [20/Jan/2022:09:10:05 +0100] "GET /ghost/ HTTP/1.1" 200 3841 "-" "Mozilla/5.0 (Windows NT 6.1; Win64; x64) AppleWebKit/537.36 (KHTML, like Gecko) Chrome/72.0.3626.109 Safari/537.36"
44.202.50.217 - - [20/Jan/2022:09:10:46 +0100] "GET /ghost/api/canary/admin/snippets/?limit=all HTTP/1.1" 403 321 "-" "Mozilla/5.0 (Windows NT 6.1; Win64; x64) AppleWebKit/537.36 (KHTML, like Gecko) Chrome/72.0.3626.109 Safari/537.36"
3.92.29.236 - - [20/Jan/2022:09:11:48 +0100] "GET /assets/scripts/main.js?v=ffd8b13e55 HTTP/1.1" 200 28732 "-" "Mozilla/5.0 (Windows NT 6.1; Win64; x64) AppleWebKit/537.36 (KHTML, like Gecko) Chrome/72.0.3626.109 Safari/537.36"
3.92.29.236 - - [20/Jan/2022:09:14:20 +0100] "GET /ghost/api/canary/admin/members/?limit=1&filter=subscribed%3Atrue&include=labels%2CemailRecipients HTTP/1.1" 403 321 "-" "Mozilla/5.0 (Windows NT 6.1; Win64; x64) AppleWebKit/537.36 (KHTML, like Gecko) Chrome/72.0.3626.109 Safari/537.36"
18.232.81.139 - - [20/Jan/2022:09:15:10 +0100] "GET /ghost/api/canary/admin/tags/?limit=all HTTP/1.1" 403 321 "-" "Mozilla/5.0 (Windows NT 6.1; Win64; x64) AppleWebKit/537.36 (KHTML, like Gecko) Chrome/72.0.3626.109 Safari/537.36"
54.227.190.37 - - [20/Jan/2022:09:15:14 +0100] "GET /ghost/api/canary/admin/config/ HTTP/1.1" 403 321 "-" "Mozilla/5.0 (Windows NT 6.1; Win64; x64) AppleWebKit/537.36 (KHTML, like Gecko) Chrome/72.0.3626.109 Safari/537.36"
54.80.187.162 - - [20/Jan/2022:09:15:57 +0100] "GET / HTTP/1.1" 200 47969 "-" "Mozilla/5.0 (Windows NT 6.1; Win64; x64) AppleWebKit/537.36 (KHTML, like Gecko) Chrome/72.0.3626.109 Safari/537.36"
107.22.29.147 - - [20/Jan/2022:09:16:53 +0100] "GET /ghost/api/canary/admin/members/stats/mrr/ HTTP/1.1" 403 321 "-" "Mozilla/5.0 (Windows NT 6.1; Win64; x64) AppleWebKit/537.36 (KHTML, like Gecko) Chrome/72.0.3626.109 Safari/537.36"
54.227.190.37 - - [20/Jan/2022:09:17:43 +0100] "GET /ghost/api/canary/admin/members/?filter=status%3Apaid&order=created_at%20asc&limit=5&include=labels%2CemailRecipients HTTP/1.1" 403 321 "-" "Mozilla/5.0 (Windows NT 6.1; Win64; x64) AppleWebKit/537.36 (KHTML, like Gecko) Chrome/72.0.3626.109 Safari/537.36"
118.123.105.68 - - [20/Jan/2022:09:21:16 +0100] "GET / HTTP/1.0" 301 162 "-" "-"
118.123.105.68 - - [20/Jan/2022:09:21:16 +0100] "GET / HTTP/1.1" 301 162 "-" "Mozilla/5.0 (X11; Linux x86_64) AppleWebKit/537.36 (KHTML, like Gecko) Chrome/86.0.4 240.111 Safari/537.36"
118.123.105.68 - - [20/Jan/2022:09:21:18 +0100] "GET / HTTP/1.1" 200 595 "http://85.255.1.106" "Mozilla/5.0 (X11; Linux x86_64) AppleWebKit/537.36 (KHTML, like Gecko) Chrome/86.0.4 240.111 Safari/537.36"
118.123.105.68 - - [20/Jan/2022:09:21:19 +0100] "GET /favicon.ico HTTP/1.1" 301 162 "-" "Mozilla/5.0 (X11; Linux x86_64) AppleWebKit/537.36 (KHTML, like Gecko) Chrome/86.0.4 240.111 Safari/537.36"
118.123.105.68 - - [20/Jan/2022:09:21:20 +0100] "GET /favicon.ico HTTP/1.1" 200 595 "http://85.255.1.106/favicon.ico" "Mozilla/5.0 (X11; Linux x86_64) AppleWebKit/537.36 (KHTML, like Gecko) Chrome/86.0.4 240.111 Safari/537.36"
118.123.105.68 - - [20/Jan/2022:09:21:20 +0100] "GET /robots.txt HTTP/1.1" 301 162 "-" "Mozilla/5.0 (X11; Linux x86_64) AppleWebKit/537.36 (KHTML, like Gecko) Chrome/86.0.4 240.111 Safari/537.36"
118.123.105.68 - - [20/Jan/2022:09:21:21 +0100] "GET /robots.txt HTTP/1.1" 200 595 "http://85.255.1.106/robots.txt" "Mozilla/5.0 (X11; Linux x86_64) AppleWebKit/537.36 (KHTML, like Gecko) Chrome/86.0.4 240.111 Safari/537.36"
118.123.105.68 - - [20/Jan/2022:09:21:22 +0100] "GET /.well-known/security.txt HTTP/1.1" 301 162 "-" "Mozilla/5.0 (X11; Linux x86_64) AppleWebKit/537.36 (KHTML, like Gecko) Chrome/86.0.4 240.111 Safari/537.36"
118.123.105.68 - - [20/Jan/2022:09:21:25 +0100] "GET /.well-known/security.txt HTTP/1.1" 200 595 "http://85.255.1.106/.well-known/security.txt" "Mozilla/5.0 (X11; Linux x86_64) AppleWebKit/537.36 (KHTML, like Gecko) Chrome/86.0.4 240.111 Safari/537.36"
187.135.88.54 - - [20/Jan/2022:09:33:03 +0100] "GET / HTTP/1.1" 301 162 "-" "Mozilla/5.0 (Windows NT 10.0; WOW64) AppleWebKit/537.36 (KHTML, like Gecko) Chrome/51.0.2704.103 Safari/537.36"
5.188.210.227 - - [20/Jan/2022:09:53:18 +0100] "\x05\x01\x00" 400 150 "-" "-"
192.241.217.246 - - [20/Jan/2022:09:53:38 +0100] "GET / HTTP/1.1" 301 162 "-" "Mozilla/5.0 zgrab/0.x"
5.188.210.227 - - [20/Jan/2022:09:54:36 +0100] "\x04\x01\x00P\x05\xBC\xD2\xE3\x00" 400 150 "-" "-"
5.188.210.227 - - [20/Jan/2022:09:55:39 +0100] "GET http://5.188.210.227/echo.php HTTP/1.1" 301 162 "https://www.google.com/" "Mozilla/5.0 (Windows NT 6.1) AppleWebKit/537.36 (KHTML, like Gecko) Chrome/70.0.3538.77 Safari/537.36"
184.105.247.195 - - [20/Jan/2022:09:56:23 +0100] "GET / HTTP/1.1" 301 162 "-" "-"
125.64.94.214 - - [20/Jan/2022:10:16:48 +0100] "GET / HTTP/1.0" 200 1345 "-" "-"
125.64.94.214 - - [20/Jan/2022:10:16:49 +0100] "GET /favicon.ico HTTP/1.1" 200 595 "-" "Mozilla/5.0 (X11; Linux x86_64) AppleWebKit/537.36 (KHTML, like Gecko) Chrome/86.0.4 240.111 Safari/537.36"
125.64.94.214 - - [20/Jan/2022:10:16:50 +0100] "GET /robots.txt HTTP/1.1" 200 595 "-" "Mozilla/5.0 (X11; Linux x86_64) AppleWebKit/537.36 (KHTML, like Gecko) Chrome/86.0.4 240.111 Safari/537.36"
125.64.94.214 - - [20/Jan/2022:10:16:51 +0100] "GET /.well-known/security.txt HTTP/1.1" 200 595 "-" "Mozilla/5.0 (X11; Linux x86_64) AppleWebKit/537.36 (KHTML, like Gecko) Chrome/86.0.4 240.111 Safari/537.36"
192.241.204.44 - - [20/Jan/2022:10:22:25 +0100] "GET / HTTP/1.1" 200 595 "-" "Mozilla/5.0 zgrab/0.x"
66.249.73.155 - - [20/Jan/2022:10:31:37 +0100] "GET /robots.txt HTTP/1.1" 200 108 "-" "Mozilla/5.0 (compatible; Googlebot/2.1; +http://www.google.com/bot.html)"
66.249.65.61 - - [20/Jan/2022:11:01:37 +0100] "GET /weekly-stories-3/ HTTP/1.1" 200 15610 "-" "Mozilla/5.0 (Linux; Android 6.0.1; Nexus 5X Build/MMB29P) AppleWebKit/537.36 (KHTML, like Gecko) Chrome/97.0.4692.71 Mobile Safari/537.36 (compatible; Googlebot/2.1; +http://www.google.com/bot.html)"
205.185.114.93 - - [20/Jan/2022:11:11:49 +0100] "GET /phpmyadmin/scripts/setup.php HTTP/1.1" 400 150 "-" "-"
120.52.152.20 - - [20/Jan/2022:11:27:36 +0100] "GET / HTTP/1.1" 200 1345 "-" "Mozilla/5.0 (Windows NT 6.1) AppleWebKit/537.36 (KHTML, like Gecko) Chrome/49.0.2623.112 Safari/537.36"
120.52.152.20 - - [20/Jan/2022:11:27:38 +0100] "GET /favicon.ico HTTP/1.1" 200 1345 "-" "Mozilla/5.0 (Windows NT 6.1) AppleWebKit/537.36 (KHTML, like Gecko) Chrome/49.0.2623.112 Safari/537.36"
66.249.65.59 - - [20/Jan/2022:11:31:37 +0100] "GET /weekly-stories-3/amp/ HTTP/1.1" 200 6261 "-" "Mozilla/5.0 (Linux; Android 6.0.1; Nexus 5X Build/MMB29P) AppleWebKit/537.36 (KHTML, like Gecko) Chrome/97.0.4692.71 Mobile Safari/537.36 (compatible; Googlebot/2.1; +http://www.google.com/bot.html)"
170.231.129.50 - - [20/Jan/2022:11:38:18 +0100] "GET / HTTP/1.1" 301 162 "-" "Mozilla/5.0 (Windows NT 10.0; WOW64) AppleWebKit/537.36 (KHTML, like Gecko) Chrome/51.0.2704.103 Safari/537.36"
44.201.44.36 - - [20/Jan/2022:11:46:49 +0100] "GET /rss HTTP/1.1" 301 5 "-" "Forem Feeds Importer"
44.201.44.36 - - [20/Jan/2022:11:46:49 +0100] "GET /rss/ HTTP/1.1" 200 3443 "-" "Forem Feeds Importer"
66.249.65.61 - - [20/Jan/2022:12:01:37 +0100] "GET /robots.txt HTTP/1.1" 200 108 "-" "Mozilla/5.0 (compatible; Googlebot/2.1; +http://www.google.com/bot.html)"
66.249.65.59 - - [20/Jan/2022:12:01:38 +0100] "GET /weekly-stories/ HTTP/1.1" 200 15403 "-" "Mozilla/5.0 (Linux; Android 6.0.1; Nexus 5X Build/MMB29P) AppleWebKit/537.36 (KHTML, like Gecko) Chrome/97.0.4692.71 Mobile Safari/537.36 (compatible; Googlebot/2.1; +http://www.google.com/bot.html)"
192.241.208.7 - - [20/Jan/2022:12:02:19 +0100] "GET /ecp/Current/exporttool/microsoft.exchange.ediscovery.exporttool.application HTTP/1.1" 200 595 "-" "Mozilla/5.0 zgrab/0.x"
170.254.73.181 - - [20/Jan/2022:12:08:31 +0100] "GET / HTTP/1.1" 301 162 "-" "Mozilla/5.0 (Windows NT 6.1; WOW64) AppleWebKit/537.36 (KHTML, like Gecko) Chrome/52.0.2743.116 Safari/537.36"
192.241.206.137 - - [20/Jan/2022:12:15:44 +0100] "GET /owa/auth/logon.aspx?url=https%3a%2f%2f1%2fecp%2f HTTP/1.1" 200 595 "-" "Mozilla/5.0 zgrab/0.x"
125.64.94.140 - - [20/Jan/2022:12:20:19 +0100] "GET / HTTP/1.0" 301 162 "-" "-"
125.64.94.140 - - [20/Jan/2022:12:20:19 +0100] "GET / HTTP/1.1" 301 162 "-" "Mozilla/5.0 (X11; Linux x86_64) AppleWebKit/537.36 (KHTML, like Gecko) Chrome/86.0.4 240.111 Safari/537.36"
125.64.94.140 - - [20/Jan/2022:12:20:24 +0100] "GET / HTTP/1.1" 200 595 "http://85.255.1.106" "Mozilla/5.0 (X11; Linux x86_64) AppleWebKit/537.36 (KHTML, like Gecko) Chrome/86.0.4 240.111 Safari/537.36"
