192.241.198.157 - - [03/Oct/2021:02:04:07 +0200] "GET /ecp/Current/exporttool/microsoft.exchange.ediscovery.exporttool.application HTTP/1.1" 200 595 "-" "Mozilla/5.0 zgrab/0.x"
144.91.117.81 - - [03/Oct/2021:02:09:37 +0200] "GET /.env HTTP/1.1" 301 162 "-" "Mozilla/5.0 (X11; Linux x86_64) AppleWebKit/537.36 (KHTML, like Gecko) Chrome/81.0.4044.129 Safari/537.36"
144.91.117.81 - - [03/Oct/2021:02:09:38 +0200] "POST / HTTP/1.1" 301 162 "-" "Mozilla/5.0 (X11; Linux x86_64) AppleWebKit/537.36 (KHTML, like Gecko) Chrome/81.0.4044.129 Safari/537.36"
144.91.117.81 - - [03/Oct/2021:02:09:38 +0200] "GET /core/.env HTTP/1.1" 301 162 "-" "Mozilla/5.0 (X11; Linux x86_64) AppleWebKit/537.36 (KHTML, like Gecko) Chrome/81.0.4044.129 Safari/537.36"
144.91.117.81 - - [03/Oct/2021:02:09:39 +0200] "POST / HTTP/1.1" 301 162 "-" "Mozilla/5.0 (X11; Linux x86_64) AppleWebKit/537.36 (KHTML, like Gecko) Chrome/81.0.4044.129 Safari/537.36"
144.91.117.81 - - [03/Oct/2021:02:09:40 +0200] "GET /app/.env HTTP/1.1" 301 162 "-" "Mozilla/5.0 (X11; Linux x86_64) AppleWebKit/537.36 (KHTML, like Gecko) Chrome/81.0.4044.129 Safari/537.36"
144.91.117.81 - - [03/Oct/2021:02:09:40 +0200] "POST / HTTP/1.1" 301 162 "-" "Mozilla/5.0 (X11; Linux x86_64) AppleWebKit/537.36 (KHTML, like Gecko) Chrome/81.0.4044.129 Safari/537.36"
144.91.117.81 - - [03/Oct/2021:02:09:41 +0200] "GET /public/.env HTTP/1.1" 301 162 "-" "Mozilla/5.0 (X11; Linux x86_64) AppleWebKit/537.36 (KHTML, like Gecko) Chrome/81.0.4044.129 Safari/537.36"
144.91.117.81 - - [03/Oct/2021:02:09:41 +0200] "POST / HTTP/1.1" 301 162 "-" "Mozilla/5.0 (X11; Linux x86_64) AppleWebKit/537.36 (KHTML, like Gecko) Chrome/81.0.4044.129 Safari/537.36"
34.79.68.246 - - [03/Oct/2021:02:33:40 +0200] "GET / HTTP/1.1" 200 595 "-" "python-requests/2.26.0"
222.186.19.235 - - [03/Oct/2021:02:36:57 +0200] "GET http://fuwu.sogou.com/404/index.html HTTP/1.1" 301 162 "-" "Mozilla/5.0 (Macintosh; U; Intel Mac OS X 10_6_0; en-US) AppleWebKit/532.0 (KHTML, like Gecko) Chrome/4.0.202.0 Safari/532.0"
222.186.19.235 - - [03/Oct/2021:02:36:57 +0200] "GET http://fuwu.sogou.com/404/index.html HTTP/1.1" 301 162 "-" "Mozilla/5.0 (Windows; U; Windows NT 5.1; en-US) AppleWebKit/530.7 (KHTML, like Gecko) Chrome/2.0.176.0 Safari/530.7"
222.186.19.235 - - [03/Oct/2021:02:36:58 +0200] "\x05\x01\x00" 400 150 "-" "-"
222.186.19.235 - - [03/Oct/2021:02:36:58 +0200] "CONNECT fuwu.sogou.com:443 HTTP/1.1" 400 150 "-" "-"
222.186.19.235 - - [03/Oct/2021:02:36:58 +0200] "CONNECT fuwu.sogou.com:443 HTTP/1.1" 400 150 "-" "-"
222.186.19.235 - - [03/Oct/2021:02:36:58 +0200] "\x16\x03\x01\x00\xEE\x01\x00\x00\xEA\x03\x03\x86\x87wi\x17m_;\xA6\x98T\x8E*L%\xCE\xFCi\x97\x07\xC6\xCC\x0E\x96Pq\xDFHx\xA4a\x80 \x19q\x85\x0E\xFF\x18\xCF6\x97Bf|\xED\xBB\xF5\xD2;X\x98QR\xCC\xD3\x7F\x0C\x18\xCF4\x9D\xD3\x15\xB2\x00&\xCC\xA8\xCC\xA9\xC0/\xC00\xC0+\xC0,\xC0\x13\xC0\x09\xC0\x14\xC0" 400 150 "-" "-"
112.117.19.30 - - [03/Oct/2021:02:44:05 +0200] "HEAD http://110.242.68.4/ HTTP/1.1" 301 0 "-" "Mozilla/5.01715179 Mozilla/5.0 (Windows NT 6.1; Win64; x64) AppleWebKit/537.36 (KHTML, like Gecko) Chrome/68.0.3440.106 Safari/537.36 OPR/55.0.2994.44"
123.245.25.213 - - [03/Oct/2021:02:44:06 +0200] "CONNECT 110.242.68.4:443 HTTP/1.1" 400 150 "-" "-"
180.149.125.175 - - [03/Oct/2021:03:05:24 +0200] "GET /c/ HTTP/1.1" 301 162 "-" "Mozilla/5.0 (Windows NT 5.1; Win64; x64) AppleWebKit/537.36 (KHTML, like Gecko) Chrome/60.0.3112.90 Safari/537.36"
180.149.125.175 - - [03/Oct/2021:03:05:25 +0200] "GET /c/ HTTP/1.1" 200 595 "http://85.255.1.106/c/" "Mozilla/5.0 (Windows NT 5.1; Win64; x64) AppleWebKit/537.36 (KHTML, like Gecko) Chrome/60.0.3112.90 Safari/537.36"
202.51.190.154 - - [03/Oct/2021:03:20:13 +0200] "GET / HTTP/1.1" 301 162 "-" "Mozilla/5.0 (Macintosh; Intel Mac OS X 10_11_6) AppleWebKit/601.7.7 (KHTML, like Gecko) Version/9.1.2 Safari/601.7.7"
107.189.14.98 - - [03/Oct/2021:03:53:19 +0200] "GET / HTTP/1.1" 301 162 "-" "Linux Gnu (cow)"
209.141.56.212 - - [03/Oct/2021:03:53:25 +0200] "GET /config/getuser?index=0 HTTP/1.1" 301 162 "-" "Mozilla/5.0 (X11; Ubuntu; Linux x86_64; rv:76.0) Gecko/20100101 Firefox/76.0"
23.148.145.236 - - [03/Oct/2021:04:07:00 +0200] "GET / HTTP/1.1" 301 162 "-" "libwww-perl/6.57"
23.148.145.236 - - [03/Oct/2021:04:07:00 +0200] "GET / HTTP/1.1" 200 1345 "-" "libwww-perl/6.57"
23.148.145.236 - - [03/Oct/2021:04:07:02 +0200] "GET / HTTP/1.1" 200 1345 "-" "libwww-perl/6.57"
192.241.198.206 - - [03/Oct/2021:04:15:10 +0200] "GET /ecp/Current/exporttool/microsoft.exchange.ediscovery.exporttool.application HTTP/1.1" 200 595 "-" "Mozilla/5.0 zgrab/0.x"
192.241.208.235 - - [03/Oct/2021:04:15:57 +0200] "GET /owa/auth/x.js HTTP/1.1" 200 595 "-" "Mozilla/5.0 zgrab/0.x"
192.241.198.231 - - [03/Oct/2021:04:17:14 +0200] "GET /owa/auth/logon.aspx HTTP/1.1" 200 595 "-" "Mozilla/5.0 zgrab/0.x"
3.237.191.108 - - [03/Oct/2021:04:20:04 +0200] "GET /rss HTTP/1.1" 301 5 "-" "Ruby"
3.237.191.108 - - [03/Oct/2021:04:20:04 +0200] "GET /rss/ HTTP/1.1" 200 2222 "-" "Ruby"
192.241.200.242 - - [03/Oct/2021:05:15:26 +0200] "GET /portal/redlion HTTP/1.1" 301 162 "-" "Mozilla/5.0 zgrab/0.x"
192.241.196.77 - - [03/Oct/2021:05:46:06 +0200] "GET /actuator/health HTTP/1.1" 301 162 "-" "Mozilla/5.0 zgrab/0.x"
77.247.108.81 - - [03/Oct/2021:05:58:34 +0200] "POST /goform/websLogin HTTP/1.1" 400 150 "-" "gbrmss/7.29.0"
91.93.47.46 - - [03/Oct/2021:06:00:34 +0200] "GET / HTTP/1.0" 301 162 "-" "-"
54.198.55.229 - - [03/Oct/2021:06:22:16 +0200] "GET /ghost/ HTTP/1.1" 200 3841 "-" "Mozilla/5.0 (compatible)"
107.189.6.44 - - [03/Oct/2021:06:40:32 +0200] "POST /boaform/admin/formLogin HTTP/1.1" 301 162 "http://85.255.1.106:80/admin/login.asp" "Mozilla/5.0 (X11; Ubuntu; Linux x86_64; rv:71.0) Gecko/20100101 Firefox/71.0"
107.189.6.44 - - [03/Oct/2021:06:40:32 +0200] "" 400 0 "-" "-"
164.52.7.226 - - [03/Oct/2021:07:25:24 +0200] "\x16\x03\x01\x01 \x01\x00\x01\x1C\x03\x03\x9Ah\xEC\x16\x91W\xED\x87k!\x88\x8CL=\x81\xD6\xC0\x060\xB0\xFC+\xC7\x8A\xBE\x91p\x95\xA2\xEF\x9D\xAF r\x0F1nMKU\x8E\x02\xF6-\xFA\x1F\x22h^\x9D\x92\xC12}g\x88N\xFD\xF9Bt\xF0oA\xFD\x00>\x13\x02\x13\x03\x13\x01\xC0,\xC00\x00\x9F\xCC\xA9\xCC\xA8\xCC\xAA\xC0+\xC0/\x00\x9E\xC0$\xC0(\x00k\xC0#\xC0'\x00g\xC0" 400 150 "-" "-"
164.52.7.226 - - [03/Oct/2021:07:25:25 +0200] "\x16\x03\x01\x00\xBD\x01\x00\x00\xB9\x03\x03\x9C\x22\x12\x7Fm\xAFsJ\xC9\x7Fr\xBAa\xE5\xA1\x19\x92\xF5\x16\x0B\x10\xDB\xC9!Z\x1B\x89\xC3\x1Ej\xAF\xEC\x00\x008\xC0,\xC00\x00\x9F\xCC\xA9\xCC\xA8\xCC\xAA\xC0+\xC0/\x00\x9E\xC0$\xC0(\x00k\xC0#\xC0'\x00g\xC0" 400 150 "-" "-"
164.52.7.226 - - [03/Oct/2021:07:25:25 +0200] "\x16\x03\x01\x00c\x01\x00\x00_\x03\x02l|\x02\x03\xBE\x05\x9A\xAB\xEF\xA1\xFB\xAF\xD8\xFE\x9D\xEB^\xA5\xA5\xC1D\x8C\xF9.\x1C\x7F\x10\xA0\x90\xF4\xFE\x8E\x00\x00\x12\xC0" 400 150 "-" "-"
164.52.7.226 - - [03/Oct/2021:07:25:26 +0200] "\x16\x03\x01\x00c\x01\x00\x00_\x03\x01\x8BA\xF5\xDC\xF1f\x98\x1B\x88\x0F,\x0FQ\x9E\xF5H\xF2\xDC\x95\xE6v\xA2H\xD7\xD85\x8C\xFCB" 400 150 "-" "-"
164.52.7.226 - - [03/Oct/2021:07:25:26 +0200] "GET / HTTP/1.1" 301 162 "-" "Mozilla/5.0 (Windows NT 10.0; Win64; x64; rv:79.0) Gecko/20100101 Firefox/79.0"
164.52.7.226 - - [03/Oct/2021:07:25:30 +0200] "GET / HTTP/1.1" 200 1345 "-" "Mozilla/5.0 (Windows NT 10.0; Win64; x64; rv:79.0) Gecko/20100101 Firefox/79.0"
107.189.14.98 - - [03/Oct/2021:08:00:50 +0200] "GET / HTTP/1.1" 301 162 "-" "Linux Gnu (cow)"
192.241.201.125 - - [03/Oct/2021:08:19:37 +0200] "GET /actuator/health HTTP/1.1" 200 595 "-" "Mozilla/5.0 zgrab/0.x"
209.141.51.176 - - [03/Oct/2021:08:28:11 +0200] "POST /boaform/admin/formLogin HTTP/1.1" 301 162 "http://85.255.1.106:80/admin/login.asp" "Mozilla/5.0 (X11; Ubuntu; Linux x86_64; rv:71.0) Gecko/20100101 Firefox/71.0"
209.141.51.176 - - [03/Oct/2021:08:28:11 +0200] "" 400 0 "-" "-"
107.189.31.252 - - [03/Oct/2021:08:30:56 +0200] "GET /config/getuser?index=0 HTTP/1.1" 301 162 "-" "Mozilla/5.0 (X11; Ubuntu; Linux x86_64; rv:76.0) Gecko/20100101 Firefox/76.0"
66.249.64.61 - - [03/Oct/2021:08:53:13 +0200] "GET /robots.txt HTTP/1.1" 200 108 "-" "Mozilla/5.0 (compatible; Googlebot/2.1; +http://www.google.com/bot.html)"
66.249.64.59 - - [03/Oct/2021:08:53:13 +0200] "GET /kubernetes-headless-service/ HTTP/1.1" 200 15959 "-" "Mozilla/5.0 (Linux; Android 6.0.1; Nexus 5X Build/MMB29P) AppleWebKit/537.36 (KHTML, like Gecko) Chrome/94.0.4606.54 Mobile Safari/537.36 (compatible; Googlebot/2.1; +http://www.google.com/bot.html)"
5.173.42.7 - - [03/Oct/2021:09:19:00 +0200] "GET /rss/ HTTP/2.0" 304 0 "-" "Mozilla/5.0 (Windows NT 10.0; Win64; x64) AppleWebKit/537.36 (KHTML, like Gecko) Chrome/93.0.4577.82 Safari/537.36 OPR/79.0.4143.50"
3.237.191.108 - - [03/Oct/2021:09:20:04 +0200] "GET /rss HTTP/1.1" 301 5 "-" "Ruby"
3.237.191.108 - - [03/Oct/2021:09:20:04 +0200] "GET /rss/ HTTP/1.1" 200 2222 "-" "Ruby"
5.173.42.7 - - [03/Oct/2021:09:33:59 +0200] "GET /rss/ HTTP/2.0" 304 0 "-" "Mozilla/5.0 (Windows NT 10.0; Win64; x64) AppleWebKit/537.36 (KHTML, like Gecko) Chrome/93.0.4577.82 Safari/537.36 OPR/79.0.4143.50"
66.249.64.57 - - [03/Oct/2021:09:40:13 +0200] "GET /signin/ HTTP/1.1" 404 11981 "-" "Mozilla/5.0 (Linux; Android 6.0.1; Nexus 5X Build/MMB29P) AppleWebKit/537.36 (KHTML, like Gecko) Chrome/94.0.4606.54 Mobile Safari/537.36 (compatible; Googlebot/2.1; +http://www.google.com/bot.html)"
66.249.64.59 - - [03/Oct/2021:09:40:14 +0200] "GET / HTTP/1.1" 200 12727 "-" "Mozilla/5.0 (Linux; Android 6.0.1; Nexus 5X Build/MMB29P) AppleWebKit/537.36 (KHTML, like Gecko) Chrome/94.0.4606.54 Mobile Safari/537.36 (compatible; Googlebot/2.1; +http://www.google.com/bot.html)"
66.249.64.57 - - [03/Oct/2021:09:40:14 +0200] "GET /assets/scripts/components/ HTTP/1.1" 404 11981 "-" "Mozilla/5.0 (Linux; Android 6.0.1; Nexus 5X Build/MMB29P) AppleWebKit/537.36 (KHTML, like Gecko) Chrome/94.0.4606.54 Mobile Safari/537.36 (compatible; Googlebot/2.1; +http://www.google.com/bot.html)"
5.173.42.7 - - [03/Oct/2021:09:48:59 +0200] "GET /rss/ HTTP/2.0" 304 0 "-" "Mozilla/5.0 (Windows NT 10.0; Win64; x64) AppleWebKit/537.36 (KHTML, like Gecko) Chrome/93.0.4577.82 Safari/537.36 OPR/79.0.4143.50"
5.173.42.7 - - [03/Oct/2021:10:03:59 +0200] "GET /rss/ HTTP/2.0" 304 0 "-" "Mozilla/5.0 (Windows NT 10.0; Win64; x64) AppleWebKit/537.36 (KHTML, like Gecko) Chrome/93.0.4577.82 Safari/537.36 OPR/79.0.4143.50"
128.14.209.162 - - [03/Oct/2021:10:18:19 +0200] "GET / HTTP/1.1" 200 595 "-" "Mozilla/5.0 (Windows NT 10.0; Win64; x64) AppleWebKit/537.36 (KHTML, like Gecko) Chrome/60.0.3112.113 Safari/537.36"
5.173.42.7 - - [03/Oct/2021:10:18:59 +0200] "GET /rss/ HTTP/2.0" 304 0 "-" "Mozilla/5.0 (Windows NT 10.0; Win64; x64) AppleWebKit/537.36 (KHTML, like Gecko) Chrome/93.0.4577.82 Safari/537.36 OPR/79.0.4143.50"
77.88.5.41 - - [03/Oct/2021:10:22:01 +0200] "GET /robots.txt HTTP/1.1" 200 108 "-" "Mozilla/5.0 (compatible; YandexBot/3.0; +http://yandex.com/bots)"
77.88.5.41 - - [03/Oct/2021:10:22:05 +0200] "GET / HTTP/1.1" 200 12727 "-" "Mozilla/5.0 (compatible; YandexBot/3.0; +http://yandex.com/bots)"
139.162.145.250 - - [03/Oct/2021:10:23:29 +0200] "GET /bag2 HTTP/1.1" 200 595 "-" "Mozilla/4.0 (compatible; MSIE 8.0; Windows NT 6.0; Trident/4.0)"
5.173.42.7 - - [03/Oct/2021:10:33:59 +0200] "GET /rss/ HTTP/2.0" 304 0 "-" "Mozilla/5.0 (Windows NT 10.0; Win64; x64) AppleWebKit/537.36 (KHTML, like Gecko) Chrome/93.0.4577.82 Safari/537.36 OPR/79.0.4143.50"
209.141.56.212 - - [03/Oct/2021:10:47:31 +0200] "GET /config/getuser?index=0 HTTP/1.1" 301 162 "-" "Mozilla/5.0 (X11; Ubuntu; Linux x86_64; rv:76.0) Gecko/20100101 Firefox/76.0"
5.173.42.7 - - [03/Oct/2021:10:48:59 +0200] "GET /rss/ HTTP/2.0" 304 0 "-" "Mozilla/5.0 (Windows NT 10.0; Win64; x64) AppleWebKit/537.36 (KHTML, like Gecko) Chrome/93.0.4577.82 Safari/537.36 OPR/79.0.4143.50"
5.173.42.7 - - [03/Oct/2021:11:03:59 +0200] "GET /rss/ HTTP/2.0" 304 0 "-" "Mozilla/5.0 (Windows NT 10.0; Win64; x64) AppleWebKit/537.36 (KHTML, like Gecko) Chrome/93.0.4577.82 Safari/537.36 OPR/79.0.4143.50"
107.189.14.98 - - [03/Oct/2021:11:17:03 +0200] "GET / HTTP/1.1" 301 162 "-" "Linux Gnu (cow)"
5.173.42.7 - - [03/Oct/2021:11:18:59 +0200] "GET /rss/ HTTP/2.0" 304 0 "-" "Mozilla/5.0 (Windows NT 10.0; Win64; x64) AppleWebKit/537.36 (KHTML, like Gecko) Chrome/93.0.4577.82 Safari/537.36 OPR/79.0.4143.50"
5.173.42.7 - - [03/Oct/2021:11:33:59 +0200] "GET /rss/ HTTP/2.0" 304 0 "-" "Mozilla/5.0 (Windows NT 10.0; Win64; x64) AppleWebKit/537.36 (KHTML, like Gecko) Chrome/93.0.4577.82 Safari/537.36 OPR/79.0.4143.50"
198.199.114.43 - - [03/Oct/2021:11:48:59 +0200] "GET / HTTP/1.1" 200 595 "-" "Mozilla/5.0 zgrab/0.x"
5.173.42.7 - - [03/Oct/2021:11:48:59 +0200] "GET /rss/ HTTP/2.0" 304 0 "-" "Mozilla/5.0 (Windows NT 10.0; Win64; x64) AppleWebKit/537.36 (KHTML, like Gecko) Chrome/93.0.4577.82 Safari/537.36 OPR/79.0.4143.50"
192.241.199.9 - - [03/Oct/2021:11:57:38 +0200] "GET / HTTP/1.1" 301 162 "-" "Mozilla/5.0 zgrab/0.x"
5.173.42.7 - - [03/Oct/2021:12:03:59 +0200] "GET /rss/ HTTP/2.0" 304 0 "-" "Mozilla/5.0 (Windows NT 10.0; Win64; x64) AppleWebKit/537.36 (KHTML, like Gecko) Chrome/93.0.4577.82 Safari/537.36 OPR/79.0.4143.50"
167.94.138.115 - - [03/Oct/2021:12:06:09 +0200] "GET / HTTP/1.1" 200 1345 "-" "-"
167.94.138.115 - - [03/Oct/2021:12:06:09 +0200] "GET / HTTP/1.1" 200 595 "-" "Mozilla/5.0 (compatible; CensysInspect/1.1; +https://about.censys.io/)"
209.141.62.185 - - [03/Oct/2021:12:14:08 +0200] "GET /config/getuser?index=0 HTTP/1.1" 400 248 "-" "Mozilla/5.0 (X11; Ubuntu; Linux x86_64; rv:76.0) Gecko/20100101 Firefox/76.0"
107.189.6.44 - - [03/Oct/2021:12:14:09 +0200] "POST /boaform/admin/formLogin HTTP/1.1" 301 162 "http://85.255.1.106:80/admin/login.asp" "Mozilla/5.0 (X11; Ubuntu; Linux x86_64; rv:71.0) Gecko/20100101 Firefox/71.0"
107.189.6.44 - - [03/Oct/2021:12:14:09 +0200] "" 400 0 "-" "-"
5.173.42.7 - - [03/Oct/2021:12:18:59 +0200] "GET /rss/ HTTP/2.0" 304 0 "-" "Mozilla/5.0 (Windows NT 10.0; Win64; x64) AppleWebKit/537.36 (KHTML, like Gecko) Chrome/93.0.4577.82 Safari/537.36 OPR/79.0.4143.50"
5.173.42.7 - - [03/Oct/2021:12:33:59 +0200] "GET /rss/ HTTP/2.0" 304 0 "-" "Mozilla/5.0 (Windows NT 10.0; Win64; x64) AppleWebKit/537.36 (KHTML, like Gecko) Chrome/93.0.4577.82 Safari/537.36 OPR/79.0.4143.50"
103.78.13.8 - - [03/Oct/2021:12:44:39 +0200] "GET / HTTP/1.1" 301 162 "-" "Mozilla/5.0 (Windows NT 6.1; WOW64) AppleWebKit/537.36 (KHTML, like Gecko) Chrome/51.0.2704.103 Safari/537.36"
66.249.64.57 - - [03/Oct/2021:12:48:57 +0200] "GET /robots.txt HTTP/1.1" 200 108 "-" "Mozilla/5.0 (compatible; Googlebot/2.1; +http://www.google.com/bot.html)"
66.249.64.57 - - [03/Oct/2021:12:48:57 +0200] "GET /kubernetes-headless-service/amp/ HTTP/1.1" 200 7015 "-" "Mozilla/5.0 (Linux; Android 6.0.1; Nexus 5X Build/MMB29P) AppleWebKit/537.36 (KHTML, like Gecko) Chrome/94.0.4606.61 Mobile Safari/537.36 (compatible; Googlebot/2.1; +http://www.google.com/bot.html)"
5.173.42.7 - - [03/Oct/2021:12:48:59 +0200] "GET /rss/ HTTP/2.0" 304 0 "-" "Mozilla/5.0 (Windows NT 10.0; Win64; x64) AppleWebKit/537.36 (KHTML, like Gecko) Chrome/93.0.4577.82 Safari/537.36 OPR/79.0.4143.50"
5.173.42.7 - - [03/Oct/2021:13:03:59 +0200] "GET /rss/ HTTP/2.0" 304 0 "-" "Mozilla/5.0 (Windows NT 10.0; Win64; x64) AppleWebKit/537.36 (KHTML, like Gecko) Chrome/93.0.4577.82 Safari/537.36 OPR/79.0.4143.50"
107.189.31.252 - - [03/Oct/2021:13:13:59 +0200] "GET /config/getuser?index=0 HTTP/1.1" 301 162 "-" "Mozilla/5.0 (X11; Ubuntu; Linux x86_64; rv:76.0) Gecko/20100101 Firefox/76.0"
209.141.56.212 - - [03/Oct/2021:13:16:28 +0200] "GET /config/getuser?index=0 HTTP/1.1" 301 162 "-" "Mozilla/5.0 (X11; Ubuntu; Linux x86_64; rv:76.0) Gecko/20100101 Firefox/76.0"
5.173.42.7 - - [03/Oct/2021:13:18:59 +0200] "GET /rss/ HTTP/2.0" 304 0 "-" "Mozilla/5.0 (Windows NT 10.0; Win64; x64) AppleWebKit/537.36 (KHTML, like Gecko) Chrome/93.0.4577.82 Safari/537.36 OPR/79.0.4143.50"
5.173.42.7 - - [03/Oct/2021:13:33:59 +0200] "GET /rss/ HTTP/2.0" 304 0 "-" "Mozilla/5.0 (Windows NT 10.0; Win64; x64) AppleWebKit/537.36 (KHTML, like Gecko) Chrome/93.0.4577.82 Safari/537.36 OPR/79.0.4143.50"
184.105.247.254 - - [03/Oct/2021:13:45:05 +0200] "GET / HTTP/1.1" 301 162 "-" "-"
5.173.42.7 - - [03/Oct/2021:13:48:59 +0200] "GET /rss/ HTTP/2.0" 304 0 "-" "Mozilla/5.0 (Windows NT 10.0; Win64; x64) AppleWebKit/537.36 (KHTML, like Gecko) Chrome/93.0.4577.82 Safari/537.36 OPR/79.0.4143.50"
5.173.42.7 - - [03/Oct/2021:14:03:59 +0200] "GET /rss/ HTTP/2.0" 304 0 "-" "Mozilla/5.0 (Windows NT 10.0; Win64; x64) AppleWebKit/537.36 (KHTML, like Gecko) Chrome/93.0.4577.82 Safari/537.36 OPR/79.0.4143.50"
107.189.6.44 - - [03/Oct/2021:14:06:36 +0200] "POST /boaform/admin/formLogin HTTP/1.1" 301 162 "http://85.255.1.106:80/admin/login.asp" "Mozilla/5.0 (X11; Ubuntu; Linux x86_64; rv:71.0) Gecko/20100101 Firefox/71.0"
107.189.6.44 - - [03/Oct/2021:14:06:36 +0200] "" 400 0 "-" "-"
107.189.31.252 - - [03/Oct/2021:14:15:52 +0200] "GET /config/getuser?index=0 HTTP/1.1" 400 248 "-" "Mozilla/5.0 (X11; Ubuntu; Linux x86_64; rv:76.0) Gecko/20100101 Firefox/76.0"
5.173.42.7 - - [03/Oct/2021:14:18:59 +0200] "GET /rss/ HTTP/2.0" 304 0 "-" "Mozilla/5.0 (Windows NT 10.0; Win64; x64) AppleWebKit/537.36 (KHTML, like Gecko) Chrome/93.0.4577.82 Safari/537.36 OPR/79.0.4143.50"
3.237.191.108 - - [03/Oct/2021:14:20:07 +0200] "GET /rss HTTP/1.1" 301 5 "-" "Ruby"
3.237.191.108 - - [03/Oct/2021:14:20:07 +0200] "GET /rss/ HTTP/1.1" 200 2222 "-" "Ruby"
199.19.225.172 - - [03/Oct/2021:14:33:58 +0200] "GET /config/getuser?index=0 HTTP/1.1" 301 162 "-" "Mozilla/5.0 (X11; Ubuntu; Linux x86_64; rv:76.0) Gecko/20100101 Firefox/76.0"
5.173.42.7 - - [03/Oct/2021:14:33:59 +0200] "GET /rss/ HTTP/2.0" 304 0 "-" "Mozilla/5.0 (Windows NT 10.0; Win64; x64) AppleWebKit/537.36 (KHTML, like Gecko) Chrome/93.0.4577.82 Safari/537.36 OPR/79.0.4143.50"
192.241.206.64 - - [03/Oct/2021:14:43:55 +0200] "GET /owa/auth/logon.aspx?url=https%3a%2f%2f1%2fecp%2f HTTP/1.1" 200 595 "-" "Mozilla/5.0 zgrab/0.x"
5.173.42.7 - - [03/Oct/2021:14:48:59 +0200] "GET /rss/ HTTP/2.0" 304 0 "-" "Mozilla/5.0 (Windows NT 10.0; Win64; x64) AppleWebKit/537.36 (KHTML, like Gecko) Chrome/93.0.4577.82 Safari/537.36 OPR/79.0.4143.50"
5.173.42.7 - - [03/Oct/2021:15:03:59 +0200] "GET /rss/ HTTP/2.0" 304 0 "-" "Mozilla/5.0 (Windows NT 10.0; Win64; x64) AppleWebKit/537.36 (KHTML, like Gecko) Chrome/93.0.4577.82 Safari/537.36 OPR/79.0.4143.50"
5.173.42.7 - - [03/Oct/2021:15:18:59 +0200] "GET /rss/ HTTP/2.0" 304 0 "-" "Mozilla/5.0 (Windows NT 10.0; Win64; x64) AppleWebKit/537.36 (KHTML, like Gecko) Chrome/93.0.4577.82 Safari/537.36 OPR/79.0.4143.50"
107.189.14.98 - - [03/Oct/2021:15:27:30 +0200] "GET / HTTP/1.1" 301 162 "-" "Linux Gnu (cow)"
5.173.42.7 - - [03/Oct/2021:15:33:59 +0200] "GET /rss/ HTTP/2.0" 304 0 "-" "Mozilla/5.0 (Windows NT 10.0; Win64; x64) AppleWebKit/537.36 (KHTML, like Gecko) Chrome/93.0.4577.82 Safari/537.36 OPR/79.0.4143.50"
188.166.166.61 - - [03/Oct/2021:15:36:30 +0200] "\x16\x03\x01\x01\xFB\x01\x00\x01\xF7\x03\x03\xB4\xD0\x8D\x11\xD6\x05\xABx:\xF7F\x950B\x9D3\x90\x80\x1C\xBBV$rZ\xE7\x9D\xBB\xD3+\x80\xE2M\x00\x01<\xCC\x14\xCC\x13\xCC\x15\xC00\xC0,\xC0(\xC0$\xC0\x14\xC0" 400 150 "-" "-"
5.173.42.7 - - [03/Oct/2021:15:48:59 +0200] "GET /rss/ HTTP/2.0" 304 0 "-" "Mozilla/5.0 (Windows NT 10.0; Win64; x64) AppleWebKit/537.36 (KHTML, like Gecko) Chrome/93.0.4577.82 Safari/537.36 OPR/79.0.4143.50"
199.195.251.49 - - [03/Oct/2021:15:59:13 +0200] "GET / HTTP/1.1" 400 248 "-" "Linux Gnu (cow)"
5.173.42.7 - - [03/Oct/2021:16:03:59 +0200] "GET /rss/ HTTP/2.0" 304 0 "-" "Mozilla/5.0 (Windows NT 10.0; Win64; x64) AppleWebKit/537.36 (KHTML, like Gecko) Chrome/93.0.4577.82 Safari/537.36 OPR/79.0.4143.50"
222.186.19.235 - - [03/Oct/2021:16:12:32 +0200] "GET http://fuwu.sogou.com/404/index.html HTTP/1.1" 400 650 "-" "Mozilla/5.0 (X11; Linux x86_64) AppleWebKit/535.1 (KHTML, like Gecko) Chrome/13.0.782.215 Safari/535.1"
222.186.19.235 - - [03/Oct/2021:16:12:32 +0200] "GET http://fuwu.sogou.com/404/index.html HTTP/1.1" 400 650 "-" "Mozilla/5.0 (Windows NT 6.1; WOW64) AppleWebKit/537.1 (KHTML, like Gecko) Chrome/22.0.1207.1 Safari/537.1"
222.186.19.235 - - [03/Oct/2021:16:12:33 +0200] "\x05\x01\x00" 400 150 "-" "-"
5.173.42.7 - - [03/Oct/2021:16:18:59 +0200] "GET /rss/ HTTP/2.0" 304 0 "-" "Mozilla/5.0 (Windows NT 10.0; Win64; x64) AppleWebKit/537.36 (KHTML, like Gecko) Chrome/93.0.4577.82 Safari/537.36 OPR/79.0.4143.50"
5.173.42.7 - - [03/Oct/2021:16:33:59 +0200] "GET /rss/ HTTP/2.0" 304 0 "-" "Mozilla/5.0 (Windows NT 10.0; Win64; x64) AppleWebKit/537.36 (KHTML, like Gecko) Chrome/93.0.4577.82 Safari/537.36 OPR/79.0.4143.50"
107.189.6.44 - - [03/Oct/2021:16:38:21 +0200] "POST /boaform/admin/formLogin HTTP/1.1" 301 162 "http://85.255.1.106:80/admin/login.asp" "Mozilla/5.0 (X11; Ubuntu; Linux x86_64; rv:71.0) Gecko/20100101 Firefox/71.0"
107.189.6.44 - - [03/Oct/2021:16:38:22 +0200] "" 400 0 "-" "-"
209.141.56.209 - - [03/Oct/2021:16:41:42 +0200] "GET / HTTP/1.1" 301 162 "-" "Linux Gnu (cow)"
5.173.42.7 - - [03/Oct/2021:16:48:59 +0200] "GET /rss/ HTTP/2.0" 304 0 "-" "Mozilla/5.0 (Windows NT 10.0; Win64; x64) AppleWebKit/537.36 (KHTML, like Gecko) Chrome/93.0.4577.82 Safari/537.36 OPR/79.0.4143.50"
5.173.42.7 - - [03/Oct/2021:17:03:59 +0200] "GET /rss/ HTTP/2.0" 304 0 "-" "Mozilla/5.0 (Windows NT 10.0; Win64; x64) AppleWebKit/537.36 (KHTML, like Gecko) Chrome/93.0.4577.82 Safari/537.36 OPR/79.0.4143.50"
190.83.155.186 - - [03/Oct/2021:17:10:30 +0200] "GET /.env HTTP/1.1" 301 162 "-" "Mozilla/5.0 (X11; Linux x86_64) AppleWebKit/537.36 (KHTML, like Gecko) Chrome/81.0.4044.129 Safari/537.36"
190.83.155.186 - - [03/Oct/2021:17:10:31 +0200] "POST / HTTP/1.1" 301 162 "-" "Mozilla/5.0 (X11; Linux x86_64) AppleWebKit/537.36 (KHTML, like Gecko) Chrome/81.0.4044.129 Safari/537.36"
5.173.42.7 - - [03/Oct/2021:17:18:59 +0200] "GET /rss/ HTTP/2.0" 304 0 "-" "Mozilla/5.0 (Windows NT 10.0; Win64; x64) AppleWebKit/537.36 (KHTML, like Gecko) Chrome/93.0.4577.82 Safari/537.36 OPR/79.0.4143.50"
35.234.96.109 - - [03/Oct/2021:17:29:28 +0200] "GET / HTTP/1.0" 301 162 "-" "-"
5.173.42.7 - - [03/Oct/2021:17:33:59 +0200] "GET /rss/ HTTP/2.0" 304 0 "-" "Mozilla/5.0 (Windows NT 10.0; Win64; x64) AppleWebKit/537.36 (KHTML, like Gecko) Chrome/93.0.4577.82 Safari/537.36 OPR/79.0.4143.50"
107.189.14.98 - - [03/Oct/2021:17:34:46 +0200] "GET / HTTP/1.1" 301 162 "-" "Linux Gnu (cow)"
209.141.62.185 - - [03/Oct/2021:17:40:04 +0200] "GET /config/getuser?index=0 HTTP/1.1" 400 248 "-" "Mozilla/5.0 (X11; Ubuntu; Linux x86_64; rv:76.0) Gecko/20100101 Firefox/76.0"
5.173.42.7 - - [03/Oct/2021:17:48:59 +0200] "GET /rss/ HTTP/2.0" 304 0 "-" "Mozilla/5.0 (Windows NT 10.0; Win64; x64) AppleWebKit/537.36 (KHTML, like Gecko) Chrome/93.0.4577.82 Safari/537.36 OPR/79.0.4143.50"
178.62.109.162 - - [03/Oct/2021:17:59:53 +0200] "GET / HTTP/1.0" 301 162 "-" "-"
5.173.42.7 - - [03/Oct/2021:18:03:59 +0200] "GET /rss/ HTTP/2.0" 304 0 "-" "Mozilla/5.0 (Windows NT 10.0; Win64; x64) AppleWebKit/537.36 (KHTML, like Gecko) Chrome/93.0.4577.82 Safari/537.36 OPR/79.0.4143.50"
209.141.62.185 - - [03/Oct/2021:18:10:38 +0200] "GET /config/getuser?index=0 HTTP/1.1" 400 248 "-" "Mozilla/5.0 (X11; Ubuntu; Linux x86_64; rv:76.0) Gecko/20100101 Firefox/76.0"
5.173.42.7 - - [03/Oct/2021:18:18:59 +0200] "GET /rss/ HTTP/2.0" 304 0 "-" "Mozilla/5.0 (Windows NT 10.0; Win64; x64) AppleWebKit/537.36 (KHTML, like Gecko) Chrome/93.0.4577.82 Safari/537.36 OPR/79.0.4143.50"
159.192.120.163 - - [03/Oct/2021:18:19:11 +0200] "GET / HTTP/1.1" 301 162 "-" "Mozilla/5.0 (Windows NT 6.1; WOW64) AppleWebKit/537.36 (KHTML, like Gecko) Chrome/52.0.2743.116 Safari/537.36"
199.195.251.49 - - [03/Oct/2021:18:22:50 +0200] "GET / HTTP/1.1" 400 248 "-" "Linux Gnu (cow)"
5.173.42.7 - - [03/Oct/2021:18:33:59 +0200] "GET /rss/ HTTP/2.0" 304 0 "-" "Mozilla/5.0 (Windows NT 10.0; Win64; x64) AppleWebKit/537.36 (KHTML, like Gecko) Chrome/93.0.4577.82 Safari/537.36 OPR/79.0.4143.50"
66.249.64.61 - - [03/Oct/2021:18:43:43 +0200] "GET /robots.txt HTTP/1.1" 200 108 "-" "Mozilla/5.0 (compatible; Googlebot/2.1; +http://www.google.com/bot.html)"
66.249.64.61 - - [03/Oct/2021:18:43:43 +0200] "GET /content/images/2021/10/image-14.png HTTP/1.1" 200 10295 "-" "Googlebot-Image/1.0"
5.173.42.7 - - [03/Oct/2021:18:48:59 +0200] "GET /rss/ HTTP/2.0" 304 0 "-" "Mozilla/5.0 (Windows NT 10.0; Win64; x64) AppleWebKit/537.36 (KHTML, like Gecko) Chrome/93.0.4577.82 Safari/537.36 OPR/79.0.4143.50"
66.249.64.59 - - [03/Oct/2021:18:58:43 +0200] "GET /content/images/size/w300/2021/10/d417ce9e68114f09acc670e5928685a3--5--1.png HTTP/1.1" 200 2741 "-" "Googlebot-Image/1.0"
5.173.42.7 - - [03/Oct/2021:19:03:59 +0200] "GET /rss/ HTTP/2.0" 304 0 "-" "Mozilla/5.0 (Windows NT 10.0; Win64; x64) AppleWebKit/537.36 (KHTML, like Gecko) Chrome/93.0.4577.82 Safari/537.36 OPR/79.0.4143.50"
66.249.64.57 - - [03/Oct/2021:19:05:09 +0200] "GET /content/images/2021/10/Kafka-Topic-Partition.drawio--2-.png HTTP/1.1" 200 28195 "-" "Googlebot-Image/1.0"
66.249.64.57 - - [03/Oct/2021:19:11:35 +0200] "GET /content/images/2021/10/Screenshot_8.png HTTP/1.1" 200 243714 "-" "Googlebot-Image/1.0"
66.249.64.57 - - [03/Oct/2021:19:18:00 +0200] "GET /content/images/2021/10/d417ce9e68114f09acc670e5928685a3--5--1.png HTTP/1.1" 200 2741 "-" "Googlebot-Image/1.0"
5.173.42.7 - - [03/Oct/2021:19:18:59 +0200] "GET /rss/ HTTP/2.0" 304 0 "-" "Mozilla/5.0 (Windows NT 10.0; Win64; x64) AppleWebKit/537.36 (KHTML, like Gecko) Chrome/93.0.4577.82 Safari/537.36 OPR/79.0.4143.50"
3.237.191.108 - - [03/Oct/2021:19:20:06 +0200] "GET /rss HTTP/1.1" 301 5 "-" "Ruby"
3.237.191.108 - - [03/Oct/2021:19:20:06 +0200] "GET /rss/ HTTP/1.1" 200 2222 "-" "Ruby"
66.249.64.57 - - [03/Oct/2021:19:24:26 +0200] "GET /content/images/2021/10/image-10.png HTTP/1.1" 200 9335 "-" "Googlebot-Image/1.0"
66.249.64.57 - - [03/Oct/2021:19:30:51 +0200] "GET /content/images/2021/10/image-9.png HTTP/1.1" 200 9699 "-" "Googlebot-Image/1.0"
5.173.42.7 - - [03/Oct/2021:19:33:59 +0200] "GET /rss/ HTTP/2.0" 304 0 "-" "Mozilla/5.0 (Windows NT 10.0; Win64; x64) AppleWebKit/537.36 (KHTML, like Gecko) Chrome/93.0.4577.82 Safari/537.36 OPR/79.0.4143.50"
66.249.64.57 - - [03/Oct/2021:19:37:19 +0200] "GET /favicon.ico HTTP/1.1" 302 68 "-" "Googlebot-Image/1.0"
66.249.64.57 - - [03/Oct/2021:19:37:19 +0200] "GET /favicon.png HTTP/1.1" 200 2741 "-" "Googlebot-Image/1.0"
66.249.64.57 - - [03/Oct/2021:19:43:44 +0200] "GET /content/images/2021/10/image-8.png HTTP/1.1" 200 27358 "-" "Googlebot-Image/1.0"
147.182.246.149 - - [03/Oct/2021:19:45:19 +0200] "GET /.env HTTP/1.1" 301 162 "-" "Mozilla/5.0 (X11; Linux x86_64) AppleWebKit/537.36 (KHTML, like Gecko) Chrome/81.0.4044.129 Safari/537.36"
147.182.246.149 - - [03/Oct/2021:19:45:19 +0200] "POST / HTTP/1.1" 301 162 "-" "Mozilla/5.0 (X11; Linux x86_64) AppleWebKit/537.36 (KHTML, like Gecko) Chrome/81.0.4044.129 Safari/537.36"
5.173.42.7 - - [03/Oct/2021:19:48:59 +0200] "GET /rss/ HTTP/2.0" 304 0 "-" "Mozilla/5.0 (Windows NT 10.0; Win64; x64) AppleWebKit/537.36 (KHTML, like Gecko) Chrome/93.0.4577.82 Safari/537.36 OPR/79.0.4143.50"
66.249.64.61 - - [03/Oct/2021:19:56:34 +0200] "GET /robots.txt HTTP/1.1" 200 108 "-" "Mozilla/5.0 (compatible; Googlebot/2.1; +http://www.google.com/bot.html)"
66.249.64.59 - - [03/Oct/2021:19:56:35 +0200] "GET /content/images/2021/10/obraz_2021-10-02_103514.png HTTP/1.1" 200 14588 "-" "Googlebot-Image/1.0"
5.173.42.7 - - [03/Oct/2021:20:03:59 +0200] "GET /rss/ HTTP/2.0" 304 0 "-" "Mozilla/5.0 (Windows NT 10.0; Win64; x64) AppleWebKit/537.36 (KHTML, like Gecko) Chrome/93.0.4577.82 Safari/537.36 OPR/79.0.4143.50"
5.173.42.7 - - [03/Oct/2021:20:18:59 +0200] "GET /rss/ HTTP/2.0" 304 0 "-" "Mozilla/5.0 (Windows NT 10.0; Win64; x64) AppleWebKit/537.36 (KHTML, like Gecko) Chrome/93.0.4577.82 Safari/537.36 OPR/79.0.4143.50"
66.249.64.57 - - [03/Oct/2021:20:22:17 +0200] "GET /assets/images/avatar.png?v=d702cadabc HTTP/1.1" 200 1550 "-" "Googlebot-Image/1.0"
5.173.42.7 - - [03/Oct/2021:20:33:59 +0200] "GET /rss/ HTTP/2.0" 304 0 "-" "Mozilla/5.0 (Windows NT 10.0; Win64; x64) AppleWebKit/537.36 (KHTML, like Gecko) Chrome/93.0.4577.82 Safari/537.36 OPR/79.0.4143.50"
66.249.64.61 - - [03/Oct/2021:20:35:09 +0200] "GET /content/images/2021/10/image-1.png HTTP/1.1" 200 18781 "-" "Googlebot-Image/1.0"
5.173.42.7 - - [03/Oct/2021:20:48:59 +0200] "GET /rss/ HTTP/2.0" 304 0 "-" "Mozilla/5.0 (Windows NT 10.0; Win64; x64) AppleWebKit/537.36 (KHTML, like Gecko) Chrome/93.0.4577.82 Safari/537.36 OPR/79.0.4143.50"
107.189.14.98 - - [03/Oct/2021:20:50:16 +0200] "GET / HTTP/1.1" 301 162 "-" "Linux Gnu (cow)"
66.249.64.61 - - [03/Oct/2021:20:51:06 +0200] "GET /rss/ HTTP/1.1" 200 2222 "-" "Mozilla/5.0 (compatible; Googlebot/2.1; +http://www.google.com/bot.html)"
66.249.64.61 - - [03/Oct/2021:20:59:04 +0200] "GET /author/krzwiatrzyk/ HTTP/1.1" 404 11988 "-" "Mozilla/5.0 (Linux; Android 6.0.1; Nexus 5X Build/MMB29P) AppleWebKit/537.36 (KHTML, like Gecko) Chrome/94.0.4606.61 Mobile Safari/537.36 (compatible; Googlebot/2.1; +http://www.google.com/bot.html)"
66.249.64.59 - - [03/Oct/2021:20:59:04 +0200] "GET /robots.txt HTTP/1.1" 200 108 "-" "Mozilla/5.0 (compatible; Googlebot/2.1; +http://www.google.com/bot.html)"
5.173.42.7 - - [03/Oct/2021:21:03:59 +0200] "GET /rss/ HTTP/2.0" 304 0 "-" "Mozilla/5.0 (Windows NT 10.0; Win64; x64) AppleWebKit/537.36 (KHTML, like Gecko) Chrome/93.0.4577.82 Safari/537.36 OPR/79.0.4143.50"
66.249.64.59 - - [03/Oct/2021:21:10:20 +0200] "GET /signup/ HTTP/1.1" 404 11986 "-" "Mozilla/5.0 (Linux; Android 6.0.1; Nexus 5X Build/MMB29P) AppleWebKit/537.36 (KHTML, like Gecko) Chrome/94.0.4606.61 Mobile Safari/537.36 (compatible; Googlebot/2.1; +http://www.google.com/bot.html)"
5.173.42.7 - - [03/Oct/2021:21:18:59 +0200] "GET /rss/ HTTP/2.0" 304 0 "-" "Mozilla/5.0 (Windows NT 10.0; Win64; x64) AppleWebKit/537.36 (KHTML, like Gecko) Chrome/93.0.4577.82 Safari/537.36 OPR/79.0.4143.50"
66.249.64.61 - - [03/Oct/2021:21:20:42 +0200] "GET /rss/ HTTP/1.1" 200 2222 "-" "Mozilla/5.0 (Linux; Android 6.0.1; Nexus 5X Build/MMB29P) AppleWebKit/537.36 (KHTML, like Gecko) Chrome/94.0.4606.61 Mobile Safari/537.36 (compatible; Googlebot/2.1; +http://www.google.com/bot.html)"
66.249.64.57 - - [03/Oct/2021:21:32:49 +0200] "GET /author/krzysztof/ HTTP/1.1" 200 12924 "-" "Mozilla/5.0 (Linux; Android 6.0.1; Nexus 5X Build/MMB29P) AppleWebKit/537.36 (KHTML, like Gecko) Chrome/94.0.4606.61 Mobile Safari/537.36 (compatible; Googlebot/2.1; +http://www.google.com/bot.html)"
5.173.42.7 - - [03/Oct/2021:21:33:59 +0200] "GET /rss/ HTTP/2.0" 304 0 "-" "Mozilla/5.0 (Windows NT 10.0; Win64; x64) AppleWebKit/537.36 (KHTML, like Gecko) Chrome/93.0.4577.82 Safari/537.36 OPR/79.0.4143.50"
183.136.225.9 - - [03/Oct/2021:21:35:06 +0200] "GET / HTTP/1.1" 301 162 "-" "Mozilla/5.0 (Macintosh; Intel Mac OS X 10.11; rv:47.0) Gecko/20100101 Firefox/47.0"
183.136.225.9 - - [03/Oct/2021:21:35:08 +0200] "GET / HTTP/1.1" 200 1345 "-" "Mozilla/5.0 (Macintosh; Intel Mac OS X 10.11; rv:47.0) Gecko/20100101 Firefox/47.0"
183.136.225.9 - - [03/Oct/2021:21:35:09 +0200] "GET / HTTP/1.1" 301 162 "-" "Mozilla/5.0 (Windows NT 6.1; WOW64) AppleWebKit/537.36 (KHTML, like Gecko) Chrome/63.0.3239.132 Safari/537.36 QIHU 360SE"
183.136.225.9 - - [03/Oct/2021:21:35:11 +0200] "GET / HTTP/1.1" 200 595 "http://85.255.1.106:80" "Mozilla/5.0 (Windows NT 6.1; WOW64) AppleWebKit/537.36 (KHTML, like Gecko) Chrome/63.0.3239.132 Safari/537.36 QIHU 360SE"
183.136.225.9 - - [03/Oct/2021:21:35:13 +0200] "GET /favicon.ico HTTP/1.1" 301 162 "-" "Mozilla/5.0 (Windows NT 6.1; WOW64) AppleWebKit/537.36 (KHTML, like Gecko) Chrome/63.0.3239.132 Safari/537.36 QIHU 360SE"
66.249.64.59 - - [03/Oct/2021:21:39:35 +0200] "GET /assets/scripts/pagination.js?v=d702cadabc HTTP/1.1" 200 864 "https://krzwiatrzyk.eu/author/krzysztof/" "Mozilla/5.0 (Linux; Android 6.0.1; Nexus 5X Build/MMB29P) AppleWebKit/537.36 (KHTML, like Gecko) Chrome/94.0.4606.61 Mobile Safari/537.36 (compatible; Googlebot/2.1; +http://www.google.com/bot.html)"
35.178.182.139 - - [03/Oct/2021:21:46:27 +0200] "GET / HTTP/2.0" 200 1345 "-" "DraGunov; https://github.com/Fay48"
66.249.64.57 - - [03/Oct/2021:21:47:56 +0200] "GET /assets/scripts/search.js?v=d702cadabc HTTP/1.1" 200 5992 "-" "Mozilla/5.0 (Linux; Android 6.0.1; Nexus 5X Build/MMB29P) AppleWebKit/537.36 (KHTML, like Gecko) Chrome/94.0.4606.61 Mobile Safari/537.36 (compatible; Googlebot/2.1; +http://www.google.com/bot.html)"
5.173.42.7 - - [03/Oct/2021:21:48:59 +0200] "GET /rss/ HTTP/2.0" 304 0 "-" "Mozilla/5.0 (Windows NT 10.0; Win64; x64) AppleWebKit/537.36 (KHTML, like Gecko) Chrome/93.0.4577.82 Safari/537.36 OPR/79.0.4143.50"
66.249.64.59 - - [03/Oct/2021:22:02:56 +0200] "GET /assets/scripts/prismjs.js?v=d702cadabc HTTP/1.1" 200 7123 "-" "Mozilla/5.0 (Linux; Android 6.0.1; Nexus 5X Build/MMB29P) AppleWebKit/537.36 (KHTML, like Gecko) Chrome/94.0.4606.61 Mobile Safari/537.36 (compatible; Googlebot/2.1; +http://www.google.com/bot.html)"
66.249.64.57 - - [03/Oct/2021:22:02:56 +0200] "GET /robots.txt HTTP/1.1" 200 108 "-" "Mozilla/5.0 (compatible; Googlebot/2.1; +http://www.google.com/bot.html)"
5.173.65.221 - - [03/Oct/2021:22:07:42 +0200] "GET / HTTP/1.1" 301 162 "http://m.facebook.com/" "Mozilla/5.0 (Linux; Android 11; M2102J20SG Build/RKQ1.200826.002; wv) AppleWebKit/537.36 (KHTML, like Gecko) Version/4.0 Chrome/93.0.4577.82 Mobile Safari/537.36 [FB_IAB/Orca-Android;FBAV/330.0.0.12.116;]"
5.173.65.221 - - [03/Oct/2021:22:07:42 +0200] "GET / HTTP/2.0" 200 12714 "http://m.facebook.com/" "Mozilla/5.0 (Linux; Android 11; M2102J20SG Build/RKQ1.200826.002; wv) AppleWebKit/537.36 (KHTML, like Gecko) Version/4.0 Chrome/93.0.4577.82 Mobile Safari/537.36 [FB_IAB/Orca-Android;FBAV/330.0.0.12.116;]"
5.173.65.221 - - [03/Oct/2021:22:07:43 +0200] "GET /assets/styles/main.css?v=d702cadabc HTTP/2.0" 200 14057 "https://krzwiatrzyk.eu/" "Mozilla/5.0 (Linux; Android 11; M2102J20SG Build/RKQ1.200826.002; wv) AppleWebKit/537.36 (KHTML, like Gecko) Version/4.0 Chrome/93.0.4577.82 Mobile Safari/537.36 [FB_IAB/Orca-Android;FBAV/330.0.0.12.116;]"
5.173.65.221 - - [03/Oct/2021:22:07:43 +0200] "GET /assets/scripts/main.js?v=d702cadabc HTTP/2.0" 200 9977 "https://krzwiatrzyk.eu/" "Mozilla/5.0 (Linux; Android 11; M2102J20SG Build/RKQ1.200826.002; wv) AppleWebKit/537.36 (KHTML, like Gecko) Version/4.0 Chrome/93.0.4577.82 Mobile Safari/537.36 [FB_IAB/Orca-Android;FBAV/330.0.0.12.116;]"
5.173.65.221 - - [03/Oct/2021:22:07:43 +0200] "GET /content/images/size/w300/2021/10/d417ce9e68114f09acc670e5928685a3--5--1.png HTTP/2.0" 200 2741 "https://krzwiatrzyk.eu/" "Mozilla/5.0 (Linux; Android 11; M2102J20SG Build/RKQ1.200826.002; wv) AppleWebKit/537.36 (KHTML, like Gecko) Version/4.0 Chrome/93.0.4577.82 Mobile Safari/537.36 [FB_IAB/Orca-Android;FBAV/330.0.0.12.116;]"
5.173.65.221 - - [03/Oct/2021:22:07:43 +0200] "GET /content/images/size/w1000/2021/10/Screenshot_8.png HTTP/2.0" 200 243714 "https://krzwiatrzyk.eu/" "Mozilla/5.0 (Linux; Android 11; M2102J20SG Build/RKQ1.200826.002; wv) AppleWebKit/537.36 (KHTML, like Gecko) Version/4.0 Chrome/93.0.4577.82 Mobile Safari/537.36 [FB_IAB/Orca-Android;FBAV/330.0.0.12.116;]"
5.173.65.221 - - [03/Oct/2021:22:07:43 +0200] "GET /assets/scripts/pagination.js?v=d702cadabc HTTP/2.0" 200 852 "https://krzwiatrzyk.eu/" "Mozilla/5.0 (Linux; Android 11; M2102J20SG Build/RKQ1.200826.002; wv) AppleWebKit/537.36 (KHTML, like Gecko) Version/4.0 Chrome/93.0.4577.82 Mobile Safari/537.36 [FB_IAB/Orca-Android;FBAV/330.0.0.12.116;]"
5.173.65.221 - - [03/Oct/2021:22:07:44 +0200] "GET /favicon.png HTTP/2.0" 200 2741 "https://krzwiatrzyk.eu/" "Mozilla/5.0 (Linux; Android 11; M2102J20SG Build/RKQ1.200826.002; wv) AppleWebKit/537.36 (KHTML, like Gecko) Version/4.0 Chrome/93.0.4577.82 Mobile Safari/537.36 [FB_IAB/Orca-Android;FBAV/330.0.0.12.116;]"
5.173.65.221 - - [03/Oct/2021:22:07:53 +0200] "GET /kubernetes-headless-service/ HTTP/2.0" 200 15941 "https://krzwiatrzyk.eu/" "Mozilla/5.0 (Linux; Android 11; M2102J20SG Build/RKQ1.200826.002; wv) AppleWebKit/537.36 (KHTML, like Gecko) Version/4.0 Chrome/93.0.4577.82 Mobile Safari/537.36 [FB_IAB/Orca-Android;FBAV/330.0.0.12.116;]"
5.173.65.221 - - [03/Oct/2021:22:07:53 +0200] "GET /assets/images/avatar.png?v=d702cadabc HTTP/2.0" 200 1550 "https://krzwiatrzyk.eu/kubernetes-headless-service/" "Mozilla/5.0 (Linux; Android 11; M2102J20SG Build/RKQ1.200826.002; wv) AppleWebKit/537.36 (KHTML, like Gecko) Version/4.0 Chrome/93.0.4577.82 Mobile Safari/537.36 [FB_IAB/Orca-Android;FBAV/330.0.0.12.116;]"
5.173.65.221 - - [03/Oct/2021:22:07:53 +0200] "GET /content/images/2021/10/obraz_2021-10-02_103514.png HTTP/2.0" 200 14588 "https://krzwiatrzyk.eu/kubernetes-headless-service/" "Mozilla/5.0 (Linux; Android 11; M2102J20SG Build/RKQ1.200826.002; wv) AppleWebKit/537.36 (KHTML, like Gecko) Version/4.0 Chrome/93.0.4577.82 Mobile Safari/537.36 [FB_IAB/Orca-Android;FBAV/330.0.0.12.116;]"
5.173.65.221 - - [03/Oct/2021:22:07:53 +0200] "GET /content/images/2021/10/image-1.png HTTP/2.0" 200 18781 "https://krzwiatrzyk.eu/kubernetes-headless-service/" "Mozilla/5.0 (Linux; Android 11; M2102J20SG Build/RKQ1.200826.002; wv) AppleWebKit/537.36 (KHTML, like Gecko) Version/4.0 Chrome/93.0.4577.82 Mobile Safari/537.36 [FB_IAB/Orca-Android;FBAV/330.0.0.12.116;]"
5.173.65.221 - - [03/Oct/2021:22:07:53 +0200] "GET /content/images/2021/10/image-8.png HTTP/2.0" 200 27358 "https://krzwiatrzyk.eu/kubernetes-headless-service/" "Mozilla/5.0 (Linux; Android 11; M2102J20SG Build/RKQ1.200826.002; wv) AppleWebKit/537.36 (KHTML, like Gecko) Version/4.0 Chrome/93.0.4577.82 Mobile Safari/537.36 [FB_IAB/Orca-Android;FBAV/330.0.0.12.116;]"
5.173.65.221 - - [03/Oct/2021:22:07:53 +0200] "GET /content/images/2021/10/image-9.png HTTP/2.0" 200 9699 "https://krzwiatrzyk.eu/kubernetes-headless-service/" "Mozilla/5.0 (Linux; Android 11; M2102J20SG Build/RKQ1.200826.002; wv) AppleWebKit/537.36 (KHTML, like Gecko) Version/4.0 Chrome/93.0.4577.82 Mobile Safari/537.36 [FB_IAB/Orca-Android;FBAV/330.0.0.12.116;]"
5.173.65.221 - - [03/Oct/2021:22:07:53 +0200] "GET /content/images/2021/10/image-2.png HTTP/2.0" 200 18100 "https://krzwiatrzyk.eu/kubernetes-headless-service/" "Mozilla/5.0 (Linux; Android 11; M2102J20SG Build/RKQ1.200826.002; wv) AppleWebKit/537.36 (KHTML, like Gecko) Version/4.0 Chrome/93.0.4577.82 Mobile Safari/537.36 [FB_IAB/Orca-Android;FBAV/330.0.0.12.116;]"
5.173.65.221 - - [03/Oct/2021:22:07:53 +0200] "GET /content/images/2021/10/image-10.png HTTP/2.0" 200 9335 "https://krzwiatrzyk.eu/kubernetes-headless-service/" "Mozilla/5.0 (Linux; Android 11; M2102J20SG Build/RKQ1.200826.002; wv) AppleWebKit/537.36 (KHTML, like Gecko) Version/4.0 Chrome/93.0.4577.82 Mobile Safari/537.36 [FB_IAB/Orca-Android;FBAV/330.0.0.12.116;]"
5.173.65.221 - - [03/Oct/2021:22:07:53 +0200] "GET /content/images/2021/10/image-14.png HTTP/2.0" 200 10295 "https://krzwiatrzyk.eu/kubernetes-headless-service/" "Mozilla/5.0 (Linux; Android 11; M2102J20SG Build/RKQ1.200826.002; wv) AppleWebKit/537.36 (KHTML, like Gecko) Version/4.0 Chrome/93.0.4577.82 Mobile Safari/537.36 [FB_IAB/Orca-Android;FBAV/330.0.0.12.116;]"
5.173.65.221 - - [03/Oct/2021:22:07:53 +0200] "GET /content/images/2021/10/Kafka-Topic-Partition.drawio--2-.png HTTP/2.0" 200 28195 "https://krzwiatrzyk.eu/kubernetes-headless-service/" "Mozilla/5.0 (Linux; Android 11; M2102J20SG Build/RKQ1.200826.002; wv) AppleWebKit/537.36 (KHTML, like Gecko) Version/4.0 Chrome/93.0.4577.82 Mobile Safari/537.36 [FB_IAB/Orca-Android;FBAV/330.0.0.12.116;]"
31.13.127.34 - - [03/Oct/2021:22:08:12 +0200] "GET / HTTP/1.1" 301 162 "-" "facebookexternalhit/1.1 (+http://www.facebook.com/externalhit_uatext.php)"
31.13.127.34 - - [03/Oct/2021:22:08:12 +0200] "GET / HTTP/1.1" 200 12727 "-" "facebookexternalhit/1.1 (+http://www.facebook.com/externalhit_uatext.php)"
5.173.65.221 - - [03/Oct/2021:22:11:29 +0200] "GET / HTTP/2.0" 304 0 "http://m.facebook.com/" "Mozilla/5.0 (Linux; Android 11; M2102J20SG Build/RKQ1.200826.002; wv) AppleWebKit/537.36 (KHTML, like Gecko) Version/4.0 Chrome/93.0.4577.82 Mobile Safari/537.36 [FB_IAB/Orca-Android;FBAV/330.0.0.12.116;]"
5.173.65.221 - - [03/Oct/2021:22:11:31 +0200] "GET /kubernetes-headless-service/ HTTP/2.0" 304 0 "https://krzwiatrzyk.eu/" "Mozilla/5.0 (Linux; Android 11; M2102J20SG Build/RKQ1.200826.002; wv) AppleWebKit/537.36 (KHTML, like Gecko) Version/4.0 Chrome/93.0.4577.82 Mobile Safari/537.36 [FB_IAB/Orca-Android;FBAV/330.0.0.12.116;]"
5.173.65.221 - - [03/Oct/2021:22:12:55 +0200] "GET /kubernetes-headless-service/ HTTP/2.0" 304 0 "https://krzwiatrzyk.eu/" "Mozilla/5.0 (Linux; Android 11; M2102J20SG Build/RKQ1.200826.002; wv) AppleWebKit/537.36 (KHTML, like Gecko) Version/4.0 Chrome/93.0.4577.82 Mobile Safari/537.36 [FB_IAB/Orca-Android;FBAV/330.0.0.12.116;]"
37.47.125.173 - - [03/Oct/2021:22:13:00 +0200] "GET / HTTP/1.1" 301 162 "http://m.facebook.com/" "Mozilla/5.0 (Linux; Android 11; SM-A325F Build/RP1A.200720.012; wv) AppleWebKit/537.36 (KHTML, like Gecko) Version/4.0 Chrome/94.0.4606.61 Mobile Safari/537.36 [FB_IAB/Orca-Android;FBAV/331.0.0.15.119;]"
37.47.125.173 - - [03/Oct/2021:22:13:00 +0200] "GET / HTTP/2.0" 200 12714 "http://m.facebook.com/" "Mozilla/5.0 (Linux; Android 11; SM-A325F Build/RP1A.200720.012; wv) AppleWebKit/537.36 (KHTML, like Gecko) Version/4.0 Chrome/94.0.4606.61 Mobile Safari/537.36 [FB_IAB/Orca-Android;FBAV/331.0.0.15.119;]"
37.47.125.173 - - [03/Oct/2021:22:13:01 +0200] "GET /assets/styles/main.css?v=d702cadabc HTTP/2.0" 200 14057 "https://krzwiatrzyk.eu/" "Mozilla/5.0 (Linux; Android 11; SM-A325F Build/RP1A.200720.012; wv) AppleWebKit/537.36 (KHTML, like Gecko) Version/4.0 Chrome/94.0.4606.61 Mobile Safari/537.36 [FB_IAB/Orca-Android;FBAV/331.0.0.15.119;]"
37.47.125.173 - - [03/Oct/2021:22:13:01 +0200] "GET /assets/scripts/main.js?v=d702cadabc HTTP/2.0" 200 9977 "https://krzwiatrzyk.eu/" "Mozilla/5.0 (Linux; Android 11; SM-A325F Build/RP1A.200720.012; wv) AppleWebKit/537.36 (KHTML, like Gecko) Version/4.0 Chrome/94.0.4606.61 Mobile Safari/537.36 [FB_IAB/Orca-Android;FBAV/331.0.0.15.119;]"
37.47.125.173 - - [03/Oct/2021:22:13:01 +0200] "GET /content/images/size/w300/2021/10/d417ce9e68114f09acc670e5928685a3--5--1.png HTTP/2.0" 200 2741 "https://krzwiatrzyk.eu/" "Mozilla/5.0 (Linux; Android 11; SM-A325F Build/RP1A.200720.012; wv) AppleWebKit/537.36 (KHTML, like Gecko) Version/4.0 Chrome/94.0.4606.61 Mobile Safari/537.36 [FB_IAB/Orca-Android;FBAV/331.0.0.15.119;]"
37.47.125.173 - - [03/Oct/2021:22:13:01 +0200] "GET /assets/scripts/pagination.js?v=d702cadabc HTTP/2.0" 200 852 "https://krzwiatrzyk.eu/" "Mozilla/5.0 (Linux; Android 11; SM-A325F Build/RP1A.200720.012; wv) AppleWebKit/537.36 (KHTML, like Gecko) Version/4.0 Chrome/94.0.4606.61 Mobile Safari/537.36 [FB_IAB/Orca-Android;FBAV/331.0.0.15.119;]"
37.47.125.173 - - [03/Oct/2021:22:13:01 +0200] "GET /content/images/size/w1000/2021/10/Screenshot_8.png HTTP/2.0" 200 243714 "https://krzwiatrzyk.eu/" "Mozilla/5.0 (Linux; Android 11; SM-A325F Build/RP1A.200720.012; wv) AppleWebKit/537.36 (KHTML, like Gecko) Version/4.0 Chrome/94.0.4606.61 Mobile Safari/537.36 [FB_IAB/Orca-Android;FBAV/331.0.0.15.119;]"
37.47.125.173 - - [03/Oct/2021:22:13:01 +0200] "GET /favicon.png HTTP/2.0" 200 2741 "https://krzwiatrzyk.eu/" "Mozilla/5.0 (Linux; Android 11; SM-A325F Build/RP1A.200720.012; wv) AppleWebKit/537.36 (KHTML, like Gecko) Version/4.0 Chrome/94.0.4606.61 Mobile Safari/537.36 [FB_IAB/Orca-Android;FBAV/331.0.0.15.119;]"
37.47.125.173 - - [03/Oct/2021:22:13:26 +0200] "GET /about/ HTTP/2.0" 404 11975 "https://krzwiatrzyk.eu/" "Mozilla/5.0 (Linux; Android 11; SM-A325F Build/RP1A.200720.012; wv) AppleWebKit/537.36 (KHTML, like Gecko) Version/4.0 Chrome/94.0.4606.61 Mobile Safari/537.36 [FB_IAB/Orca-Android;FBAV/331.0.0.15.119;]"
37.47.125.173 - - [03/Oct/2021:22:13:26 +0200] "GET /content/images/size/w30/2021/10/Screenshot_8.png HTTP/2.0" 200 1256 "https://krzwiatrzyk.eu/about/" "Mozilla/5.0 (Linux; Android 11; SM-A325F Build/RP1A.200720.012; wv) AppleWebKit/537.36 (KHTML, like Gecko) Version/4.0 Chrome/94.0.4606.61 Mobile Safari/537.36 [FB_IAB/Orca-Android;FBAV/331.0.0.15.119;]"
37.47.125.173 - - [03/Oct/2021:22:13:27 +0200] "GET /favicon.ico HTTP/2.0" 302 34 "https://krzwiatrzyk.eu/about/" "Mozilla/5.0 (Linux; Android 11; SM-A325F Build/RP1A.200720.012; wv) AppleWebKit/537.36 (KHTML, like Gecko) Version/4.0 Chrome/94.0.4606.61 Mobile Safari/537.36 [FB_IAB/Orca-Android;FBAV/331.0.0.15.119;]"
37.47.125.173 - - [03/Oct/2021:22:13:33 +0200] "GET /author/krzwiatrzyk/ HTTP/2.0" 404 11975 "https://krzwiatrzyk.eu/about/" "Mozilla/5.0 (Linux; Android 11; SM-A325F Build/RP1A.200720.012; wv) AppleWebKit/537.36 (KHTML, like Gecko) Version/4.0 Chrome/94.0.4606.61 Mobile Safari/537.36 [FB_IAB/Orca-Android;FBAV/331.0.0.15.119;]"
37.47.125.173 - - [03/Oct/2021:22:13:33 +0200] "GET /favicon.ico HTTP/2.0" 302 34 "https://krzwiatrzyk.eu/author/krzwiatrzyk/" "Mozilla/5.0 (Linux; Android 11; SM-A325F Build/RP1A.200720.012; wv) AppleWebKit/537.36 (KHTML, like Gecko) Version/4.0 Chrome/94.0.4606.61 Mobile Safari/537.36 [FB_IAB/Orca-Android;FBAV/331.0.0.15.119;]"
37.47.125.173 - - [03/Oct/2021:22:13:37 +0200] "GET / HTTP/2.0" 304 0 "https://krzwiatrzyk.eu/author/krzwiatrzyk/" "Mozilla/5.0 (Linux; Android 11; SM-A325F Build/RP1A.200720.012; wv) AppleWebKit/537.36 (KHTML, like Gecko) Version/4.0 Chrome/94.0.4606.61 Mobile Safari/537.36 [FB_IAB/Orca-Android;FBAV/331.0.0.15.119;]"
37.47.125.173 - - [03/Oct/2021:22:13:39 +0200] "GET /kubernetes-headless-service/ HTTP/2.0" 200 15941 "https://krzwiatrzyk.eu/" "Mozilla/5.0 (Linux; Android 11; SM-A325F Build/RP1A.200720.012; wv) AppleWebKit/537.36 (KHTML, like Gecko) Version/4.0 Chrome/94.0.4606.61 Mobile Safari/537.36 [FB_IAB/Orca-Android;FBAV/331.0.0.15.119;]"
37.47.125.173 - - [03/Oct/2021:22:13:40 +0200] "GET /assets/images/avatar.png?v=d702cadabc HTTP/2.0" 200 1550 "https://krzwiatrzyk.eu/kubernetes-headless-service/" "Mozilla/5.0 (Linux; Android 11; SM-A325F Build/RP1A.200720.012; wv) AppleWebKit/537.36 (KHTML, like Gecko) Version/4.0 Chrome/94.0.4606.61 Mobile Safari/537.36 [FB_IAB/Orca-Android;FBAV/331.0.0.15.119;]"
37.47.125.173 - - [03/Oct/2021:22:13:40 +0200] "GET /content/images/size/w2000/2021/10/Screenshot_8.png HTTP/2.0" 200 243714 "https://krzwiatrzyk.eu/kubernetes-headless-service/" "Mozilla/5.0 (Linux; Android 11; SM-A325F Build/RP1A.200720.012; wv) AppleWebKit/537.36 (KHTML, like Gecko) Version/4.0 Chrome/94.0.4606.61 Mobile Safari/537.36 [FB_IAB/Orca-Android;FBAV/331.0.0.15.119;]"
37.47.125.173 - - [03/Oct/2021:22:13:40 +0200] "GET /content/images/2021/10/image-2.png HTTP/2.0" 200 18100 "https://krzwiatrzyk.eu/kubernetes-headless-service/" "Mozilla/5.0 (Linux; Android 11; SM-A325F Build/RP1A.200720.012; wv) AppleWebKit/537.36 (KHTML, like Gecko) Version/4.0 Chrome/94.0.4606.61 Mobile Safari/537.36 [FB_IAB/Orca-Android;FBAV/331.0.0.15.119;]"
37.47.125.173 - - [03/Oct/2021:22:13:40 +0200] "GET /content/images/2021/10/obraz_2021-10-02_103514.png HTTP/2.0" 200 14588 "https://krzwiatrzyk.eu/kubernetes-headless-service/" "Mozilla/5.0 (Linux; Android 11; SM-A325F Build/RP1A.200720.012; wv) AppleWebKit/537.36 (KHTML, like Gecko) Version/4.0 Chrome/94.0.4606.61 Mobile Safari/537.36 [FB_IAB/Orca-Android;FBAV/331.0.0.15.119;]"
37.47.125.173 - - [03/Oct/2021:22:13:40 +0200] "GET /content/images/2021/10/image-1.png HTTP/2.0" 200 18781 "https://krzwiatrzyk.eu/kubernetes-headless-service/" "Mozilla/5.0 (Linux; Android 11; SM-A325F Build/RP1A.200720.012; wv) AppleWebKit/537.36 (KHTML, like Gecko) Version/4.0 Chrome/94.0.4606.61 Mobile Safari/537.36 [FB_IAB/Orca-Android;FBAV/331.0.0.15.119;]"
37.47.125.173 - - [03/Oct/2021:22:13:40 +0200] "GET /content/images/2021/10/image-8.png HTTP/2.0" 200 27358 "https://krzwiatrzyk.eu/kubernetes-headless-service/" "Mozilla/5.0 (Linux; Android 11; SM-A325F Build/RP1A.200720.012; wv) AppleWebKit/537.36 (KHTML, like Gecko) Version/4.0 Chrome/94.0.4606.61 Mobile Safari/537.36 [FB_IAB/Orca-Android;FBAV/331.0.0.15.119;]"
37.47.125.173 - - [03/Oct/2021:22:13:40 +0200] "GET /content/images/2021/10/image-9.png HTTP/2.0" 200 9699 "https://krzwiatrzyk.eu/kubernetes-headless-service/" "Mozilla/5.0 (Linux; Android 11; SM-A325F Build/RP1A.200720.012; wv) AppleWebKit/537.36 (KHTML, like Gecko) Version/4.0 Chrome/94.0.4606.61 Mobile Safari/537.36 [FB_IAB/Orca-Android;FBAV/331.0.0.15.119;]"
37.47.125.173 - - [03/Oct/2021:22:13:40 +0200] "GET /content/images/2021/10/image-10.png HTTP/2.0" 200 9335 "https://krzwiatrzyk.eu/kubernetes-headless-service/" "Mozilla/5.0 (Linux; Android 11; SM-A325F Build/RP1A.200720.012; wv) AppleWebKit/537.36 (KHTML, like Gecko) Version/4.0 Chrome/94.0.4606.61 Mobile Safari/537.36 [FB_IAB/Orca-Android;FBAV/331.0.0.15.119;]"
37.47.125.173 - - [03/Oct/2021:22:13:40 +0200] "GET /content/images/2021/10/image-14.png HTTP/2.0" 200 10295 "https://krzwiatrzyk.eu/kubernetes-headless-service/" "Mozilla/5.0 (Linux; Android 11; SM-A325F Build/RP1A.200720.012; wv) AppleWebKit/537.36 (KHTML, like Gecko) Version/4.0 Chrome/94.0.4606.61 Mobile Safari/537.36 [FB_IAB/Orca-Android;FBAV/331.0.0.15.119;]"
37.47.125.173 - - [03/Oct/2021:22:13:40 +0200] "GET /content/images/2021/10/Kafka-Topic-Partition.drawio--2-.png HTTP/2.0" 200 28195 "https://krzwiatrzyk.eu/kubernetes-headless-service/" "Mozilla/5.0 (Linux; Android 11; SM-A325F Build/RP1A.200720.012; wv) AppleWebKit/537.36 (KHTML, like Gecko) Version/4.0 Chrome/94.0.4606.61 Mobile Safari/537.36 [FB_IAB/Orca-Android;FBAV/331.0.0.15.119;]"
66.249.64.57 - - [03/Oct/2021:22:17:56 +0200] "GET /tag/kubernetes-advanced/ HTTP/1.1" 200 12989 "-" "Mozilla/5.0 (Linux; Android 6.0.1; Nexus 5X Build/MMB29P) AppleWebKit/537.36 (KHTML, like Gecko) Chrome/94.0.4606.61 Mobile Safari/537.36 (compatible; Googlebot/2.1; +http://www.google.com/bot.html)"
