3.86.205.202 - - [28/Dec/2021:17:50:33 +0100] "GET /ghost/api/canary/admin/members/?filter=email_open_rate%3A-null&order=email_open_rate%20desc&limit=5&include=labels%2CemailRecipients HTTP/1.1" 403 321 "-" "Mozilla/5.0 (Windows NT 6.1; Win64; x64) AppleWebKit/537.36 (KHTML, like Gecko) Chrome/72.0.3626.109 Safari/537.36"
34.227.151.195 - - [28/Dec/2021:17:51:57 +0100] "GET /ghost/api/canary/admin/members/stats/mrr/ HTTP/1.1" 403 321 "-" "Mozilla/5.0 (Windows NT 6.1; Win64; x64) AppleWebKit/537.36 (KHTML, like Gecko) Chrome/72.0.3626.109 Safari/537.36"
54.234.133.225 - - [28/Dec/2021:17:52:29 +0100] "GET /ghost/api/canary/admin/members/events/?limit=5 HTTP/1.1" 403 321 "-" "Mozilla/5.0 (Windows NT 6.1; Win64; x64) AppleWebKit/537.36 (KHTML, like Gecko) Chrome/72.0.3626.109 Safari/537.36"
3.84.156.25 - - [28/Dec/2021:17:53:52 +0100] "GET /ghost/api/canary/admin/members/?filter=status%3Apaid&order=created_at%20asc&limit=5&include=labels%2CemailRecipients HTTP/1.1" 403 321 "-" "Mozilla/5.0 (Windows NT 6.1; Win64; x64) AppleWebKit/537.36 (KHTML, like Gecko) Chrome/72.0.3626.109 Safari/537.36"
118.123.105.67 - - [28/Dec/2021:17:55:15 +0100] "GET / HTTP/1.0" 301 162 "-" "-"
118.123.105.67 - - [28/Dec/2021:17:55:16 +0100] "GET / HTTP/1.1" 301 162 "-" "Mozilla/5.0 (X11; Linux x86_64) AppleWebKit/537.36 (KHTML, like Gecko) Chrome/86.0.4 240.111 Safari/537.36"
118.123.105.67 - - [28/Dec/2021:17:55:17 +0100] "GET / HTTP/1.1" 200 595 "http://85.255.1.106" "Mozilla/5.0 (X11; Linux x86_64) AppleWebKit/537.36 (KHTML, like Gecko) Chrome/86.0.4 240.111 Safari/537.36"
118.123.105.67 - - [28/Dec/2021:17:55:18 +0100] "GET /favicon.ico HTTP/1.1" 301 162 "-" "Mozilla/5.0 (X11; Linux x86_64) AppleWebKit/537.36 (KHTML, like Gecko) Chrome/86.0.4 240.111 Safari/537.36"
118.123.105.67 - - [28/Dec/2021:17:55:19 +0100] "GET /favicon.ico HTTP/1.1" 200 595 "http://85.255.1.106/favicon.ico" "Mozilla/5.0 (X11; Linux x86_64) AppleWebKit/537.36 (KHTML, like Gecko) Chrome/86.0.4 240.111 Safari/537.36"
118.123.105.67 - - [28/Dec/2021:17:55:19 +0100] "GET /robots.txt HTTP/1.1" 301 162 "-" "Mozilla/5.0 (X11; Linux x86_64) AppleWebKit/537.36 (KHTML, like Gecko) Chrome/86.0.4 240.111 Safari/537.36"
118.123.105.67 - - [28/Dec/2021:17:55:20 +0100] "GET /robots.txt HTTP/1.1" 200 595 "http://85.255.1.106/robots.txt" "Mozilla/5.0 (X11; Linux x86_64) AppleWebKit/537.36 (KHTML, like Gecko) Chrome/86.0.4 240.111 Safari/537.36"
118.123.105.67 - - [28/Dec/2021:17:55:21 +0100] "GET /.well-known/security.txt HTTP/1.1" 301 162 "-" "Mozilla/5.0 (X11; Linux x86_64) AppleWebKit/537.36 (KHTML, like Gecko) Chrome/86.0.4 240.111 Safari/537.36"
118.123.105.67 - - [28/Dec/2021:17:55:22 +0100] "GET /.well-known/security.txt HTTP/1.1" 200 595 "http://85.255.1.106/.well-known/security.txt" "Mozilla/5.0 (X11; Linux x86_64) AppleWebKit/537.36 (KHTML, like Gecko) Chrome/86.0.4 240.111 Safari/537.36"
54.172.212.121 - - [28/Dec/2021:17:57:12 +0100] "GET /?v=1640710196397 HTTP/1.1" 200 47777 "-" "Mozilla/5.0 (Windows NT 6.1; Win64; x64) AppleWebKit/537.36 (KHTML, like Gecko) Chrome/72.0.3626.109 Safari/537.36"
18.209.27.178 - - [28/Dec/2021:17:57:21 +0100] "GET /ghost/api/canary/admin/products/?include=monthly_price%2Cyearly_price&limit=all HTTP/1.1" 403 321 "-" "Mozilla/5.0 (Windows NT 6.1; Win64; x64) AppleWebKit/537.36 (KHTML, like Gecko) Chrome/72.0.3626.109 Safari/537.36"
118.123.105.67 - - [28/Dec/2021:17:58:17 +0100] "GET / HTTP/1.0" 301 162 "-" "-"
118.123.105.67 - - [28/Dec/2021:17:58:18 +0100] "GET / HTTP/1.1" 301 162 "-" "Mozilla/5.0 (X11; Linux x86_64) AppleWebKit/537.36 (KHTML, like Gecko) Chrome/86.0.4 240.111 Safari/537.36"
118.123.105.67 - - [28/Dec/2021:17:58:19 +0100] "GET / HTTP/1.1" 200 595 "http://85.255.1.106" "Mozilla/5.0 (X11; Linux x86_64) AppleWebKit/537.36 (KHTML, like Gecko) Chrome/86.0.4 240.111 Safari/537.36"
118.123.105.67 - - [28/Dec/2021:17:58:19 +0100] "GET /favicon.ico HTTP/1.1" 301 162 "-" "Mozilla/5.0 (X11; Linux x86_64) AppleWebKit/537.36 (KHTML, like Gecko) Chrome/86.0.4 240.111 Safari/537.36"
118.123.105.67 - - [28/Dec/2021:17:58:20 +0100] "GET /favicon.ico HTTP/1.1" 200 595 "http://85.255.1.106/favicon.ico" "Mozilla/5.0 (X11; Linux x86_64) AppleWebKit/537.36 (KHTML, like Gecko) Chrome/86.0.4 240.111 Safari/537.36"
118.123.105.67 - - [28/Dec/2021:17:58:21 +0100] "GET /robots.txt HTTP/1.1" 301 162 "-" "Mozilla/5.0 (X11; Linux x86_64) AppleWebKit/537.36 (KHTML, like Gecko) Chrome/86.0.4 240.111 Safari/537.36"
118.123.105.67 - - [28/Dec/2021:17:58:22 +0100] "GET /robots.txt HTTP/1.1" 200 595 "http://85.255.1.106/robots.txt" "Mozilla/5.0 (X11; Linux x86_64) AppleWebKit/537.36 (KHTML, like Gecko) Chrome/86.0.4 240.111 Safari/537.36"
118.123.105.67 - - [28/Dec/2021:17:58:22 +0100] "GET /.well-known/security.txt HTTP/1.1" 301 162 "-" "Mozilla/5.0 (X11; Linux x86_64) AppleWebKit/537.36 (KHTML, like Gecko) Chrome/86.0.4 240.111 Safari/537.36"
118.123.105.67 - - [28/Dec/2021:17:58:23 +0100] "GET /.well-known/security.txt HTTP/1.1" 200 595 "http://85.255.1.106/.well-known/security.txt" "Mozilla/5.0 (X11; Linux x86_64) AppleWebKit/537.36 (KHTML, like Gecko) Chrome/86.0.4 240.111 Safari/537.36"
192.241.205.84 - - [28/Dec/2021:18:10:49 +0100] "GET / HTTP/1.1" 301 162 "-" "Mozilla/5.0 zgrab/0.x"
92.118.234.202 - - [28/Dec/2021:18:11:26 +0100] "GET http://azenv.net/ HTTP/1.1" 301 162 "-" "Go-http-client/1.1"
92.118.234.202 - - [28/Dec/2021:18:11:30 +0100] "CONNECT azenv.net:443 HTTP/1.1" 400 150 "-" "-"
192.241.207.200 - - [28/Dec/2021:18:24:49 +0100] "GET / HTTP/1.1" 200 595 "-" "Mozilla/5.0 zgrab/0.x"
138.246.253.24 - - [28/Dec/2021:18:55:35 +0100] "GET /robots.txt HTTP/1.1" 200 1345 "-" "Mozilla/5.0 (Windows NT 10.0; Win64; x64) AppleWebKit/537.36 (KHTML, like Gecko) Chrome/88.0.4324.146 Safari/537.36"
8.210.164.233 - - [28/Dec/2021:19:06:38 +0100] "GET / HTTP/1.0" 301 162 "-" "-"
8.210.164.233 - - [28/Dec/2021:19:07:03 +0100] "GET /text4041640714823 HTTP/1.1" 301 162 "-" "Mozilla/5.0 (compatible;)"
8.210.164.233 - - [28/Dec/2021:19:07:03 +0100] "GET / HTTP/1.0" 301 162 "-" "-"
8.210.164.233 - - [28/Dec/2021:19:07:03 +0100] "GET /HNAP1 HTTP/1.1" 301 162 "-" "Mozilla/5.0 (compatible;)"
8.210.164.233 - - [28/Dec/2021:19:07:04 +0100] "GET /evox/about HTTP/1.1" 301 162 "-" "Mozilla/5.0 (compatible;)"
8.210.164.233 - - [28/Dec/2021:19:07:04 +0100] "GET / HTTP/1.1" 301 162 "-" "-"
8.210.164.233 - - [28/Dec/2021:19:07:04 +0100] "POST /sdk HTTP/1.1" 301 162 "-" "Mozilla/5.0 (compatible;)"
8.210.164.233 - - [28/Dec/2021:19:07:14 +0100] "\x16\x03\x01\x02\x00\x01\x00\x01\xFC\x03\x03\x0C\x9D=\xA6%\xA7\xF7k\xCB\xD8\x16\xF3\x83N\x05\xCA\x13i\xCD{\x1DX\x13\x8F\xB0\xBE[\xDEv!\x95\xF5\x00\x00\xDA\x00\x05\x00\x04\x00\x02\x00\x01\x00\x16\x003\x009\x00:\x00\x18\x005\x00" 400 150 "-" "-"
8.210.164.233 - - [28/Dec/2021:19:07:14 +0100] "\x16\x03\x01\x02\x00\x01\x00\x01\xFC\x03\x03\xE6\xCB\xDE" 400 150 "-" "-"
8.210.164.233 - - [28/Dec/2021:19:07:16 +0100] "GET / HTTP/1.1" 301 162 "-" "curl/7.75.0"
8.210.164.233 - - [28/Dec/2021:19:07:17 +0100] "GET / HTTP/1.1" 200 595 "-" "curl/7.75.0"
8.210.164.233 - - [28/Dec/2021:19:07:18 +0100] "GET /favicon.ico HTTP/1.1" 301 162 "-" "curl/7.75.0"
8.210.164.233 - - [28/Dec/2021:19:07:18 +0100] "GET /favicon.ico HTTP/1.1" 200 595 "-" "curl/7.75.0"
8.210.164.233 - - [28/Dec/2021:19:07:19 +0100] "GET /robots.txt HTTP/1.1" 301 162 "-" "curl/7.75.0"
8.210.164.233 - - [28/Dec/2021:19:07:20 +0100] "GET /robots.txt HTTP/1.1" 200 595 "-" "curl/7.75.0"
35.233.62.116 - - [28/Dec/2021:19:24:38 +0100] "GET / HTTP/1.1" 200 595 "-" "python-requests/2.26.0"
130.211.54.158 - - [28/Dec/2021:19:25:10 +0100] "GET / HTTP/1.1" 301 162 "-" "python-requests/2.26.0"
5.173.73.52 - - [28/Dec/2021:19:35:59 +0100] "GET /rss/ HTTP/2.0" 304 0 "-" "Mozilla/5.0 (Windows NT 10.0; Win64; x64) AppleWebKit/537.36 (KHTML, like Gecko) Chrome/96.0.4664.93 Safari/537.36 OPR/82.0.4227.33"
5.173.73.52 - - [28/Dec/2021:19:50:58 +0100] "GET /rss/ HTTP/2.0" 304 0 "-" "Mozilla/5.0 (Windows NT 10.0; Win64; x64) AppleWebKit/537.36 (KHTML, like Gecko) Chrome/96.0.4664.93 Safari/537.36 OPR/82.0.4227.33"
162.0.215.249 - - [28/Dec/2021:20:04:16 +0100] "GET /wp-login.php HTTP/1.1" 301 162 "-" "Mozilla/5.0 (X11; Ubuntu; Linux x86_64; rv:62.0) Gecko/20100101 Firefox/62.0"
162.0.215.249 - - [28/Dec/2021:20:04:17 +0100] "GET /wp-login.php HTTP/1.1" 301 5 "http://krzwiatrzyk.eu/wp-login.php" "Mozilla/5.0 (X11; Ubuntu; Linux x86_64; rv:62.0) Gecko/20100101 Firefox/62.0"
162.0.215.249 - - [28/Dec/2021:20:04:18 +0100] "GET /wp-login.php/ HTTP/1.1" 404 12210 "https://krzwiatrzyk.eu/wp-login.php" "Mozilla/5.0 (X11; Ubuntu; Linux x86_64; rv:62.0) Gecko/20100101 Firefox/62.0"
5.173.73.52 - - [28/Dec/2021:20:05:58 +0100] "GET /rss/ HTTP/2.0" 304 0 "-" "Mozilla/5.0 (Windows NT 10.0; Win64; x64) AppleWebKit/537.36 (KHTML, like Gecko) Chrome/96.0.4664.93 Safari/537.36 OPR/82.0.4227.33"
118.123.105.67 - - [28/Dec/2021:20:07:35 +0100] "GET / HTTP/1.0" 301 162 "-" "-"
118.123.105.67 - - [28/Dec/2021:20:07:35 +0100] "GET / HTTP/1.1" 301 162 "-" "Mozilla/5.0 (X11; Linux x86_64) AppleWebKit/537.36 (KHTML, like Gecko) Chrome/86.0.4 240.111 Safari/537.36"
118.123.105.67 - - [28/Dec/2021:20:07:36 +0100] "GET / HTTP/1.1" 200 595 "http://85.255.1.106" "Mozilla/5.0 (X11; Linux x86_64) AppleWebKit/537.36 (KHTML, like Gecko) Chrome/86.0.4 240.111 Safari/537.36"
118.123.105.67 - - [28/Dec/2021:20:07:37 +0100] "GET /favicon.ico HTTP/1.1" 301 162 "-" "Mozilla/5.0 (X11; Linux x86_64) AppleWebKit/537.36 (KHTML, like Gecko) Chrome/86.0.4 240.111 Safari/537.36"
118.123.105.67 - - [28/Dec/2021:20:08:02 +0100] "GET /favicon.ico/ HTTP/1.1" 301 162 "-" "Mozilla/5.0 (X11; Linux x86_64) AppleWebKit/537.36 (KHTML, like Gecko) Chrome/86.0.4 240.111 Safari/537.36"
118.123.105.67 - - [28/Dec/2021:20:08:27 +0100] "GET /robots.txt HTTP/1.1" 301 162 "-" "Mozilla/5.0 (X11; Linux x86_64) AppleWebKit/537.36 (KHTML, like Gecko) Chrome/86.0.4 240.111 Safari/537.36"
118.123.105.67 - - [28/Dec/2021:20:08:28 +0100] "GET /robots.txt HTTP/1.1" 200 595 "http://85.255.1.106/robots.txt" "Mozilla/5.0 (X11; Linux x86_64) AppleWebKit/537.36 (KHTML, like Gecko) Chrome/86.0.4 240.111 Safari/537.36"
118.123.105.67 - - [28/Dec/2021:20:08:29 +0100] "GET /.well-known/security.txt HTTP/1.1" 301 162 "-" "Mozilla/5.0 (X11; Linux x86_64) AppleWebKit/537.36 (KHTML, like Gecko) Chrome/86.0.4 240.111 Safari/537.36"
118.123.105.67 - - [28/Dec/2021:20:08:53 +0100] "GET /.well-known/security.txt/ HTTP/1.1" 301 162 "-" "Mozilla/5.0 (X11; Linux x86_64) AppleWebKit/537.36 (KHTML, like Gecko) Chrome/86.0.4 240.111 Safari/537.36"
118.123.105.67 - - [28/Dec/2021:20:08:54 +0100] "GET /.well-known/security.txt/ HTTP/1.1" 200 595 "http://85.255.1.106/.well-known/security.txt/" "Mozilla/5.0 (X11; Linux x86_64) AppleWebKit/537.36 (KHTML, like Gecko) Chrome/86.0.4 240.111 Safari/537.36"
5.173.73.52 - - [28/Dec/2021:20:21:51 +0100] "GET /rss/ HTTP/2.0" 304 0 "-" "Mozilla/5.0 (Windows NT 10.0; Win64; x64) AppleWebKit/537.36 (KHTML, like Gecko) Chrome/96.0.4664.93 Safari/537.36 OPR/82.0.4227.33"
109.237.103.123 - - [28/Dec/2021:20:30:51 +0100] "GET /.env HTTP/1.1" 301 162 "-" "Mozilla/5.0 (X11; Linux x86_64) AppleWebKit/537.36 (KHTML, like Gecko) Chrome/81.0.4044.129 Safari/537.36"
109.237.103.123 - - [28/Dec/2021:20:30:52 +0100] "POST /.env HTTP/1.1" 301 162 "-" "Mozilla/5.0 (X11; Linux x86_64) AppleWebKit/537.36 (KHTML, like Gecko) Chrome/81.0.4044.129 Safari/537.36"
109.237.103.123 - - [28/Dec/2021:20:30:52 +0100] "GET /.env HTTP/1.1" 200 595 "-" "Mozilla/5.0 (X11; Linux x86_64) AppleWebKit/537.36 (KHTML, like Gecko) Chrome/81.0.4044.129 Safari/537.36"
109.237.103.123 - - [28/Dec/2021:20:30:52 +0100] "GET /.env HTTP/1.1" 301 162 "-" "Mozilla/5.0 (X11; Linux x86_64) AppleWebKit/537.36 (KHTML, like Gecko) Chrome/81.0.4044.129 Safari/537.36"
109.237.103.123 - - [28/Dec/2021:20:30:52 +0100] "POST /.env HTTP/1.1" 301 162 "-" "Mozilla/5.0 (X11; Linux x86_64) AppleWebKit/537.36 (KHTML, like Gecko) Chrome/81.0.4044.129 Safari/537.36"
5.173.73.52 - - [28/Dec/2021:20:36:51 +0100] "GET /rss/ HTTP/2.0" 304 0 "-" "Mozilla/5.0 (Windows NT 10.0; Win64; x64) AppleWebKit/537.36 (KHTML, like Gecko) Chrome/96.0.4664.93 Safari/537.36 OPR/82.0.4227.33"
139.162.145.250 - - [28/Dec/2021:20:37:43 +0100] "GET /bag2 HTTP/1.1" 301 162 "-" "Mozilla/4.0 (compatible; MSIE 8.0; Windows NT 6.0; Trident/4.0)"
5.173.73.52 - - [28/Dec/2021:20:51:51 +0100] "GET /rss/ HTTP/2.0" 304 0 "-" "Mozilla/5.0 (Windows NT 10.0; Win64; x64) AppleWebKit/537.36 (KHTML, like Gecko) Chrome/96.0.4664.93 Safari/537.36 OPR/82.0.4227.33"
5.173.73.52 - - [28/Dec/2021:21:06:51 +0100] "GET /rss/ HTTP/2.0" 304 0 "-" "Mozilla/5.0 (Windows NT 10.0; Win64; x64) AppleWebKit/537.36 (KHTML, like Gecko) Chrome/96.0.4664.93 Safari/537.36 OPR/82.0.4227.33"
92.118.234.202 - - [28/Dec/2021:21:12:47 +0100] "GET http://azenv.net/ HTTP/1.1" 301 162 "-" "Go-http-client/1.1"
92.118.234.202 - - [28/Dec/2021:21:12:51 +0100] "CONNECT azenv.net:443 HTTP/1.1" 400 150 "-" "-"
125.64.94.140 - - [28/Dec/2021:21:21:33 +0100] "GET / HTTP/1.0" 200 1345 "-" "-"
125.64.94.140 - - [28/Dec/2021:21:21:35 +0100] "GET /favicon.ico HTTP/1.1" 200 595 "-" "Mozilla/5.0 (X11; Linux x86_64) AppleWebKit/537.36 (KHTML, like Gecko) Chrome/86.0.4 240.111 Safari/537.36"
125.64.94.140 - - [28/Dec/2021:21:21:39 +0100] "GET /robots.txt HTTP/1.1" 200 595 "-" "Mozilla/5.0 (X11; Linux x86_64) AppleWebKit/537.36 (KHTML, like Gecko) Chrome/86.0.4 240.111 Safari/537.36"
125.64.94.140 - - [28/Dec/2021:21:21:41 +0100] "GET /.well-known/security.txt HTTP/1.1" 200 595 "-" "Mozilla/5.0 (X11; Linux x86_64) AppleWebKit/537.36 (KHTML, like Gecko) Chrome/86.0.4 240.111 Safari/537.36"
5.173.73.52 - - [28/Dec/2021:21:21:51 +0100] "GET /rss/ HTTP/2.0" 304 0 "-" "Mozilla/5.0 (Windows NT 10.0; Win64; x64) AppleWebKit/537.36 (KHTML, like Gecko) Chrome/96.0.4664.93 Safari/537.36 OPR/82.0.4227.33"
45.155.126.222 - - [28/Dec/2021:21:33:51 +0100] "GET / HTTP/1.1" 301 162 "-" "Mozilla/5.0 (compatible; tchelebi/1.0; +http://tchelebi.io)"
5.173.73.52 - - [28/Dec/2021:21:36:51 +0100] "GET /rss/ HTTP/2.0" 304 0 "-" "Mozilla/5.0 (Windows NT 10.0; Win64; x64) AppleWebKit/537.36 (KHTML, like Gecko) Chrome/96.0.4664.93 Safari/537.36 OPR/82.0.4227.33"
198.98.49.124 - - [28/Dec/2021:21:43:24 +0100] "GET /config/getuser?index=0 HTTP/1.1" 301 162 "-" "Mozilla/5.0 (X11; Ubuntu; Linux x86_64; rv:76.0) Gecko/20100101 Firefox/76.0"
44.200.135.55 - - [28/Dec/2021:21:47:21 +0100] "GET /rss HTTP/1.1" 301 5 "-" "Ruby"
44.200.135.55 - - [28/Dec/2021:21:47:22 +0100] "GET /rss/ HTTP/1.1" 200 3437 "-" "Ruby"
5.173.73.52 - - [28/Dec/2021:21:51:51 +0100] "GET /rss/ HTTP/2.0" 304 0 "-" "Mozilla/5.0 (Windows NT 10.0; Win64; x64) AppleWebKit/537.36 (KHTML, like Gecko) Chrome/96.0.4664.93 Safari/537.36 OPR/82.0.4227.33"
161.97.87.64 - - [28/Dec/2021:21:56:11 +0100] "\x16\x03\x03\x00\x96\x01\x00\x00\x92\x03\x03a\xCBy\xEF\xA8t\xABx\xDFl\xCE\x16\x19O\x97p\xD9\x8B\xCD\xAC\xDB\xA7)G\xD0\xDE\x14@C\x88\xF1\x8C\x00\x004\xC0(\xC0'\xC0\x14\xC0\x13\x00\x9F\x00\x9E\x009\x003\x00\x9D\x00\x9C\x00=\x00<\x005\x00/\xC0,\xC0+\xC0$\xC0#\xC0" 400 150 "-" "-"
161.97.87.64 - - [28/Dec/2021:21:56:11 +0100] "\x16\x03\x03\x00\x96\x01\x00\x00\x92\x03\x03a\xCBy\xEF\xE9+\xBC\xCE\xFB\x8Fo\xFA \x1EI$T\xAD3\xE0\x1C%\x0EPx}juV\x1C" 400 150 "-" "-"
161.97.87.64 - - [28/Dec/2021:21:56:55 +0100] "GET /recordings HTTP/1.1" 301 162 "-" "Mozilla/5.0 (Windows NT 10.0; Win64; x64) AppleWebKit/537.36 (KHTML, like Gecko) Chrome/91.0.4472.124 Safari/537.36"
161.97.87.64 - - [28/Dec/2021:21:56:56 +0100] "GET /recordings HTTP/1.1" 200 1345 "-" "Mozilla/5.0 (Windows NT 10.0; Win64; x64) AppleWebKit/537.36 (KHTML, like Gecko) Chrome/91.0.4472.124 Safari/537.36"
5.173.73.52 - - [28/Dec/2021:22:06:51 +0100] "GET /rss/ HTTP/2.0" 304 0 "-" "Mozilla/5.0 (Windows NT 10.0; Win64; x64) AppleWebKit/537.36 (KHTML, like Gecko) Chrome/96.0.4664.93 Safari/537.36 OPR/82.0.4227.33"
5.173.73.52 - - [28/Dec/2021:22:07:28 +0100] "GET /ghost/ HTTP/2.0" 200 1553 "-" "Mozilla/5.0 (Windows NT 10.0; Win64; x64) AppleWebKit/537.36 (KHTML, like Gecko) Chrome/96.0.4664.93 Safari/537.36 OPR/82.0.4227.33"
5.173.73.52 - - [28/Dec/2021:22:07:29 +0100] "GET /ghost/api/canary/admin/users/me/?include=roles HTTP/2.0" 200 755 "https://krzwiatrzyk.eu/ghost/" "Mozilla/5.0 (Windows NT 10.0; Win64; x64) AppleWebKit/537.36 (KHTML, like Gecko) Chrome/96.0.4664.93 Safari/537.36 OPR/82.0.4227.33"
5.173.73.52 - - [28/Dec/2021:22:07:29 +0100] "GET /ghost/api/canary/admin/site/ HTTP/2.0" 200 339 "https://krzwiatrzyk.eu/ghost/" "Mozilla/5.0 (Windows NT 10.0; Win64; x64) AppleWebKit/537.36 (KHTML, like Gecko) Chrome/96.0.4664.93 Safari/537.36 OPR/82.0.4227.33"
5.173.73.52 - - [28/Dec/2021:22:07:29 +0100] "GET /ghost/api/canary/admin/config/ HTTP/2.0" 200 239 "https://krzwiatrzyk.eu/ghost/" "Mozilla/5.0 (Windows NT 10.0; Win64; x64) AppleWebKit/537.36 (KHTML, like Gecko) Chrome/96.0.4664.93 Safari/537.36 OPR/82.0.4227.33"
5.173.73.52 - - [28/Dec/2021:22:07:29 +0100] "GET /ghost/api/canary/admin/settings/?group=site%2Ctheme%2Cprivate%2Cmembers%2Cportal%2Cnewsletter%2Cemail%2Camp%2Clabs%2Cslack%2Cunsplash%2Cviews%2Cfirstpromoter%2Coauth%2Ceditor HTTP/2.0" 200 1826 "https://krzwiatrzyk.eu/ghost/" "Mozilla/5.0 (Windows NT 10.0; Win64; x64) AppleWebKit/537.36 (KHTML, like Gecko) Chrome/96.0.4664.93 Safari/537.36 OPR/82.0.4227.33"
5.173.73.52 - - [28/Dec/2021:22:07:29 +0100] "GET /ghost/api/canary/admin/notifications/ HTTP/2.0" 200 378 "https://krzwiatrzyk.eu/ghost/" "Mozilla/5.0 (Windows NT 10.0; Win64; x64) AppleWebKit/537.36 (KHTML, like Gecko) Chrome/96.0.4664.93 Safari/537.36 OPR/82.0.4227.33"
5.173.73.52 - - [28/Dec/2021:22:07:30 +0100] "GET /ghost/api/canary/admin/members/stats/count/ HTTP/2.0" 200 42 "https://krzwiatrzyk.eu/ghost/" "Mozilla/5.0 (Windows NT 10.0; Win64; x64) AppleWebKit/537.36 (KHTML, like Gecko) Chrome/96.0.4664.93 Safari/537.36 OPR/82.0.4227.33"
5.173.73.52 - - [28/Dec/2021:22:07:30 +0100] "GET /ghost/api/canary/admin/members/events/?limit=5 HTTP/2.0" 200 13 "https://krzwiatrzyk.eu/ghost/" "Mozilla/5.0 (Windows NT 10.0; Win64; x64) AppleWebKit/537.36 (KHTML, like Gecko) Chrome/96.0.4664.93 Safari/537.36 OPR/82.0.4227.33"
5.173.73.52 - - [28/Dec/2021:22:07:30 +0100] "GET /ghost/api/canary/admin/products/?include=monthly_price%2Cyearly_price&limit=all HTTP/2.0" 200 344 "https://krzwiatrzyk.eu/ghost/" "Mozilla/5.0 (Windows NT 10.0; Win64; x64) AppleWebKit/537.36 (KHTML, like Gecko) Chrome/96.0.4664.93 Safari/537.36 OPR/82.0.4227.33"
5.173.73.52 - - [28/Dec/2021:22:07:30 +0100] "GET /ghost/api/canary/admin/members/?filter=email_open_rate%3A-null&order=email_open_rate%20desc&limit=5&include=labels%2CemailRecipients HTTP/2.0" 200 101 "https://krzwiatrzyk.eu/ghost/" "Mozilla/5.0 (Windows NT 10.0; Win64; x64) AppleWebKit/537.36 (KHTML, like Gecko) Chrome/96.0.4664.93 Safari/537.36 OPR/82.0.4227.33"
5.173.73.52 - - [28/Dec/2021:22:07:30 +0100] "GET /ghost/api/canary/admin/emails/?filter=email_count%3A-0&order=submitted_at%20desc&limit=5 HTTP/2.0" 200 100 "https://krzwiatrzyk.eu/ghost/" "Mozilla/5.0 (Windows NT 10.0; Win64; x64) AppleWebKit/537.36 (KHTML, like Gecko) Chrome/96.0.4664.93 Safari/537.36 OPR/82.0.4227.33"
5.173.73.52 - - [28/Dec/2021:22:07:30 +0100] "GET /ghost/api/canary/admin/members/stats/mrr/ HTTP/2.0" 200 28 "https://krzwiatrzyk.eu/ghost/" "Mozilla/5.0 (Windows NT 10.0; Win64; x64) AppleWebKit/537.36 (KHTML, like Gecko) Chrome/96.0.4664.93 Safari/537.36 OPR/82.0.4227.33"
5.173.73.52 - - [28/Dec/2021:22:07:30 +0100] "GET /ghost/api/canary/admin/members/?filter=status%3Apaid&order=created_at%20asc&limit=5&include=labels%2CemailRecipients HTTP/2.0" 200 101 "https://krzwiatrzyk.eu/ghost/" "Mozilla/5.0 (Windows NT 10.0; Win64; x64) AppleWebKit/537.36 (KHTML, like Gecko) Chrome/96.0.4664.93 Safari/537.36 OPR/82.0.4227.33"
5.173.73.52 - - [28/Dec/2021:22:07:32 +0100] "GET /ghost/api/canary/admin/posts/?limit=30&page=1&filter=status%3A%5Bdraft%2Cscheduled%2Cpublished%2Csent%5D HTTP/2.0" 200 7168 "https://krzwiatrzyk.eu/ghost/" "Mozilla/5.0 (Windows NT 10.0; Win64; x64) AppleWebKit/537.36 (KHTML, like Gecko) Chrome/96.0.4664.93 Safari/537.36 OPR/82.0.4227.33"
5.173.73.52 - - [28/Dec/2021:22:07:32 +0100] "GET /ghost/api/canary/admin/tags/?limit=all HTTP/2.0" 200 397 "https://krzwiatrzyk.eu/ghost/" "Mozilla/5.0 (Windows NT 10.0; Win64; x64) AppleWebKit/537.36 (KHTML, like Gecko) Chrome/96.0.4664.93 Safari/537.36 OPR/82.0.4227.33"
5.173.73.52 - - [28/Dec/2021:22:07:32 +0100] "GET /ghost/api/canary/admin/users/?limit=all&include=roles HTTP/2.0" 200 846 "https://krzwiatrzyk.eu/ghost/" "Mozilla/5.0 (Windows NT 10.0; Win64; x64) AppleWebKit/537.36 (KHTML, like Gecko) Chrome/96.0.4664.93 Safari/537.36 OPR/82.0.4227.33"
5.173.73.52 - - [28/Dec/2021:22:07:32 +0100] "GET /ghost/api/canary/admin/snippets/?limit=all HTTP/2.0" 200 106 "https://krzwiatrzyk.eu/ghost/" "Mozilla/5.0 (Windows NT 10.0; Win64; x64) AppleWebKit/537.36 (KHTML, like Gecko) Chrome/96.0.4664.93 Safari/537.36 OPR/82.0.4227.33"
5.173.73.52 - - [28/Dec/2021:22:07:32 +0100] "GET /ghost/api/canary/admin/posts/?limit=30&page=1&filter=status%3Adraft HTTP/2.0" 200 3533 "https://krzwiatrzyk.eu/ghost/" "Mozilla/5.0 (Windows NT 10.0; Win64; x64) AppleWebKit/537.36 (KHTML, like Gecko) Chrome/96.0.4664.93 Safari/537.36 OPR/82.0.4227.33"
5.173.73.52 - - [28/Dec/2021:22:07:33 +0100] "GET /ghost/api/canary/admin/posts/61cb3be24df07d00013ddd90/ HTTP/2.0" 200 1001 "https://krzwiatrzyk.eu/ghost/" "Mozilla/5.0 (Windows NT 10.0; Win64; x64) AppleWebKit/537.36 (KHTML, like Gecko) Chrome/96.0.4664.93 Safari/537.36 OPR/82.0.4227.33"
5.173.73.52 - - [28/Dec/2021:22:07:33 +0100] "GET /ghost/api/canary/admin/members/?limit=1&filter=subscribed%3Atrue&include=labels%2CemailRecipients HTTP/2.0" 200 101 "https://krzwiatrzyk.eu/ghost/" "Mozilla/5.0 (Windows NT 10.0; Win64; x64) AppleWebKit/537.36 (KHTML, like Gecko) Chrome/96.0.4664.93 Safari/537.36 OPR/82.0.4227.33"
5.173.73.52 - - [28/Dec/2021:22:07:33 +0100] "GET /ghost/api/canary/admin/settings/?group=site%2Ctheme%2Cprivate%2Cmembers%2Cportal%2Cnewsletter%2Cemail%2Camp%2Clabs%2Cslack%2Cunsplash%2Cviews%2Cfirstpromoter%2Coauth%2Ceditor HTTP/2.0" 200 1826 "https://krzwiatrzyk.eu/ghost/" "Mozilla/5.0 (Windows NT 10.0; Win64; x64) AppleWebKit/537.36 (KHTML, like Gecko) Chrome/96.0.4664.93 Safari/537.36 OPR/82.0.4227.33"
5.173.73.52 - - [28/Dec/2021:22:07:33 +0100] "GET /ghost/api/canary/admin/snippets/?limit=all HTTP/2.0" 200 106 "https://krzwiatrzyk.eu/ghost/" "Mozilla/5.0 (Windows NT 10.0; Win64; x64) AppleWebKit/537.36 (KHTML, like Gecko) Chrome/96.0.4664.93 Safari/537.36 OPR/82.0.4227.33"
5.173.73.52 - - [28/Dec/2021:22:07:44 +0100] "PUT /ghost/api/canary/admin/posts/61cb3be24df07d00013ddd90/ HTTP/2.0" 200 1095 "https://krzwiatrzyk.eu/ghost/" "Mozilla/5.0 (Windows NT 10.0; Win64; x64) AppleWebKit/537.36 (KHTML, like Gecko) Chrome/96.0.4664.93 Safari/537.36 OPR/82.0.4227.33"
5.173.73.52 - - [28/Dec/2021:22:07:53 +0100] "PUT /ghost/api/canary/admin/posts/61cb3be24df07d00013ddd90/ HTTP/2.0" 200 1145 "https://krzwiatrzyk.eu/ghost/" "Mozilla/5.0 (Windows NT 10.0; Win64; x64) AppleWebKit/537.36 (KHTML, like Gecko) Chrome/96.0.4664.93 Safari/537.36 OPR/82.0.4227.33"
207.46.13.217 - - [28/Dec/2021:22:08:31 +0100] "GET / HTTP/1.1" 301 162 "-" "Mozilla/5.0 (compatible; bingbot/2.0; +http://www.bing.com/bingbot.htm)"
8.210.89.200 - - [28/Dec/2021:22:09:28 +0100] "GET / HTTP/1.0" 200 1345 "-" "-"
8.210.89.200 - - [28/Dec/2021:22:10:08 +0100] "GET / HTTP/1.0" 200 1345 "-" "-"
8.210.89.200 - - [28/Dec/2021:22:10:08 +0100] "GET /text4041640725807 HTTP/1.1" 200 1345 "-" "Mozilla/5.0 (compatible;)"
8.210.89.200 - - [28/Dec/2021:22:10:09 +0100] "GET / HTTP/1.1" 200 1345 "-" "-"
8.210.89.200 - - [28/Dec/2021:22:10:09 +0100] "GET /textCheck1640725807 HTTP/1.1" 200 1345 "-" "Mozilla/5.0 (compatible;)"
8.210.89.200 - - [28/Dec/2021:22:10:09 +0100] "POST /sdk HTTP/1.1" 405 150 "-" "Mozilla/5.0 (compatible;)"
8.210.89.200 - - [28/Dec/2021:22:10:10 +0100] "GET /text/folder/review1640725807 HTTP/1.1" 200 1345 "-" "Mozilla/5.0 (compatible;)"
8.210.89.200 - - [28/Dec/2021:22:10:33 +0100] "GET / HTTP/2.0" 200 583 "-" "-"
8.210.89.200 - - [28/Dec/2021:22:10:34 +0100] "GET /favicon.ico HTTP/1.1" 200 595 "-" "curl/7.75.0"
8.210.89.200 - - [28/Dec/2021:22:10:36 +0100] "GET /robots.txt HTTP/1.1" 200 595 "-" "curl/7.75.0"
5.173.73.52 - - [28/Dec/2021:22:16:42 +0100] "PUT /ghost/api/canary/admin/posts/61cb3be24df07d00013ddd90/ HTTP/2.0" 200 1226 "https://krzwiatrzyk.eu/ghost/" "Mozilla/5.0 (Windows NT 10.0; Win64; x64) AppleWebKit/537.36 (KHTML, like Gecko) Chrome/96.0.4664.93 Safari/537.36 OPR/82.0.4227.33"
5.173.73.52 - - [28/Dec/2021:22:16:57 +0100] "GET /ghost/api/canary/admin/settings/?group=site%2Ctheme%2Cprivate%2Cmembers%2Cportal%2Cnewsletter%2Cemail%2Camp%2Clabs%2Cslack%2Cunsplash%2Cviews%2Cfirstpromoter%2Coauth%2Ceditor HTTP/2.0" 200 1826 "https://krzwiatrzyk.eu/ghost/" "Mozilla/5.0 (Windows NT 10.0; Win64; x64) AppleWebKit/537.36 (KHTML, like Gecko) Chrome/96.0.4664.93 Safari/537.36 OPR/82.0.4227.33"
5.173.73.52 - - [28/Dec/2021:22:16:57 +0100] "GET /p/15b24521-ada4-4f70-96d8-153540345e8c/ HTTP/2.0" 200 14627 "https://krzwiatrzyk.eu/ghost/" "Mozilla/5.0 (Windows NT 10.0; Win64; x64) AppleWebKit/537.36 (KHTML, like Gecko) Chrome/96.0.4664.93 Safari/537.36 OPR/82.0.4227.33"
5.173.73.52 - - [28/Dec/2021:22:16:59 +0100] "PUT /ghost/api/canary/admin/posts/61cb3be24df07d00013ddd90/ HTTP/2.0" 200 1280 "https://krzwiatrzyk.eu/ghost/" "Mozilla/5.0 (Windows NT 10.0; Win64; x64) AppleWebKit/537.36 (KHTML, like Gecko) Chrome/96.0.4664.93 Safari/537.36 OPR/82.0.4227.33"
5.173.73.52 - - [28/Dec/2021:22:17:04 +0100] "GET /ghost/api/canary/admin/settings/?group=site%2Ctheme%2Cprivate%2Cmembers%2Cportal%2Cnewsletter%2Cemail%2Camp%2Clabs%2Cslack%2Cunsplash%2Cviews%2Cfirstpromoter%2Coauth%2Ceditor HTTP/2.0" 200 1826 "https://krzwiatrzyk.eu/ghost/" "Mozilla/5.0 (Windows NT 10.0; Win64; x64) AppleWebKit/537.36 (KHTML, like Gecko) Chrome/96.0.4664.93 Safari/537.36 OPR/82.0.4227.33"
5.173.73.52 - - [28/Dec/2021:22:17:04 +0100] "GET /p/15b24521-ada4-4f70-96d8-153540345e8c/ HTTP/2.0" 200 14683 "https://krzwiatrzyk.eu/ghost/" "Mozilla/5.0 (Windows NT 10.0; Win64; x64) AppleWebKit/537.36 (KHTML, like Gecko) Chrome/96.0.4664.93 Safari/537.36 OPR/82.0.4227.33"
5.173.73.52 - - [28/Dec/2021:22:17:21 +0100] "GET /p/15b24521-ada4-4f70-96d8-153540345e8c/ HTTP/2.0" 304 0 "https://krzwiatrzyk.eu/ghost/" "Mozilla/5.0 (Windows NT 10.0; Win64; x64) AppleWebKit/537.36 (KHTML, like Gecko) Chrome/96.0.4664.93 Safari/537.36 OPR/82.0.4227.33"
5.173.73.52 - - [28/Dec/2021:22:17:42 +0100] "GET /ghost/api/canary/admin/members/stats/count/ HTTP/2.0" 200 42 "https://krzwiatrzyk.eu/ghost/" "Mozilla/5.0 (Windows NT 10.0; Win64; x64) AppleWebKit/537.36 (KHTML, like Gecko) Chrome/96.0.4664.93 Safari/537.36 OPR/82.0.4227.33"
5.173.73.52 - - [28/Dec/2021:22:17:42 +0100] "GET /ghost/api/canary/admin/posts/?limit=30&page=1&filter=status%3Adraft HTTP/2.0" 200 3804 "https://krzwiatrzyk.eu/ghost/" "Mozilla/5.0 (Windows NT 10.0; Win64; x64) AppleWebKit/537.36 (KHTML, like Gecko) Chrome/96.0.4664.93 Safari/537.36 OPR/82.0.4227.33"
5.173.73.52 - - [28/Dec/2021:22:17:44 +0100] "GET /ghost/api/canary/admin/products/?include=monthly_price%2Cyearly_price&limit=all HTTP/2.0" 200 344 "https://krzwiatrzyk.eu/ghost/" "Mozilla/5.0 (Windows NT 10.0; Win64; x64) AppleWebKit/537.36 (KHTML, like Gecko) Chrome/96.0.4664.93 Safari/537.36 OPR/82.0.4227.33"
5.173.73.52 - - [28/Dec/2021:22:17:44 +0100] "GET /ghost/api/canary/admin/members/events/?limit=5 HTTP/2.0" 200 13 "https://krzwiatrzyk.eu/ghost/" "Mozilla/5.0 (Windows NT 10.0; Win64; x64) AppleWebKit/537.36 (KHTML, like Gecko) Chrome/96.0.4664.93 Safari/537.36 OPR/82.0.4227.33"
5.173.73.52 - - [28/Dec/2021:22:17:44 +0100] "GET /ghost/api/canary/admin/members/?filter=email_open_rate%3A-null&order=email_open_rate%20desc&limit=5&include=labels%2CemailRecipients HTTP/2.0" 200 101 "https://krzwiatrzyk.eu/ghost/" "Mozilla/5.0 (Windows NT 10.0; Win64; x64) AppleWebKit/537.36 (KHTML, like Gecko) Chrome/96.0.4664.93 Safari/537.36 OPR/82.0.4227.33"
5.173.73.52 - - [28/Dec/2021:22:17:45 +0100] "GET /ghost/api/canary/admin/members/stats/mrr/ HTTP/2.0" 200 28 "https://krzwiatrzyk.eu/ghost/" "Mozilla/5.0 (Windows NT 10.0; Win64; x64) AppleWebKit/537.36 (KHTML, like Gecko) Chrome/96.0.4664.93 Safari/537.36 OPR/82.0.4227.33"
5.173.73.52 - - [28/Dec/2021:22:17:45 +0100] "GET /ghost/api/canary/admin/members/?filter=status%3Apaid&order=created_at%20asc&limit=5&include=labels%2CemailRecipients HTTP/2.0" 200 101 "https://krzwiatrzyk.eu/ghost/" "Mozilla/5.0 (Windows NT 10.0; Win64; x64) AppleWebKit/537.36 (KHTML, like Gecko) Chrome/96.0.4664.93 Safari/537.36 OPR/82.0.4227.33"
5.173.73.52 - - [28/Dec/2021:22:17:53 +0100] "GET /?v=1640726272724 HTTP/2.0" 200 13132 "https://krzwiatrzyk.eu/ghost/" "Mozilla/5.0 (Windows NT 10.0; Win64; x64) AppleWebKit/537.36 (KHTML, like Gecko) Chrome/96.0.4664.93 Safari/537.36 OPR/82.0.4227.33"
5.173.73.52 - - [28/Dec/2021:22:17:53 +0100] "GET /content/images/size/w1000/2021/12/Weekly-1.png HTTP/2.0" 200 121835 "https://krzwiatrzyk.eu/?v=1640726272724" "Mozilla/5.0 (Windows NT 10.0; Win64; x64) AppleWebKit/537.36 (KHTML, like Gecko) Chrome/96.0.4664.93 Safari/537.36 OPR/82.0.4227.33"
109.237.103.118 - - [28/Dec/2021:22:25:07 +0100] "GET /.git/config HTTP/1.1" 400 650 "-" "Mozilla/5.0 (X11; Linux x86_64) AppleWebKit/537.36 (KHTML, like Gecko) Chrome/81.0.4044.129 Safari/537.36"
109.237.103.118 - - [28/Dec/2021:22:25:08 +0100] "GET /.git/config HTTP/1.1" 200 595 "-" "Mozilla/5.0 (X11; Linux x86_64) AppleWebKit/537.36 (KHTML, like Gecko) Chrome/81.0.4044.129 Safari/537.36"
61.219.11.151 - - [28/Dec/2021:22:35:11 +0100] "GET / HTTP/1.1" 400 150 "-" "-"
161.97.87.64 - - [28/Dec/2021:23:22:28 +0100] "GET /recordings HTTP/1.1" 200 1345 "-" "Mozilla/5.0 (Windows NT 10.0; Win64; x64) AppleWebKit/537.36 (KHTML, like Gecko) Chrome/91.0.4472.124 Safari/537.36"
161.97.87.64 - - [28/Dec/2021:23:22:35 +0100] "GET /recordings HTTP/1.1" 400 650 "-" "Mozilla/5.0 (Windows NT 10.0; Win64; x64) AppleWebKit/537.36 (KHTML, like Gecko) Chrome/91.0.4472.124 Safari/537.36"
109.248.6.41 - - [28/Dec/2021:23:56:27 +0100] "GET / HTTP/1.0" 301 162 "-" "masscan-ng/1.3 (https://github.com/bi-zone/masscan-ng)"
192.241.212.10 - - [29/Dec/2021:00:21:39 +0100] "GET /owa/auth/x.js HTTP/1.1" 200 595 "-" "Mozilla/5.0 zgrab/0.x"
92.118.234.202 - - [29/Dec/2021:00:22:24 +0100] "GET http://azenv.net/ HTTP/1.1" 301 162 "-" "Go-http-client/1.1"
92.118.234.202 - - [29/Dec/2021:00:22:28 +0100] "CONNECT azenv.net:443 HTTP/1.1" 400 150 "-" "-"
192.241.213.37 - - [29/Dec/2021:00:22:54 +0100] "GET /ReportServer HTTP/1.1" 200 595 "-" "Mozilla/5.0 zgrab/0.x"
192.241.194.12 - - [29/Dec/2021:00:24:21 +0100] "GET /owa/auth/logon.aspx HTTP/1.1" 200 595 "-" "Mozilla/5.0 zgrab/0.x"
192.241.212.10 - - [29/Dec/2021:00:25:38 +0100] "GET /ecp/Current/exporttool/microsoft.exchange.ediscovery.exporttool.application HTTP/1.1" 200 595 "-" "Mozilla/5.0 zgrab/0.x"
192.241.214.146 - - [29/Dec/2021:00:43:41 +0100] "GET /login HTTP/1.1" 200 595 "-" "Mozilla/5.0 zgrab/0.x"
167.94.138.42 - - [29/Dec/2021:00:47:12 +0100] "GET / HTTP/1.1" 200 1345 "-" "-"
167.94.138.42 - - [29/Dec/2021:00:47:12 +0100] "GET / HTTP/1.1" 200 595 "-" "Mozilla/5.0 (compatible; CensysInspect/1.1; +https://about.censys.io/)"
71.6.232.4 - - [29/Dec/2021:01:03:33 +0100] "GET / HTTP/1.1" 301 162 "-" "Mozilla/5.0 (Windows NT 10.0; Win64; x64) AppleWebKit/537.36 (KHTML, like Gecko) Chrome/74.0.3729.131 Safari/537.36"
40.88.21.235 - - [29/Dec/2021:01:43:52 +0100] "GET / HTTP/1.1" 301 162 "http://krzwiatrzyk.eu/" "Mozilla/5.0 (compatible; DuckDuckGo-Favicons-Bot/1.0; +http://duckduckgo.com)"
40.88.21.235 - - [29/Dec/2021:01:43:52 +0100] "GET / HTTP/1.1" 200 13150 "https://krzwiatrzyk.eu/" "Mozilla/5.0 (compatible; DuckDuckGo-Favicons-Bot/1.0; +http://duckduckgo.com)"
40.88.21.235 - - [29/Dec/2021:01:43:53 +0100] "GET /favicon.png HTTP/1.1" 200 2741 "https://krzwiatrzyk.eu/favicon.png" "Mozilla/5.0 (compatible; DuckDuckGo-Favicons-Bot/1.0; +http://duckduckgo.com)"
118.123.105.67 - - [29/Dec/2021:02:28:49 +0100] "GET / HTTP/1.0" 301 162 "-" "-"
118.123.105.67 - - [29/Dec/2021:02:28:50 +0100] "GET / HTTP/1.1" 301 162 "-" "Mozilla/5.0 (X11; Linux x86_64) AppleWebKit/537.36 (KHTML, like Gecko) Chrome/86.0.4 240.111 Safari/537.36"
118.123.105.67 - - [29/Dec/2021:02:28:51 +0100] "GET / HTTP/1.1" 200 595 "http://85.255.1.106" "Mozilla/5.0 (X11; Linux x86_64) AppleWebKit/537.36 (KHTML, like Gecko) Chrome/86.0.4 240.111 Safari/537.36"
118.123.105.67 - - [29/Dec/2021:02:29:17 +0100] "GET /favicon.ico/ HTTP/1.1" 301 162 "-" "Mozilla/5.0 (X11; Linux x86_64) AppleWebKit/537.36 (KHTML, like Gecko) Chrome/86.0.4 240.111 Safari/537.36"
118.123.105.67 - - [29/Dec/2021:02:29:18 +0100] "GET /favicon.ico/ HTTP/1.1" 200 595 "http://85.255.1.106/favicon.ico/" "Mozilla/5.0 (X11; Linux x86_64) AppleWebKit/537.36 (KHTML, like Gecko) Chrome/86.0.4 240.111 Safari/537.36"
118.123.105.67 - - [29/Dec/2021:02:29:18 +0100] "GET /robots.txt HTTP/1.1" 301 162 "-" "Mozilla/5.0 (X11; Linux x86_64) AppleWebKit/537.36 (KHTML, like Gecko) Chrome/86.0.4 240.111 Safari/537.36"
118.123.105.67 - - [29/Dec/2021:02:29:19 +0100] "GET /robots.txt HTTP/1.1" 200 595 "http://85.255.1.106/robots.txt" "Mozilla/5.0 (X11; Linux x86_64) AppleWebKit/537.36 (KHTML, like Gecko) Chrome/86.0.4 240.111 Safari/537.36"
118.123.105.67 - - [29/Dec/2021:02:29:20 +0100] "GET /.well-known/security.txt HTTP/1.1" 301 162 "-" "Mozilla/5.0 (X11; Linux x86_64) AppleWebKit/537.36 (KHTML, like Gecko) Chrome/86.0.4 240.111 Safari/537.36"
118.123.105.67 - - [29/Dec/2021:02:29:21 +0100] "GET /.well-known/security.txt HTTP/1.1" 200 595 "http://85.255.1.106/.well-known/security.txt" "Mozilla/5.0 (X11; Linux x86_64) AppleWebKit/537.36 (KHTML, like Gecko) Chrome/86.0.4 240.111 Safari/537.36"
3.80.131.226 - - [29/Dec/2021:02:46:01 +0100] "GET /rss HTTP/1.1" 301 5 "-" "Ruby"
3.80.131.226 - - [29/Dec/2021:02:46:01 +0100] "GET /rss/ HTTP/1.1" 200 3432 "-" "Ruby"
92.118.234.202 - - [29/Dec/2021:02:57:49 +0100] "GET http://azenv.net/ HTTP/1.1" 301 162 "-" "Go-http-client/1.1"
92.118.234.202 - - [29/Dec/2021:02:57:53 +0100] "CONNECT azenv.net:443 HTTP/1.1" 400 150 "-" "-"
125.64.94.140 - - [29/Dec/2021:03:47:28 +0100] "GET / HTTP/1.0" 200 1345 "-" "-"
125.64.94.140 - - [29/Dec/2021:03:47:29 +0100] "GET /favicon.ico HTTP/1.1" 200 595 "-" "Mozilla/5.0 (X11; Linux x86_64) AppleWebKit/537.36 (KHTML, like Gecko) Chrome/86.0.4 240.111 Safari/537.36"
125.64.94.140 - - [29/Dec/2021:03:47:31 +0100] "GET /robots.txt HTTP/1.1" 200 595 "-" "Mozilla/5.0 (X11; Linux x86_64) AppleWebKit/537.36 (KHTML, like Gecko) Chrome/86.0.4 240.111 Safari/537.36"
125.64.94.140 - - [29/Dec/2021:03:47:32 +0100] "GET /.well-known/security.txt HTTP/1.1" 200 595 "-" "Mozilla/5.0 (X11; Linux x86_64) AppleWebKit/537.36 (KHTML, like Gecko) Chrome/86.0.4 240.111 Safari/537.36"
65.49.20.68 - - [29/Dec/2021:04:15:13 +0100] "GET / HTTP/1.1" 200 1345 "-" "-"
92.118.234.202 - - [29/Dec/2021:04:42:09 +0100] "GET http://azenv.net/ HTTP/1.1" 301 162 "-" "Go-http-client/1.1"
92.118.234.202 - - [29/Dec/2021:04:42:14 +0100] "CONNECT azenv.net:443 HTTP/1.1" 400 150 "-" "-"
207.46.13.100 - - [29/Dec/2021:05:12:36 +0100] "GET / HTTP/2.0" 200 13132 "-" "Mozilla/5.0 (compatible; bingbot/2.0; +http://www.bing.com/bingbot.htm)"
45.115.254.152 - - [29/Dec/2021:05:14:25 +0100] "GET / HTTP/1.1" 301 162 "-" "Mozilla/5.0 (Windows NT 10.0; WOW64) AppleWebKit/537.36 (KHTML, like Gecko) Chrome/52.0.2743.116 Safari/537.36"
157.230.216.203 - - [29/Dec/2021:05:19:15 +0100] "GET /ab2g HTTP/1.1" 400 150 "-" "-"
157.230.216.203 - - [29/Dec/2021:05:19:15 +0100] "GET /ab2h HTTP/1.1" 400 150 "-" "-"
216.250.42.253 - - [29/Dec/2021:05:55:28 +0100] "GET / HTTP/1.1" 301 162 "-" "Mozilla/5.0 (Windows NT 10.0; WOW64) AppleWebKit/537.36 (KHTML, like Gecko) Chrome/51.0.2704.103 Safari/537.36"
188.170.160.98 - - [29/Dec/2021:06:01:26 +0100] "GET / HTTP/1.1" 301 162 "-" "Mozilla/5.0 (Windows NT 10.0; WOW64) AppleWebKit/537.36 (KHTML, like Gecko) Chrome/51.0.2704.103 Safari/537.36"
183.136.225.9 - - [29/Dec/2021:06:15:39 +0100] "GET / HTTP/1.1" 200 1345 "-" "Mozilla/5.0 (Macintosh; Intel Mac OS X 10.11; rv:47.0) Gecko/20100101 Firefox/47.0"
183.136.225.9 - - [29/Dec/2021:06:16:06 +0100] "GET /favicon.ico HTTP/1.1" 200 595 "-" "Mozilla/5.0 (Windows NT 6.1; WOW64) AppleWebKit/537.36 (KHTML, like Gecko) Chrome/63.0.3239.132 Safari/537.36 QIHU 360SE"
183.136.225.9 - - [29/Dec/2021:06:16:17 +0100] "GET /robots.txt HTTP/1.1" 200 595 "-" "Mozilla/5.0 (Windows NT 6.1; WOW64) AppleWebKit/537.36 (KHTML, like Gecko) Chrome/63.0.3239.132 Safari/537.36 QIHU 360SE"
128.65.180.202 - - [29/Dec/2021:07:01:28 +0100] "GET / HTTP/1.1" 301 162 "-" "Mozilla/5.0 (Windows NT 10.0; WOW64) AppleWebKit/537.36 (KHTML, like Gecko) Chrome/52.0.2743.116 Safari/537.36"
92.118.234.202 - - [29/Dec/2021:07:22:47 +0100] "GET http://azenv.net/ HTTP/1.1" 301 162 "-" "Go-http-client/1.1"
92.118.234.202 - - [29/Dec/2021:07:22:52 +0100] "CONNECT azenv.net:443 HTTP/1.1" 400 150 "-" "-"
167.248.133.58 - - [29/Dec/2021:07:43:33 +0100] "GET / HTTP/1.1" 301 162 "-" "-"
167.248.133.58 - - [29/Dec/2021:07:43:34 +0100] "GET / HTTP/1.1" 301 162 "-" "Mozilla/5.0 (compatible; CensysInspect/1.1; +https://about.censys.io/)"
167.248.133.58 - - [29/Dec/2021:07:43:34 +0100] "GET / HTTP/1.1" 200 595 "-" "Mozilla/5.0 (compatible; CensysInspect/1.1; +https://about.censys.io/)"
54.86.25.158 - - [29/Dec/2021:07:46:08 +0100] "GET /rss HTTP/1.1" 301 5 "-" "Ruby"
54.86.25.158 - - [29/Dec/2021:07:46:09 +0100] "GET /rss/ HTTP/1.1" 200 3432 "-" "Ruby"
157.55.39.33 - - [29/Dec/2021:07:47:39 +0100] "GET /sitemap-tags.xml HTTP/2.0" 200 458 "-" "Mozilla/5.0 (compatible; bingbot/2.0; +http://www.bing.com/bingbot.htm)"
125.64.94.140 - - [29/Dec/2021:08:12:41 +0100] "GET / HTTP/1.0" 301 162 "-" "-"
125.64.94.140 - - [29/Dec/2021:08:12:42 +0100] "GET / HTTP/1.1" 301 162 "-" "Mozilla/5.0 (X11; Linux x86_64) AppleWebKit/537.36 (KHTML, like Gecko) Chrome/86.0.4 240.111 Safari/537.36"
125.64.94.140 - - [29/Dec/2021:08:12:43 +0100] "GET / HTTP/1.1" 200 595 "http://85.255.1.106" "Mozilla/5.0 (X11; Linux x86_64) AppleWebKit/537.36 (KHTML, like Gecko) Chrome/86.0.4 240.111 Safari/537.36"
125.64.94.140 - - [29/Dec/2021:08:12:44 +0100] "GET /favicon.ico HTTP/1.1" 301 162 "-" "Mozilla/5.0 (X11; Linux x86_64) AppleWebKit/537.36 (KHTML, like Gecko) Chrome/86.0.4 240.111 Safari/537.36"
125.64.94.140 - - [29/Dec/2021:08:12:45 +0100] "GET /favicon.ico HTTP/1.1" 200 595 "http://85.255.1.106/favicon.ico" "Mozilla/5.0 (X11; Linux x86_64) AppleWebKit/537.36 (KHTML, like Gecko) Chrome/86.0.4 240.111 Safari/537.36"
125.64.94.140 - - [29/Dec/2021:08:12:45 +0100] "GET /robots.txt HTTP/1.1" 301 162 "-" "Mozilla/5.0 (X11; Linux x86_64) AppleWebKit/537.36 (KHTML, like Gecko) Chrome/86.0.4 240.111 Safari/537.36"
125.64.94.140 - - [29/Dec/2021:08:12:46 +0100] "GET /robots.txt HTTP/1.1" 200 595 "http://85.255.1.106/robots.txt" "Mozilla/5.0 (X11; Linux x86_64) AppleWebKit/537.36 (KHTML, like Gecko) Chrome/86.0.4 240.111 Safari/537.36"
125.64.94.140 - - [29/Dec/2021:08:12:47 +0100] "GET /.well-known/security.txt HTTP/1.1" 301 162 "-" "Mozilla/5.0 (X11; Linux x86_64) AppleWebKit/537.36 (KHTML, like Gecko) Chrome/86.0.4 240.111 Safari/537.36"
125.64.94.140 - - [29/Dec/2021:08:12:48 +0100] "GET /.well-known/security.txt HTTP/1.1" 200 595 "http://85.255.1.106/.well-known/security.txt" "Mozilla/5.0 (X11; Linux x86_64) AppleWebKit/537.36 (KHTML, like Gecko) Chrome/86.0.4 240.111 Safari/537.36"
207.46.13.217 - - [29/Dec/2021:08:28:55 +0100] "GET / HTTP/1.1" 301 162 "-" "Mozilla/5.0 (compatible; bingbot/2.0; +http://www.bing.com/bingbot.htm)"
157.55.39.150 - - [29/Dec/2021:08:35:42 +0100] "GET /sitemap-authors.xml HTTP/2.0" 200 344 "-" "Mozilla/5.0 (compatible; bingbot/2.0; +http://www.bing.com/bingbot.htm)"
179.97.11.246 - - [29/Dec/2021:08:50:00 +0100] "GET / HTTP/1.1" 301 162 "-" "Mozilla/5.0 (Windows NT 10.0; WOW64) AppleWebKit/537.36 (KHTML, like Gecko) Chrome/51.0.2704.103 Safari/537.36"
69.197.185.46 - - [29/Dec/2021:09:03:51 +0100] "GET / HTTP/1.1" 200 13145 "http://www.google.com.hk" "Mozilla/5.0 (Windows NT 6.1; WOW64) AppleWebKit/537.36 (KHTML, like Gecko) Chrome/42.0.2311.90 Safari/537.36"
125.64.94.140 - - [29/Dec/2021:09:07:36 +0100] "GET / HTTP/1.0" 200 1345 "-" "-"
125.64.94.140 - - [29/Dec/2021:09:07:37 +0100] "GET /favicon.ico HTTP/1.1" 200 595 "-" "Mozilla/5.0 (X11; Linux x86_64) AppleWebKit/537.36 (KHTML, like Gecko) Chrome/86.0.4 240.111 Safari/537.36"
125.64.94.140 - - [29/Dec/2021:09:07:38 +0100] "GET /robots.txt HTTP/1.1" 200 595 "-" "Mozilla/5.0 (X11; Linux x86_64) AppleWebKit/537.36 (KHTML, like Gecko) Chrome/86.0.4 240.111 Safari/537.36"
125.64.94.140 - - [29/Dec/2021:09:07:39 +0100] "GET /.well-known/security.txt HTTP/1.1" 200 595 "-" "Mozilla/5.0 (X11; Linux x86_64) AppleWebKit/537.36 (KHTML, like Gecko) Chrome/86.0.4 240.111 Safari/537.36"
192.241.213.17 - - [29/Dec/2021:09:37:36 +0100] "GET /ecp/Current/exporttool/microsoft.exchange.ediscovery.exporttool.application HTTP/1.1" 200 595 "-" "Mozilla/5.0 zgrab/0.x"
192.241.213.116 - - [29/Dec/2021:09:46:38 +0100] "GET /owa/auth/logon.aspx?url=https%3a%2f%2f1%2fecp%2f HTTP/1.1" 200 595 "-" "Mozilla/5.0 zgrab/0.x"
92.118.234.202 - - [29/Dec/2021:10:52:20 +0100] "GET http://azenv.net/ HTTP/1.1" 301 162 "-" "Go-http-client/1.1"
92.118.234.202 - - [29/Dec/2021:10:52:25 +0100] "CONNECT azenv.net:443 HTTP/1.1" 400 150 "-" "-"
125.64.94.140 - - [29/Dec/2021:11:54:53 +0100] "GET / HTTP/1.0" 200 1345 "-" "-"
125.64.94.140 - - [29/Dec/2021:11:54:54 +0100] "GET /favicon.ico HTTP/1.1" 200 595 "-" "Mozilla/5.0 (X11; Linux x86_64) AppleWebKit/537.36 (KHTML, like Gecko) Chrome/86.0.4 240.111 Safari/537.36"
125.64.94.140 - - [29/Dec/2021:11:54:56 +0100] "GET /robots.txt HTTP/1.1" 200 595 "-" "Mozilla/5.0 (X11; Linux x86_64) AppleWebKit/537.36 (KHTML, like Gecko) Chrome/86.0.4 240.111 Safari/537.36"
125.64.94.140 - - [29/Dec/2021:11:54:59 +0100] "GET /.well-known/security.txt HTTP/1.1" 200 595 "-" "Mozilla/5.0 (X11; Linux x86_64) AppleWebKit/537.36 (KHTML, like Gecko) Chrome/86.0.4 240.111 Safari/537.36"
213.92.222.96 - - [29/Dec/2021:12:12:30 +0100] "GET / HTTP/1.1" 301 162 "-" "Mozilla/5.0 (Windows NT 6.1; WOW64) AppleWebKit/537.36 (KHTML, like Gecko) Chrome/51.0.2704.103 Safari/537.36"
92.118.234.202 - - [29/Dec/2021:12:27:16 +0100] "GET http://azenv.net/ HTTP/1.1" 301 162 "-" "Go-http-client/1.1"
92.118.234.202 - - [29/Dec/2021:12:27:20 +0100] "CONNECT azenv.net:443 HTTP/1.1" 400 150 "-" "-"
157.55.39.150 - - [29/Dec/2021:12:38:35 +0100] "GET /sitemap-authors.xml HTTP/2.0" 200 344 "-" "Mozilla/5.0 (compatible; bingbot/2.0; +http://www.bing.com/bingbot.htm)"
54.86.25.158 - - [29/Dec/2021:12:46:57 +0100] "GET /rss HTTP/1.1" 301 5 "-" "Ruby"
54.86.25.158 - - [29/Dec/2021:12:46:57 +0100] "GET /rss/ HTTP/1.1" 200 3432 "-" "Ruby"
134.180.172.71 - - [29/Dec/2021:12:48:21 +0100] "GET / HTTP/1.1" 301 162 "-" "-"
61.219.11.151 - - [29/Dec/2021:12:53:48 +0100] "\x01\x02\x03\x04\x00\x00\x00\x00\x00\x00\x00\x00\x00\x00\x00\x00\x00\x00\x00\x00\x00\x00\x00\x00\x00\x00\x00\x00\x00\x00\x00\x00\x00\x00\x00\x00\x00\x00\x00\x00\x00\x00\x00\x00\x00\x00\x00\x00\x00\x00\x00\x00\x00\x00\x00\x00\x00\x00\x00\x00\x00\x00\x00\x00\x00\x00\x00\x00\x00\x00\x00\x00\x00\x00\x00\x00\x00\x00\x00\x00\x00\x00\x00\x00\x00\x00\x00\x00\x00\x00\x00\x00\x00\x00\x00\x00\x00\x00\x00\x00\x00\x00\x00\x00\x00\x00\x00\x00\x00\x00\x00\x00\x00\x00\x00\x00\x00\x00\x00\x00\x00\x00\x00\x00\x00\x00\x00\x00\x00\x00\x00\x00\x00\x00\x00\x00\x00\x00\x00\x00\x00\x00\x00\x00\x00\x00\x00\x00\x00\x00\x00\x00\x00\x00\x00\x00\x00\x00\x00\x00\x00\x00\x00\x00\x00\x00\x00\x00\x00\x00\x00\x00\x00\x00\x00\x00\x00\x00\x00\x00\x00\x00\x00\x00\x00\x00\x00\x00\x00\x00\x00\x00\x00\x00\x00\x00\x00\x00\x00\x00\x00\x00\x00\x00\x00\x00\x00\x00\x00\x00\x00\x00\x00\x00\x00\x00\x00\x00\x00\x00\x00\x00\x00\x00\x00\x00\x00\x00\x00\x00\x00\x00\x00\x00\x00\x00\x00\x00\x00\x00\x00\x00\x00\x00\x00\x00\x00\x00\x00\x00\x00\x00\x00\x00\x00\x00" 400 150 "-" "-"
66.249.79.248 - - [29/Dec/2021:12:55:04 +0100] "GET /robots.txt HTTP/1.1" 200 108 "-" "Mozilla/5.0 (compatible; Googlebot/2.1; +http://www.google.com/bot.html)"
66.249.79.252 - - [29/Dec/2021:12:55:05 +0100] "GET /sitemap-authors.xml HTTP/1.1" 200 344 "-" "Mozilla/5.0 (compatible; Googlebot/2.1; +http://www.google.com/bot.html)"
66.249.79.248 - - [29/Dec/2021:12:55:27 +0100] "GET /sitemap-tags.xml HTTP/1.1" 200 458 "-" "Mozilla/5.0 (compatible; Googlebot/2.1; +http://www.google.com/bot.html)"
192.241.211.139 - - [29/Dec/2021:13:08:48 +0100] "GET /actuator/health HTTP/1.1" 200 595 "-" "Mozilla/5.0 zgrab/0.x"
207.46.13.100 - - [29/Dec/2021:13:20:53 +0100] "GET /sitemap-pages.xml HTTP/2.0" 200 426 "-" "Mozilla/5.0 (compatible; bingbot/2.0; +http://www.bing.com/bingbot.htm)"
139.59.181.152 - - [29/Dec/2021:13:33:28 +0100] "GET / HTTP/1.1" 301 162 "-" "Mozilla/5.0 (Windows NT 10.0; Win64; x64) AppleWebKit/537.36 (KHTML, like Gecko) Chrome/68.0.3440.106 Safari/537.36"
139.59.181.152 - - [29/Dec/2021:13:33:28 +0100] "GET / HTTP/1.1" 200 595 "http://85.255.1.106:80/" "Mozilla/5.0 (Windows NT 10.0; Win64; x64) AppleWebKit/537.36 (KHTML, like Gecko) Chrome/68.0.3440.106 Safari/537.36"
139.59.181.152 - - [29/Dec/2021:13:33:28 +0100] "GET /favicon.ico HTTP/1.1" 200 595 "-" "Mozilla/5.0 (Windows NT 10.0; Win64; x64) AppleWebKit/537.36 (KHTML, like Gecko) Chrome/68.0.3440.106 Safari/537.36"
139.59.181.152 - - [29/Dec/2021:13:33:28 +0100] "GET /favicon.ico HTTP/1.1" 301 162 "-" "Mozilla/5.0 (Windows NT 10.0; Win64; x64) AppleWebKit/537.36 (KHTML, like Gecko) Chrome/68.0.3440.106 Safari/537.36"
139.59.181.152 - - [29/Dec/2021:13:33:28 +0100] "GET /favicon.ico HTTP/1.1" 200 595 "http://85.255.1.106:80/favicon.ico" "Mozilla/5.0 (Windows NT 10.0; Win64; x64) AppleWebKit/537.36 (KHTML, like Gecko) Chrome/68.0.3440.106 Safari/537.36"
20.191.45.212 - - [29/Dec/2021:13:48:17 +0100] "GET / HTTP/1.1" 301 162 "http://krzwiatrzyk.eu/" "Mozilla/5.0 (compatible; DuckDuckGo-Favicons-Bot/1.0; +http://duckduckgo.com)"
20.191.45.212 - - [29/Dec/2021:13:48:17 +0100] "GET / HTTP/1.1" 200 13145 "https://krzwiatrzyk.eu/" "Mozilla/5.0 (compatible; DuckDuckGo-Favicons-Bot/1.0; +http://duckduckgo.com)"
20.191.45.212 - - [29/Dec/2021:13:48:17 +0100] "GET /favicon.png HTTP/1.1" 200 2741 "https://krzwiatrzyk.eu/favicon.png" "Mozilla/5.0 (compatible; DuckDuckGo-Favicons-Bot/1.0; +http://duckduckgo.com)"
118.123.105.67 - - [29/Dec/2021:13:51:36 +0100] "GET / HTTP/1.0" 301 162 "-" "-"
118.123.105.67 - - [29/Dec/2021:13:51:37 +0100] "GET / HTTP/1.1" 301 162 "-" "Mozilla/5.0 (X11; Linux x86_64) AppleWebKit/537.36 (KHTML, like Gecko) Chrome/86.0.4 240.111 Safari/537.36"
118.123.105.67 - - [29/Dec/2021:13:51:38 +0100] "GET / HTTP/1.1" 200 595 "http://85.255.1.106" "Mozilla/5.0 (X11; Linux x86_64) AppleWebKit/537.36 (KHTML, like Gecko) Chrome/86.0.4 240.111 Safari/537.36"
118.123.105.67 - - [29/Dec/2021:13:51:39 +0100] "GET /favicon.ico HTTP/1.1" 301 162 "-" "Mozilla/5.0 (X11; Linux x86_64) AppleWebKit/537.36 (KHTML, like Gecko) Chrome/86.0.4 240.111 Safari/537.36"
118.123.105.67 - - [29/Dec/2021:13:51:40 +0100] "GET /favicon.ico HTTP/1.1" 200 595 "http://85.255.1.106/favicon.ico" "Mozilla/5.0 (X11; Linux x86_64) AppleWebKit/537.36 (KHTML, like Gecko) Chrome/86.0.4 240.111 Safari/537.36"
118.123.105.67 - - [29/Dec/2021:13:51:41 +0100] "GET /robots.txt HTTP/1.1" 301 162 "-" "Mozilla/5.0 (X11; Linux x86_64) AppleWebKit/537.36 (KHTML, like Gecko) Chrome/86.0.4 240.111 Safari/537.36"
118.123.105.67 - - [29/Dec/2021:13:51:41 +0100] "GET /robots.txt HTTP/1.1" 200 595 "http://85.255.1.106/robots.txt" "Mozilla/5.0 (X11; Linux x86_64) AppleWebKit/537.36 (KHTML, like Gecko) Chrome/86.0.4 240.111 Safari/537.36"
118.123.105.67 - - [29/Dec/2021:13:51:42 +0100] "GET /.well-known/security.txt HTTP/1.1" 301 162 "-" "Mozilla/5.0 (X11; Linux x86_64) AppleWebKit/537.36 (KHTML, like Gecko) Chrome/86.0.4 240.111 Safari/537.36"
118.123.105.67 - - [29/Dec/2021:13:51:43 +0100] "GET /.well-known/security.txt HTTP/1.1" 200 595 "http://85.255.1.106/.well-known/security.txt" "Mozilla/5.0 (X11; Linux x86_64) AppleWebKit/537.36 (KHTML, like Gecko) Chrome/86.0.4 240.111 Safari/537.36"
89.41.23.42 - - [29/Dec/2021:14:06:06 +0100] "GET / HTTP/1.1" 301 162 "-" "Mozilla/5.0 (Windows NT 10.0; WOW64) AppleWebKit/537.36 (KHTML, like Gecko) Chrome/51.0.2704.103 Safari/537.36"
128.14.141.34 - - [29/Dec/2021:14:07:46 +0100] "GET / HTTP/1.1" 200 595 "-" "Mozilla/5.0 (Windows NT 10.0; Win64; x64) AppleWebKit/537.36 (KHTML, like Gecko) Chrome/60.0.3112.113 Safari/537.36"
74.82.47.2 - - [29/Dec/2021:14:16:09 +0100] "GET / HTTP/1.1" 301 162 "-" "-"
118.123.105.67 - - [29/Dec/2021:14:42:33 +0100] "GET / HTTP/1.0" 301 162 "-" "-"
118.123.105.67 - - [29/Dec/2021:14:42:33 +0100] "GET / HTTP/1.1" 301 162 "-" "Mozilla/5.0 (X11; Linux x86_64) AppleWebKit/537.36 (KHTML, like Gecko) Chrome/86.0.4 240.111 Safari/537.36"
118.123.105.67 - - [29/Dec/2021:14:42:35 +0100] "GET / HTTP/1.1" 200 595 "http://85.255.1.106" "Mozilla/5.0 (X11; Linux x86_64) AppleWebKit/537.36 (KHTML, like Gecko) Chrome/86.0.4 240.111 Safari/537.36"
118.123.105.67 - - [29/Dec/2021:14:42:36 +0100] "GET /favicon.ico HTTP/1.1" 301 162 "-" "Mozilla/5.0 (X11; Linux x86_64) AppleWebKit/537.36 (KHTML, like Gecko) Chrome/86.0.4 240.111 Safari/537.36"
118.123.105.67 - - [29/Dec/2021:14:42:37 +0100] "GET /favicon.ico HTTP/1.1" 200 595 "http://85.255.1.106/favicon.ico" "Mozilla/5.0 (X11; Linux x86_64) AppleWebKit/537.36 (KHTML, like Gecko) Chrome/86.0.4 240.111 Safari/537.36"
118.123.105.67 - - [29/Dec/2021:14:42:38 +0100] "GET /robots.txt HTTP/1.1" 301 162 "-" "Mozilla/5.0 (X11; Linux x86_64) AppleWebKit/537.36 (KHTML, like Gecko) Chrome/86.0.4 240.111 Safari/537.36"
