18.117.183.192 - - [04/Dec/2021:10:00:32 +0100] "GET / HTTP/2.0" 200 12853 "-" "Mozilla/5.0 (Macintosh; Intel Mac OS X 10_15_7) AppleWebKit/537.36 (KHTML, like Gecko) Chrome/91.0.4472.114 Safari/537.36"
18.117.183.192 - - [04/Dec/2021:10:00:33 +0100] "GET /assets/styles/main.css?v=e5a81d7637 HTTP/2.0" 200 14057 "https://krzwiatrzyk.eu/" "Mozilla/5.0 (Macintosh; Intel Mac OS X 10_15_7) AppleWebKit/537.36 (KHTML, like Gecko) Chrome/91.0.4472.114 Safari/537.36"
18.117.183.192 - - [04/Dec/2021:10:00:33 +0100] "GET /assets/scripts/main.js?v=e5a81d7637 HTTP/2.0" 200 9977 "https://krzwiatrzyk.eu/" "Mozilla/5.0 (Macintosh; Intel Mac OS X 10_15_7) AppleWebKit/537.36 (KHTML, like Gecko) Chrome/91.0.4472.114 Safari/537.36"
18.117.183.192 - - [04/Dec/2021:10:00:33 +0100] "GET /assets/scripts/pagination.js?v=e5a81d7637 HTTP/2.0" 200 852 "https://krzwiatrzyk.eu/" "Mozilla/5.0 (Macintosh; Intel Mac OS X 10_15_7) AppleWebKit/537.36 (KHTML, like Gecko) Chrome/91.0.4472.114 Safari/537.36"
18.117.183.192 - - [04/Dec/2021:10:00:34 +0100] "GET /favicon.png HTTP/1.1" 200 2741 "https://krzwiatrzyk.eu/" "Mozilla/5.0 (Macintosh; Intel Mac OS X 10_15_7) AppleWebKit/537.36 (KHTML, like Gecko) Chrome/91.0.4472.114 Safari/537.36"
18.117.183.192 - - [04/Dec/2021:10:00:35 +0100] "GET /robots.txt HTTP/1.1" 200 108 "-" "Python-urllib/3.7"
18.117.183.192 - - [04/Dec/2021:10:00:36 +0100] "GET /about/ HTTP/2.0" 404 12079 "-" "Mozilla/5.0 (Macintosh; Intel Mac OS X 10_15_7) AppleWebKit/537.36 (KHTML, like Gecko) Chrome/91.0.4472.114 Safari/537.36"
18.117.183.192 - - [04/Dec/2021:10:00:36 +0100] "GET /assets/styles/main.css?v=e5a81d7637 HTTP/2.0" 200 14057 "https://krzwiatrzyk.eu/about/" "Mozilla/5.0 (Macintosh; Intel Mac OS X 10_15_7) AppleWebKit/537.36 (KHTML, like Gecko) Chrome/91.0.4472.114 Safari/537.36"
18.117.183.192 - - [04/Dec/2021:10:00:36 +0100] "GET /assets/scripts/main.js?v=e5a81d7637 HTTP/2.0" 200 9977 "https://krzwiatrzyk.eu/about/" "Mozilla/5.0 (Macintosh; Intel Mac OS X 10_15_7) AppleWebKit/537.36 (KHTML, like Gecko) Chrome/91.0.4472.114 Safari/537.36"
18.117.183.192 - - [04/Dec/2021:10:00:37 +0100] "GET /signin/ HTTP/2.0" 404 12072 "-" "Mozilla/5.0 (Macintosh; Intel Mac OS X 10_15_7) AppleWebKit/537.36 (KHTML, like Gecko) Chrome/91.0.4472.114 Safari/537.36"
18.117.183.192 - - [04/Dec/2021:10:00:37 +0100] "GET /assets/styles/main.css?v=e5a81d7637 HTTP/2.0" 200 14057 "https://krzwiatrzyk.eu/signin/" "Mozilla/5.0 (Macintosh; Intel Mac OS X 10_15_7) AppleWebKit/537.36 (KHTML, like Gecko) Chrome/91.0.4472.114 Safari/537.36"
18.117.183.192 - - [04/Dec/2021:10:00:37 +0100] "GET /assets/scripts/main.js?v=e5a81d7637 HTTP/2.0" 200 9977 "https://krzwiatrzyk.eu/signin/" "Mozilla/5.0 (Macintosh; Intel Mac OS X 10_15_7) AppleWebKit/537.36 (KHTML, like Gecko) Chrome/91.0.4472.114 Safari/537.36"
18.117.183.192 - - [04/Dec/2021:10:00:39 +0100] "GET /signup/ HTTP/2.0" 404 12072 "-" "Mozilla/5.0 (Macintosh; Intel Mac OS X 10_15_7) AppleWebKit/537.36 (KHTML, like Gecko) Chrome/91.0.4472.114 Safari/537.36"
18.117.183.192 - - [04/Dec/2021:10:00:39 +0100] "GET /assets/styles/main.css?v=e5a81d7637 HTTP/2.0" 200 14057 "https://krzwiatrzyk.eu/signup/" "Mozilla/5.0 (Macintosh; Intel Mac OS X 10_15_7) AppleWebKit/537.36 (KHTML, like Gecko) Chrome/91.0.4472.114 Safari/537.36"
18.117.183.192 - - [04/Dec/2021:10:00:39 +0100] "GET /assets/scripts/main.js?v=e5a81d7637 HTTP/2.0" 200 9977 "https://krzwiatrzyk.eu/signup/" "Mozilla/5.0 (Macintosh; Intel Mac OS X 10_15_7) AppleWebKit/537.36 (KHTML, like Gecko) Chrome/91.0.4472.114 Safari/537.36"
206.189.132.186 - - [04/Dec/2021:10:04:54 +0100] "GET / HTTP/1.0" 301 162 "-" "Mozilla/5.0 (Windows NT 10.0; Win64; x64; rv:82.0) Gecko/20100101 Firefox/82.0"
5.173.65.4 - - [04/Dec/2021:10:05:06 +0100] "GET /rss/ HTTP/2.0" 304 0 "-" "Mozilla/5.0 (Windows NT 10.0; Win64; x64) AppleWebKit/537.36 (KHTML, like Gecko) Chrome/95.0.4638.69 Safari/537.36 OPR/81.0.4196.60"
5.173.65.4 - - [04/Dec/2021:10:20:06 +0100] "GET /rss/ HTTP/2.0" 304 0 "-" "Mozilla/5.0 (Windows NT 10.0; Win64; x64) AppleWebKit/537.36 (KHTML, like Gecko) Chrome/95.0.4638.69 Safari/537.36 OPR/81.0.4196.60"
206.189.63.244 - - [04/Dec/2021:10:29:03 +0100] "GET / HTTP/1.1" 301 162 "-" "Mozilla/5.0 (Macintosh; Intel Mac OS X 10_14_6) Project-Resonance (http://project-resonance.com/) (KHTML, like Gecko) Chrome/83.0.4103.61 Safari/537.36"
206.189.63.244 - - [04/Dec/2021:10:29:03 +0100] "GET / HTTP/1.1" 200 595 "http://85.255.1.106/" "Mozilla/5.0 (Macintosh; Intel Mac OS X 10_14_6) Project-Resonance (http://project-resonance.com/) (KHTML, like Gecko) Chrome/83.0.4103.61 Safari/537.36"
5.173.65.4 - - [04/Dec/2021:10:35:06 +0100] "GET /rss/ HTTP/2.0" 304 0 "-" "Mozilla/5.0 (Windows NT 10.0; Win64; x64) AppleWebKit/537.36 (KHTML, like Gecko) Chrome/95.0.4638.69 Safari/537.36 OPR/81.0.4196.60"
118.123.105.67 - - [04/Dec/2021:10:37:00 +0100] "GET / HTTP/1.0" 301 162 "-" "-"
118.123.105.67 - - [04/Dec/2021:10:37:01 +0100] "GET / HTTP/1.1" 301 162 "-" "Mozilla/5.0 (X11; Linux x86_64) AppleWebKit/537.36 (KHTML, like Gecko) Chrome/86.0.4 240.111 Safari/537.36"
118.123.105.67 - - [04/Dec/2021:10:37:02 +0100] "GET / HTTP/1.1" 200 595 "http://85.255.1.106" "Mozilla/5.0 (X11; Linux x86_64) AppleWebKit/537.36 (KHTML, like Gecko) Chrome/86.0.4 240.111 Safari/537.36"
118.123.105.67 - - [04/Dec/2021:10:37:02 +0100] "GET /favicon.ico HTTP/1.1" 301 162 "-" "Mozilla/5.0 (X11; Linux x86_64) AppleWebKit/537.36 (KHTML, like Gecko) Chrome/86.0.4 240.111 Safari/537.36"
118.123.105.67 - - [04/Dec/2021:10:37:03 +0100] "GET /favicon.ico HTTP/1.1" 200 595 "http://85.255.1.106/favicon.ico" "Mozilla/5.0 (X11; Linux x86_64) AppleWebKit/537.36 (KHTML, like Gecko) Chrome/86.0.4 240.111 Safari/537.36"
118.123.105.67 - - [04/Dec/2021:10:37:04 +0100] "GET /robots.txt HTTP/1.1" 301 162 "-" "Mozilla/5.0 (X11; Linux x86_64) AppleWebKit/537.36 (KHTML, like Gecko) Chrome/86.0.4 240.111 Safari/537.36"
118.123.105.67 - - [04/Dec/2021:10:37:05 +0100] "GET /robots.txt HTTP/1.1" 200 595 "http://85.255.1.106/robots.txt" "Mozilla/5.0 (X11; Linux x86_64) AppleWebKit/537.36 (KHTML, like Gecko) Chrome/86.0.4 240.111 Safari/537.36"
118.123.105.67 - - [04/Dec/2021:10:37:05 +0100] "GET /.well-known/security.txt HTTP/1.1" 301 162 "-" "Mozilla/5.0 (X11; Linux x86_64) AppleWebKit/537.36 (KHTML, like Gecko) Chrome/86.0.4 240.111 Safari/537.36"
118.123.105.67 - - [04/Dec/2021:10:37:06 +0100] "GET /.well-known/security.txt HTTP/1.1" 200 595 "http://85.255.1.106/.well-known/security.txt" "Mozilla/5.0 (X11; Linux x86_64) AppleWebKit/537.36 (KHTML, like Gecko) Chrome/86.0.4 240.111 Safari/537.36"
192.241.195.130 - - [04/Dec/2021:10:48:11 +0100] "GET /actuator/health HTTP/1.1" 200 595 "-" "Mozilla/5.0 zgrab/0.x"
5.173.65.4 - - [04/Dec/2021:10:50:06 +0100] "GET /rss/ HTTP/2.0" 304 0 "-" "Mozilla/5.0 (Windows NT 10.0; Win64; x64) AppleWebKit/537.36 (KHTML, like Gecko) Chrome/95.0.4638.69 Safari/537.36 OPR/81.0.4196.60"
222.186.19.235 - - [04/Dec/2021:10:56:00 +0100] "GET http://fuwu.sogou.com/404/index.html HTTP/1.1" 400 650 "-" "Mozilla/5.0 (X11; Linux i686) AppleWebKit/534.30 (KHTML, like Gecko) Chrome/12.0.742.91 Chromium/12.0.742.91 Safari/534.30"
222.186.19.235 - - [04/Dec/2021:10:56:00 +0100] "GET http://fuwu.sogou.com/404/index.html HTTP/1.1" 400 650 "-" "Mozilla/5.0 (X11; U; Linux i686 (x86_64); en-US) AppleWebKit/532.0 (KHTML, like Gecko) Chrome/3.0.198.1 Safari/532.0"
222.186.19.235 - - [04/Dec/2021:10:56:00 +0100] "\x05\x01\x00" 400 150 "-" "-"
5.173.65.4 - - [04/Dec/2021:11:05:06 +0100] "GET /rss/ HTTP/2.0" 304 0 "-" "Mozilla/5.0 (Windows NT 10.0; Win64; x64) AppleWebKit/537.36 (KHTML, like Gecko) Chrome/95.0.4638.69 Safari/537.36 OPR/81.0.4196.60"
5.173.65.4 - - [04/Dec/2021:11:20:06 +0100] "GET /rss/ HTTP/2.0" 304 0 "-" "Mozilla/5.0 (Windows NT 10.0; Win64; x64) AppleWebKit/537.36 (KHTML, like Gecko) Chrome/95.0.4638.69 Safari/537.36 OPR/81.0.4196.60"
5.173.65.4 - - [04/Dec/2021:11:35:06 +0100] "GET /rss/ HTTP/2.0" 304 0 "-" "Mozilla/5.0 (Windows NT 10.0; Win64; x64) AppleWebKit/537.36 (KHTML, like Gecko) Chrome/95.0.4638.69 Safari/537.36 OPR/81.0.4196.60"
45.155.205.233 - - [04/Dec/2021:11:40:34 +0100] "GET /?a=fetch&content=<php>die(@md5(HelloThinkCMF))</php> HTTP/1.1" 301 162 "-" "Mozilla/5.0 (Windows NT 10.0; Win64; x64) AppleWebKit/537.36 (KHTML, like Gecko) Chrome/78.0.3904.108 Safari/537.36"
45.155.205.233 - - [04/Dec/2021:11:40:35 +0100] "GET /?a=fetch&content=<php>die(@md5(HelloThinkCMF))</php> HTTP/1.1" 200 595 "http://85.255.1.106:80/?a=fetch&content=<php>die(@md5(HelloThinkCMF))</php>" "Mozilla/5.0 (Windows NT 10.0; Win64; x64) AppleWebKit/537.36 (KHTML, like Gecko) Chrome/78.0.3904.108 Safari/537.36"
3.225.221.44 - - [04/Dec/2021:11:46:58 +0100] "GET /rss HTTP/1.1" 301 5 "-" "Ruby"
3.225.221.44 - - [04/Dec/2021:11:46:58 +0100] "GET /rss/ HTTP/1.1" 200 2493 "-" "Ruby"
5.173.65.4 - - [04/Dec/2021:11:50:06 +0100] "GET /rss/ HTTP/2.0" 304 0 "-" "Mozilla/5.0 (Windows NT 10.0; Win64; x64) AppleWebKit/537.36 (KHTML, like Gecko) Chrome/95.0.4638.69 Safari/537.36 OPR/81.0.4196.60"
118.123.105.67 - - [04/Dec/2021:11:54:39 +0100] "GET / HTTP/1.0" 301 162 "-" "-"
118.123.105.67 - - [04/Dec/2021:11:54:40 +0100] "GET / HTTP/1.1" 301 162 "-" "Mozilla/5.0 (X11; Linux x86_64) AppleWebKit/537.36 (KHTML, like Gecko) Chrome/86.0.4 240.111 Safari/537.36"
118.123.105.67 - - [04/Dec/2021:11:54:41 +0100] "GET / HTTP/1.1" 200 595 "http://85.255.1.106" "Mozilla/5.0 (X11; Linux x86_64) AppleWebKit/537.36 (KHTML, like Gecko) Chrome/86.0.4 240.111 Safari/537.36"
118.123.105.67 - - [04/Dec/2021:11:54:42 +0100] "GET /favicon.ico HTTP/1.1" 301 162 "-" "Mozilla/5.0 (X11; Linux x86_64) AppleWebKit/537.36 (KHTML, like Gecko) Chrome/86.0.4 240.111 Safari/537.36"
118.123.105.67 - - [04/Dec/2021:11:54:43 +0100] "GET /favicon.ico HTTP/1.1" 200 595 "http://85.255.1.106/favicon.ico" "Mozilla/5.0 (X11; Linux x86_64) AppleWebKit/537.36 (KHTML, like Gecko) Chrome/86.0.4 240.111 Safari/537.36"
118.123.105.67 - - [04/Dec/2021:11:54:43 +0100] "GET /robots.txt HTTP/1.1" 301 162 "-" "Mozilla/5.0 (X11; Linux x86_64) AppleWebKit/537.36 (KHTML, like Gecko) Chrome/86.0.4 240.111 Safari/537.36"
118.123.105.67 - - [04/Dec/2021:11:54:45 +0100] "GET /robots.txt HTTP/1.1" 200 595 "http://85.255.1.106/robots.txt" "Mozilla/5.0 (X11; Linux x86_64) AppleWebKit/537.36 (KHTML, like Gecko) Chrome/86.0.4 240.111 Safari/537.36"
118.123.105.67 - - [04/Dec/2021:11:54:45 +0100] "GET /.well-known/security.txt HTTP/1.1" 301 162 "-" "Mozilla/5.0 (X11; Linux x86_64) AppleWebKit/537.36 (KHTML, like Gecko) Chrome/86.0.4 240.111 Safari/537.36"
118.123.105.67 - - [04/Dec/2021:11:54:46 +0100] "GET /.well-known/security.txt HTTP/1.1" 200 595 "http://85.255.1.106/.well-known/security.txt" "Mozilla/5.0 (X11; Linux x86_64) AppleWebKit/537.36 (KHTML, like Gecko) Chrome/86.0.4 240.111 Safari/537.36"
167.248.133.41 - - [04/Dec/2021:12:02:01 +0100] "GET / HTTP/1.1" 301 162 "-" "-"
167.248.133.41 - - [04/Dec/2021:12:02:02 +0100] "GET / HTTP/1.1" 301 162 "-" "Mozilla/5.0 (compatible; CensysInspect/1.1; +https://about.censys.io/)"
167.248.133.41 - - [04/Dec/2021:12:02:02 +0100] "GET / HTTP/1.1" 200 595 "-" "Mozilla/5.0 (compatible; CensysInspect/1.1; +https://about.censys.io/)"
5.173.65.4 - - [04/Dec/2021:12:05:06 +0100] "GET /rss/ HTTP/2.0" 304 0 "-" "Mozilla/5.0 (Windows NT 10.0; Win64; x64) AppleWebKit/537.36 (KHTML, like Gecko) Chrome/95.0.4638.69 Safari/537.36 OPR/81.0.4196.60"
167.172.16.85 - - [04/Dec/2021:12:06:56 +0100] "GET / HTTP/1.0" 301 162 "-" "Mozilla/5.0 (Windows NT 10.0; Win64; x64; rv:82.0) Gecko/20100101 Firefox/82.0"
167.172.16.85 - - [04/Dec/2021:12:12:50 +0100] "HEAD / HTTP/1.1" 200 0 "-" "-"
5.173.65.4 - - [04/Dec/2021:12:20:06 +0100] "GET /rss/ HTTP/2.0" 304 0 "-" "Mozilla/5.0 (Windows NT 10.0; Win64; x64) AppleWebKit/537.36 (KHTML, like Gecko) Chrome/95.0.4638.69 Safari/537.36 OPR/81.0.4196.60"
45.155.205.233 - - [04/Dec/2021:12:20:40 +0100] "GET /?XDEBUG_SESSION_START=phpstorm HTTP/1.1" 301 162 "-" "Mozilla/5.0 (Windows NT 10.0; Win64; x64) AppleWebKit/537.36 (KHTML, like Gecko) Chrome/78.0.3904.108 Safari/537.36"
45.155.205.233 - - [04/Dec/2021:12:20:40 +0100] "GET /?XDEBUG_SESSION_START=phpstorm HTTP/1.1" 200 595 "http://85.255.1.106:80/?XDEBUG_SESSION_START=phpstorm" "Mozilla/5.0 (Windows NT 10.0; Win64; x64) AppleWebKit/537.36 (KHTML, like Gecko) Chrome/78.0.3904.108 Safari/537.36"
185.180.143.8 - - [04/Dec/2021:12:24:49 +0100] "GET / HTTP/1.1" 200 595 "-" "Mozilla/5.0 (Windows NT 10.0; Win64; x64) AppleWebKit/537.36 (KHTML, like Gecko) Chrome/60.0.3112.113 Safari/537.36"
47.243.233.244 - - [04/Dec/2021:12:32:15 +0100] "GET /dns-query?dns=q80BAAABAAAAAAAAA3d3dwdleGFtcGxlA2NvbQAAAQAB HTTP/1.1" 200 595 "-" "Go-http-client/1.1"
47.243.233.244 - - [04/Dec/2021:12:32:17 +0100] "GET /dns-query?dns=q80BAAABAAAAAAAAA3d3dwdleGFtcGxlA2NvbQAAAQAB HTTP/1.1" 200 595 "-" "Go-http-client/1.1"
47.243.233.244 - - [04/Dec/2021:12:32:18 +0100] "POST /dns-query HTTP/1.1" 405 150 "-" "Go-http-client/1.1"
47.243.233.244 - - [04/Dec/2021:12:32:19 +0100] "POST /dns-query HTTP/1.1" 405 150 "-" "Go-http-client/1.1"
47.243.233.244 - - [04/Dec/2021:12:32:20 +0100] "GET /query?dns=q80BAAABAAAAAAAAA3d3dwdleGFtcGxlA2NvbQAAAQAB HTTP/1.1" 200 595 "-" "Go-http-client/1.1"
47.243.233.244 - - [04/Dec/2021:12:32:21 +0100] "GET /query?dns=q80BAAABAAAAAAAAA3d3dwdleGFtcGxlA2NvbQAAAQAB HTTP/1.1" 200 595 "-" "Go-http-client/1.1"
47.243.233.244 - - [04/Dec/2021:12:32:22 +0100] "POST /query HTTP/1.1" 405 150 "-" "Go-http-client/1.1"
47.243.233.244 - - [04/Dec/2021:12:32:23 +0100] "POST /query HTTP/1.1" 405 150 "-" "Go-http-client/1.1"
47.243.233.244 - - [04/Dec/2021:12:32:25 +0100] "GET /resolve?dns=q80BAAABAAAAAAAAA3d3dwdleGFtcGxlA2NvbQAAAQAB HTTP/1.1" 200 595 "-" "Go-http-client/1.1"
47.243.233.244 - - [04/Dec/2021:12:32:26 +0100] "GET /resolve?dns=q80BAAABAAAAAAAAA3d3dwdleGFtcGxlA2NvbQAAAQAB HTTP/1.1" 200 595 "-" "Go-http-client/1.1"
47.243.233.244 - - [04/Dec/2021:12:32:27 +0100] "POST /resolve HTTP/1.1" 405 150 "-" "Go-http-client/1.1"
47.243.233.244 - - [04/Dec/2021:12:32:28 +0100] "POST /resolve HTTP/1.1" 405 150 "-" "Go-http-client/1.1"
47.243.233.244 - - [04/Dec/2021:12:32:29 +0100] "GET /?dns=q80BAAABAAAAAAAAA3d3dwdleGFtcGxlA2NvbQAAAQAB HTTP/1.1" 200 595 "-" "Go-http-client/1.1"
47.243.233.244 - - [04/Dec/2021:12:32:30 +0100] "GET /?dns=q80BAAABAAAAAAAAA3d3dwdleGFtcGxlA2NvbQAAAQAB HTTP/1.1" 200 595 "-" "Go-http-client/1.1"
47.243.233.244 - - [04/Dec/2021:12:32:32 +0100] "POST / HTTP/1.1" 405 150 "-" "Go-http-client/1.1"
47.243.233.244 - - [04/Dec/2021:12:32:33 +0100] "POST / HTTP/1.1" 405 150 "-" "Go-http-client/1.1"
45.155.205.233 - - [04/Dec/2021:12:33:47 +0100] "GET /console/ HTTP/1.1" 301 162 "-" "Mozilla/5.0 (Windows NT 10.0; Win64; x64) AppleWebKit/537.36 (KHTML, like Gecko) Chrome/78.0.3904.108 Safari/537.36"
45.155.205.233 - - [04/Dec/2021:12:33:52 +0100] "GET /console/ HTTP/1.1" 200 595 "http://85.255.1.106:80/console/" "Mozilla/5.0 (Windows NT 10.0; Win64; x64) AppleWebKit/537.36 (KHTML, like Gecko) Chrome/78.0.3904.108 Safari/537.36"
213.180.203.97 - - [04/Dec/2021:12:34:25 +0100] "GET /robots.txt HTTP/1.1" 200 108 "-" "Mozilla/5.0 (compatible; YandexBot/3.0; +http://yandex.com/bots)"
213.180.203.97 - - [04/Dec/2021:12:34:29 +0100] "GET /rss/ HTTP/1.1" 200 2493 "-" "Mozilla/5.0 (compatible; YandexBot/3.0; +http://yandex.com/bots)"
213.180.203.97 - - [04/Dec/2021:12:34:56 +0100] "GET /weekly-stories/ HTTP/1.1" 200 14824 "-" "Mozilla/5.0 (compatible; YandexBot/3.0; +http://yandex.com/bots)"
5.173.65.4 - - [04/Dec/2021:12:35:06 +0100] "GET /rss/ HTTP/2.0" 304 0 "-" "Mozilla/5.0 (Windows NT 10.0; Win64; x64) AppleWebKit/537.36 (KHTML, like Gecko) Chrome/95.0.4638.69 Safari/537.36 OPR/81.0.4196.60"
5.173.65.4 - - [04/Dec/2021:12:50:06 +0100] "GET /rss/ HTTP/2.0" 304 0 "-" "Mozilla/5.0 (Windows NT 10.0; Win64; x64) AppleWebKit/537.36 (KHTML, like Gecko) Chrome/95.0.4638.69 Safari/537.36 OPR/81.0.4196.60"
94.232.43.63 - - [04/Dec/2021:12:52:48 +0100] "\x03\x00\x00,'\xE0\x00\x00\x00\x00\x00Cookie: mstshash=Domain" 400 150 "-" "-"
94.232.43.63 - - [04/Dec/2021:12:52:48 +0100] "\x03\x00\x00,'\xE0\x00\x00\x00\x00\x00Cookie: mstshash=Domain" 400 150 "-" "-"
5.173.65.4 - - [04/Dec/2021:13:05:06 +0100] "GET /rss/ HTTP/2.0" 304 0 "-" "Mozilla/5.0 (Windows NT 10.0; Win64; x64) AppleWebKit/537.36 (KHTML, like Gecko) Chrome/95.0.4638.69 Safari/537.36 OPR/81.0.4196.60"
5.173.65.4 - - [04/Dec/2021:13:20:06 +0100] "GET /rss/ HTTP/2.0" 304 0 "-" "Mozilla/5.0 (Windows NT 10.0; Win64; x64) AppleWebKit/537.36 (KHTML, like Gecko) Chrome/95.0.4638.69 Safari/537.36 OPR/81.0.4196.60"
5.173.65.4 - - [04/Dec/2021:13:35:06 +0100] "GET /rss/ HTTP/2.0" 304 0 "-" "Mozilla/5.0 (Windows NT 10.0; Win64; x64) AppleWebKit/537.36 (KHTML, like Gecko) Chrome/95.0.4638.69 Safari/537.36 OPR/81.0.4196.60"
118.123.105.67 - - [04/Dec/2021:13:49:14 +0100] "GET / HTTP/1.0" 301 162 "-" "-"
118.123.105.67 - - [04/Dec/2021:13:49:15 +0100] "GET / HTTP/1.1" 301 162 "-" "Mozilla/5.0 (X11; Linux x86_64) AppleWebKit/537.36 (KHTML, like Gecko) Chrome/86.0.4 240.111 Safari/537.36"
118.123.105.67 - - [04/Dec/2021:13:49:16 +0100] "GET / HTTP/1.1" 200 595 "http://85.255.1.106" "Mozilla/5.0 (X11; Linux x86_64) AppleWebKit/537.36 (KHTML, like Gecko) Chrome/86.0.4 240.111 Safari/537.36"
118.123.105.67 - - [04/Dec/2021:13:49:17 +0100] "GET /favicon.ico HTTP/1.1" 301 162 "-" "Mozilla/5.0 (X11; Linux x86_64) AppleWebKit/537.36 (KHTML, like Gecko) Chrome/86.0.4 240.111 Safari/537.36"
118.123.105.67 - - [04/Dec/2021:13:49:18 +0100] "GET /favicon.ico HTTP/1.1" 200 595 "http://85.255.1.106/favicon.ico" "Mozilla/5.0 (X11; Linux x86_64) AppleWebKit/537.36 (KHTML, like Gecko) Chrome/86.0.4 240.111 Safari/537.36"
118.123.105.67 - - [04/Dec/2021:13:49:18 +0100] "GET /robots.txt HTTP/1.1" 301 162 "-" "Mozilla/5.0 (X11; Linux x86_64) AppleWebKit/537.36 (KHTML, like Gecko) Chrome/86.0.4 240.111 Safari/537.36"
118.123.105.67 - - [04/Dec/2021:13:49:19 +0100] "GET /robots.txt HTTP/1.1" 200 595 "http://85.255.1.106/robots.txt" "Mozilla/5.0 (X11; Linux x86_64) AppleWebKit/537.36 (KHTML, like Gecko) Chrome/86.0.4 240.111 Safari/537.36"
118.123.105.67 - - [04/Dec/2021:13:49:20 +0100] "GET /.well-known/security.txt HTTP/1.1" 301 162 "-" "Mozilla/5.0 (X11; Linux x86_64) AppleWebKit/537.36 (KHTML, like Gecko) Chrome/86.0.4 240.111 Safari/537.36"
118.123.105.67 - - [04/Dec/2021:13:49:21 +0100] "GET /.well-known/security.txt HTTP/1.1" 200 595 "http://85.255.1.106/.well-known/security.txt" "Mozilla/5.0 (X11; Linux x86_64) AppleWebKit/537.36 (KHTML, like Gecko) Chrome/86.0.4 240.111 Safari/537.36"
5.173.65.4 - - [04/Dec/2021:13:50:08 +0100] "GET /rss/ HTTP/2.0" 304 0 "-" "Mozilla/5.0 (Windows NT 10.0; Win64; x64) AppleWebKit/537.36 (KHTML, like Gecko) Chrome/95.0.4638.69 Safari/537.36 OPR/81.0.4196.60"
192.241.211.141 - - [04/Dec/2021:13:59:36 +0100] "GET / HTTP/1.1" 301 162 "-" "Mozilla/5.0 zgrab/0.x"
5.173.65.4 - - [04/Dec/2021:14:05:06 +0100] "GET /rss/ HTTP/2.0" 304 0 "-" "Mozilla/5.0 (Windows NT 10.0; Win64; x64) AppleWebKit/537.36 (KHTML, like Gecko) Chrome/95.0.4638.69 Safari/537.36 OPR/81.0.4196.60"
192.241.208.136 - - [04/Dec/2021:14:06:22 +0100] "GET / HTTP/1.1" 200 595 "-" "Mozilla/5.0 zgrab/0.x"
109.237.103.118 - - [04/Dec/2021:14:07:07 +0100] "GET /.git/config HTTP/1.1" 400 650 "-" "Mozilla/5.0 (X11; Linux x86_64) AppleWebKit/537.36 (KHTML, like Gecko) Chrome/81.0.4044.129 Safari/537.36"
109.237.103.118 - - [04/Dec/2021:14:07:07 +0100] "GET /.git/config HTTP/1.1" 200 595 "-" "Mozilla/5.0 (X11; Linux x86_64) AppleWebKit/537.36 (KHTML, like Gecko) Chrome/81.0.4044.129 Safari/537.36"
170.210.45.163 - - [04/Dec/2021:14:15:57 +0100] "GET /currentsetting.htm HTTP/1.1" 200 1345 "-" "Mozilla/5.0 (Windows NT 10.0; Win64; x64) AppleWebKit/537.36 (KHTML, like Gecko) Chrome/63.0.3239.84 Safari/537.36"
170.210.45.163 - - [04/Dec/2021:14:15:58 +0100] "GET / HTTP/1.1" 400 248 "-" "curl/7.58.0"
5.173.65.4 - - [04/Dec/2021:14:20:06 +0100] "GET /rss/ HTTP/2.0" 304 0 "-" "Mozilla/5.0 (Windows NT 10.0; Win64; x64) AppleWebKit/537.36 (KHTML, like Gecko) Chrome/95.0.4638.69 Safari/537.36 OPR/81.0.4196.60"
139.162.145.250 - - [04/Dec/2021:14:22:14 +0100] "\x16\x03\x01\x00u\x01\x00\x00q\x03\x03\x9Cw>\x82K^\x13\x90\xB2\xC4\xC3\xB7\x0C\xC56\x01\x7F\xC2S\xAC\x08X\xCC\xD4\xA8u\x95\xEC\xD9\xF9\xAB\x22\x00\x00\x1A\xC0/\xC0+\xC0\x11\xC0\x07\xC0\x13\xC0\x09\xC0\x14\xC0" 400 150 "-" "-"
5.173.65.4 - - [04/Dec/2021:14:35:06 +0100] "GET /rss/ HTTP/2.0" 304 0 "-" "Mozilla/5.0 (Windows NT 10.0; Win64; x64) AppleWebKit/537.36 (KHTML, like Gecko) Chrome/95.0.4638.69 Safari/537.36 OPR/81.0.4196.60"
5.173.65.4 - - [04/Dec/2021:14:50:06 +0100] "GET /rss/ HTTP/2.0" 304 0 "-" "Mozilla/5.0 (Windows NT 10.0; Win64; x64) AppleWebKit/537.36 (KHTML, like Gecko) Chrome/95.0.4638.69 Safari/537.36 OPR/81.0.4196.60"
5.173.65.4 - - [04/Dec/2021:15:05:06 +0100] "GET /rss/ HTTP/2.0" 304 0 "-" "Mozilla/5.0 (Windows NT 10.0; Win64; x64) AppleWebKit/537.36 (KHTML, like Gecko) Chrome/95.0.4638.69 Safari/537.36 OPR/81.0.4196.60"
185.173.35.33 - - [04/Dec/2021:15:06:16 +0100] "GET / HTTP/1.1" 301 162 "-" "NetSystemsResearch studies the availability of various services across the internet. Our website is netsystemsresearch.com"
185.173.35.33 - - [04/Dec/2021:15:06:17 +0100] "GET / HTTP/1.1" 200 1345 "http://85.255.1.106:80/" "Go http package"
5.173.65.4 - - [04/Dec/2021:15:20:06 +0100] "GET /rss/ HTTP/2.0" 304 0 "-" "Mozilla/5.0 (Windows NT 10.0; Win64; x64) AppleWebKit/537.36 (KHTML, like Gecko) Chrome/95.0.4638.69 Safari/537.36 OPR/81.0.4196.60"
5.173.65.4 - - [04/Dec/2021:15:21:56 +0100] "GET /ghost HTTP/2.0" 301 0 "-" "Mozilla/5.0 (Windows NT 10.0; Win64; x64) AppleWebKit/537.36 (KHTML, like Gecko) Chrome/95.0.4638.69 Safari/537.36 OPR/81.0.4196.60"
5.173.65.4 - - [04/Dec/2021:15:21:56 +0100] "GET /ghost/ HTTP/2.0" 200 1553 "-" "Mozilla/5.0 (Windows NT 10.0; Win64; x64) AppleWebKit/537.36 (KHTML, like Gecko) Chrome/95.0.4638.69 Safari/537.36 OPR/81.0.4196.60"
5.173.65.4 - - [04/Dec/2021:15:21:56 +0100] "GET /ghost/assets/vendor.min-987af30228885bce50f05c4723fe6f53.css HTTP/2.0" 200 10454 "https://krzwiatrzyk.eu/ghost/" "Mozilla/5.0 (Windows NT 10.0; Win64; x64) AppleWebKit/537.36 (KHTML, like Gecko) Chrome/95.0.4638.69 Safari/537.36 OPR/81.0.4196.60"
5.173.65.4 - - [04/Dec/2021:15:21:56 +0100] "GET /ghost/assets/ghost.min-e7612edfa72b0fe2c201b387923e6fc7.css HTTP/2.0" 200 95025 "https://krzwiatrzyk.eu/ghost/" "Mozilla/5.0 (Windows NT 10.0; Win64; x64) AppleWebKit/537.36 (KHTML, like Gecko) Chrome/95.0.4638.69 Safari/537.36 OPR/81.0.4196.60"
5.173.65.4 - - [04/Dec/2021:15:21:58 +0100] "GET /ghost/assets/ghost.min-d1d99f3ed6e0f427874b2a11e7078475.js HTTP/2.0" 200 295307 "https://krzwiatrzyk.eu/ghost/" "Mozilla/5.0 (Windows NT 10.0; Win64; x64) AppleWebKit/537.36 (KHTML, like Gecko) Chrome/95.0.4638.69 Safari/537.36 OPR/81.0.4196.60"
5.173.65.4 - - [04/Dec/2021:15:21:58 +0100] "GET /ghost/assets/vendor.min-3660ec7864887f1496fe7a27fd23ab76.js HTTP/2.0" 200 904746 "https://krzwiatrzyk.eu/ghost/" "Mozilla/5.0 (Windows NT 10.0; Win64; x64) AppleWebKit/537.36 (KHTML, like Gecko) Chrome/95.0.4638.69 Safari/537.36 OPR/81.0.4196.60"
5.173.65.4 - - [04/Dec/2021:15:21:58 +0100] "GET /ghost/assets/img/favicon.ico HTTP/2.0" 200 3781 "https://krzwiatrzyk.eu/ghost/" "Mozilla/5.0 (Windows NT 10.0; Win64; x64) AppleWebKit/537.36 (KHTML, like Gecko) Chrome/95.0.4638.69 Safari/537.36 OPR/81.0.4196.60"
5.173.65.4 - - [04/Dec/2021:15:21:58 +0100] "GET /ghost/api/canary/admin/users/me/?include=roles HTTP/2.0" 200 689 "https://krzwiatrzyk.eu/ghost/" "Mozilla/5.0 (Windows NT 10.0; Win64; x64) AppleWebKit/537.36 (KHTML, like Gecko) Chrome/95.0.4638.69 Safari/537.36 OPR/81.0.4196.60"
5.173.65.4 - - [04/Dec/2021:15:21:58 +0100] "GET /ghost/api/canary/admin/site/ HTTP/2.0" 200 339 "https://krzwiatrzyk.eu/ghost/" "Mozilla/5.0 (Windows NT 10.0; Win64; x64) AppleWebKit/537.36 (KHTML, like Gecko) Chrome/95.0.4638.69 Safari/537.36 OPR/81.0.4196.60"
5.173.65.4 - - [04/Dec/2021:15:21:59 +0100] "GET /ghost/api/canary/admin/config/ HTTP/2.0" 200 239 "https://krzwiatrzyk.eu/ghost/" "Mozilla/5.0 (Windows NT 10.0; Win64; x64) AppleWebKit/537.36 (KHTML, like Gecko) Chrome/95.0.4638.69 Safari/537.36 OPR/81.0.4196.60"
5.173.65.4 - - [04/Dec/2021:15:21:59 +0100] "GET /ghost/api/canary/admin/settings/?group=site%2Ctheme%2Cprivate%2Cmembers%2Cportal%2Cnewsletter%2Cemail%2Camp%2Clabs%2Cslack%2Cunsplash%2Cviews%2Cfirstpromoter%2Coauth%2Ceditor HTTP/2.0" 200 1826 "https://krzwiatrzyk.eu/ghost/" "Mozilla/5.0 (Windows NT 10.0; Win64; x64) AppleWebKit/537.36 (KHTML, like Gecko) Chrome/95.0.4638.69 Safari/537.36 OPR/81.0.4196.60"
5.173.65.4 - - [04/Dec/2021:15:21:59 +0100] "GET /ghost/assets/ghost-dark-bb2831fc27fcb02893ed0a761207dc63.css HTTP/2.0" 200 98448 "https://krzwiatrzyk.eu/ghost/" "Mozilla/5.0 (Windows NT 10.0; Win64; x64) AppleWebKit/537.36 (KHTML, like Gecko) Chrome/95.0.4638.69 Safari/537.36 OPR/81.0.4196.60"
5.173.65.4 - - [04/Dec/2021:15:21:59 +0100] "GET /ghost/api/canary/admin/notifications/ HTTP/2.0" 200 378 "https://krzwiatrzyk.eu/ghost/" "Mozilla/5.0 (Windows NT 10.0; Win64; x64) AppleWebKit/537.36 (KHTML, like Gecko) Chrome/95.0.4638.69 Safari/537.36 OPR/81.0.4196.60"
5.173.65.4 - - [04/Dec/2021:15:21:59 +0100] "GET /ghost/api/canary/admin/members/events/?limit=5 HTTP/2.0" 200 13 "https://krzwiatrzyk.eu/ghost/" "Mozilla/5.0 (Windows NT 10.0; Win64; x64) AppleWebKit/537.36 (KHTML, like Gecko) Chrome/95.0.4638.69 Safari/537.36 OPR/81.0.4196.60"
5.173.65.4 - - [04/Dec/2021:15:21:59 +0100] "GET /ghost/api/canary/admin/members/stats/count/ HTTP/2.0" 200 42 "https://krzwiatrzyk.eu/ghost/" "Mozilla/5.0 (Windows NT 10.0; Win64; x64) AppleWebKit/537.36 (KHTML, like Gecko) Chrome/95.0.4638.69 Safari/537.36 OPR/81.0.4196.60"
5.173.65.4 - - [04/Dec/2021:15:21:59 +0100] "GET /ghost/api/canary/admin/products/?include=monthly_price%2Cyearly_price&limit=all HTTP/2.0" 200 344 "https://krzwiatrzyk.eu/ghost/" "Mozilla/5.0 (Windows NT 10.0; Win64; x64) AppleWebKit/537.36 (KHTML, like Gecko) Chrome/95.0.4638.69 Safari/537.36 OPR/81.0.4196.60"
5.173.65.4 - - [04/Dec/2021:15:21:59 +0100] "GET /ghost/api/canary/admin/members/?filter=email_open_rate%3A-null&order=email_open_rate%20desc&limit=5&include=labels%2CemailRecipients HTTP/2.0" 200 101 "https://krzwiatrzyk.eu/ghost/" "Mozilla/5.0 (Windows NT 10.0; Win64; x64) AppleWebKit/537.36 (KHTML, like Gecko) Chrome/95.0.4638.69 Safari/537.36 OPR/81.0.4196.60"
5.173.65.4 - - [04/Dec/2021:15:21:59 +0100] "GET /ghost/api/canary/admin/emails/?filter=email_count%3A-0&order=submitted_at%20desc&limit=5 HTTP/2.0" 200 100 "https://krzwiatrzyk.eu/ghost/" "Mozilla/5.0 (Windows NT 10.0; Win64; x64) AppleWebKit/537.36 (KHTML, like Gecko) Chrome/95.0.4638.69 Safari/537.36 OPR/81.0.4196.60"
5.173.65.4 - - [04/Dec/2021:15:21:59 +0100] "GET /content/images/2021/10/d417ce9e68114f09acc670e5928685a3--5-.png HTTP/2.0" 200 2741 "https://krzwiatrzyk.eu/ghost/" "Mozilla/5.0 (Windows NT 10.0; Win64; x64) AppleWebKit/537.36 (KHTML, like Gecko) Chrome/95.0.4638.69 Safari/537.36 OPR/81.0.4196.60"
5.173.65.4 - - [04/Dec/2021:15:21:59 +0100] "GET /ghost/assets/img/user-image-639a88b784fb5f10964be8b975ca9fdf.png HTTP/2.0" 200 2479 "https://krzwiatrzyk.eu/ghost/" "Mozilla/5.0 (Windows NT 10.0; Win64; x64) AppleWebKit/537.36 (KHTML, like Gecko) Chrome/95.0.4638.69 Safari/537.36 OPR/81.0.4196.60"
5.173.65.4 - - [04/Dec/2021:15:21:59 +0100] "GET /ghost/assets/img/dashboard/bp1-03a13253453b372d0bbd5e6a19b20fca.jpg HTTP/2.0" 200 262731 "https://krzwiatrzyk.eu/ghost/" "Mozilla/5.0 (Windows NT 10.0; Win64; x64) AppleWebKit/537.36 (KHTML, like Gecko) Chrome/95.0.4638.69 Safari/537.36 OPR/81.0.4196.60"
5.173.65.4 - - [04/Dec/2021:15:21:59 +0100] "GET /ghost/assets/img/dashboard/bp2-ed14f9f48c56d5d6fe997dc637a8b1ad.jpg HTTP/2.0" 200 66579 "https://krzwiatrzyk.eu/ghost/" "Mozilla/5.0 (Windows NT 10.0; Win64; x64) AppleWebKit/537.36 (KHTML, like Gecko) Chrome/95.0.4638.69 Safari/537.36 OPR/81.0.4196.60"
5.173.65.4 - - [04/Dec/2021:15:21:59 +0100] "GET /ghost/assets/img/dashboard/join-community-bb5478f7dca6c04a2d0baf2b02f880fb.jpg HTTP/2.0" 200 105052 "https://krzwiatrzyk.eu/ghost/" "Mozilla/5.0 (Windows NT 10.0; Win64; x64) AppleWebKit/537.36 (KHTML, like Gecko) Chrome/95.0.4638.69 Safari/537.36 OPR/81.0.4196.60"
5.173.65.4 - - [04/Dec/2021:15:21:59 +0100] "GET /ghost/api/canary/admin/members/stats/mrr/ HTTP/2.0" 200 28 "https://krzwiatrzyk.eu/ghost/" "Mozilla/5.0 (Windows NT 10.0; Win64; x64) AppleWebKit/537.36 (KHTML, like Gecko) Chrome/95.0.4638.69 Safari/537.36 OPR/81.0.4196.60"
5.173.65.4 - - [04/Dec/2021:15:21:59 +0100] "GET /ghost/api/canary/admin/members/?filter=status%3Apaid&order=created_at%20asc&limit=5&include=labels%2CemailRecipients HTTP/2.0" 200 101 "https://krzwiatrzyk.eu/ghost/" "Mozilla/5.0 (Windows NT 10.0; Win64; x64) AppleWebKit/537.36 (KHTML, like Gecko) Chrome/95.0.4638.69 Safari/537.36 OPR/81.0.4196.60"
5.173.65.4 - - [04/Dec/2021:15:22:00 +0100] "GET /ghost/api/canary/admin/posts/?limit=30&page=1&filter=status%3A%5Bdraft%2Cscheduled%2Cpublished%2Csent%5D HTTP/2.0" 200 6054 "https://krzwiatrzyk.eu/ghost/" "Mozilla/5.0 (Windows NT 10.0; Win64; x64) AppleWebKit/537.36 (KHTML, like Gecko) Chrome/95.0.4638.69 Safari/537.36 OPR/81.0.4196.60"
5.173.65.4 - - [04/Dec/2021:15:22:01 +0100] "GET /ghost/api/canary/admin/tags/?limit=all HTTP/2.0" 200 397 "https://krzwiatrzyk.eu/ghost/" "Mozilla/5.0 (Windows NT 10.0; Win64; x64) AppleWebKit/537.36 (KHTML, like Gecko) Chrome/95.0.4638.69 Safari/537.36 OPR/81.0.4196.60"
5.173.65.4 - - [04/Dec/2021:15:22:01 +0100] "GET /ghost/api/canary/admin/snippets/?limit=all HTTP/2.0" 200 106 "https://krzwiatrzyk.eu/ghost/" "Mozilla/5.0 (Windows NT 10.0; Win64; x64) AppleWebKit/537.36 (KHTML, like Gecko) Chrome/95.0.4638.69 Safari/537.36 OPR/81.0.4196.60"
5.173.65.4 - - [04/Dec/2021:15:22:01 +0100] "GET /ghost/api/canary/admin/users/?limit=all&include=roles HTTP/2.0" 200 780 "https://krzwiatrzyk.eu/ghost/" "Mozilla/5.0 (Windows NT 10.0; Win64; x64) AppleWebKit/537.36 (KHTML, like Gecko) Chrome/95.0.4638.69 Safari/537.36 OPR/81.0.4196.60"
5.173.65.4 - - [04/Dec/2021:15:22:02 +0100] "GET /ghost/api/canary/admin/posts/61a4a0644df07d00013ddcfb/ HTTP/2.0" 200 1611 "https://krzwiatrzyk.eu/ghost/" "Mozilla/5.0 (Windows NT 10.0; Win64; x64) AppleWebKit/537.36 (KHTML, like Gecko) Chrome/95.0.4638.69 Safari/537.36 OPR/81.0.4196.60"
5.173.65.4 - - [04/Dec/2021:15:22:02 +0100] "GET /ghost/api/canary/admin/members/?limit=1&filter=subscribed%3Atrue&include=labels%2CemailRecipients HTTP/2.0" 200 101 "https://krzwiatrzyk.eu/ghost/" "Mozilla/5.0 (Windows NT 10.0; Win64; x64) AppleWebKit/537.36 (KHTML, like Gecko) Chrome/95.0.4638.69 Safari/537.36 OPR/81.0.4196.60"
5.173.65.4 - - [04/Dec/2021:15:22:02 +0100] "GET /ghost/api/canary/admin/settings/?group=site%2Ctheme%2Cprivate%2Cmembers%2Cportal%2Cnewsletter%2Cemail%2Camp%2Clabs%2Cslack%2Cunsplash%2Cviews%2Cfirstpromoter%2Coauth%2Ceditor HTTP/2.0" 200 1826 "https://krzwiatrzyk.eu/ghost/" "Mozilla/5.0 (Windows NT 10.0; Win64; x64) AppleWebKit/537.36 (KHTML, like Gecko) Chrome/95.0.4638.69 Safari/537.36 OPR/81.0.4196.60"
5.173.65.4 - - [04/Dec/2021:15:22:02 +0100] "GET /ghost/api/canary/admin/snippets/?limit=all HTTP/2.0" 200 106 "https://krzwiatrzyk.eu/ghost/" "Mozilla/5.0 (Windows NT 10.0; Win64; x64) AppleWebKit/537.36 (KHTML, like Gecko) Chrome/95.0.4638.69 Safari/537.36 OPR/81.0.4196.60"
5.173.65.4 - - [04/Dec/2021:15:22:12 +0100] "PUT /ghost/api/canary/admin/posts/61a4a0644df07d00013ddcfb/ HTTP/2.0" 200 1662 "https://krzwiatrzyk.eu/ghost/" "Mozilla/5.0 (Windows NT 10.0; Win64; x64) AppleWebKit/537.36 (KHTML, like Gecko) Chrome/95.0.4638.69 Safari/537.36 OPR/81.0.4196.60"
5.173.65.4 - - [04/Dec/2021:15:22:28 +0100] "PUT /ghost/api/canary/admin/posts/61a4a0644df07d00013ddcfb/ HTTP/2.0" 200 1695 "https://krzwiatrzyk.eu/ghost/" "Mozilla/5.0 (Windows NT 10.0; Win64; x64) AppleWebKit/537.36 (KHTML, like Gecko) Chrome/95.0.4638.69 Safari/537.36 OPR/81.0.4196.60"
157.55.39.194 - - [04/Dec/2021:15:30:10 +0100] "GET /robots.txt HTTP/2.0" 200 108 "-" "Mozilla/5.0 (compatible; bingbot/2.0; +http://www.bing.com/bingbot.htm)"
207.46.13.96 - - [04/Dec/2021:15:30:20 +0100] "GET / HTTP/2.0" 200 12853 "-" "Mozilla/5.0 (compatible; bingbot/2.0; +http://www.bing.com/bingbot.htm)"
66.240.236.109 - - [04/Dec/2021:15:31:58 +0100] "GET / HTTP/1.1" 200 595 "-" "Mozilla/5.0 zgrab/0.x"
5.173.65.4 - - [04/Dec/2021:15:35:06 +0100] "GET /rss/ HTTP/2.0" 304 0 "-" "Mozilla/5.0 (Windows NT 10.0; Win64; x64) AppleWebKit/537.36 (KHTML, like Gecko) Chrome/95.0.4638.69 Safari/537.36 OPR/81.0.4196.60"
66.249.66.30 - - [04/Dec/2021:15:39:28 +0100] "GET /robots.txt HTTP/1.1" 200 108 "-" "Mozilla/5.0 (compatible; Googlebot/2.1; +http://www.google.com/bot.html)"
66.249.66.30 - - [04/Dec/2021:15:39:28 +0100] "GET /assets/styles/main.css?v=e5a81d7637 HTTP/1.1" 200 14075 "https://www.krzwiatrzyk.eu/author/krzysztof/" "Mozilla/5.0 (Linux; Android 6.0.1; Nexus 5X Build/MMB29P) AppleWebKit/537.36 (KHTML, like Gecko) Chrome/96.0.4664.45 Mobile Safari/537.36 (compatible; Googlebot/2.1; +http://www.google.com/bot.html)"
37.195.66.38 - - [04/Dec/2021:15:45:10 +0100] "GET / HTTP/1.1" 301 162 "-" "Mozilla/5.0 (Windows NT 10.0; WOW64) AppleWebKit/537.36 (KHTML, like Gecko) Chrome/51.0.2704.103 Safari/537.36"
5.173.65.4 - - [04/Dec/2021:15:50:06 +0100] "GET /rss/ HTTP/2.0" 304 0 "-" "Mozilla/5.0 (Windows NT 10.0; Win64; x64) AppleWebKit/537.36 (KHTML, like Gecko) Chrome/95.0.4638.69 Safari/537.36 OPR/81.0.4196.60"
5.173.65.4 - - [04/Dec/2021:16:05:06 +0100] "GET /rss/ HTTP/2.0" 304 0 "-" "Mozilla/5.0 (Windows NT 10.0; Win64; x64) AppleWebKit/537.36 (KHTML, like Gecko) Chrome/95.0.4638.69 Safari/537.36 OPR/81.0.4196.60"
94.254.211.93 - - [04/Dec/2021:16:20:06 +0100] "GET /rss/ HTTP/2.0" 304 0 "-" "Mozilla/5.0 (Windows NT 10.0; Win64; x64) AppleWebKit/537.36 (KHTML, like Gecko) Chrome/95.0.4638.69 Safari/537.36 OPR/81.0.4196.60"
94.254.211.93 - - [04/Dec/2021:16:35:06 +0100] "GET /rss/ HTTP/2.0" 304 0 "-" "Mozilla/5.0 (Windows NT 10.0; Win64; x64) AppleWebKit/537.36 (KHTML, like Gecko) Chrome/95.0.4638.69 Safari/537.36 OPR/81.0.4196.60"
34.234.167.131 - - [04/Dec/2021:16:46:46 +0100] "GET /rss HTTP/1.1" 301 5 "-" "Ruby"
34.234.167.131 - - [04/Dec/2021:16:46:46 +0100] "GET /rss/ HTTP/1.1" 200 2493 "-" "Ruby"
94.254.211.93 - - [04/Dec/2021:16:50:07 +0100] "GET /rss/ HTTP/2.0" 304 0 "-" "Mozilla/5.0 (Windows NT 10.0; Win64; x64) AppleWebKit/537.36 (KHTML, like Gecko) Chrome/95.0.4638.69 Safari/537.36 OPR/81.0.4196.60"
94.254.211.93 - - [04/Dec/2021:17:05:06 +0100] "GET /rss/ HTTP/2.0" 304 0 "-" "Mozilla/5.0 (Windows NT 10.0; Win64; x64) AppleWebKit/537.36 (KHTML, like Gecko) Chrome/95.0.4638.69 Safari/537.36 OPR/81.0.4196.60"
94.254.211.93 - - [04/Dec/2021:17:20:06 +0100] "GET /rss/ HTTP/2.0" 304 0 "-" "Mozilla/5.0 (Windows NT 10.0; Win64; x64) AppleWebKit/537.36 (KHTML, like Gecko) Chrome/95.0.4638.69 Safari/537.36 OPR/81.0.4196.60"
198.98.49.124 - - [04/Dec/2021:17:28:05 +0100] "GET / HTTP/1.1" 301 162 "-" "Linux Gnu (cow)"
94.254.211.93 - - [04/Dec/2021:17:35:06 +0100] "GET /rss/ HTTP/2.0" 304 0 "-" "Mozilla/5.0 (Windows NT 10.0; Win64; x64) AppleWebKit/537.36 (KHTML, like Gecko) Chrome/95.0.4638.69 Safari/537.36 OPR/81.0.4196.60"
91.208.197.96 - - [04/Dec/2021:17:42:51 +0100] "GET / HTTP/1.1" 301 162 "-" "Mozilla/5.0 (Macintosh; Intel Mac OS X 10.12; rv:68.0) Gecko/20100101 Firefox/68.0"
91.208.197.96 - - [04/Dec/2021:17:42:52 +0100] "GET / HTTP/1.1" 200 12866 "http://krzwiatrzyk.eu" "Mozilla/5.0 (Macintosh; Intel Mac OS X 10.12; rv:68.0) Gecko/20100101 Firefox/68.0"
94.254.211.93 - - [04/Dec/2021:17:50:06 +0100] "GET /rss/ HTTP/2.0" 304 0 "-" "Mozilla/5.0 (Windows NT 10.0; Win64; x64) AppleWebKit/537.36 (KHTML, like Gecko) Chrome/95.0.4638.69 Safari/537.36 OPR/81.0.4196.60"
94.254.211.93 - - [04/Dec/2021:18:05:07 +0100] "GET /rss/ HTTP/2.0" 304 0 "-" "Mozilla/5.0 (Windows NT 10.0; Win64; x64) AppleWebKit/537.36 (KHTML, like Gecko) Chrome/95.0.4638.69 Safari/537.36 OPR/81.0.4196.60"
118.123.105.67 - - [04/Dec/2021:18:19:36 +0100] "GET / HTTP/1.0" 301 162 "-" "-"
118.123.105.67 - - [04/Dec/2021:18:19:37 +0100] "GET / HTTP/1.1" 301 162 "-" "Mozilla/5.0 (X11; Linux x86_64) AppleWebKit/537.36 (KHTML, like Gecko) Chrome/86.0.4 240.111 Safari/537.36"
118.123.105.67 - - [04/Dec/2021:18:19:38 +0100] "GET / HTTP/1.1" 200 595 "http://85.255.1.106" "Mozilla/5.0 (X11; Linux x86_64) AppleWebKit/537.36 (KHTML, like Gecko) Chrome/86.0.4 240.111 Safari/537.36"
118.123.105.67 - - [04/Dec/2021:18:19:38 +0100] "GET /favicon.ico HTTP/1.1" 301 162 "-" "Mozilla/5.0 (X11; Linux x86_64) AppleWebKit/537.36 (KHTML, like Gecko) Chrome/86.0.4 240.111 Safari/537.36"
118.123.105.67 - - [04/Dec/2021:18:19:39 +0100] "GET /favicon.ico HTTP/1.1" 200 595 "http://85.255.1.106/favicon.ico" "Mozilla/5.0 (X11; Linux x86_64) AppleWebKit/537.36 (KHTML, like Gecko) Chrome/86.0.4 240.111 Safari/537.36"
118.123.105.67 - - [04/Dec/2021:18:19:40 +0100] "GET /robots.txt HTTP/1.1" 301 162 "-" "Mozilla/5.0 (X11; Linux x86_64) AppleWebKit/537.36 (KHTML, like Gecko) Chrome/86.0.4 240.111 Safari/537.36"
118.123.105.67 - - [04/Dec/2021:18:19:41 +0100] "GET /robots.txt HTTP/1.1" 200 595 "http://85.255.1.106/robots.txt" "Mozilla/5.0 (X11; Linux x86_64) AppleWebKit/537.36 (KHTML, like Gecko) Chrome/86.0.4 240.111 Safari/537.36"
118.123.105.67 - - [04/Dec/2021:18:19:42 +0100] "GET /.well-known/security.txt HTTP/1.1" 301 162 "-" "Mozilla/5.0 (X11; Linux x86_64) AppleWebKit/537.36 (KHTML, like Gecko) Chrome/86.0.4 240.111 Safari/537.36"
118.123.105.67 - - [04/Dec/2021:18:19:43 +0100] "GET /.well-known/security.txt HTTP/1.1" 200 595 "http://85.255.1.106/.well-known/security.txt" "Mozilla/5.0 (X11; Linux x86_64) AppleWebKit/537.36 (KHTML, like Gecko) Chrome/86.0.4 240.111 Safari/537.36"
94.254.211.93 - - [04/Dec/2021:18:20:06 +0100] "GET /rss/ HTTP/2.0" 304 0 "-" "Mozilla/5.0 (Windows NT 10.0; Win64; x64) AppleWebKit/537.36 (KHTML, like Gecko) Chrome/95.0.4638.69 Safari/537.36 OPR/81.0.4196.60"
164.52.24.179 - - [04/Dec/2021:18:20:58 +0100] "\x16\x03\x01\x01 \x01\x00\x01\x1C\x03\x03\x93:f\x02\x17\xED\xEF\x13n\x1D:\x9B\xDE\x17l-\x19\x84{;ZwJ}\x9B\x14\xBF\x1A&\xB5\x97\x84 ;\xDC\xD39s\x1B\xFE\x19\xBB\x18\xC9\x09\x15Q\x81\x03a+N\x01\x8F\xE0\x19P]65\x81\x88\x05\xE4\x0B\x00>\x13\x02\x13\x03\x13\x01\xC0,\xC00\x00\x9F\xCC\xA9\xCC\xA8\xCC\xAA\xC0+\xC0/\x00\x9E\xC0$\xC0(\x00k\xC0#\xC0'\x00g\xC0" 400 150 "-" "-"
164.52.24.179 - - [04/Dec/2021:18:20:59 +0100] "\x16\x03\x01\x00\xBD\x01\x00\x00\xB9\x03\x03\x88\xCD\xB1\x96V\xEB\x19\xE4%n.\xF1`%#" 400 150 "-" "-"
164.52.24.179 - - [04/Dec/2021:18:20:59 +0100] "\x16\x03\x01\x00c\x01\x00\x00_\x03\x02+\x05o\x82\xFA;\xCD)\xA6\xA6y\x10\xF1\xA1\xB2\xDD\xB1\x12\xCB\xD4\x92\xC1\x88\x04\xF0\xB0\x89Z\x05" 400 150 "-" "-"
164.52.24.179 - - [04/Dec/2021:18:21:00 +0100] "\x16\x03\x01\x00c\x01\x00\x00_\x03\x01Z\x9CD6:T\x9D\xFA\x5C-\x1F\xDDi\x82\xCF[\xCF\xC5\xE0\xE3#Sy\xEA" 400 150 "-" "-"
164.52.24.179 - - [04/Dec/2021:18:21:00 +0100] "GET / HTTP/1.1" 301 162 "-" "Mozilla/5.0 (Windows NT 10.0; Win64; x64; rv:79.0) Gecko/20100101 Firefox/79.0"
164.52.24.179 - - [04/Dec/2021:18:21:04 +0100] "GET / HTTP/1.1" 200 1345 "-" "Mozilla/5.0 (Windows NT 10.0; Win64; x64; rv:79.0) Gecko/20100101 Firefox/79.0"
94.254.211.93 - - [04/Dec/2021:18:35:06 +0100] "GET /rss/ HTTP/2.0" 304 0 "-" "Mozilla/5.0 (Windows NT 10.0; Win64; x64) AppleWebKit/537.36 (KHTML, like Gecko) Chrome/95.0.4638.69 Safari/537.36 OPR/81.0.4196.60"
54.175.120.5 - - [04/Dec/2021:18:43:49 +0100] "GET / HTTP/1.1" 301 162 "-" "Mozilla/5.0 (Windows NT 6.2;en-US) AppleWebKit/537.32.36 (KHTML, live Gecko) Chrome/53.0.3006.76 Safari/537.32"
54.175.120.5 - - [04/Dec/2021:18:43:50 +0100] "GET / HTTP/1.1" 200 595 "-" "Mozilla/5.0 (Windows NT 6.2;en-US) AppleWebKit/537.32.36 (KHTML, live Gecko) Chrome/53.0.3006.76 Safari/537.32"
94.254.211.93 - - [04/Dec/2021:18:50:06 +0100] "GET /rss/ HTTP/2.0" 304 0 "-" "Mozilla/5.0 (Windows NT 10.0; Win64; x64) AppleWebKit/537.36 (KHTML, like Gecko) Chrome/95.0.4638.69 Safari/537.36 OPR/81.0.4196.60"
94.254.211.93 - - [04/Dec/2021:19:05:06 +0100] "GET /rss/ HTTP/2.0" 304 0 "-" "Mozilla/5.0 (Windows NT 10.0; Win64; x64) AppleWebKit/537.36 (KHTML, like Gecko) Chrome/95.0.4638.69 Safari/537.36 OPR/81.0.4196.60"
157.55.39.18 - - [04/Dec/2021:19:16:52 +0100] "GET /robots.txt HTTP/1.1" 301 162 "-" "Mozilla/5.0 (compatible; bingbot/2.0; +http://www.bing.com/bingbot.htm)"
157.55.39.18 - - [04/Dec/2021:19:16:53 +0100] "GET /robots.txt HTTP/2.0" 200 108 "-" "Mozilla/5.0 (compatible; bingbot/2.0; +http://www.bing.com/bingbot.htm)"
207.46.13.148 - - [04/Dec/2021:19:17:14 +0100] "GET / HTTP/1.1" 301 162 "-" "Mozilla/5.0 (compatible; bingbot/2.0; +http://www.bing.com/bingbot.htm)"
94.254.211.93 - - [04/Dec/2021:19:20:06 +0100] "GET /rss/ HTTP/2.0" 304 0 "-" "Mozilla/5.0 (Windows NT 10.0; Win64; x64) AppleWebKit/537.36 (KHTML, like Gecko) Chrome/95.0.4638.69 Safari/537.36 OPR/81.0.4196.60"
94.254.211.93 - - [04/Dec/2021:19:35:06 +0100] "GET /rss/ HTTP/2.0" 304 0 "-" "Mozilla/5.0 (Windows NT 10.0; Win64; x64) AppleWebKit/537.36 (KHTML, like Gecko) Chrome/95.0.4638.69 Safari/537.36 OPR/81.0.4196.60"
94.254.211.93 - - [04/Dec/2021:19:50:06 +0100] "GET /rss/ HTTP/2.0" 304 0 "-" "Mozilla/5.0 (Windows NT 10.0; Win64; x64) AppleWebKit/537.36 (KHTML, like Gecko) Chrome/95.0.4638.69 Safari/537.36 OPR/81.0.4196.60"
94.254.211.93 - - [04/Dec/2021:19:54:09 +0100] "PUT /ghost/api/canary/admin/posts/61a4a0644df07d00013ddcfb/ HTTP/2.0" 200 1740 "https://krzwiatrzyk.eu/ghost/" "Mozilla/5.0 (Windows NT 10.0; Win64; x64) AppleWebKit/537.36 (KHTML, like Gecko) Chrome/95.0.4638.69 Safari/537.36 OPR/81.0.4196.60"
94.254.211.93 - - [04/Dec/2021:19:54:25 +0100] "PUT /ghost/api/canary/admin/posts/61a4a0644df07d00013ddcfb/ HTTP/2.0" 200 1787 "https://krzwiatrzyk.eu/ghost/" "Mozilla/5.0 (Windows NT 10.0; Win64; x64) AppleWebKit/537.36 (KHTML, like Gecko) Chrome/95.0.4638.69 Safari/537.36 OPR/81.0.4196.60"
94.254.211.93 - - [04/Dec/2021:19:54:38 +0100] "PUT /ghost/api/canary/admin/posts/61a4a0644df07d00013ddcfb/ HTTP/2.0" 200 1785 "https://krzwiatrzyk.eu/ghost/" "Mozilla/5.0 (Windows NT 10.0; Win64; x64) AppleWebKit/537.36 (KHTML, like Gecko) Chrome/95.0.4638.69 Safari/537.36 OPR/81.0.4196.60"
94.254.211.93 - - [04/Dec/2021:19:54:45 +0100] "PUT /ghost/api/canary/admin/posts/61a4a0644df07d00013ddcfb/ HTTP/2.0" 200 1792 "https://krzwiatrzyk.eu/ghost/" "Mozilla/5.0 (Windows NT 10.0; Win64; x64) AppleWebKit/537.36 (KHTML, like Gecko) Chrome/95.0.4638.69 Safari/537.36 OPR/81.0.4196.60"
94.254.211.93 - - [04/Dec/2021:19:54:58 +0100] "GET /ghost/api/canary/admin/oembed/?url=https%3A%2F%2Fopen.spotify.com%2Ftrack%2F2obblQ6tcePeOEVJV6nEGD%3Fsi%3D4775ea8c4d744083&type=embed HTTP/2.0" 200 608 "https://krzwiatrzyk.eu/ghost/" "Mozilla/5.0 (Windows NT 10.0; Win64; x64) AppleWebKit/537.36 (KHTML, like Gecko) Chrome/95.0.4638.69 Safari/537.36 OPR/81.0.4196.60"
94.254.211.93 - - [04/Dec/2021:19:55:02 +0100] "PUT /ghost/api/canary/admin/posts/61a4a0644df07d00013ddcfb/ HTTP/2.0" 200 2026 "https://krzwiatrzyk.eu/ghost/" "Mozilla/5.0 (Windows NT 10.0; Win64; x64) AppleWebKit/537.36 (KHTML, like Gecko) Chrome/95.0.4638.69 Safari/537.36 OPR/81.0.4196.60"
94.254.211.93 - - [04/Dec/2021:20:05:06 +0100] "GET /rss/ HTTP/2.0" 304 0 "-" "Mozilla/5.0 (Windows NT 10.0; Win64; x64) AppleWebKit/537.36 (KHTML, like Gecko) Chrome/95.0.4638.69 Safari/537.36 OPR/81.0.4196.60"
109.237.103.38 - - [04/Dec/2021:20:07:42 +0100] "GET /.env HTTP/1.1" 400 650 "-" "Mozilla/5.0 (X11; Linux x86_64) AppleWebKit/537.36 (KHTML, like Gecko) Chrome/81.0.4044.129 Safari/537.36"
109.237.103.38 - - [04/Dec/2021:20:07:43 +0100] "GET /.env HTTP/1.1" 200 595 "-" "Mozilla/5.0 (X11; Linux x86_64) AppleWebKit/537.36 (KHTML, like Gecko) Chrome/81.0.4044.129 Safari/537.36"
94.254.211.93 - - [04/Dec/2021:20:20:06 +0100] "GET /rss/ HTTP/2.0" 304 0 "-" "Mozilla/5.0 (Windows NT 10.0; Win64; x64) AppleWebKit/537.36 (KHTML, like Gecko) Chrome/95.0.4638.69 Safari/537.36 OPR/81.0.4196.60"
180.149.125.165 - - [04/Dec/2021:20:33:45 +0100] "GET /c/ HTTP/1.1" 301 162 "-" "Mozilla/5.0 (Windows NT 5.1; Win64; x64) AppleWebKit/537.36 (KHTML, like Gecko) Chrome/60.0.3112.90 Safari/537.36"
180.149.125.165 - - [04/Dec/2021:20:33:46 +0100] "GET /c/ HTTP/1.1" 200 595 "http://85.255.1.106/c/" "Mozilla/5.0 (Windows NT 5.1; Win64; x64) AppleWebKit/537.36 (KHTML, like Gecko) Chrome/60.0.3112.90 Safari/537.36"
40.88.21.235 - - [04/Dec/2021:21:15:59 +0100] "GET / HTTP/1.1" 301 162 "http://krzwiatrzyk.eu/" "Mozilla/5.0 (compatible; DuckDuckGo-Favicons-Bot/1.0; +http://duckduckgo.com)"
40.88.21.235 - - [04/Dec/2021:21:16:00 +0100] "GET / HTTP/1.1" 200 12866 "https://krzwiatrzyk.eu/" "Mozilla/5.0 (compatible; DuckDuckGo-Favicons-Bot/1.0; +http://duckduckgo.com)"
40.88.21.235 - - [04/Dec/2021:21:16:00 +0100] "GET /favicon.png HTTP/1.1" 200 2741 "https://krzwiatrzyk.eu/favicon.png" "Mozilla/5.0 (compatible; DuckDuckGo-Favicons-Bot/1.0; +http://duckduckgo.com)"
8.142.117.120 - - [04/Dec/2021:21:43:37 +0100] "GET / HTTP/1.1" 301 162 "-" "curl/7.58.0"
3.225.221.44 - - [04/Dec/2021:21:45:24 +0100] "GET /rss HTTP/1.1" 301 5 "-" "Ruby"
3.225.221.44 - - [04/Dec/2021:21:45:24 +0100] "GET /rss/ HTTP/1.1" 200 2493 "-" "Ruby"
94.254.222.221 - - [04/Dec/2021:22:05:07 +0100] "GET /rss/ HTTP/2.0" 304 0 "-" "Mozilla/5.0 (Windows NT 10.0; Win64; x64) AppleWebKit/537.36 (KHTML, like Gecko) Chrome/95.0.4638.69 Safari/537.36 OPR/81.0.4196.60"
94.254.222.221 - - [04/Dec/2021:22:20:06 +0100] "GET /rss/ HTTP/2.0" 304 0 "-" "Mozilla/5.0 (Windows NT 10.0; Win64; x64) AppleWebKit/537.36 (KHTML, like Gecko) Chrome/95.0.4638.69 Safari/537.36 OPR/81.0.4196.60"
94.254.222.221 - - [04/Dec/2021:22:35:07 +0100] "GET /rss/ HTTP/2.0" 304 0 "-" "Mozilla/5.0 (Windows NT 10.0; Win64; x64) AppleWebKit/537.36 (KHTML, like Gecko) Chrome/95.0.4638.69 Safari/537.36 OPR/81.0.4196.60"
94.254.222.221 - - [04/Dec/2021:22:50:06 +0100] "GET /rss/ HTTP/2.0" 304 0 "-" "Mozilla/5.0 (Windows NT 10.0; Win64; x64) AppleWebKit/537.36 (KHTML, like Gecko) Chrome/95.0.4638.69 Safari/537.36 OPR/81.0.4196.60"
118.69.248.82 - - [04/Dec/2021:22:59:28 +0100] "GET /aaa9 HTTP/1.1" 301 162 "-" "python-requests/2.26.0"
118.69.248.82 - - [04/Dec/2021:22:59:29 +0100] "GET /aaa9 HTTP/1.1" 200 595 "-" "python-requests/2.26.0"
45.83.65.102 - - [04/Dec/2021:22:59:59 +0100] "GET / HTTP/1.1" 301 162 "-" "Mozilla/5.0 (Windows NT 10.0; Win64; x64; rv:65.0) Gecko/20100101 Firefox/65.0"
167.94.138.58 - - [04/Dec/2021:23:03:21 +0100] "GET / HTTP/1.1" 200 1345 "-" "-"
167.94.138.58 - - [04/Dec/2021:23:03:21 +0100] "GET / HTTP/1.1" 200 595 "-" "Mozilla/5.0 (compatible; CensysInspect/1.1; +https://about.censys.io/)"
198.98.49.124 - - [04/Dec/2021:23:06:42 +0100] "GET /config/getuser?index=0 HTTP/1.1" 301 162 "-" "Mozilla/5.0 (X11; Ubuntu; Linux x86_64; rv:76.0) Gecko/20100101 Firefox/76.0"
91.90.121.121 - - [04/Dec/2021:23:18:40 +0100] "GET /.env HTTP/1.1" 301 162 "-" "Mozilla/5.0 (X11; Linux x86_64) AppleWebKit/537.36 (KHTML, like Gecko) Chrome/81.0.4044.129 Safari/537.36"
91.90.121.121 - - [04/Dec/2021:23:18:41 +0100] "POST / HTTP/1.1" 301 162 "-" "Mozilla/5.0 (X11; Linux x86_64) AppleWebKit/537.36 (KHTML, like Gecko) Chrome/81.0.4044.129 Safari/537.36"
109.237.103.123 - - [05/Dec/2021:00:20:24 +0100] "GET /.env HTTP/1.1" 301 162 "-" "Mozilla/5.0 (X11; Linux x86_64) AppleWebKit/537.36 (KHTML, like Gecko) Chrome/81.0.4044.129 Safari/537.36"
109.237.103.123 - - [05/Dec/2021:00:20:24 +0100] "POST /.env HTTP/1.1" 301 162 "-" "Mozilla/5.0 (X11; Linux x86_64) AppleWebKit/537.36 (KHTML, like Gecko) Chrome/81.0.4044.129 Safari/537.36"
109.237.103.123 - - [05/Dec/2021:00:20:24 +0100] "GET /.env HTTP/1.1" 200 595 "-" "Mozilla/5.0 (X11; Linux x86_64) AppleWebKit/537.36 (KHTML, like Gecko) Chrome/81.0.4044.129 Safari/537.36"
109.237.103.123 - - [05/Dec/2021:00:20:24 +0100] "GET /.env HTTP/1.1" 301 162 "-" "Mozilla/5.0 (X11; Linux x86_64) AppleWebKit/537.36 (KHTML, like Gecko) Chrome/81.0.4044.129 Safari/537.36"
109.237.103.123 - - [05/Dec/2021:00:20:25 +0100] "POST /.env HTTP/1.1" 301 162 "-" "Mozilla/5.0 (X11; Linux x86_64) AppleWebKit/537.36 (KHTML, like Gecko) Chrome/81.0.4044.129 Safari/537.36"
118.123.105.67 - - [05/Dec/2021:00:39:12 +0100] "GET / HTTP/1.0" 400 248 "-" "-"
118.123.105.67 - - [05/Dec/2021:00:39:13 +0100] "GET / HTTP/1.1" 200 595 "-" "Mozilla/5.0 (X11; Linux x86_64) AppleWebKit/537.36 (KHTML, like Gecko) Chrome/86.0.4 240.111 Safari/537.36"
118.123.105.67 - - [05/Dec/2021:00:39:22 +0100] "GET /favicon.ico HTTP/1.1" 400 650 "-" "Mozilla/5.0 (X11; Linux x86_64) AppleWebKit/537.36 (KHTML, like Gecko) Chrome/86.0.4 240.111 Safari/537.36"
118.123.105.67 - - [05/Dec/2021:00:39:23 +0100] "GET /robots.txt HTTP/1.1" 400 650 "-" "Mozilla/5.0 (X11; Linux x86_64) AppleWebKit/537.36 (KHTML, like Gecko) Chrome/86.0.4 240.111 Safari/537.36"
118.123.105.67 - - [05/Dec/2021:00:39:24 +0100] "GET /.well-known/security.txt HTTP/1.1" 400 650 "-" "Mozilla/5.0 (X11; Linux x86_64) AppleWebKit/537.36 (KHTML, like Gecko) Chrome/86.0.4 240.111 Safari/537.36"
91.90.121.121 - - [05/Dec/2021:00:42:51 +0100] "GET /.env HTTP/1.1" 301 162 "-" "Mozilla/5.0 (X11; Linux x86_64) AppleWebKit/537.36 (KHTML, like Gecko) Chrome/81.0.4044.129 Safari/537.36"
91.90.121.121 - - [05/Dec/2021:00:42:53 +0100] "POST / HTTP/1.1" 301 162 "-" "Mozilla/5.0 (X11; Linux x86_64) AppleWebKit/537.36 (KHTML, like Gecko) Chrome/81.0.4044.129 Safari/537.36"
118.123.105.67 - - [05/Dec/2021:00:43:26 +0100] "GET / HTTP/1.0" 301 162 "-" "-"
118.123.105.67 - - [05/Dec/2021:00:43:27 +0100] "GET / HTTP/1.1" 301 162 "-" "Mozilla/5.0 (X11; Linux x86_64) AppleWebKit/537.36 (KHTML, like Gecko) Chrome/86.0.4 240.111 Safari/537.36"
118.123.105.67 - - [05/Dec/2021:00:43:28 +0100] "GET / HTTP/1.1" 200 595 "http://85.255.1.106" "Mozilla/5.0 (X11; Linux x86_64) AppleWebKit/537.36 (KHTML, like Gecko) Chrome/86.0.4 240.111 Safari/537.36"
