125.64.94.140 - - [19/Jan/2022:06:55:52 +0100] "GET /.well-known/security.txt HTTP/1.1" 200 595 "-" "Mozilla/5.0 (X11; Linux x86_64) AppleWebKit/537.36 (KHTML, like Gecko) Chrome/86.0.4 240.111 Safari/537.36"
192.241.217.128 - - [19/Jan/2022:07:03:43 +0100] "GET / HTTP/1.1" 301 162 "-" "Mozilla/5.0 zgrab/0.x"
184.105.139.70 - - [19/Jan/2022:07:09:25 +0100] "GET / HTTP/1.1" 200 1345 "-" "-"
66.240.236.109 - - [19/Jan/2022:07:28:14 +0100] "GET / HTTP/1.1" 301 162 "-" "Mozilla/5.0 zgrab/0.x"
192.241.217.237 - - [19/Jan/2022:07:28:26 +0100] "GET / HTTP/1.1" 200 595 "-" "Mozilla/5.0 zgrab/0.x"
118.123.105.68 - - [19/Jan/2022:07:58:58 +0100] "GET / HTTP/1.0" 200 1345 "-" "-"
118.123.105.68 - - [19/Jan/2022:07:58:59 +0100] "GET /favicon.ico HTTP/1.1" 200 595 "-" "Mozilla/5.0 (X11; Linux x86_64) AppleWebKit/537.36 (KHTML, like Gecko) Chrome/86.0.4 240.111 Safari/537.36"
118.123.105.68 - - [19/Jan/2022:07:58:59 +0100] "GET /robots.txt HTTP/1.1" 200 595 "-" "Mozilla/5.0 (X11; Linux x86_64) AppleWebKit/537.36 (KHTML, like Gecko) Chrome/86.0.4 240.111 Safari/537.36"
118.123.105.68 - - [19/Jan/2022:07:59:01 +0100] "GET /.well-known/security.txt HTTP/1.1" 200 595 "-" "Mozilla/5.0 (X11; Linux x86_64) AppleWebKit/537.36 (KHTML, like Gecko) Chrome/86.0.4 240.111 Safari/537.36"
71.6.232.4 - - [19/Jan/2022:07:59:55 +0100] "GET / HTTP/1.1" 301 162 "-" "Mozilla/5.0 (Windows NT 10.0; Win64; x64) AppleWebKit/537.36 (KHTML, like Gecko) Chrome/74.0.3729.131 Safari/537.36"
40.77.167.36 - - [19/Jan/2022:08:03:46 +0100] "GET / HTTP/2.0" 200 13159 "-" "Mozilla/5.0 (compatible; bingbot/2.0; +http://www.bing.com/bingbot.htm)"
66.249.70.25 - - [19/Jan/2022:08:14:37 +0100] "GET /robots.txt HTTP/1.1" 200 108 "-" "Mozilla/5.0 (compatible; Googlebot/2.1; +http://www.google.com/bot.html)"
40.77.167.104 - - [19/Jan/2022:08:24:52 +0100] "GET /robots.txt HTTP/1.1" 301 162 "-" "Mozilla/5.0 (compatible; bingbot/2.0; +http://www.bing.com/bingbot.htm)"
40.77.167.104 - - [19/Jan/2022:08:24:52 +0100] "GET /robots.txt HTTP/2.0" 200 108 "-" "Mozilla/5.0 (compatible; bingbot/2.0; +http://www.bing.com/bingbot.htm)"
157.55.39.214 - - [19/Jan/2022:08:25:02 +0100] "GET / HTTP/1.1" 301 162 "-" "Mozilla/5.0 (compatible; bingbot/2.0; +http://www.bing.com/bingbot.htm)"
205.185.114.93 - - [19/Jan/2022:08:25:24 +0100] "GET /phpmyadmin/scripts/setup.php HTTP/1.1" 400 150 "-" "-"
66.249.70.27 - - [19/Jan/2022:08:28:09 +0100] "GET /assets/styles/main.css?v=ffd8b13e55 HTTP/1.1" 200 14070 "https://krzwiatrzyk.eu/weekly-stories-3/" "Mozilla/5.0 (Linux; Android 6.0.1; Nexus 5X Build/MMB29P) AppleWebKit/537.36 (KHTML, like Gecko) Chrome/96.0.4664.110 Mobile Safari/537.36 (compatible; Googlebot/2.1; +http://www.google.com/bot.html)"
40.77.167.36 - - [19/Jan/2022:09:19:09 +0100] "GET / HTTP/2.0" 200 13159 "-" "Mozilla/5.0 (compatible; bingbot/2.0; +http://www.bing.com/bingbot.htm)"
40.77.167.99 - - [19/Jan/2022:09:25:19 +0100] "GET /robots.txt HTTP/2.0" 200 108 "-" "Mozilla/5.0 (compatible; bingbot/2.0; +http://www.bing.com/bingbot.htm)"
40.77.167.36 - - [19/Jan/2022:09:25:27 +0100] "GET /sitemap-pages.xml HTTP/2.0" 200 525 "-" "Mozilla/5.0 (compatible; bingbot/2.0; +http://www.bing.com/bingbot.htm)"
66.249.70.157 - - [19/Jan/2022:09:39:50 +0100] "GET /robots.txt HTTP/1.1" 200 108 "-" "Mozilla/5.0 (compatible; Googlebot/2.1; +http://www.google.com/bot.html)"
66.249.70.153 - - [19/Jan/2022:09:39:50 +0100] "GET /tool-stack/ HTTP/1.1" 200 12449 "-" "Mozilla/5.0 (Linux; Android 6.0.1; Nexus 5X Build/MMB29P) AppleWebKit/537.36 (KHTML, like Gecko) Chrome/97.0.4692.71 Mobile Safari/537.36 (compatible; Googlebot/2.1; +http://www.google.com/bot.html)"
40.77.167.104 - - [19/Jan/2022:09:46:30 +0100] "GET /robots.txt HTTP/1.1" 301 162 "-" "Mozilla/5.0 (compatible; bingbot/2.0; +http://www.bing.com/bingbot.htm)"
40.77.167.104 - - [19/Jan/2022:09:46:30 +0100] "GET /robots.txt HTTP/2.0" 200 108 "-" "Mozilla/5.0 (compatible; bingbot/2.0; +http://www.bing.com/bingbot.htm)"
157.55.39.214 - - [19/Jan/2022:09:46:39 +0100] "GET / HTTP/1.1" 301 162 "-" "Mozilla/5.0 (compatible; bingbot/2.0; +http://www.bing.com/bingbot.htm)"
125.64.94.214 - - [19/Jan/2022:09:55:10 +0100] "GET / HTTP/1.0" 200 1345 "-" "-"
125.64.94.214 - - [19/Jan/2022:09:55:11 +0100] "GET /favicon.ico HTTP/1.1" 200 595 "-" "Mozilla/5.0 (X11; Linux x86_64) AppleWebKit/537.36 (KHTML, like Gecko) Chrome/86.0.4 240.111 Safari/537.36"
125.64.94.214 - - [19/Jan/2022:09:55:12 +0100] "GET /robots.txt HTTP/1.1" 200 595 "-" "Mozilla/5.0 (X11; Linux x86_64) AppleWebKit/537.36 (KHTML, like Gecko) Chrome/86.0.4 240.111 Safari/537.36"
125.64.94.214 - - [19/Jan/2022:09:55:13 +0100] "GET /.well-known/security.txt HTTP/1.1" 200 595 "-" "Mozilla/5.0 (X11; Linux x86_64) AppleWebKit/537.36 (KHTML, like Gecko) Chrome/86.0.4 240.111 Safari/537.36"
5.8.10.202 - - [19/Jan/2022:10:11:33 +0100] "GET /aaa9 HTTP/1.1" 200 595 "-" "Mozilla/5.0 (Windows NT 10.0; Win64; x64) AppleWebKit/537.36 (KHTML, like Gecko) Chrome/70.0.3538.77 Safari/537.36"
5.8.10.202 - - [19/Jan/2022:10:11:33 +0100] "GET /aab9 HTTP/1.1" 200 595 "-" "Mozilla/5.0 (Windows NT 10.0; Win64; x64) AppleWebKit/537.36 (KHTML, like Gecko) Chrome/70.0.3538.77 Safari/537.36"
66.249.70.157 - - [19/Jan/2022:10:25:26 +0100] "GET /assets/scripts/prismjs.js?v=ffd8b13e55 HTTP/1.1" 200 7123 "-" "Mozilla/5.0 (compatible; Googlebot/2.1; +http://www.google.com/bot.html)"
221.2.155.199 - - [19/Jan/2022:10:43:14 +0100] "GET / HTTP/1.0" 301 162 "-" "Mozilla/5.0"
107.21.152.44 - - [19/Jan/2022:10:47:56 +0100] "GET /rss HTTP/1.1" 301 5 "-" "Forem Feeds Importer"
107.21.152.44 - - [19/Jan/2022:10:47:56 +0100] "GET /rss/ HTTP/1.1" 200 3448 "-" "Forem Feeds Importer"
45.129.18.116 - - [19/Jan/2022:10:55:05 +0100] "HEAD / HTTP/1.1" 301 0 "-" "Mozilla/5.0 (Macintosh; Intel Mac OS X 10_9_3) AppleWebKit/537.36 (KHTML, like Gecko) Chrome/35.0.1916.47 Safari/537.36"
45.129.18.214 - - [19/Jan/2022:10:55:07 +0100] "HEAD / HTTP/1.1" 200 0 "-" "Mozilla/5.0 (Macintosh; Intel Mac OS X 10_9_3) AppleWebKit/537.36 (KHTML, like Gecko) Chrome/35.0.1916.47 Safari/537.36"
40.77.167.47 - - [19/Jan/2022:11:04:17 +0100] "GET /sitemap.xml HTTP/2.0" 200 642 "-" "Mozilla/5.0 (compatible; bingbot/2.0; +http://www.bing.com/bingbot.htm)"
118.123.105.68 - - [19/Jan/2022:11:08:25 +0100] "GET / HTTP/1.0" 301 162 "-" "-"
118.123.105.68 - - [19/Jan/2022:11:08:25 +0100] "GET / HTTP/1.1" 301 162 "-" "Mozilla/5.0 (X11; Linux x86_64) AppleWebKit/537.36 (KHTML, like Gecko) Chrome/86.0.4 240.111 Safari/537.36"
118.123.105.68 - - [19/Jan/2022:11:08:27 +0100] "GET / HTTP/1.1" 200 595 "http://85.255.1.106" "Mozilla/5.0 (X11; Linux x86_64) AppleWebKit/537.36 (KHTML, like Gecko) Chrome/86.0.4 240.111 Safari/537.36"
118.123.105.68 - - [19/Jan/2022:11:08:27 +0100] "GET /favicon.ico HTTP/1.1" 301 162 "-" "Mozilla/5.0 (X11; Linux x86_64) AppleWebKit/537.36 (KHTML, like Gecko) Chrome/86.0.4 240.111 Safari/537.36"
118.123.105.68 - - [19/Jan/2022:11:08:28 +0100] "GET /favicon.ico HTTP/1.1" 200 595 "http://85.255.1.106/favicon.ico" "Mozilla/5.0 (X11; Linux x86_64) AppleWebKit/537.36 (KHTML, like Gecko) Chrome/86.0.4 240.111 Safari/537.36"
118.123.105.68 - - [19/Jan/2022:11:08:29 +0100] "GET /robots.txt HTTP/1.1" 301 162 "-" "Mozilla/5.0 (X11; Linux x86_64) AppleWebKit/537.36 (KHTML, like Gecko) Chrome/86.0.4 240.111 Safari/537.36"
118.123.105.68 - - [19/Jan/2022:11:08:30 +0100] "GET /robots.txt HTTP/1.1" 200 595 "http://85.255.1.106/robots.txt" "Mozilla/5.0 (X11; Linux x86_64) AppleWebKit/537.36 (KHTML, like Gecko) Chrome/86.0.4 240.111 Safari/537.36"
118.123.105.68 - - [19/Jan/2022:11:08:31 +0100] "GET /.well-known/security.txt HTTP/1.1" 301 162 "-" "Mozilla/5.0 (X11; Linux x86_64) AppleWebKit/537.36 (KHTML, like Gecko) Chrome/86.0.4 240.111 Safari/537.36"
118.123.105.68 - - [19/Jan/2022:11:08:33 +0100] "GET /.well-known/security.txt HTTP/1.1" 200 595 "http://85.255.1.106/.well-known/security.txt" "Mozilla/5.0 (X11; Linux x86_64) AppleWebKit/537.36 (KHTML, like Gecko) Chrome/86.0.4 240.111 Safari/537.36"
66.249.70.25 - - [19/Jan/2022:11:09:49 +0100] "GET /robots.txt HTTP/1.1" 200 108 "-" "Mozilla/5.0 (compatible; Googlebot/2.1; +http://www.google.com/bot.html)"
66.249.70.29 - - [19/Jan/2022:11:09:50 +0100] "GET /tripy-2021/ HTTP/1.1" 200 12352 "-" "Mozilla/5.0 (compatible; Googlebot/2.1; +http://www.google.com/bot.html)"
40.77.167.47 - - [19/Jan/2022:11:17:49 +0100] "GET /sitemap.xml HTTP/2.0" 200 642 "-" "Mozilla/5.0 (compatible; bingbot/2.0; +http://www.bing.com/bingbot.htm)"
193.56.29.120 - - [19/Jan/2022:11:34:29 +0100] "GET /.env HTTP/1.1" 301 162 "-" "Mozilla/5.0 (Macintosh;                 Intel Mac OS X 10_10_1) AppleWebKit/537.36 (KHTML,                 like Gecko) Chrome/39.0.2171.95 Safari/537.36"
193.56.29.120 - - [19/Jan/2022:11:34:29 +0100] "GET /.env HTTP/1.1" 200 595 "-" "Mozilla/5.0 (Macintosh;                 Intel Mac OS X 10_10_1) AppleWebKit/537.36 (KHTML,                 like Gecko) Chrome/39.0.2171.95 Safari/537.36"
193.56.29.120 - - [19/Jan/2022:11:34:30 +0100] "GET /vendor/.env HTTP/1.1" 301 162 "-" "Mozilla/5.0 (Macintosh;                 Intel Mac OS X 10_10_1) AppleWebKit/537.36 (KHTML,                 like Gecko) Chrome/39.0.2171.95 Safari/537.36"
193.56.29.120 - - [19/Jan/2022:11:34:30 +0100] "GET /vendor/.env HTTP/1.1" 200 595 "-" "Mozilla/5.0 (Macintosh;                 Intel Mac OS X 10_10_1) AppleWebKit/537.36 (KHTML,                 like Gecko) Chrome/39.0.2171.95 Safari/537.36"
193.56.29.120 - - [19/Jan/2022:11:34:30 +0100] "GET /admin/.env HTTP/1.1" 301 162 "-" "Mozilla/5.0 (Macintosh;                 Intel Mac OS X 10_10_1) AppleWebKit/537.36 (KHTML,                 like Gecko) Chrome/39.0.2171.95 Safari/537.36"
193.56.29.120 - - [19/Jan/2022:11:34:30 +0100] "GET /admin/.env HTTP/1.1" 200 595 "-" "Mozilla/5.0 (Macintosh;                 Intel Mac OS X 10_10_1) AppleWebKit/537.36 (KHTML,                 like Gecko) Chrome/39.0.2171.95 Safari/537.36"
193.56.29.120 - - [19/Jan/2022:11:34:30 +0100] "GET /laravel/.env HTTP/1.1" 301 162 "-" "Mozilla/5.0 (Macintosh;                 Intel Mac OS X 10_10_1) AppleWebKit/537.36 (KHTML,                 like Gecko) Chrome/39.0.2171.95 Safari/537.36"
193.56.29.120 - - [19/Jan/2022:11:34:30 +0100] "GET /laravel/.env HTTP/1.1" 200 595 "-" "Mozilla/5.0 (Macintosh;                 Intel Mac OS X 10_10_1) AppleWebKit/537.36 (KHTML,                 like Gecko) Chrome/39.0.2171.95 Safari/537.36"
193.56.29.120 - - [19/Jan/2022:11:34:30 +0100] "GET /dev/.env HTTP/1.1" 301 162 "-" "Mozilla/5.0 (Macintosh;                 Intel Mac OS X 10_10_1) AppleWebKit/537.36 (KHTML,                 like Gecko) Chrome/39.0.2171.95 Safari/537.36"
193.56.29.120 - - [19/Jan/2022:11:34:30 +0100] "GET /dev/.env HTTP/1.1" 200 595 "-" "Mozilla/5.0 (Macintosh;                 Intel Mac OS X 10_10_1) AppleWebKit/537.36 (KHTML,                 like Gecko) Chrome/39.0.2171.95 Safari/537.36"
193.56.29.120 - - [19/Jan/2022:11:34:30 +0100] "GET /test/.env HTTP/1.1" 301 162 "-" "Mozilla/5.0 (Macintosh;                 Intel Mac OS X 10_10_1) AppleWebKit/537.36 (KHTML,                 like Gecko) Chrome/39.0.2171.95 Safari/537.36"
193.56.29.120 - - [19/Jan/2022:11:34:30 +0100] "GET /test/.env HTTP/1.1" 200 595 "-" "Mozilla/5.0 (Macintosh;                 Intel Mac OS X 10_10_1) AppleWebKit/537.36 (KHTML,                 like Gecko) Chrome/39.0.2171.95 Safari/537.36"
193.56.29.120 - - [19/Jan/2022:11:34:30 +0100] "GET /portal/.env HTTP/1.1" 301 162 "-" "Mozilla/5.0 (Macintosh;                 Intel Mac OS X 10_10_1) AppleWebKit/537.36 (KHTML,                 like Gecko) Chrome/39.0.2171.95 Safari/537.36"
193.56.29.120 - - [19/Jan/2022:11:34:31 +0100] "GET /portal/.env HTTP/1.1" 200 595 "-" "Mozilla/5.0 (Macintosh;                 Intel Mac OS X 10_10_1) AppleWebKit/537.36 (KHTML,                 like Gecko) Chrome/39.0.2171.95 Safari/537.36"
193.56.29.120 - - [19/Jan/2022:11:34:31 +0100] "POST / HTTP/1.1" 301 162 "-" "Mozilla/5.0 (Macintosh;                 Intel Mac OS X 10_10_1) AppleWebKit/537.36 (KHTML,                 like Gecko) Chrome/39.0.2171.95 Safari/537.36"
193.56.29.120 - - [19/Jan/2022:11:34:31 +0100] "POST / HTTP/1.1" 405 552 "-" "Mozilla/5.0 (Macintosh;                 Intel Mac OS X 10_10_1) AppleWebKit/537.36 (KHTML,                 like Gecko) Chrome/39.0.2171.95 Safari/537.36"
125.64.94.140 - - [19/Jan/2022:11:50:05 +0100] "GET / HTTP/1.0" 301 162 "-" "-"
125.64.94.140 - - [19/Jan/2022:11:50:05 +0100] "GET / HTTP/1.1" 301 162 "-" "Mozilla/5.0 (X11; Linux x86_64) AppleWebKit/537.36 (KHTML, like Gecko) Chrome/86.0.4 240.111 Safari/537.36"
125.64.94.140 - - [19/Jan/2022:11:50:09 +0100] "GET / HTTP/1.1" 200 595 "http://85.255.1.106" "Mozilla/5.0 (X11; Linux x86_64) AppleWebKit/537.36 (KHTML, like Gecko) Chrome/86.0.4 240.111 Safari/537.36"
125.64.94.140 - - [19/Jan/2022:11:50:09 +0100] "GET /favicon.ico HTTP/1.1" 301 162 "-" "Mozilla/5.0 (X11; Linux x86_64) AppleWebKit/537.36 (KHTML, like Gecko) Chrome/86.0.4 240.111 Safari/537.36"
125.64.94.140 - - [19/Jan/2022:11:50:12 +0100] "GET /favicon.ico HTTP/1.1" 200 595 "http://85.255.1.106/favicon.ico" "Mozilla/5.0 (X11; Linux x86_64) AppleWebKit/537.36 (KHTML, like Gecko) Chrome/86.0.4 240.111 Safari/537.36"
125.64.94.140 - - [19/Jan/2022:11:50:13 +0100] "GET /robots.txt HTTP/1.1" 301 162 "-" "Mozilla/5.0 (X11; Linux x86_64) AppleWebKit/537.36 (KHTML, like Gecko) Chrome/86.0.4 240.111 Safari/537.36"
125.64.94.140 - - [19/Jan/2022:11:50:15 +0100] "GET /robots.txt HTTP/1.1" 200 595 "http://85.255.1.106/robots.txt" "Mozilla/5.0 (X11; Linux x86_64) AppleWebKit/537.36 (KHTML, like Gecko) Chrome/86.0.4 240.111 Safari/537.36"
125.64.94.140 - - [19/Jan/2022:11:50:16 +0100] "GET /.well-known/security.txt HTTP/1.1" 301 162 "-" "Mozilla/5.0 (X11; Linux x86_64) AppleWebKit/537.36 (KHTML, like Gecko) Chrome/86.0.4 240.111 Safari/537.36"
125.64.94.140 - - [19/Jan/2022:11:50:17 +0100] "GET /.well-known/security.txt HTTP/1.1" 200 595 "http://85.255.1.106/.well-known/security.txt" "Mozilla/5.0 (X11; Linux x86_64) AppleWebKit/537.36 (KHTML, like Gecko) Chrome/86.0.4 240.111 Safari/537.36"
66.249.70.83 - - [19/Jan/2022:11:54:51 +0100] "GET /robots.txt HTTP/1.1" 200 595 "-" "Mozilla/5.0 (compatible; Googlebot/2.1; +http://www.google.com/bot.html)"
66.249.70.83 - - [19/Jan/2022:11:54:51 +0100] "GET / HTTP/1.1" 200 595 "-" "Mozilla/5.0 (Linux; Android 6.0.1; Nexus 5X Build/MMB29P) AppleWebKit/537.36 (KHTML, like Gecko) Chrome/97.0.4692.71 Mobile Safari/537.36 (compatible; Googlebot/2.1; +http://www.google.com/bot.html)"
192.241.217.239 - - [19/Jan/2022:12:00:04 +0100] "GET /ecp/Current/exporttool/microsoft.exchange.ediscovery.exporttool.application HTTP/1.1" 200 595 "-" "Mozilla/5.0 zgrab/0.x"
192.241.217.249 - - [19/Jan/2022:12:12:42 +0100] "GET /owa/auth/logon.aspx?url=https%3a%2f%2f1%2fecp%2f HTTP/1.1" 200 595 "-" "Mozilla/5.0 zgrab/0.x"
125.64.94.214 - - [19/Jan/2022:12:15:28 +0100] "GET / HTTP/1.0" 301 162 "-" "-"
125.64.94.214 - - [19/Jan/2022:12:15:29 +0100] "GET / HTTP/1.1" 301 162 "-" "Mozilla/5.0 (X11; Linux x86_64) AppleWebKit/537.36 (KHTML, like Gecko) Chrome/86.0.4 240.111 Safari/537.36"
125.64.94.214 - - [19/Jan/2022:12:15:30 +0100] "GET / HTTP/1.1" 200 595 "http://85.255.1.106" "Mozilla/5.0 (X11; Linux x86_64) AppleWebKit/537.36 (KHTML, like Gecko) Chrome/86.0.4 240.111 Safari/537.36"
125.64.94.214 - - [19/Jan/2022:12:15:31 +0100] "GET /favicon.ico HTTP/1.1" 301 162 "-" "Mozilla/5.0 (X11; Linux x86_64) AppleWebKit/537.36 (KHTML, like Gecko) Chrome/86.0.4 240.111 Safari/537.36"
125.64.94.214 - - [19/Jan/2022:12:15:32 +0100] "GET /favicon.ico HTTP/1.1" 200 595 "http://85.255.1.106/favicon.ico" "Mozilla/5.0 (X11; Linux x86_64) AppleWebKit/537.36 (KHTML, like Gecko) Chrome/86.0.4 240.111 Safari/537.36"
125.64.94.214 - - [19/Jan/2022:12:15:32 +0100] "GET /robots.txt HTTP/1.1" 301 162 "-" "Mozilla/5.0 (X11; Linux x86_64) AppleWebKit/537.36 (KHTML, like Gecko) Chrome/86.0.4 240.111 Safari/537.36"
125.64.94.214 - - [19/Jan/2022:12:15:33 +0100] "GET /robots.txt HTTP/1.1" 200 595 "http://85.255.1.106/robots.txt" "Mozilla/5.0 (X11; Linux x86_64) AppleWebKit/537.36 (KHTML, like Gecko) Chrome/86.0.4 240.111 Safari/537.36"
125.64.94.214 - - [19/Jan/2022:12:15:34 +0100] "GET /.well-known/security.txt HTTP/1.1" 301 162 "-" "Mozilla/5.0 (X11; Linux x86_64) AppleWebKit/537.36 (KHTML, like Gecko) Chrome/86.0.4 240.111 Safari/537.36"
125.64.94.214 - - [19/Jan/2022:12:15:35 +0100] "GET /.well-known/security.txt HTTP/1.1" 200 595 "http://85.255.1.106/.well-known/security.txt" "Mozilla/5.0 (X11; Linux x86_64) AppleWebKit/537.36 (KHTML, like Gecko) Chrome/86.0.4 240.111 Safari/537.36"
157.245.176.143 - - [19/Jan/2022:12:29:56 +0100] "SSTP_DUPLEX_POST /sra_{BA195980-CD49-458b-9E23-C84EE0ADCD75}/ HTTP/1.1" 400 150 "-" "-"
130.211.54.158 - - [19/Jan/2022:12:39:05 +0100] "GET / HTTP/1.1" 301 162 "-" "python-requests/2.27.1"
66.249.70.68 - - [19/Jan/2022:12:39:49 +0100] "GET /robots.txt HTTP/1.1" 301 162 "-" "Mozilla/5.0 (compatible; Googlebot/2.1; +http://www.google.com/bot.html)"
66.249.70.68 - - [19/Jan/2022:12:39:49 +0100] "GET / HTTP/1.1" 301 162 "-" "Mozilla/5.0 (Linux; Android 6.0.1; Nexus 5X Build/MMB29P) AppleWebKit/537.36 (KHTML, like Gecko) Chrome/97.0.4692.71 Mobile Safari/537.36 (compatible; Googlebot/2.1; +http://www.google.com/bot.html)"
209.141.54.110 - - [19/Jan/2022:12:41:43 +0100] "GET / HTTP/1.1" 301 162 "-" "Linux Gnu (cow)"
107.189.12.178 - - [19/Jan/2022:13:00:21 +0100] "GET / HTTP/1.1" 301 162 "-" "-"
107.189.12.178 - - [19/Jan/2022:13:00:21 +0100] "POST /HNAP1/ HTTP/1.1" 301 162 "-" "Mozila/5.0"
78.96.115.79 - - [19/Jan/2022:13:14:20 +0100] "GET / HTTP/1.1" 301 162 "-" "-"
78.96.115.79 - - [19/Jan/2022:13:14:21 +0100] "GET / HTTP/1.1" 200 47969 "-" "-"
78.96.115.79 - - [19/Jan/2022:13:14:21 +0100] "GET / HTTP/1.1" 301 162 "-" "Mozilla/4.0 (compatible; MSIE 6.0; Windows NT 5.2; .NET CLR 1.0.3705;)"
78.96.115.79 - - [19/Jan/2022:13:14:21 +0100] "GET / HTTP/1.1" 200 47969 "-" "Mozilla/4.0 (compatible; MSIE 6.0; Windows NT 5.2; .NET CLR 1.0.3705;)"
78.96.115.79 - - [19/Jan/2022:13:14:22 +0100] "GET /about/ HTTP/1.1" 404 42448 "-" "Mozilla/4.0 (compatible; MSIE 6.0; Windows NT 5.2; .NET CLR 1.0.3705;)"
78.96.115.79 - - [19/Jan/2022:13:14:22 +0100] "GET /author/krzwiatrzyk/ HTTP/1.1" 404 42448 "-" "Mozilla/4.0 (compatible; MSIE 6.0; Windows NT 5.2; .NET CLR 1.0.3705;)"
78.96.115.79 - - [19/Jan/2022:13:14:23 +0100] "GET /tool-stack/ HTTP/1.1" 200 39530 "-" "Mozilla/4.0 (compatible; MSIE 6.0; Windows NT 5.2; .NET CLR 1.0.3705;)"
78.96.115.79 - - [19/Jan/2022:13:14:23 +0100] "GET /signin/ HTTP/1.1" 301 162 "-" "Mozilla/4.0 (compatible; MSIE 6.0; Windows NT 5.2; .NET CLR 1.0.3705;)"
78.96.115.79 - - [19/Jan/2022:13:14:23 +0100] "GET /signin/ HTTP/1.1" 404 42424 "-" "Mozilla/4.0 (compatible; MSIE 6.0; Windows NT 5.2; .NET CLR 1.0.3705;)"
78.96.115.79 - - [19/Jan/2022:13:14:23 +0100] "GET /signup/ HTTP/1.1" 301 162 "-" "Mozilla/4.0 (compatible; MSIE 6.0; Windows NT 5.2; .NET CLR 1.0.3705;)"
78.96.115.79 - - [19/Jan/2022:13:14:23 +0100] "GET /signup/ HTTP/1.1" 404 42424 "-" "Mozilla/4.0 (compatible; MSIE 6.0; Windows NT 5.2; .NET CLR 1.0.3705;)"
78.96.115.79 - - [19/Jan/2022:13:14:23 +0100] "GET /weekly-stories-3/ HTTP/1.1" 301 162 "-" "Mozilla/4.0 (compatible; MSIE 6.0; Windows NT 5.2; .NET CLR 1.0.3705;)"
78.96.115.79 - - [19/Jan/2022:13:14:23 +0100] "GET /weekly-stories-3/ HTTP/1.1" 200 58862 "-" "Mozilla/4.0 (compatible; MSIE 6.0; Windows NT 5.2; .NET CLR 1.0.3705;)"
78.96.115.79 - - [19/Jan/2022:13:14:24 +0100] "GET /tag/weekly-stories/ HTTP/1.1" 301 162 "-" "Mozilla/4.0 (compatible; MSIE 6.0; Windows NT 5.2; .NET CLR 1.0.3705;)"
78.96.115.79 - - [19/Jan/2022:13:14:24 +0100] "GET /tag/weekly-stories/ HTTP/1.1" 200 47637 "-" "Mozilla/4.0 (compatible; MSIE 6.0; Windows NT 5.2; .NET CLR 1.0.3705;)"
78.96.115.79 - - [19/Jan/2022:13:14:24 +0100] "GET /weekly-stories-2/ HTTP/1.1" 301 162 "-" "Mozilla/4.0 (compatible; MSIE 6.0; Windows NT 5.2; .NET CLR 1.0.3705;)"
78.96.115.79 - - [19/Jan/2022:13:14:24 +0100] "GET /weekly-stories-2/ HTTP/1.1" 200 59973 "-" "Mozilla/4.0 (compatible; MSIE 6.0; Windows NT 5.2; .NET CLR 1.0.3705;)"
78.96.115.79 - - [19/Jan/2022:13:14:25 +0100] "GET /weekly-stories/ HTTP/1.1" 301 162 "-" "Mozilla/4.0 (compatible; MSIE 6.0; Windows NT 5.2; .NET CLR 1.0.3705;)"
78.96.115.79 - - [19/Jan/2022:13:14:25 +0100] "GET /weekly-stories/ HTTP/1.1" 200 57575 "-" "Mozilla/4.0 (compatible; MSIE 6.0; Windows NT 5.2; .NET CLR 1.0.3705;)"
78.96.115.79 - - [19/Jan/2022:13:14:26 +0100] "GET /kubernetes-headless-service/ HTTP/1.1" 301 162 "-" "Mozilla/4.0 (compatible; MSIE 6.0; Windows NT 5.2; .NET CLR 1.0.3705;)"
78.96.115.79 - - [19/Jan/2022:13:14:26 +0100] "GET /kubernetes-headless-service/ HTTP/1.1" 200 59033 "-" "Mozilla/4.0 (compatible; MSIE 6.0; Windows NT 5.2; .NET CLR 1.0.3705;)"
78.96.115.79 - - [19/Jan/2022:13:14:27 +0100] "GET /tag/kubernetes-advanced/ HTTP/1.1" 301 162 "-" "Mozilla/4.0 (compatible; MSIE 6.0; Windows NT 5.2; .NET CLR 1.0.3705;)"
78.96.115.79 - - [19/Jan/2022:13:14:27 +0100] "GET /tag/kubernetes-advanced/ HTTP/1.1" 200 44421 "-" "Mozilla/4.0 (compatible; MSIE 6.0; Windows NT 5.2; .NET CLR 1.0.3705;)"
78.96.115.79 - - [19/Jan/2022:13:14:28 +0100] "GET /tag/weekly-stories/ HTTP/1.1" 200 47637 "-" "Mozilla/4.0 (compatible; MSIE 6.0; Windows NT 5.2; .NET CLR 1.0.3705;)"
78.96.115.79 - - [19/Jan/2022:13:14:28 +0100] "GET /tag/kubernetes-advanced/ HTTP/1.1" 200 44421 "-" "Mozilla/4.0 (compatible; MSIE 6.0; Windows NT 5.2; .NET CLR 1.0.3705;)"
78.96.115.79 - - [19/Jan/2022:13:14:28 +0100] "GET /author/krzysztof/ HTTP/1.1" 301 162 "-" "Mozilla/4.0 (compatible; MSIE 6.0; Windows NT 5.2; .NET CLR 1.0.3705;)"
78.96.115.79 - - [19/Jan/2022:13:14:29 +0100] "GET /author/krzysztof/ HTTP/1.1" 200 49153 "-" "Mozilla/4.0 (compatible; MSIE 6.0; Windows NT 5.2; .NET CLR 1.0.3705;)"
78.96.115.79 - - [19/Jan/2022:13:14:32 +0100] "GET /weekly-stories-2/ HTTP/1.1" 200 59973 "-" "Mozilla/4.0 (compatible; MSIE 6.0; Windows NT 5.2; .NET CLR 1.0.3705;)"
78.96.115.79 - - [19/Jan/2022:13:14:32 +0100] "GET /weekly-stories/ HTTP/1.1" 200 57575 "-" "Mozilla/4.0 (compatible; MSIE 6.0; Windows NT 5.2; .NET CLR 1.0.3705;)"
78.96.115.79 - - [19/Jan/2022:13:14:33 +0100] "GET /kubernetes-headless-service/ HTTP/1.1" 200 59033 "-" "Mozilla/4.0 (compatible; MSIE 6.0; Windows NT 5.2; .NET CLR 1.0.3705;)"
78.96.115.79 - - [19/Jan/2022:13:14:35 +0100] "GET /weekly-stories-3/ HTTP/1.1" 200 58862 "-" "Mozilla/4.0 (compatible; MSIE 6.0; Windows NT 5.2; .NET CLR 1.0.3705;)"
185.191.171.16 - - [19/Jan/2022:13:45:16 +0100] "GET /robots.txt HTTP/1.1" 200 108 "-" "Mozilla/5.0 (compatible; SemrushBot/7~bl; +http://www.semrush.com/bot.html)"
139.162.214.108 - - [19/Jan/2022:13:58:49 +0100] "GET / HTTP/1.1" 301 162 "-" "Mozilla/5.0 (Windows NT 6.1; WOW64; rv:8.0) Gecko/20100101 Firefox/8.0"
139.162.214.108 - - [19/Jan/2022:13:58:49 +0100] "GET / HTTP/2.0" 200 583 "-" "Mozilla/5.0 (Windows NT 6.1; WOW64; rv:8.0) Gecko/20100101 Firefox/8.0"
109.237.103.38 - - [19/Jan/2022:14:03:39 +0100] "GET /.env HTTP/1.1" 400 650 "-" "Mozilla/5.0 (X11; Linux x86_64) AppleWebKit/537.36 (KHTML, like Gecko) Chrome/81.0.4044.129 Safari/537.36"
109.237.103.38 - - [19/Jan/2022:14:03:39 +0100] "GET /.env HTTP/1.1" 200 595 "-" "Mozilla/5.0 (X11; Linux x86_64) AppleWebKit/537.36 (KHTML, like Gecko) Chrome/81.0.4044.129 Safari/537.36"
66.249.74.29 - - [19/Jan/2022:14:09:49 +0100] "GET /robots.txt HTTP/1.1" 200 108 "-" "Mozilla/5.0 (compatible; Googlebot/2.1; +http://www.google.com/bot.html)"
66.249.74.25 - - [19/Jan/2022:14:09:49 +0100] "GET /weekly-stories-2/ HTTP/1.1" 200 15987 "-" "Mozilla/5.0 (Linux; Android 6.0.1; Nexus 5X Build/MMB29P) AppleWebKit/537.36 (KHTML, like Gecko) Chrome/97.0.4692.71 Mobile Safari/537.36 (compatible; Googlebot/2.1; +http://www.google.com/bot.html)"
45.61.146.242 - - [19/Jan/2022:14:17:22 +0100] "POST /admin HTTP/1.1" 301 162 "-" "Mozilla/5.0 (Windows NT 6.1; WOW64) AppleWebKit/537.36 (KHTML, like Gecko) Chrome/36.0.1985.67 Safari/537.36"
184.105.247.252 - - [19/Jan/2022:14:29:29 +0100] "GET / HTTP/1.1" 301 162 "-" "-"
64.225.75.232 - - [19/Jan/2022:14:31:00 +0100] "GET / HTTP/1.1" 200 595 "-" "Mozilla/5.0 (Windows NT 10.0; Win64; x64) AppleWebKit/537.36 (KHTML, like Gecko) Chrome/73.0.3683.103 Safari/537.36 OPR/60.0.3255.83"
139.162.224.177 - - [19/Jan/2022:14:50:18 +0100] "GET / HTTP/2.0" 200 583 "-" "Mozilla/5.0 (Windows NT 6.1; WOW64; rv:8.0) Gecko/20100101 Firefox/8.0"
8.210.139.143 - - [19/Jan/2022:15:02:30 +0100] "GET /currentsetting.htm HTTP/1.1" 301 162 "-" "Mozilla/5.0 (Windows NT 10.0; Win64; x64) AppleWebKit/537.36 (KHTML, like Gecko) Chrome/78.0.3904.108 Safari/537.36"
8.210.139.143 - - [19/Jan/2022:15:02:32 +0100] "GET /currentsetting.htm HTTP/1.1" 200 595 "-" "Mozilla/5.0 (Windows NT 10.0; Win64; x64) AppleWebKit/537.36 (KHTML, like Gecko) Chrome/78.0.3904.108 Safari/537.36"
66.249.74.29 - - [19/Jan/2022:15:02:56 +0100] "GET /assets/scripts/search.js?v=ffd8b13e55 HTTP/1.1" 200 5992 "-" "Mozilla/5.0 (compatible; Googlebot/2.1; +http://www.google.com/bot.html)"
136.144.41.117 - - [19/Jan/2022:15:03:13 +0100] "GET / HTTP/1.1" 301 162 "-" "Linux Gnu (cow)"
205.185.114.93 - - [19/Jan/2022:15:09:48 +0100] "GET /phpmyadmin/scripts/setup.php HTTP/1.1" 400 150 "-" "-"
5.8.10.202 - - [19/Jan/2022:15:42:29 +0100] "GET /aaa9 HTTP/1.1" 200 595 "-" "Mozilla/5.0 (Windows NT 10.0; Win64; x64) AppleWebKit/537.36 (KHTML, like Gecko) Chrome/70.0.3538.77 Safari/537.36"
5.8.10.202 - - [19/Jan/2022:15:42:29 +0100] "GET /aab9 HTTP/1.1" 200 595 "-" "Mozilla/5.0 (Windows NT 10.0; Win64; x64) AppleWebKit/537.36 (KHTML, like Gecko) Chrome/70.0.3538.77 Safari/537.36"
185.156.72.10 - - [19/Jan/2022:15:42:52 +0100] "\x03\x00\x00/*\xE0\x00\x00\x00\x00\x00Cookie: mstshash=Administr" 400 150 "-" "-"
185.156.72.10 - - [19/Jan/2022:15:43:05 +0100] "\x03\x00\x00/*\xE0\x00\x00\x00\x00\x00Cookie: mstshash=Administr" 400 150 "-" "-"
54.165.210.232 - - [19/Jan/2022:15:50:34 +0100] "GET /rss HTTP/1.1" 301 5 "-" "Forem Feeds Importer"
54.165.210.232 - - [19/Jan/2022:15:50:35 +0100] "GET /rss/ HTTP/1.1" 200 3448 "-" "Forem Feeds Importer"
185.196.220.62 - - [19/Jan/2022:15:54:56 +0100] "POST /GponForm/diag_Form?images/ HTTP/1.1" 405 150 "-" "curl/7.3.2"
185.181.102.18 - - [19/Jan/2022:15:57:45 +0100] "GET / HTTP/1.1" 200 1345 "-" "Mozilla/5.0 (X11; Linux x86_64) AppleWebKit/537.36 (KHTML, like Gecko) Chrome/34.0.1847.137 Safari/537.36"
185.181.102.18 - - [19/Jan/2022:15:57:47 +0100] "" 400 0 "-" "-"
185.181.102.18 - - [19/Jan/2022:15:57:47 +0100] "" 400 0 "-" "-"
185.181.102.18 - - [19/Jan/2022:15:57:47 +0100] "" 400 0 "-" "-"
185.181.102.18 - - [19/Jan/2022:15:57:51 +0100] "GET /robots.txt HTTP/1.1" 200 1345 "-" "-"
185.181.102.18 - - [19/Jan/2022:15:57:51 +0100] "GET /sitemap.xml HTTP/1.1" 200 1345 "-" "-"
185.181.102.18 - - [19/Jan/2022:15:57:52 +0100] "GET /.well-known/security.txt HTTP/1.1" 200 1345 "-" "-"
185.181.102.18 - - [19/Jan/2022:15:57:52 +0100] "GET /favicon.ico HTTP/1.1" 200 595 "-" "Mozilla/5.0 (Macintosh; Intel Mac OS X 10.15; rv:80.0) Gecko/20100101 Firefox/80.0"
185.181.102.18 - - [19/Jan/2022:15:57:53 +0100] "\x03\xF0&\xE8a\x00\x00\x00\x00\x00\x00\x00\x00\x00\x00\x00\x00\x00\x00\x00\x00\x00\x00\x00\x00\x00\x00\x00\x00\x00\x00\x00\x00\x00\x00\x00\x00\x00\x00\x00\x00\x00\x00\x00\x00\x00\x00\x00\x00\x00\x00\x00\x00\x00\x00\x00\x00\x00\x00\x00\x00\x00\x00\x00\x00\x00\x00\x00\x00\x00\x00\x00\x00\x00\x00\x00\x00\x00\x00\x00\x00\x00\x00\x00\x00\x00\x00\x00\x00\x00\x00\x00\x00\x00\x00\x00\x00\x00\x00\x00\x00\x00\x00\x00\x00\x00\x00\x00\x00\x00\x00\x00\x00\x00\x00\x00\x00\x00\x00\x00\x00\x00\x00\x00\x00\x00\x00\x00\x00\x00\x00\x00\x00\x00\x00\x00\x00\x00\x00\x00\x00\x00\x00\x00\x00\x00\x00\x00\x00\x00\x00\x00\x00\x00\x00\x00\x00\x00\x00\x00\x00\x00\x00\x00\x00\x00\x00\x00\x00\x00\x00\x00\x00\x00\x00\x00\x00\x00\x00\x00\x00\x00\x00\x00\x00\x00\x00\x00\x00\x00\x00\x00\x00\x00\x00\x00\x00\x00\x00\x00\x00\x00\x00\x00\x00\x00\x00\x00\x00\x00\x00\x00\x00\x00\x00\x00\x00\x00\x00\x00\x00\x00\x00\x00\x00\x00\x00\x00\x00\x00\x00\x00\x00\x00\x00\x00\x00\x00\x00\x00\x00\x00\x00\x00\x00\x00\x00\x00\x00\x00\x00\x00\x00\x00\x00\x00\x00\x00\x00\x00\x00\x00\x00\x00\x00\x00\x00\x00\x00\x00\x00\x00\x00\x00\x00\x00\x00\x00\x00\x00\x00\x00\x00\x00\x00\x00\x00\x00\x00\x00\x00\x00\x00\x00\x00\x00\x00\x00\x00\x00\x00\x00\x00\x00\x00\x00\x00\x00\x00\x00\x00\x00\x00\x00\x00\x00\x00\x00\x00\x00\x00\x00\x00\x00\x00\x00\x00\x00\x00\x00\x00\x00\x00\x00\x00\x00\x00\x00\x00\x00\x00\x00\x00\x00\x00\x00\x00\x00\x00\x00\x00\x00\x00\x00\x00\x00\x00\x00\x00\x00\x00\x00\x00\x00\x00\x00\x00\x00\x00\x00\x00\x00\x00\x00\x00\x00\x00\x00\x00\x00\x00\x00\x00\x00\x00\x00\x00\x00\x00\x00\x00\x00\x00\x00\x00\x00\x00\x00\x00\x00\x00\x00\x00\x00\x00\x00\x00\x00\x00\x00\x00\x00\x00\x00\x00\x00\x00\x00\x00\x00\x00\x00\x00\x00\x00\x00\x00\x00\x00\x00\x00\x00\x00\x00\x00\x00\x00\x00\x00\x00\x00\x00\x00\x00\x00\x00\x00\x00\x00\x00\x00\x00\x00\x00\x00\x00\x00\x00\x00\x00\x00\x00\x00\x00\x00\x00\x00\x00\x00\x00\x00\x00\x00\x00\x00\x00\x00\x00\x00\x00\x00\x00\x00\x00\x00\x00\x00\x00\x00\x00\x00\x00\x00\x00\x00\x00\x00\x00\x00\x00\x00\x00\x00\x00\x00\x00\x00\x00\x00\x00\x00\x00\x00\x00\x00\x00\x00\x00\x00\x00\x00\x00\x00\x00\x00\x00\x00\x00\x00\x00\x00\x00\x00\x00\x00\x00\x00\x00\x00\x00\x00\x00\x00\x00\x00\x00\x00\x00\x00\x00\x00\x00\x00\x00\x00\x00\x00\x00\x00\x00\x00\x00\x00\x00\x00\x00\x00\x00\x00\x00\x00\x00\x00\x00\x00\x00\x00\x00\x00\x00\x00\x00\x00\x00\x00\x00\x00\x00\x00\x00\x00\x00\x00\x00\x00\x00\x00\x00\x00\x00\x00\x00\x00\x00\x00\x00\x00\x00\x00\x00\x00\x00\x00\x00\x00\x00\x00\x00\x00\x00\x00\x00\x00\x00\x00\x00\x00\x00\x00\x00\x00\x00\x00\x00\x00\x00\x00\x00\x00\x00\x00\x00\x00\x00\x00\x00\x00\x00\x00\x00\x00\x00\x00\x00\x00\x00\x00\x00\x00\x00\x00\x00\x00\x00\x00\x00\x00\x00\x00\x00\x00\x00\x00\x00\x00\x00\x00\x00\x00\x00\x00\x00\x00\x00\x00\x00\x00\x00\x00\x00\x00\x00\x00\x00\x00\x00\x00\x00\x00\x00\x00\x00\x00\x00\x00\x00\x00\x00\x00\x00\x00\x00\x00\x00\x00\x00\x00\x00\x00\x00\x00\x00\x00\x00\x00\x00\x00\x00\x00\x00\x00\x00\x00\x00\x00\x00\x00\x00\x00\x00\x00\x00\x00\x00\x00\x00\x00\x00\x00\x00\x00\x00\x00\x00\x00\x00\x00\x00\x00\x00\x00\x00\x00\x00\x00\x00\x00\x00\x00\x00\x00\x00\x00\x00\x00\x00\x00\x00\x00\x00\x00\x00\x00\x00\x00\x00\x00\x00\x00\x00\x00\x00\x00\x00\x00\x00\x00\x00\x00\x00\x00\x00\x00\x00\x00\x00\x00\x00\x00\x00\x00\x00\x00\x00\x00\x00\x00\x00\x00\x00\x00\x00\x00\x00\x00\x00\x00\x00\x00\x00\x00\x00\x00\x00\x00\x00\x00\x00\x00\x00\x00\x00\x00\x00\x00\x00\x00\x00\x00\x00\x00\x00\x00\x00\x00\x00\x00\x00\x00\x00\x00\x00\x00\x00\x00\x00\x00\x00\x00\x00\x00\x00\x00\x00\x00\x00\x00\x00\x00\x00\x00\x00\x00\x00\x00\x00\x00\x00\x00\x00\x00\x00\x00\x00\x00\x00\x00\x00\x00\x00\x00\x00\x00\x00\x00\x00\x00\x00\x00\x00\x00\x00\x00\x00\x00\x00\x00\x00\x00\x00\x00\x00\x00\x00\x00\x00\x00\x00\x00\x00\x00\x00\x00\x00\x00\x00\x00\x00\x00\x00\x00\x00\x00\x00\x00\x00\x00\x00\x00\x00\x00\x00\x00\x00\x00\x00\x00\x00\x00\x00\x00\x00\x00\x00\x00\x00\x00\x00\x00\x00\x00\x00\x00\x00\x00\x00\x00\x00\x00\x00\x00\x00\x00\x00\x00\x00\x00\x00\x00\x00\x00\x00\x00\x00\x00\x00\x00\x00\x00\x00\x00\x00\x00\x00\x00\x00\x00\x00\x00\x00\x00\x00\x00\x00\x00\x00\x00\x00\x00\x00\x00\x00\x00\x00" 400 150 "-" "-"
185.181.102.18 - - [19/Jan/2022:15:57:53 +0100] "" 400 0 "-" "-"
35.233.62.116 - - [19/Jan/2022:16:01:39 +0100] "GET / HTTP/1.1" 400 248 "-" "python-requests/2.27.1"
5.8.10.202 - - [19/Jan/2022:16:08:09 +0100] "\x16\x03\x01\x00\xEE\x01\x00\x00\xEA\x03\x03\x04\xAC]:\xE7\xB5Hp\x9A\xA4Y\xCA\xC0\xF60b\x87Dd\x8Av\xA6Z\x5C\x8B\x0C\xED\xA5O\x90\x92\xD4 >\xC7\x8CeU\xABn:k\xA0\xB4w\xF2w\xC2u\xBF\x9E\xB1D\xCB \xE0\x8DX\xDCu\xAAbk\xA1\xF0\x00&\xCC\xA8\xCC\xA9\xC0/\xC00\xC0+\xC0,\xC0\x13\xC0\x09\xC0\x14\xC0" 400 150 "-" "-"
5.8.10.202 - - [19/Jan/2022:16:08:09 +0100] "GET /aaa9 HTTP/1.1" 301 162 "-" "Mozilla/5.0 (Windows NT 10.0; Win64; x64) AppleWebKit/537.36 (KHTML, like Gecko) Chrome/70.0.3538.77 Safari/537.36"
5.8.10.202 - - [19/Jan/2022:16:08:09 +0100] "\x16\x03\x01\x00\xEE\x01\x00\x00\xEA\x03\x03\x83\x84Q/\xD0jd\xA8\x02\xBD\xB8\x8A\x07v0\xDEl\xBF\xC9H\xD6U\xDE\xB2\xC3'\x07\xC8o\xFEU\xFE \xF5\x88\x06\xEDq\xD7\x9D\xC97)\x08%\x8Ah-\xD5\xE7!\xE3\xF2g\xEF\xB6#\xCFS+Tz\xC0?G\x00&\xCC\xA8\xCC\xA9\xC0/\xC00\xC0+\xC0,\xC0\x13\xC0\x09\xC0\x14\xC0" 400 150 "-" "-"
5.8.10.202 - - [19/Jan/2022:16:08:09 +0100] "GET /aab9 HTTP/1.1" 301 162 "-" "Mozilla/5.0 (Windows NT 10.0; Win64; x64) AppleWebKit/537.36 (KHTML, like Gecko) Chrome/70.0.3538.77 Safari/537.36"
83.29.176.162 - - [19/Jan/2022:16:49:49 +0100] "GET /rss/ HTTP/2.0" 304 0 "-" "Mozilla/5.0 (Windows NT 10.0; Win64; x64) AppleWebKit/537.36 (KHTML, like Gecko) Chrome/96.0.4664.110 Safari/537.36 OPR/82.0.4227.58"
3.110.188.149 - - [19/Jan/2022:16:50:30 +0100] "GET /.env HTTP/1.1" 301 162 "-" "curl/7.47.0"
66.249.74.25 - - [19/Jan/2022:17:01:09 +0100] "GET /robots.txt HTTP/1.1" 200 108 "-" "Mozilla/5.0 (compatible; Googlebot/2.1; +http://www.google.com/bot.html)"
66.249.74.29 - - [19/Jan/2022:17:01:09 +0100] "GET /weekly-stories-2/amp/ HTTP/1.1" 200 6563 "-" "Mozilla/5.0 (Linux; Android 6.0.1; Nexus 5X Build/MMB29P) AppleWebKit/537.36 (KHTML, like Gecko) Chrome/97.0.4692.71 Mobile Safari/537.36 (compatible; Googlebot/2.1; +http://www.google.com/bot.html)"
83.29.176.162 - - [19/Jan/2022:17:04:48 +0100] "GET /rss/ HTTP/2.0" 304 0 "-" "Mozilla/5.0 (Windows NT 10.0; Win64; x64) AppleWebKit/537.36 (KHTML, like Gecko) Chrome/96.0.4664.110 Safari/537.36 OPR/82.0.4227.58"
40.77.167.36 - - [19/Jan/2022:17:18:35 +0100] "GET / HTTP/2.0" 200 13159 "-" "Mozilla/5.0 (compatible; bingbot/2.0; +http://www.bing.com/bingbot.htm)"
83.29.176.162 - - [19/Jan/2022:17:19:48 +0100] "GET /rss/ HTTP/2.0" 304 0 "-" "Mozilla/5.0 (Windows NT 10.0; Win64; x64) AppleWebKit/537.36 (KHTML, like Gecko) Chrome/96.0.4664.110 Safari/537.36 OPR/82.0.4227.58"
192.53.170.163 - - [19/Jan/2022:17:22:11 +0100] "GET / HTTP/1.1" 301 162 "-" "Mozilla/5.0 (Windows NT 10.0; Win64; x64) AppleWebKit/537.36 (KHTML, like Gecko) Chrome/60.0.3112.113 Safari/537.36"
192.53.170.163 - - [19/Jan/2022:17:22:11 +0100] "GET / HTTP/1.1" 200 595 "http://85.255.1.106/" "Mozilla/5.0 (Windows NT 10.0; Win64; x64) AppleWebKit/537.36 (KHTML, like Gecko) Chrome/60.0.3112.113 Safari/537.36"
107.189.12.178 - - [19/Jan/2022:17:26:37 +0100] "GET / HTTP/1.1" 301 162 "-" "-"
107.189.12.178 - - [19/Jan/2022:17:26:37 +0100] "POST /HNAP1/ HTTP/1.1" 301 162 "-" "Mozila/5.0"
83.29.176.162 - - [19/Jan/2022:17:34:48 +0100] "GET /rss/ HTTP/2.0" 304 0 "-" "Mozilla/5.0 (Windows NT 10.0; Win64; x64) AppleWebKit/537.36 (KHTML, like Gecko) Chrome/96.0.4664.110 Safari/537.36 OPR/82.0.4227.58"
110.137.36.117 - - [19/Jan/2022:17:35:05 +0100] "GET / HTTP/1.1" 301 162 "-" "Mozilla/5.0 (Windows NT 10.0; WOW64) AppleWebKit/537.36 (KHTML, like Gecko) Chrome/52.0.2743.116 Safari/537.36"
185.156.72.10 - - [19/Jan/2022:17:37:21 +0100] "\x03\x00\x00/*\xE0\x00\x00\x00\x00\x00Cookie: mstshash=Administr" 400 150 "-" "-"
185.156.72.10 - - [19/Jan/2022:17:37:33 +0100] "\x03\x00\x00/*\xE0\x00\x00\x00\x00\x00Cookie: mstshash=Administr" 400 150 "-" "-"
66.249.74.11 - - [19/Jan/2022:17:46:11 +0100] "GET /robots.txt HTTP/1.1" 301 162 "-" "Mozilla/5.0 (compatible; Googlebot/2.1; +http://www.google.com/bot.html)"
66.249.74.11 - - [19/Jan/2022:17:46:11 +0100] "GET / HTTP/1.1" 301 162 "-" "Mozilla/5.0 (Linux; Android 6.0.1; Nexus 5X Build/MMB29P) AppleWebKit/537.36 (KHTML, like Gecko) Chrome/97.0.4692.71 Mobile Safari/537.36 (compatible; Googlebot/2.1; +http://www.google.com/bot.html)"
66.249.74.27 - - [19/Jan/2022:17:46:12 +0100] "GET / HTTP/1.1" 200 13172 "-" "Mozilla/5.0 (Linux; Android 6.0.1; Nexus 5X Build/MMB29P) AppleWebKit/537.36 (KHTML, like Gecko) Chrome/97.0.4692.71 Mobile Safari/537.36 (compatible; Googlebot/2.1; +http://www.google.com/bot.html)"
66.249.74.27 - - [19/Jan/2022:17:46:36 +0100] "GET /assets/scripts/pagination.js?v=ffd8b13e55 HTTP/1.1" 200 864 "https://krzwiatrzyk.eu/" "Mozilla/5.0 (Linux; Android 6.0.1; Nexus 5X Build/MMB29P) AppleWebKit/537.36 (KHTML, like Gecko) Chrome/96.0.4664.110 Mobile Safari/537.36 (compatible; Googlebot/2.1; +http://www.google.com/bot.html)"
83.29.176.162 - - [19/Jan/2022:17:49:48 +0100] "GET /rss/ HTTP/2.0" 304 0 "-" "Mozilla/5.0 (Windows NT 10.0; Win64; x64) AppleWebKit/537.36 (KHTML, like Gecko) Chrome/96.0.4664.110 Safari/537.36 OPR/82.0.4227.58"
117.50.7.159 - - [19/Jan/2022:18:02:27 +0100] "GET / HTTP/1.0" 200 1345 "-" "-"
83.29.176.162 - - [19/Jan/2022:18:04:48 +0100] "GET /rss/ HTTP/2.0" 304 0 "-" "Mozilla/5.0 (Windows NT 10.0; Win64; x64) AppleWebKit/537.36 (KHTML, like Gecko) Chrome/96.0.4664.110 Safari/537.36 OPR/82.0.4227.58"
207.136.99.189 - - [19/Jan/2022:18:09:14 +0100] "GET / HTTP/1.1" 301 162 "-" "Mozilla/5.0 (Windows NT 10.0; WOW64) AppleWebKit/537.36 (KHTML, like Gecko) Chrome/51.0.2704.103 Safari/537.36"
43.131.24.202 - - [19/Jan/2022:18:18:59 +0100] "GET / HTTP/1.1" 301 162 "-" "-"
83.29.176.162 - - [19/Jan/2022:18:19:48 +0100] "GET /rss/ HTTP/2.0" 304 0 "-" "Mozilla/5.0 (Windows NT 10.0; Win64; x64) AppleWebKit/537.36 (KHTML, like Gecko) Chrome/96.0.4664.110 Safari/537.36 OPR/82.0.4227.58"
125.64.94.214 - - [19/Jan/2022:18:20:21 +0100] "GET / HTTP/1.0" 200 1345 "-" "-"
125.64.94.214 - - [19/Jan/2022:18:20:22 +0100] "GET /favicon.ico HTTP/1.1" 200 595 "-" "Mozilla/5.0 (X11; Linux x86_64) AppleWebKit/537.36 (KHTML, like Gecko) Chrome/86.0.4 240.111 Safari/537.36"
125.64.94.214 - - [19/Jan/2022:18:20:24 +0100] "GET /robots.txt HTTP/1.1" 200 595 "-" "Mozilla/5.0 (X11; Linux x86_64) AppleWebKit/537.36 (KHTML, like Gecko) Chrome/86.0.4 240.111 Safari/537.36"
125.64.94.214 - - [19/Jan/2022:18:20:25 +0100] "GET /.well-known/security.txt HTTP/1.1" 200 595 "-" "Mozilla/5.0 (X11; Linux x86_64) AppleWebKit/537.36 (KHTML, like Gecko) Chrome/86.0.4 240.111 Safari/537.36"
94.232.43.63 - - [19/Jan/2022:18:21:13 +0100] "\x03\x00\x00,'\xE0\x00\x00\x00\x00\x00Cookie: mstshash=Domain" 400 150 "-" "-"
94.232.43.63 - - [19/Jan/2022:18:21:13 +0100] "\x03\x00\x00,'\xE0\x00\x00\x00\x00\x00Cookie: mstshash=Domain" 400 150 "-" "-"
147.139.171.114 - - [19/Jan/2022:18:33:57 +0100] "GET /dns-query?dns=210BAAABAAAAAAAAA3d3dwZnb29nbGUDY29tAAABAAE HTTP/1.1" 200 595 "-" "python-requests/2.26.0"
147.139.171.114 - - [19/Jan/2022:18:33:59 +0100] "GET /dns-query?dns=y4oBAAABAAAAAAAAA3d3dwZnb29nbGUDY29tAAABAAE HTTP/2.0" 200 583 "-" "python-httpx/0.19.0"
83.29.176.162 - - [19/Jan/2022:18:34:48 +0100] "GET /rss/ HTTP/2.0" 304 0 "-" "Mozilla/5.0 (Windows NT 10.0; Win64; x64) AppleWebKit/537.36 (KHTML, like Gecko) Chrome/96.0.4664.110 Safari/537.36 OPR/82.0.4227.58"
66.249.74.27 - - [19/Jan/2022:18:39:49 +0100] "GET /robots.txt HTTP/1.1" 200 108 "-" "Mozilla/5.0 (compatible; Googlebot/2.1; +http://www.google.com/bot.html)"
66.249.74.29 - - [19/Jan/2022:18:39:49 +0100] "GET /tripy-2021/ HTTP/1.1" 200 12357 "-" "Mozilla/5.0 (Linux; Android 6.0.1; Nexus 5X Build/MMB29P) AppleWebKit/537.36 (KHTML, like Gecko) Chrome/97.0.4692.71 Mobile Safari/537.36 (compatible; Googlebot/2.1; +http://www.google.com/bot.html)"
98.121.224.187 - - [19/Jan/2022:18:41:03 +0100] "GET /kubernetes-headless-service/ HTTP/2.0" 200 16206 "https://www.bing.com/" "Mozilla/5.0 (Windows NT 10.0; Win64; x64) AppleWebKit/537.36 (KHTML, like Gecko) Chrome/97.0.4692.71 Safari/537.36"
98.121.224.187 - - [19/Jan/2022:18:41:03 +0100] "GET /assets/styles/main.css?v=ffd8b13e55 HTTP/2.0" 200 14057 "https://krzwiatrzyk.eu/kubernetes-headless-service/" "Mozilla/5.0 (Windows NT 10.0; Win64; x64) AppleWebKit/537.36 (KHTML, like Gecko) Chrome/97.0.4692.71 Safari/537.36"
98.121.224.187 - - [19/Jan/2022:18:41:03 +0100] "GET /assets/scripts/main.js?v=ffd8b13e55 HTTP/2.0" 200 9977 "https://krzwiatrzyk.eu/kubernetes-headless-service/" "Mozilla/5.0 (Windows NT 10.0; Win64; x64) AppleWebKit/537.36 (KHTML, like Gecko) Chrome/97.0.4692.71 Safari/537.36"
98.121.224.187 - - [19/Jan/2022:18:41:03 +0100] "GET /content/images/size/w300/2021/10/d417ce9e68114f09acc670e5928685a3--5--1.png HTTP/2.0" 200 2741 "https://krzwiatrzyk.eu/kubernetes-headless-service/" "Mozilla/5.0 (Windows NT 10.0; Win64; x64) AppleWebKit/537.36 (KHTML, like Gecko) Chrome/97.0.4692.71 Safari/537.36"
98.121.224.187 - - [19/Jan/2022:18:41:03 +0100] "GET /assets/images/avatar.png?v=ffd8b13e55 HTTP/2.0" 200 1550 "https://krzwiatrzyk.eu/kubernetes-headless-service/" "Mozilla/5.0 (Windows NT 10.0; Win64; x64) AppleWebKit/537.36 (KHTML, like Gecko) Chrome/97.0.4692.71 Safari/537.36"
98.121.224.187 - - [19/Jan/2022:18:41:03 +0100] "GET /content/images/size/w2000/2021/10/Screenshot_8.png HTTP/2.0" 200 243714 "https://krzwiatrzyk.eu/kubernetes-headless-service/" "Mozilla/5.0 (Windows NT 10.0; Win64; x64) AppleWebKit/537.36 (KHTML, like Gecko) Chrome/97.0.4692.71 Safari/537.36"
98.121.224.187 - - [19/Jan/2022:18:41:04 +0100] "GET /content/images/2021/10/obraz_2021-10-02_103514.png HTTP/2.0" 200 14588 "https://krzwiatrzyk.eu/kubernetes-headless-service/" "Mozilla/5.0 (Windows NT 10.0; Win64; x64) AppleWebKit/537.36 (KHTML, like Gecko) Chrome/97.0.4692.71 Safari/537.36"
98.121.224.187 - - [19/Jan/2022:18:41:04 +0100] "GET /content/images/2021/10/image-2.png HTTP/2.0" 200 18100 "https://krzwiatrzyk.eu/kubernetes-headless-service/" "Mozilla/5.0 (Windows NT 10.0; Win64; x64) AppleWebKit/537.36 (KHTML, like Gecko) Chrome/97.0.4692.71 Safari/537.36"
98.121.224.187 - - [19/Jan/2022:18:41:04 +0100] "GET /content/images/2021/10/image-8.png HTTP/2.0" 200 27358 "https://krzwiatrzyk.eu/kubernetes-headless-service/" "Mozilla/5.0 (Windows NT 10.0; Win64; x64) AppleWebKit/537.36 (KHTML, like Gecko) Chrome/97.0.4692.71 Safari/537.36"
98.121.224.187 - - [19/Jan/2022:18:41:04 +0100] "GET /content/images/2021/10/image-1.png HTTP/2.0" 200 18781 "https://krzwiatrzyk.eu/kubernetes-headless-service/" "Mozilla/5.0 (Windows NT 10.0; Win64; x64) AppleWebKit/537.36 (KHTML, like Gecko) Chrome/97.0.4692.71 Safari/537.36"
98.121.224.187 - - [19/Jan/2022:18:41:05 +0100] "GET /favicon.png HTTP/2.0" 200 2741 "https://krzwiatrzyk.eu/kubernetes-headless-service/" "Mozilla/5.0 (Windows NT 10.0; Win64; x64) AppleWebKit/537.36 (KHTML, like Gecko) Chrome/97.0.4692.71 Safari/537.36"
66.249.74.27 - - [19/Jan/2022:18:41:06 +0100] "GET /assets/images/avatar.png?v=b4b5102b6f HTTP/1.1" 200 1550 "-" "Googlebot-Image/1.0"
98.121.224.187 - - [19/Jan/2022:18:41:28 +0100] "GET /content/images/2021/10/image-9.png HTTP/2.0" 200 9699 "https://krzwiatrzyk.eu/kubernetes-headless-service/" "Mozilla/5.0 (Windows NT 10.0; Win64; x64) AppleWebKit/537.36 (KHTML, like Gecko) Chrome/97.0.4692.71 Safari/537.36"
98.121.224.187 - - [19/Jan/2022:18:41:34 +0100] "GET /content/images/2021/10/image-10.png HTTP/2.0" 200 9335 "https://krzwiatrzyk.eu/kubernetes-headless-service/" "Mozilla/5.0 (Windows NT 10.0; Win64; x64) AppleWebKit/537.36 (KHTML, like Gecko) Chrome/97.0.4692.71 Safari/537.36"
98.121.224.187 - - [19/Jan/2022:18:41:47 +0100] "GET /content/images/2021/10/image-14.png HTTP/2.0" 200 10295 "https://krzwiatrzyk.eu/kubernetes-headless-service/" "Mozilla/5.0 (Windows NT 10.0; Win64; x64) AppleWebKit/537.36 (KHTML, like Gecko) Chrome/97.0.4692.71 Safari/537.36"
98.121.224.187 - - [19/Jan/2022:18:42:41 +0100] "GET /content/images/2021/10/Kafka-Topic-Partition.drawio--2-.png HTTP/2.0" 200 28195 "https://krzwiatrzyk.eu/kubernetes-headless-service/" "Mozilla/5.0 (Windows NT 10.0; Win64; x64) AppleWebKit/537.36 (KHTML, like Gecko) Chrome/97.0.4692.71 Safari/537.36"
83.29.176.162 - - [19/Jan/2022:18:49:48 +0100] "GET /rss/ HTTP/2.0" 304 0 "-" "Mozilla/5.0 (Windows NT 10.0; Win64; x64) AppleWebKit/537.36 (KHTML, like Gecko) Chrome/96.0.4664.110 Safari/537.36 OPR/82.0.4227.58"
125.64.94.140 - - [19/Jan/2022:19:03:46 +0100] "GET / HTTP/1.0" 301 162 "-" "-"
125.64.94.140 - - [19/Jan/2022:19:03:48 +0100] "GET / HTTP/1.1" 301 162 "-" "Mozilla/5.0 (X11; Linux x86_64) AppleWebKit/537.36 (KHTML, like Gecko) Chrome/86.0.4 240.111 Safari/537.36"
125.64.94.140 - - [19/Jan/2022:19:03:49 +0100] "GET / HTTP/1.1" 200 595 "http://85.255.1.106" "Mozilla/5.0 (X11; Linux x86_64) AppleWebKit/537.36 (KHTML, like Gecko) Chrome/86.0.4 240.111 Safari/537.36"
125.64.94.140 - - [19/Jan/2022:19:03:49 +0100] "GET /favicon.ico HTTP/1.1" 301 162 "-" "Mozilla/5.0 (X11; Linux x86_64) AppleWebKit/537.36 (KHTML, like Gecko) Chrome/86.0.4 240.111 Safari/537.36"
125.64.94.140 - - [19/Jan/2022:19:03:50 +0100] "GET /favicon.ico HTTP/1.1" 200 595 "http://85.255.1.106/favicon.ico" "Mozilla/5.0 (X11; Linux x86_64) AppleWebKit/537.36 (KHTML, like Gecko) Chrome/86.0.4 240.111 Safari/537.36"
125.64.94.140 - - [19/Jan/2022:19:03:51 +0100] "GET /robots.txt HTTP/1.1" 301 162 "-" "Mozilla/5.0 (X11; Linux x86_64) AppleWebKit/537.36 (KHTML, like Gecko) Chrome/86.0.4 240.111 Safari/537.36"
125.64.94.140 - - [19/Jan/2022:19:03:52 +0100] "GET /robots.txt HTTP/1.1" 200 595 "http://85.255.1.106/robots.txt" "Mozilla/5.0 (X11; Linux x86_64) AppleWebKit/537.36 (KHTML, like Gecko) Chrome/86.0.4 240.111 Safari/537.36"
125.64.94.140 - - [19/Jan/2022:19:03:53 +0100] "GET /.well-known/security.txt HTTP/1.1" 301 162 "-" "Mozilla/5.0 (X11; Linux x86_64) AppleWebKit/537.36 (KHTML, like Gecko) Chrome/86.0.4 240.111 Safari/537.36"
125.64.94.140 - - [19/Jan/2022:19:03:54 +0100] "GET /.well-known/security.txt HTTP/1.1" 200 595 "http://85.255.1.106/.well-known/security.txt" "Mozilla/5.0 (X11; Linux x86_64) AppleWebKit/537.36 (KHTML, like Gecko) Chrome/86.0.4 240.111 Safari/537.36"
83.29.176.162 - - [19/Jan/2022:19:04:48 +0100] "GET /rss/ HTTP/2.0" 304 0 "-" "Mozilla/5.0 (Windows NT 10.0; Win64; x64) AppleWebKit/537.36 (KHTML, like Gecko) Chrome/96.0.4664.110 Safari/537.36 OPR/82.0.4227.58"
138.246.253.24 - - [19/Jan/2022:19:10:40 +0100] "GET /robots.txt HTTP/1.1" 200 1345 "-" "Mozilla/5.0 (Windows NT 10.0; Win64; x64) AppleWebKit/537.36 (KHTML, like Gecko) Chrome/88.0.4324.146 Safari/537.36"
61.219.11.151 - - [19/Jan/2022:19:14:08 +0100] "dN\x93\xB9\xE6\xBCl\xB6\x92\x84:\xD7\x03\xF1N\xB9\xC5;\x90\xC2\xC6\xBA\xE1I-\x22\xDDs\xBA\x1FgC:\xB1\xA7\x80+\x00\x00\x00\x00%\xFDK:\xAAW.|J\xB2\xB5\xF5'\xA5l\xD3V(\xB7\x01%(CsK8B\xCE\x9A\xD0z\xC7\x13\xAD" 400 150 "-" "-"
183.136.226.3 - - [19/Jan/2022:19:16:48 +0100] "GET / HTTP/1.1" 200 1345 "-" "Mozilla/5.0 (Macintosh; Intel Mac OS X 10.11; rv:47.0) Gecko/20100101 Firefox/47.0"
183.136.226.3 - - [19/Jan/2022:19:17:38 +0100] "GET /favicon.ico HTTP/1.1" 200 595 "-" "Mozilla/5.0 (Windows NT 6.1; WOW64) AppleWebKit/537.36 (KHTML, like Gecko) Chrome/63.0.3239.132 Safari/537.36 QIHU 360SE"
183.136.226.3 - - [19/Jan/2022:19:17:39 +0100] "GET /robots.txt HTTP/1.1" 200 595 "-" "Mozilla/5.0 (Windows NT 6.1; WOW64) AppleWebKit/537.36 (KHTML, like Gecko) Chrome/63.0.3239.132 Safari/537.36 QIHU 360SE"
83.29.176.162 - - [19/Jan/2022:19:19:48 +0100] "GET /rss/ HTTP/2.0" 304 0 "-" "Mozilla/5.0 (Windows NT 10.0; Win64; x64) AppleWebKit/537.36 (KHTML, like Gecko) Chrome/96.0.4664.110 Safari/537.36 OPR/82.0.4227.58"
66.249.65.57 - - [19/Jan/2022:19:21:30 +0100] "GET /sitemap.xml HTTP/1.1" 200 642 "-" "Mozilla/5.0 (compatible; Googlebot/2.1; +http://www.google.com/bot.html)"
83.29.176.162 - - [19/Jan/2022:19:34:48 +0100] "GET /rss/ HTTP/2.0" 304 0 "-" "Mozilla/5.0 (Windows NT 10.0; Win64; x64) AppleWebKit/537.36 (KHTML, like Gecko) Chrome/96.0.4664.110 Safari/537.36 OPR/82.0.4227.58"
5.58.19.144 - - [19/Jan/2022:19:46:16 +0100] "GET / HTTP/1.1" 301 162 "-" "Mozilla/5.0 (Macintosh; Intel Mac OS X 10_11_6) AppleWebKit/601.7.7 (KHTML, like Gecko) Version/9.1.2 Safari/601.7.7"
83.29.176.162 - - [19/Jan/2022:19:49:48 +0100] "GET /rss/ HTTP/2.0" 304 0 "-" "Mozilla/5.0 (Windows NT 10.0; Win64; x64) AppleWebKit/537.36 (KHTML, like Gecko) Chrome/96.0.4664.110 Safari/537.36 OPR/82.0.4227.58"
83.29.176.162 - - [19/Jan/2022:20:04:49 +0100] "GET /rss/ HTTP/2.0" 304 0 "-" "Mozilla/5.0 (Windows NT 10.0; Win64; x64) AppleWebKit/537.36 (KHTML, like Gecko) Chrome/96.0.4664.110 Safari/537.36 OPR/82.0.4227.58"
83.29.176.162 - - [19/Jan/2022:20:19:48 +0100] "GET /rss/ HTTP/2.0" 304 0 "-" "Mozilla/5.0 (Windows NT 10.0; Win64; x64) AppleWebKit/537.36 (KHTML, like Gecko) Chrome/96.0.4664.110 Safari/537.36 OPR/82.0.4227.58"
64.225.3.109 - - [19/Jan/2022:20:22:24 +0100] "\x16\x03\x01\x01\xFB\x01\x00\x01\xF7\x03\x03E}\xB7\x8D?\x1E\xAA\xD0\xEC\xF4\xED\xE9dq}\x83r`\xF8\xB5f\xB9l\xBF\xA0\xE7Vh\x08-\xB7\x01\x00\x01<\xCC\x14\xCC\x13\xCC\x15\xC00\xC0,\xC0(\xC0$\xC0\x14\xC0" 400 150 "-" "-"
167.71.102.95 - - [19/Jan/2022:20:31:25 +0100] "\x00\x0E8\x86w\x81b\x85\xD4L\xF5\x00\x00\x00\x00\x00" 400 150 "-" "-"
83.29.176.162 - - [19/Jan/2022:20:34:48 +0100] "GET /rss/ HTTP/2.0" 304 0 "-" "Mozilla/5.0 (Windows NT 10.0; Win64; x64) AppleWebKit/537.36 (KHTML, like Gecko) Chrome/96.0.4664.110 Safari/537.36 OPR/82.0.4227.58"
83.29.176.162 - - [19/Jan/2022:20:49:48 +0100] "GET /rss/ HTTP/2.0" 304 0 "-" "Mozilla/5.0 (Windows NT 10.0; Win64; x64) AppleWebKit/537.36 (KHTML, like Gecko) Chrome/96.0.4664.110 Safari/537.36 OPR/82.0.4227.58"
44.200.24.145 - - [19/Jan/2022:20:51:35 +0100] "GET /rss HTTP/1.1" 301 5 "-" "Forem Feeds Importer"
44.200.24.145 - - [19/Jan/2022:20:51:35 +0100] "GET /rss/ HTTP/1.1" 200 3443 "-" "Forem Feeds Importer"
83.29.176.162 - - [19/Jan/2022:21:04:49 +0100] "GET /rss/ HTTP/2.0" 304 0 "-" "Mozilla/5.0 (Windows NT 10.0; Win64; x64) AppleWebKit/537.36 (KHTML, like Gecko) Chrome/96.0.4664.110 Safari/537.36 OPR/82.0.4227.58"
118.193.40.46 - - [19/Jan/2022:21:06:56 +0100] "GET / HTTP/1.0" 200 1345 "-" "-"
157.55.39.214 - - [19/Jan/2022:21:10:35 +0100] "GET / HTTP/1.1" 301 162 "-" "Mozilla/5.0 (compatible; bingbot/2.0; +http://www.bing.com/bingbot.htm)"
83.29.176.162 - - [19/Jan/2022:21:19:49 +0100] "GET /rss/ HTTP/2.0" 304 0 "-" "Mozilla/5.0 (Windows NT 10.0; Win64; x64) AppleWebKit/537.36 (KHTML, like Gecko) Chrome/96.0.4664.110 Safari/537.36 OPR/82.0.4227.58"
107.189.12.178 - - [19/Jan/2022:21:23:38 +0100] "GET / HTTP/1.1" 301 162 "-" "-"
107.189.12.178 - - [19/Jan/2022:21:23:39 +0100] "POST /HNAP1/ HTTP/1.1" 301 162 "-" "Mozila/5.0"
