185.254.31.134 - - [29/Oct/2021:01:00:21 +0200] "GET /.env HTTP/1.1" 301 162 "-" "Mozilla/5.0 (X11; Linux x86_64) AppleWebKit/537.36 (KHTML, like Gecko) Chrome/81.0.4044.129 Safari/537.36"
185.254.31.134 - - [29/Oct/2021:01:00:21 +0200] "POST /.env HTTP/1.1" 301 162 "-" "Mozilla/5.0 (X11; Linux x86_64) AppleWebKit/537.36 (KHTML, like Gecko) Chrome/81.0.4044.129 Safari/537.36"
185.254.31.134 - - [29/Oct/2021:01:00:21 +0200] "\x16\x03\x01\x01C\x01\x00\x01?\x03\x03\xD8\xAD\x81+\x9B\x8ET\xE3\xE0\x88K\xF4\xBC\xEA\x9B\x98`a\xBD\xB4\x95 )be\xC0\x7F\xF2\x1Fz\xFE\xEE \xF3k\xA9\xC4\xCCU\xFF\x94\xD7\xAB\xABiw\x82\xF4\xB0\xE45\x14V\xEDa\x07\xF3\xAA\xDB\xE4\xB2\x91\xA5G\x14\x00V\x13\x02\x13\x03\x13\x01\xC0,\xC00\xC0+\xC0/\xCC\xA9\xCC\xA8\x00\x9F\x00\x9E\xCC\xAA\xC0\xAF\xC0\xAD\xC0\xAE\xC0\xAC\xC0$\xC0(\xC0#\xC0'\xC0" 400 150 "-" "-"
104.206.128.22 - - [29/Oct/2021:01:16:54 +0200] "GET / HTTP/1.1" 200 1345 "-" "https://gdnplus.com:Gather Analyze Provide."
209.141.56.209 - - [29/Oct/2021:01:17:23 +0200] "GET / HTTP/1.1" 301 162 "-" "Linux Gnu (cow)"
187.0.17.58 - - [29/Oct/2021:01:20:43 +0200] "GET / HTTP/1.1" 301 162 "-" "Mozilla/5.0 (Macintosh; Intel Mac OS X 10_11_6) AppleWebKit/601.7.7 (KHTML, like Gecko) Version/9.1.2 Safari/601.7.7"
106.245.140.119 - - [29/Oct/2021:01:23:23 +0200] "\x03\x00\x00\x13\x0E\xE0\x00\x00\x00\x00\x00\x01\x00\x08\x00\x03\x00\x00\x00" 400 150 "-" "-"
205.185.120.103 - - [29/Oct/2021:02:42:25 +0200] "GET / HTTP/1.1" 301 162 "-" "Linux Gnu (cow)"
209.141.51.171 - - [29/Oct/2021:02:55:45 +0200] "POST /boaform/admin/formLogin HTTP/1.1" 301 162 "http://85.255.1.106:80/admin/login.asp" "Mozilla/5.0 (X11; Ubuntu; Linux x86_64; rv:71.0) Gecko/20100101 Firefox/71.0"
209.141.51.171 - - [29/Oct/2021:02:55:45 +0200] "" 400 0 "-" "-"
184.105.139.68 - - [29/Oct/2021:03:13:55 +0200] "GET / HTTP/1.1" 200 1345 "-" "-"
164.52.24.179 - - [29/Oct/2021:03:44:02 +0200] "\x16\x03\x01\x01 \x01\x00\x01\x1C\x03\x030@i\x81\x10\x13\x11\xECLcJ\xEA%\x8C\xC1\xB02\xA5d3Q@\xB7\xC9\x1A(d/K\x1B\xC5\xEA b\xBA\xCB\xCB\x8F=\xBBG\xEF\x1E\x000\x0C\x03=\x0F\xBCm\x1CA\xFD\x94\xEEd\x87\xBA>\x85\xF7\xD6\x92\xE0\x00>\x13\x02\x13\x03\x13\x01\xC0,\xC00\x00\x9F\xCC\xA9\xCC\xA8\xCC\xAA\xC0+\xC0/\x00\x9E\xC0$\xC0(\x00k\xC0#\xC0'\x00g\xC0" 400 150 "-" "-"
164.52.24.179 - - [29/Oct/2021:03:44:02 +0200] "\x16\x03\x01\x00\xBD\x01\x00\x00\xB9\x03\x03H\x19\xC3\x22&\x8BD'\xE4\xD1\x1B\x84\xCB|1F\xEC\xE7" 400 150 "-" "-"
164.52.24.179 - - [29/Oct/2021:03:44:03 +0200] "\x16\x03\x01\x00c\x01\x00\x00_\x03\x02\xB7\x9C2\xF9~\x92Sdfc\xA9\xF5Y8\x7F$\x07\xFD\x0E\xF2" 400 150 "-" "-"
164.52.24.179 - - [29/Oct/2021:03:44:03 +0200] "\x16\x03\x01\x00c\x01\x00\x00_\x03\x01fv\xA3\x80\xBC%\x14\xAAt\x93M\xE6\xF2\xE6[+\x1D\xC1\xEC\xBE\xBB\x10\x95{\xF9\x99\xCE\xCAz\xEB\xA2\xF8\x00\x00\x12\xC0" 400 150 "-" "-"
164.52.24.179 - - [29/Oct/2021:03:44:04 +0200] "GET / HTTP/1.1" 301 162 "-" "Mozilla/5.0 (Windows NT 10.0; Win64; x64; rv:79.0) Gecko/20100101 Firefox/79.0"
164.52.24.179 - - [29/Oct/2021:03:44:08 +0200] "GET / HTTP/1.1" 200 1345 "-" "Mozilla/5.0 (Windows NT 10.0; Win64; x64; rv:79.0) Gecko/20100101 Firefox/79.0"
192.241.200.69 - - [29/Oct/2021:03:50:33 +0200] "GET /ecp/Current/exporttool/microsoft.exchange.ediscovery.exporttool.application HTTP/1.1" 200 595 "-" "Mozilla/5.0 zgrab/0.x"
34.201.243.246 - - [29/Oct/2021:03:56:03 +0200] "GET /rss HTTP/1.1" 301 5 "-" "Ruby"
34.201.243.246 - - [29/Oct/2021:03:56:03 +0200] "GET /rss/ HTTP/1.1" 200 2217 "-" "Ruby"
137.184.190.72 - - [29/Oct/2021:03:59:24 +0200] "HEAD / HTTP/1.0" 400 0 "-" "-"
137.184.190.72 - - [29/Oct/2021:03:59:24 +0200] "HEAD / HTTP/1.0" 301 0 "-" "-"
137.184.190.72 - - [29/Oct/2021:03:59:24 +0200] "GET /system_api.php HTTP/1.1" 301 162 "-" "Mozilla/5.0 (Windows NT 10.0; Win64; x64) AppleWebKit/537.36 (KHTML, like Gecko) Chrome/74.0.3729.169 Safari/537.36"
137.184.190.72 - - [29/Oct/2021:03:59:25 +0200] "GET /system_api.php HTTP/1.1" 404 47 "-" "Mozilla/5.0 (Windows NT 10.0; Win64; x64) AppleWebKit/537.36 (KHTML, like Gecko) Chrome/74.0.3729.169 Safari/537.36"
137.184.190.72 - - [29/Oct/2021:03:59:26 +0200] "GET /system_api.php HTTP/1.1" 400 650 "-" "Mozilla/5.0 (Windows NT 10.0; Win64; x64) AppleWebKit/537.36 (KHTML, like Gecko) Chrome/74.0.3729.169 Safari/537.36"
137.184.190.72 - - [29/Oct/2021:03:59:26 +0200] "GET /system_api.php HTTP/1.1" 404 47 "-" "Mozilla/5.0 (Windows NT 10.0; Win64; x64) AppleWebKit/537.36 (KHTML, like Gecko) Chrome/74.0.3729.169 Safari/537.36"
137.184.190.72 - - [29/Oct/2021:03:59:27 +0200] "GET /c/version.js HTTP/1.1" 301 162 "-" "Mozilla/5.0 (Windows NT 10.0; Win64; x64) AppleWebKit/537.36 (KHTML, like Gecko) Chrome/74.0.3729.169 Safari/537.36"
137.184.190.72 - - [29/Oct/2021:03:59:27 +0200] "GET /c/version.js HTTP/1.1" 200 595 "-" "Mozilla/5.0 (Windows NT 10.0; Win64; x64) AppleWebKit/537.36 (KHTML, like Gecko) Chrome/74.0.3729.169 Safari/537.36"
137.184.190.72 - - [29/Oct/2021:03:59:28 +0200] "GET /c/version.js HTTP/1.1" 400 650 "-" "Mozilla/5.0 (Windows NT 10.0; Win64; x64) AppleWebKit/537.36 (KHTML, like Gecko) Chrome/74.0.3729.169 Safari/537.36"
137.184.190.72 - - [29/Oct/2021:03:59:29 +0200] "GET /c/version.js HTTP/1.1" 200 595 "-" "Mozilla/5.0 (Windows NT 10.0; Win64; x64) AppleWebKit/537.36 (KHTML, like Gecko) Chrome/74.0.3729.169 Safari/537.36"
137.184.190.72 - - [29/Oct/2021:03:59:29 +0200] "GET /streaming/clients_live.php HTTP/1.1" 301 162 "-" "Mozilla/5.0 (Windows NT 10.0; Win64; x64) AppleWebKit/537.36 (KHTML, like Gecko) Chrome/74.0.3729.169 Safari/537.36"
137.184.190.72 - - [29/Oct/2021:03:59:30 +0200] "GET /streaming/clients_live.php HTTP/1.1" 404 47 "-" "Mozilla/5.0 (Windows NT 10.0; Win64; x64) AppleWebKit/537.36 (KHTML, like Gecko) Chrome/74.0.3729.169 Safari/537.36"
137.184.190.72 - - [29/Oct/2021:03:59:31 +0200] "GET /streaming/clients_live.php HTTP/1.1" 400 650 "-" "Mozilla/5.0 (Windows NT 10.0; Win64; x64) AppleWebKit/537.36 (KHTML, like Gecko) Chrome/74.0.3729.169 Safari/537.36"
137.184.190.72 - - [29/Oct/2021:03:59:31 +0200] "GET /streaming/clients_live.php HTTP/1.1" 404 47 "-" "Mozilla/5.0 (Windows NT 10.0; Win64; x64) AppleWebKit/537.36 (KHTML, like Gecko) Chrome/74.0.3729.169 Safari/537.36"
137.184.190.72 - - [29/Oct/2021:03:59:32 +0200] "GET /stalker_portal/c/version.js HTTP/1.1" 301 162 "-" "Mozilla/5.0 (Windows NT 10.0; Win64; x64) AppleWebKit/537.36 (KHTML, like Gecko) Chrome/74.0.3729.169 Safari/537.36"
137.184.190.72 - - [29/Oct/2021:03:59:32 +0200] "GET /stalker_portal/c/version.js HTTP/1.1" 200 595 "-" "Mozilla/5.0 (Windows NT 10.0; Win64; x64) AppleWebKit/537.36 (KHTML, like Gecko) Chrome/74.0.3729.169 Safari/537.36"
137.184.190.72 - - [29/Oct/2021:03:59:33 +0200] "GET /stalker_portal/c/version.js HTTP/1.1" 400 650 "-" "Mozilla/5.0 (Windows NT 10.0; Win64; x64) AppleWebKit/537.36 (KHTML, like Gecko) Chrome/74.0.3729.169 Safari/537.36"
137.184.190.72 - - [29/Oct/2021:03:59:34 +0200] "GET /stalker_portal/c/version.js HTTP/1.1" 200 595 "-" "Mozilla/5.0 (Windows NT 10.0; Win64; x64) AppleWebKit/537.36 (KHTML, like Gecko) Chrome/74.0.3729.169 Safari/537.36"
137.184.190.72 - - [29/Oct/2021:03:59:34 +0200] "GET /stream/live.php HTTP/1.1" 301 162 "-" "Mozilla/5.0 (Windows NT 6.1; WOW64) AppleWebKit/537.36 (KHTML, like Gecko) Spotify / 1.1.39.612 Safari / 537.36"
137.184.190.72 - - [29/Oct/2021:03:59:35 +0200] "GET /stream/live.php HTTP/1.1" 404 47 "-" "Mozilla/5.0 (Windows NT 6.1; WOW64) AppleWebKit/537.36 (KHTML, like Gecko) Spotify / 1.1.39.612 Safari / 537.36"
137.184.190.72 - - [29/Oct/2021:03:59:36 +0200] "GET /stream/live.php HTTP/1.1" 400 248 "-" "Mozilla/5.0 (Windows NT 6.1; WOW64) AppleWebKit/537.36 (KHTML, like Gecko) Spotify / 1.1.39.612 Safari / 537.36"
137.184.190.72 - - [29/Oct/2021:03:59:36 +0200] "GET /stream/live.php HTTP/1.1" 404 47 "-" "Mozilla/5.0 (Windows NT 6.1; WOW64) AppleWebKit/537.36 (KHTML, like Gecko) Spotify / 1.1.39.612 Safari / 537.36"
137.184.190.72 - - [29/Oct/2021:03:59:37 +0200] "GET /flu/403.html HTTP/1.1" 301 162 "-" "Mozilla/5.0 (Windows NT 10.0; Win64; x64) AppleWebKit/537.36 (KHTML, like Gecko) Chrome/74.0.3729.169 Safari/537.36"
137.184.190.72 - - [29/Oct/2021:03:59:37 +0200] "GET /flu/403.html HTTP/1.1" 200 595 "-" "Mozilla/5.0 (Windows NT 10.0; Win64; x64) AppleWebKit/537.36 (KHTML, like Gecko) Chrome/74.0.3729.169 Safari/537.36"
137.184.190.72 - - [29/Oct/2021:03:59:38 +0200] "GET /flu/403.html HTTP/1.1" 400 650 "-" "Mozilla/5.0 (Windows NT 10.0; Win64; x64) AppleWebKit/537.36 (KHTML, like Gecko) Chrome/74.0.3729.169 Safari/537.36"
137.184.190.72 - - [29/Oct/2021:03:59:39 +0200] "GET /flu/403.html HTTP/1.1" 200 595 "-" "Mozilla/5.0 (Windows NT 10.0; Win64; x64) AppleWebKit/537.36 (KHTML, like Gecko) Chrome/74.0.3729.169 Safari/537.36"
209.141.41.12 - - [29/Oct/2021:04:17:31 +0200] "GET /config/getuser?index=0 HTTP/1.1" 400 248 "-" "Mozilla/5.0 (X11; Ubuntu; Linux x86_64; rv:76.0) Gecko/20100101 Firefox/76.0"
170.130.187.50 - - [29/Oct/2021:04:35:11 +0200] "GET / HTTP/1.0" 301 162 "-" "https://gdnplus.com:Gather Analyze Provide."
109.201.39.18 - - [29/Oct/2021:04:42:56 +0200] "GET / HTTP/1.1" 301 162 "-" "Mozilla/5.0 (Windows NT 5.1; rv:9.0.1) Gecko/20100101 Firefox/9.0.1"
109.201.39.18 - - [29/Oct/2021:04:42:56 +0200] "GET / HTTP/1.1" 200 595 "-" "Mozilla/5.0 (Windows NT 5.1; rv:9.0.1) Gecko/20100101 Firefox/9.0.1"
109.201.39.18 - - [29/Oct/2021:04:42:57 +0200] "GET /admin/ HTTP/1.1" 200 595 "https://85.255.1.106/" "Mozilla/5.0 (Windows NT 5.1; rv:9.0.1) Gecko/20100101 Firefox/9.0.1"
109.201.39.18 - - [29/Oct/2021:04:42:58 +0200] "GET /HNAP1/ HTTP/1.1" 200 595 "https://85.255.1.106/" "Mozilla/5.0 (Windows NT 5.1; rv:9.0.1) Gecko/20100101 Firefox/9.0.1"
88.9.119.217 - - [29/Oct/2021:05:15:18 +0200] "GET / HTTP/1.1" 301 162 "-" "Mozilla/5.0 zgrab/0.x"
142.93.163.195 - - [29/Oct/2021:05:54:12 +0200] "GET / HTTP/1.1" 200 595 "-" "Mozilla/5.0 (Windows NT 10.0; Win64; x64; rv:50.0.1) Gecko/20100101 Firefox/50.0.1"
142.93.163.195 - - [29/Oct/2021:05:54:34 +0200] "GET / HTTP/1.1" 301 162 "-" "Mozilla/5.0 (Windows NT 10.0; Win64; x64; rv:65.0.1) Gecko/20100101 Firefox/65.0.1"
205.185.120.103 - - [29/Oct/2021:06:20:21 +0200] "GET / HTTP/1.1" 301 162 "-" "Linux Gnu (cow)"
207.46.13.151 - - [29/Oct/2021:06:21:16 +0200] "GET /kubernetes-headless-service/ HTTP/2.0" 200 15938 "-" "Mozilla/5.0 (compatible; bingbot/2.0; +http://www.bing.com/bingbot.htm)"
213.32.122.82 - - [29/Oct/2021:06:44:48 +0200] "GET / HTTP/1.1" 200 1345 "-" "Mozilla/5.0 (Windows NT 6.1) AppleWebKit/537.36 (KHTML, like Gecko) Chrome/41.0.2228.0 Safari/537.36"
185.166.84.78 - - [29/Oct/2021:07:01:54 +0200] "GET / HTTP/1.1" 200 595 "-" "Mozilla/5.0 (compatible; Baiduspider/2.0; +http://www.baidu.com/search/spider.html)"
125.64.94.138 - - [29/Oct/2021:07:05:54 +0200] "GET / HTTP/1.0" 301 162 "-" "-"
125.64.94.138 - - [29/Oct/2021:07:05:55 +0200] "GET / HTTP/1.1" 301 162 "-" "Mozilla/5.0 (X11; Linux x86_64) AppleWebKit/537.36 (KHTML, like Gecko) Chrome/86.0.4 240.111 Safari/537.36"
125.64.94.138 - - [29/Oct/2021:07:05:56 +0200] "GET / HTTP/1.1" 200 595 "http://85.255.1.106" "Mozilla/5.0 (X11; Linux x86_64) AppleWebKit/537.36 (KHTML, like Gecko) Chrome/86.0.4 240.111 Safari/537.36"
125.64.94.138 - - [29/Oct/2021:07:05:57 +0200] "GET /favicon.ico HTTP/1.1" 301 162 "-" "Mozilla/5.0 (X11; Linux x86_64) AppleWebKit/537.36 (KHTML, like Gecko) Chrome/86.0.4 240.111 Safari/537.36"
125.64.94.138 - - [29/Oct/2021:07:05:58 +0200] "GET /favicon.ico HTTP/1.1" 200 595 "http://85.255.1.106/favicon.ico" "Mozilla/5.0 (X11; Linux x86_64) AppleWebKit/537.36 (KHTML, like Gecko) Chrome/86.0.4 240.111 Safari/537.36"
125.64.94.138 - - [29/Oct/2021:07:05:59 +0200] "GET /robots.txt HTTP/1.1" 301 162 "-" "Mozilla/5.0 (X11; Linux x86_64) AppleWebKit/537.36 (KHTML, like Gecko) Chrome/86.0.4 240.111 Safari/537.36"
125.64.94.138 - - [29/Oct/2021:07:06:00 +0200] "GET /robots.txt HTTP/1.1" 200 595 "http://85.255.1.106/robots.txt" "Mozilla/5.0 (X11; Linux x86_64) AppleWebKit/537.36 (KHTML, like Gecko) Chrome/86.0.4 240.111 Safari/537.36"
125.64.94.138 - - [29/Oct/2021:07:06:00 +0200] "GET /.well-known/security.txt HTTP/1.1" 301 162 "-" "Mozilla/5.0 (X11; Linux x86_64) AppleWebKit/537.36 (KHTML, like Gecko) Chrome/86.0.4 240.111 Safari/537.36"
125.64.94.138 - - [29/Oct/2021:07:06:01 +0200] "GET /.well-known/security.txt HTTP/1.1" 200 595 "http://85.255.1.106/.well-known/security.txt" "Mozilla/5.0 (X11; Linux x86_64) AppleWebKit/537.36 (KHTML, like Gecko) Chrome/86.0.4 240.111 Safari/537.36"
88.99.170.175 - - [29/Oct/2021:07:16:39 +0200] "GET / HTTP/1.1" 301 162 "-" "Mozilla/5.0 (Windows NT 10.0; Win64; x64) AppleWebKit/537.36 (KHTML, like Gecko) Chrome/80.0.3987.116 Safari/537.36"
88.99.170.175 - - [29/Oct/2021:07:16:39 +0200] "GET / HTTP/1.1" 200 12727 "http://krzwiatrzyk.eu" "Mozilla/5.0 (Windows NT 10.0; Win64; x64) AppleWebKit/537.36 (KHTML, like Gecko) Chrome/80.0.3987.116 Safari/537.36"
64.62.197.92 - - [29/Oct/2021:07:19:36 +0200] "GET / HTTP/1.1" 301 162 "-" "-"
209.141.51.171 - - [29/Oct/2021:08:12:59 +0200] "POST /boaform/admin/formLogin HTTP/1.1" 301 162 "http://85.255.1.106:80/admin/login.asp" "Mozilla/5.0 (X11; Ubuntu; Linux x86_64; rv:71.0) Gecko/20100101 Firefox/71.0"
209.141.51.171 - - [29/Oct/2021:08:12:59 +0200] "" 400 0 "-" "-"
5.173.49.100 - - [29/Oct/2021:08:22:48 +0200] "GET /rss/ HTTP/2.0" 304 0 "-" "Mozilla/5.0 (Windows NT 10.0; Win64; x64) AppleWebKit/537.36 (KHTML, like Gecko) Chrome/94.0.4606.81 Safari/537.36 OPR/80.0.4170.63"
5.173.49.100 - - [29/Oct/2021:08:37:47 +0200] "GET /rss/ HTTP/2.0" 304 0 "-" "Mozilla/5.0 (Windows NT 10.0; Win64; x64) AppleWebKit/537.36 (KHTML, like Gecko) Chrome/94.0.4606.81 Safari/537.36 OPR/80.0.4170.63"
5.173.49.100 - - [29/Oct/2021:08:52:48 +0200] "GET /rss/ HTTP/2.0" 304 0 "-" "Mozilla/5.0 (Windows NT 10.0; Win64; x64) AppleWebKit/537.36 (KHTML, like Gecko) Chrome/94.0.4606.81 Safari/537.36 OPR/80.0.4170.63"
192.241.208.235 - - [29/Oct/2021:08:55:32 +0200] "GET /ecp/Current/exporttool/microsoft.exchange.ediscovery.exporttool.application HTTP/1.1" 200 595 "-" "Mozilla/5.0 zgrab/0.x"
192.241.208.195 - - [29/Oct/2021:08:55:38 +0200] "GET /owa/auth/x.js HTTP/1.1" 200 595 "-" "Mozilla/5.0 zgrab/0.x"
3.231.217.5 - - [29/Oct/2021:08:55:43 +0200] "GET /rss HTTP/1.1" 301 5 "-" "Ruby"
3.231.217.5 - - [29/Oct/2021:08:55:44 +0200] "GET /rss/ HTTP/1.1" 200 2217 "-" "Ruby"
198.199.111.94 - - [29/Oct/2021:08:58:00 +0200] "GET /owa/auth/logon.aspx HTTP/1.1" 200 595 "-" "Mozilla/5.0 zgrab/0.x"
5.173.49.100 - - [29/Oct/2021:09:07:48 +0200] "GET /rss/ HTTP/2.0" 304 0 "-" "Mozilla/5.0 (Windows NT 10.0; Win64; x64) AppleWebKit/537.36 (KHTML, like Gecko) Chrome/94.0.4606.81 Safari/537.36 OPR/80.0.4170.63"
162.142.125.58 - - [29/Oct/2021:09:08:49 +0200] "GET / HTTP/1.1" 200 1345 "-" "-"
162.142.125.58 - - [29/Oct/2021:09:08:50 +0200] "GET / HTTP/1.1" 200 595 "-" "Mozilla/5.0 (compatible; CensysInspect/1.1; +https://about.censys.io/)"
5.173.49.100 - - [29/Oct/2021:09:22:47 +0200] "GET /rss/ HTTP/2.0" 304 0 "-" "Mozilla/5.0 (Windows NT 10.0; Win64; x64) AppleWebKit/537.36 (KHTML, like Gecko) Chrome/94.0.4606.81 Safari/537.36 OPR/80.0.4170.63"
5.173.49.100 - - [29/Oct/2021:09:37:48 +0200] "GET /rss/ HTTP/2.0" 304 0 "-" "Mozilla/5.0 (Windows NT 10.0; Win64; x64) AppleWebKit/537.36 (KHTML, like Gecko) Chrome/94.0.4606.81 Safari/537.36 OPR/80.0.4170.63"
5.173.49.100 - - [29/Oct/2021:09:52:48 +0200] "GET /rss/ HTTP/2.0" 304 0 "-" "Mozilla/5.0 (Windows NT 10.0; Win64; x64) AppleWebKit/537.36 (KHTML, like Gecko) Chrome/94.0.4606.81 Safari/537.36 OPR/80.0.4170.63"
5.173.49.100 - - [29/Oct/2021:10:07:48 +0200] "GET /rss/ HTTP/2.0" 304 0 "-" "Mozilla/5.0 (Windows NT 10.0; Win64; x64) AppleWebKit/537.36 (KHTML, like Gecko) Chrome/94.0.4606.81 Safari/537.36 OPR/80.0.4170.63"
209.141.41.12 - - [29/Oct/2021:10:10:42 +0200] "GET /config/getuser?index=0 HTTP/1.1" 301 162 "-" "Mozilla/5.0 (X11; Ubuntu; Linux x86_64; rv:76.0) Gecko/20100101 Firefox/76.0"
5.173.49.100 - - [29/Oct/2021:10:22:48 +0200] "GET /rss/ HTTP/2.0" 304 0 "-" "Mozilla/5.0 (Windows NT 10.0; Win64; x64) AppleWebKit/537.36 (KHTML, like Gecko) Chrome/94.0.4606.81 Safari/537.36 OPR/80.0.4170.63"
5.173.49.100 - - [29/Oct/2021:10:37:48 +0200] "GET /rss/ HTTP/2.0" 304 0 "-" "Mozilla/5.0 (Windows NT 10.0; Win64; x64) AppleWebKit/537.36 (KHTML, like Gecko) Chrome/94.0.4606.81 Safari/537.36 OPR/80.0.4170.63"
5.173.49.100 - - [29/Oct/2021:10:52:48 +0200] "GET /rss/ HTTP/2.0" 304 0 "-" "Mozilla/5.0 (Windows NT 10.0; Win64; x64) AppleWebKit/537.36 (KHTML, like Gecko) Chrome/94.0.4606.81 Safari/537.36 OPR/80.0.4170.63"
192.241.205.59 - - [29/Oct/2021:10:53:28 +0200] "GET /actuator/health HTTP/1.1" 200 595 "-" "Mozilla/5.0 zgrab/0.x"
5.173.49.100 - - [29/Oct/2021:11:07:48 +0200] "GET /rss/ HTTP/2.0" 304 0 "-" "Mozilla/5.0 (Windows NT 10.0; Win64; x64) AppleWebKit/537.36 (KHTML, like Gecko) Chrome/94.0.4606.81 Safari/537.36 OPR/80.0.4170.63"
54.173.160.201 - - [29/Oct/2021:11:12:22 +0200] "GET / HTTP/1.1" 200 595 "-" "Mozilla/5.0 (Windows NT 6.2;en-US) AppleWebKit/537.32.36 (KHTML, live Gecko) Chrome/60.0.3056.67 Safari/537.32"
54.173.160.201 - - [29/Oct/2021:11:12:23 +0200] "GET / HTTP/1.1" 200 1345 "-" "Mozilla/5.0 (Windows NT 6.1; WOW64) AppleWebKit/537.36 (KHTML, like Gecko) Chrome/81.0.4044.138 Safari/537.36"
54.173.160.201 - - [29/Oct/2021:11:12:23 +0200] "GET / HTTP/1.1" 200 1345 "-" "Mozilla/5.0 (Windows NT 6.1; WOW64) AppleWebKit/537.36 (KHTML, like Gecko) Chrome/81.0.4044.138 Safari/537.36"
54.173.160.201 - - [29/Oct/2021:11:12:23 +0200] "GET / HTTP/1.1" 200 1345 "-" "Mozilla/5.0 (Windows NT 6.1; WOW64) AppleWebKit/537.36 (KHTML, like Gecko) Chrome/81.0.4044.138 Safari/537.36"
54.173.160.201 - - [29/Oct/2021:11:12:24 +0200] "GET / HTTP/1.1" 200 1345 "-" "Mozilla/5.0 (Windows NT 6.1; WOW64) AppleWebKit/537.36 (KHTML, like Gecko) Chrome/81.0.4044.138 Safari/537.36"
54.173.160.201 - - [29/Oct/2021:11:12:24 +0200] "GET / HTTP/1.1" 200 1345 "-" "Mozilla/5.0 (Windows NT 6.1; WOW64) AppleWebKit/537.36 (KHTML, like Gecko) Chrome/81.0.4044.138 Safari/537.36"
54.173.160.201 - - [29/Oct/2021:11:12:26 +0200] "GET / HTTP/1.1" 200 1345 "-" "Mozilla/5.0 (Windows NT 6.1; WOW64) AppleWebKit/537.36 (KHTML, like Gecko) Chrome/81.0.4044.138 Safari/537.36"
54.173.160.201 - - [29/Oct/2021:11:12:26 +0200] "GET / HTTP/1.1" 200 1345 "-" "Mozilla/5.0 (Windows NT 6.1; WOW64) AppleWebKit/537.36 (KHTML, like Gecko) Chrome/81.0.4044.138 Safari/537.36"
54.173.160.201 - - [29/Oct/2021:11:12:26 +0200] "GET / HTTP/1.1" 200 1345 "-" "Mozilla/5.0 (Windows NT 6.1; WOW64) AppleWebKit/537.36 (KHTML, like Gecko) Chrome/81.0.4044.138 Safari/537.36"
54.173.160.201 - - [29/Oct/2021:11:12:27 +0200] "\x15\x03\x01\x00\x02\x02P" 400 150 "-" "-"
54.173.160.201 - - [29/Oct/2021:11:12:27 +0200] "\x15\x03\x01\x00\x02\x02P" 400 150 "-" "-"
54.173.160.201 - - [29/Oct/2021:11:12:29 +0200] "GET / HTTP/1.1" 200 1345 "-" "Mozilla/5.0 (Windows NT 6.1; WOW64) AppleWebKit/537.36 (KHTML, like Gecko) Chrome/81.0.4044.138 Safari/537.36"
54.173.160.201 - - [29/Oct/2021:11:12:29 +0200] "GET / HTTP/1.1" 200 1345 "-" "Mozilla/5.0 (Windows NT 6.1; WOW64) AppleWebKit/537.36 (KHTML, like Gecko) Chrome/81.0.4044.138 Safari/537.36"
54.173.160.201 - - [29/Oct/2021:11:12:29 +0200] "GET / HTTP/1.1" 200 1345 "-" "Mozilla/5.0 (Windows NT 6.1; WOW64) AppleWebKit/537.36 (KHTML, like Gecko) Chrome/81.0.4044.138 Safari/537.36"
54.173.160.201 - - [29/Oct/2021:11:12:30 +0200] "GET / HTTP/1.1" 200 1345 "-" "Mozilla/5.0 (Windows NT 6.1; WOW64) AppleWebKit/537.36 (KHTML, like Gecko) Chrome/81.0.4044.138 Safari/537.36"
5.173.49.100 - - [29/Oct/2021:11:22:48 +0200] "GET /rss/ HTTP/2.0" 304 0 "-" "Mozilla/5.0 (Windows NT 10.0; Win64; x64) AppleWebKit/537.36 (KHTML, like Gecko) Chrome/94.0.4606.81 Safari/537.36 OPR/80.0.4170.63"
209.141.51.171 - - [29/Oct/2021:11:26:50 +0200] "POST /boaform/admin/formLogin HTTP/1.1" 301 162 "http://85.255.1.106:80/admin/login.asp" "Mozilla/5.0 (X11; Ubuntu; Linux x86_64; rv:71.0) Gecko/20100101 Firefox/71.0"
209.141.51.171 - - [29/Oct/2021:11:26:51 +0200] "" 400 0 "-" "-"
5.173.49.100 - - [29/Oct/2021:11:37:48 +0200] "GET /rss/ HTTP/2.0" 304 0 "-" "Mozilla/5.0 (Windows NT 10.0; Win64; x64) AppleWebKit/537.36 (KHTML, like Gecko) Chrome/94.0.4606.81 Safari/537.36 OPR/80.0.4170.63"
209.141.62.185 - - [29/Oct/2021:11:45:14 +0200] "GET /config/getuser?index=0 HTTP/1.1" 400 248 "-" "Mozilla/5.0 (X11; Ubuntu; Linux x86_64; rv:76.0) Gecko/20100101 Firefox/76.0"
5.173.49.100 - - [29/Oct/2021:11:52:48 +0200] "GET /rss/ HTTP/2.0" 304 0 "-" "Mozilla/5.0 (Windows NT 10.0; Win64; x64) AppleWebKit/537.36 (KHTML, like Gecko) Chrome/94.0.4606.81 Safari/537.36 OPR/80.0.4170.63"
5.173.49.100 - - [29/Oct/2021:12:07:48 +0200] "GET /rss/ HTTP/2.0" 304 0 "-" "Mozilla/5.0 (Windows NT 10.0; Win64; x64) AppleWebKit/537.36 (KHTML, like Gecko) Chrome/94.0.4606.81 Safari/537.36 OPR/80.0.4170.63"
5.173.49.100 - - [29/Oct/2021:12:22:48 +0200] "GET /rss/ HTTP/2.0" 304 0 "-" "Mozilla/5.0 (Windows NT 10.0; Win64; x64) AppleWebKit/537.36 (KHTML, like Gecko) Chrome/94.0.4606.81 Safari/537.36 OPR/80.0.4170.63"
60.253.20.67 - - [29/Oct/2021:12:31:13 +0200] "GET / HTTP/1.1" 400 150 "-" "-"
5.173.49.100 - - [29/Oct/2021:12:37:48 +0200] "GET /rss/ HTTP/2.0" 304 0 "-" "Mozilla/5.0 (Windows NT 10.0; Win64; x64) AppleWebKit/537.36 (KHTML, like Gecko) Chrome/94.0.4606.81 Safari/537.36 OPR/80.0.4170.63"
5.173.49.100 - - [29/Oct/2021:12:52:48 +0200] "GET /rss/ HTTP/2.0" 304 0 "-" "Mozilla/5.0 (Windows NT 10.0; Win64; x64) AppleWebKit/537.36 (KHTML, like Gecko) Chrome/94.0.4606.81 Safari/537.36 OPR/80.0.4170.63"
5.173.49.100 - - [29/Oct/2021:13:07:48 +0200] "GET /rss/ HTTP/2.0" 304 0 "-" "Mozilla/5.0 (Windows NT 10.0; Win64; x64) AppleWebKit/537.36 (KHTML, like Gecko) Chrome/94.0.4606.81 Safari/537.36 OPR/80.0.4170.63"
162.62.133.226 - - [29/Oct/2021:13:08:00 +0200] "GET / HTTP/1.1" 301 162 "-" "-"
209.141.62.185 - - [29/Oct/2021:13:13:30 +0200] "GET /config/getuser?index=0 HTTP/1.1" 400 248 "-" "Mozilla/5.0 (X11; Ubuntu; Linux x86_64; rv:76.0) Gecko/20100101 Firefox/76.0"
5.173.49.100 - - [29/Oct/2021:13:22:48 +0200] "GET /rss/ HTTP/2.0" 304 0 "-" "Mozilla/5.0 (Windows NT 10.0; Win64; x64) AppleWebKit/537.36 (KHTML, like Gecko) Chrome/94.0.4606.81 Safari/537.36 OPR/80.0.4170.63"
201.71.186.178 - - [29/Oct/2021:13:26:07 +0200] "GET /remote/fgt_lang?lang=/../../../..//////////dev/cmdb/sslvpn_websession HTTP/1.1" 200 1345 "-" "Python-urllib/3.9"
20.191.45.212 - - [29/Oct/2021:13:26:38 +0200] "GET / HTTP/1.1" 301 162 "http://krzwiatrzyk.eu/" "Mozilla/5.0 (compatible; DuckDuckGo-Favicons-Bot/1.0; +http://duckduckgo.com)"
20.191.45.212 - - [29/Oct/2021:13:26:38 +0200] "GET / HTTP/1.1" 200 12727 "https://krzwiatrzyk.eu/" "Mozilla/5.0 (compatible; DuckDuckGo-Favicons-Bot/1.0; +http://duckduckgo.com)"
20.191.45.212 - - [29/Oct/2021:13:26:38 +0200] "GET /favicon.png HTTP/1.1" 200 2741 "https://krzwiatrzyk.eu/favicon.png" "Mozilla/5.0 (compatible; DuckDuckGo-Favicons-Bot/1.0; +http://duckduckgo.com)"
5.173.49.100 - - [29/Oct/2021:13:37:48 +0200] "GET /rss/ HTTP/2.0" 304 0 "-" "Mozilla/5.0 (Windows NT 10.0; Win64; x64) AppleWebKit/537.36 (KHTML, like Gecko) Chrome/94.0.4606.81 Safari/537.36 OPR/80.0.4170.63"
5.173.49.100 - - [29/Oct/2021:13:52:48 +0200] "GET /rss/ HTTP/2.0" 304 0 "-" "Mozilla/5.0 (Windows NT 10.0; Win64; x64) AppleWebKit/537.36 (KHTML, like Gecko) Chrome/94.0.4606.81 Safari/537.36 OPR/80.0.4170.63"
54.86.89.231 - - [29/Oct/2021:13:56:22 +0200] "GET /rss HTTP/1.1" 301 5 "-" "Ruby"
54.86.89.231 - - [29/Oct/2021:13:56:22 +0200] "GET /rss/ HTTP/1.1" 200 2217 "-" "Ruby"
167.248.133.42 - - [29/Oct/2021:13:57:04 +0200] "GET / HTTP/1.1" 200 1345 "-" "-"
167.248.133.42 - - [29/Oct/2021:13:57:04 +0200] "GET / HTTP/1.1" 200 595 "-" "Mozilla/5.0 (compatible; CensysInspect/1.1; +https://about.censys.io/)"
80.82.78.39 - root [29/Oct/2021:14:05:33 +0200] "GET /login HTTP/1.1" 400 248 "-" "Mozilla/5.0"
5.173.49.100 - - [29/Oct/2021:14:07:48 +0200] "GET /rss/ HTTP/2.0" 304 0 "-" "Mozilla/5.0 (Windows NT 10.0; Win64; x64) AppleWebKit/537.36 (KHTML, like Gecko) Chrome/94.0.4606.81 Safari/537.36 OPR/80.0.4170.63"
5.173.49.100 - - [29/Oct/2021:14:22:48 +0200] "GET /rss/ HTTP/2.0" 304 0 "-" "Mozilla/5.0 (Windows NT 10.0; Win64; x64) AppleWebKit/537.36 (KHTML, like Gecko) Chrome/94.0.4606.81 Safari/537.36 OPR/80.0.4170.63"
5.173.49.100 - - [29/Oct/2021:14:37:48 +0200] "GET /rss/ HTTP/2.0" 304 0 "-" "Mozilla/5.0 (Windows NT 10.0; Win64; x64) AppleWebKit/537.36 (KHTML, like Gecko) Chrome/94.0.4606.81 Safari/537.36 OPR/80.0.4170.63"
87.251.67.156 - - [29/Oct/2021:14:50:46 +0200] "\x03\x00\x00/*\xE0\x00\x00\x00\x00\x00Cookie: mstshash=Administr" 400 150 "-" "-"
5.173.49.100 - - [29/Oct/2021:14:52:48 +0200] "GET /rss/ HTTP/2.0" 304 0 "-" "Mozilla/5.0 (Windows NT 10.0; Win64; x64) AppleWebKit/537.36 (KHTML, like Gecko) Chrome/94.0.4606.81 Safari/537.36 OPR/80.0.4170.63"
20.191.45.212 - - [29/Oct/2021:15:05:46 +0200] "GET / HTTP/1.1" 301 162 "http://krzwiatrzyk.eu/" "Mozilla/5.0 (compatible; DuckDuckGo-Favicons-Bot/1.0; +http://duckduckgo.com)"
20.191.45.212 - - [29/Oct/2021:15:05:46 +0200] "GET / HTTP/1.1" 200 12742 "https://krzwiatrzyk.eu/" "Mozilla/5.0 (compatible; DuckDuckGo-Favicons-Bot/1.0; +http://duckduckgo.com)"
20.191.45.212 - - [29/Oct/2021:15:05:46 +0200] "GET /favicon.png HTTP/1.1" 200 2741 "https://krzwiatrzyk.eu/favicon.png" "Mozilla/5.0 (compatible; DuckDuckGo-Favicons-Bot/1.0; +http://duckduckgo.com)"
5.173.49.100 - - [29/Oct/2021:15:07:48 +0200] "GET /rss/ HTTP/2.0" 304 0 "-" "Mozilla/5.0 (Windows NT 10.0; Win64; x64) AppleWebKit/537.36 (KHTML, like Gecko) Chrome/94.0.4606.81 Safari/537.36 OPR/80.0.4170.63"
84.236.62.46 - - [29/Oct/2021:15:10:06 +0200] "GET /.env HTTP/1.1" 301 162 "-" "Mozilla/5.0 (X11; Linux x86_64) AppleWebKit/537.36 (KHTML, like Gecko) Chrome/81.0.4044.129 Safari/537.36"
84.236.62.46 - - [29/Oct/2021:15:10:07 +0200] "POST / HTTP/1.1" 301 162 "-" "Mozilla/5.0 (X11; Linux x86_64) AppleWebKit/537.36 (KHTML, like Gecko) Chrome/81.0.4044.129 Safari/537.36"
209.141.51.171 - - [29/Oct/2021:15:15:00 +0200] "POST /boaform/admin/formLogin HTTP/1.1" 301 162 "http://85.255.1.106:80/admin/login.asp" "Mozilla/5.0 (X11; Ubuntu; Linux x86_64; rv:71.0) Gecko/20100101 Firefox/71.0"
209.141.51.171 - - [29/Oct/2021:15:15:01 +0200] "" 400 0 "-" "-"
192.241.204.16 - - [29/Oct/2021:15:17:08 +0200] "GET /owa/auth/logon.aspx?url=https%3a%2f%2f1%2fecp%2f HTTP/1.1" 200 595 "-" "Mozilla/5.0 zgrab/0.x"
5.173.49.100 - - [29/Oct/2021:15:22:48 +0200] "GET /rss/ HTTP/2.0" 304 0 "-" "Mozilla/5.0 (Windows NT 10.0; Win64; x64) AppleWebKit/537.36 (KHTML, like Gecko) Chrome/94.0.4606.81 Safari/537.36 OPR/80.0.4170.63"
5.173.49.100 - - [29/Oct/2021:15:37:48 +0200] "GET /rss/ HTTP/2.0" 304 0 "-" "Mozilla/5.0 (Windows NT 10.0; Win64; x64) AppleWebKit/537.36 (KHTML, like Gecko) Chrome/94.0.4606.81 Safari/537.36 OPR/80.0.4170.63"
195.189.249.246 - - [29/Oct/2021:15:45:01 +0200] "\x03\x00\x00\x13\x0E\xE0\x00\x00\x00\x00\x00\x01\x00\x08\x00\x03\x00\x00\x00" 400 150 "-" "-"
5.173.49.100 - - [29/Oct/2021:15:52:48 +0200] "GET /rss/ HTTP/2.0" 304 0 "-" "Mozilla/5.0 (Windows NT 10.0; Win64; x64) AppleWebKit/537.36 (KHTML, like Gecko) Chrome/94.0.4606.81 Safari/537.36 OPR/80.0.4170.63"
5.173.49.100 - - [29/Oct/2021:16:07:48 +0200] "GET /rss/ HTTP/2.0" 304 0 "-" "Mozilla/5.0 (Windows NT 10.0; Win64; x64) AppleWebKit/537.36 (KHTML, like Gecko) Chrome/94.0.4606.81 Safari/537.36 OPR/80.0.4170.63"
173.249.5.201 - - [29/Oct/2021:16:10:35 +0200] "GET /remote/fgt_lang?lang=/../../../..//////////dev/cmdb/sslvpn_websession HTTP/1.1" 200 1345 "-" "Python-urllib/3.6"
205.185.120.103 - - [29/Oct/2021:16:11:27 +0200] "GET / HTTP/1.1" 301 162 "-" "Linux Gnu (cow)"
5.173.49.100 - - [29/Oct/2021:16:22:48 +0200] "GET /rss/ HTTP/2.0" 304 0 "-" "Mozilla/5.0 (Windows NT 10.0; Win64; x64) AppleWebKit/537.36 (KHTML, like Gecko) Chrome/94.0.4606.81 Safari/537.36 OPR/80.0.4170.63"
192.241.208.41 - - [29/Oct/2021:16:26:35 +0200] "GET / HTTP/1.1" 301 162 "-" "Mozilla/5.0 zgrab/0.x"
192.241.199.159 - - [29/Oct/2021:16:28:57 +0200] "GET / HTTP/1.1" 200 595 "-" "Mozilla/5.0 zgrab/0.x"
36.112.10.102 - - [29/Oct/2021:16:29:45 +0200] "GET / HTTP/1.1" 200 1345 "-" "Mozilla/5.0 (Windows NT 10.0; Win64; x64) AppleWebKit/537.36 (KHTML, like Gecko) Chrome/93.0.4577.63 Safari/537.36"
36.112.10.102 - - [29/Oct/2021:16:31:17 +0200] "GET / HTTP/1.1" 301 162 "-" "Mozilla/5.0 (Windows NT 10.0; Win64; x64) AppleWebKit/537.36 (KHTML, like Gecko) Chrome/93.0.4577.63 Safari/537.36"
36.112.10.102 - - [29/Oct/2021:16:31:18 +0200] "GET / HTTP/1.1" 200 1345 "http://85.255.1.106:80/" "Mozilla/5.0 (Windows NT 10.0; Win64; x64) AppleWebKit/537.36 (KHTML, like Gecko) Chrome/93.0.4577.63 Safari/537.36"
5.173.49.100 - - [29/Oct/2021:16:37:48 +0200] "GET /rss/ HTTP/2.0" 304 0 "-" "Mozilla/5.0 (Windows NT 10.0; Win64; x64) AppleWebKit/537.36 (KHTML, like Gecko) Chrome/94.0.4606.81 Safari/537.36 OPR/80.0.4170.63"
5.173.49.100 - - [29/Oct/2021:16:52:48 +0200] "GET /rss/ HTTP/2.0" 304 0 "-" "Mozilla/5.0 (Windows NT 10.0; Win64; x64) AppleWebKit/537.36 (KHTML, like Gecko) Chrome/94.0.4606.81 Safari/537.36 OPR/80.0.4170.63"
45.227.254.183 - - [29/Oct/2021:16:56:43 +0200] "\x03\x00\x00/*\xE0\x00\x00\x00\x00\x00Cookie: mstshash=Administr" 400 150 "-" "-"
5.173.49.100 - - [29/Oct/2021:17:07:48 +0200] "GET /rss/ HTTP/2.0" 304 0 "-" "Mozilla/5.0 (Windows NT 10.0; Win64; x64) AppleWebKit/537.36 (KHTML, like Gecko) Chrome/94.0.4606.81 Safari/537.36 OPR/80.0.4170.63"
5.173.49.100 - - [29/Oct/2021:17:22:48 +0200] "GET /rss/ HTTP/2.0" 304 0 "-" "Mozilla/5.0 (Windows NT 10.0; Win64; x64) AppleWebKit/537.36 (KHTML, like Gecko) Chrome/94.0.4606.81 Safari/537.36 OPR/80.0.4170.63"
87.251.67.156 - - [29/Oct/2021:17:25:51 +0200] "\x03\x00\x00/*\xE0\x00\x00\x00\x00\x00Cookie: mstshash=Administr" 400 150 "-" "-"
209.141.41.12 - - [29/Oct/2021:17:31:03 +0200] "GET /config/getuser?index=0 HTTP/1.1" 400 248 "-" "Mozilla/5.0 (X11; Ubuntu; Linux x86_64; rv:76.0) Gecko/20100101 Firefox/76.0"
64.62.197.2 - - [29/Oct/2021:17:33:07 +0200] "GET / HTTP/1.1" 200 1345 "-" "-"
5.173.49.100 - - [29/Oct/2021:17:37:48 +0200] "GET /rss/ HTTP/2.0" 304 0 "-" "Mozilla/5.0 (Windows NT 10.0; Win64; x64) AppleWebKit/537.36 (KHTML, like Gecko) Chrome/94.0.4606.81 Safari/537.36 OPR/80.0.4170.63"
45.227.254.183 - - [29/Oct/2021:17:40:59 +0200] "\x03\x00\x00/*\xE0\x00\x00\x00\x00\x00Cookie: mstshash=Administr" 400 150 "-" "-"
207.46.13.108 - - [29/Oct/2021:17:52:45 +0200] "GET /sitemap.xml HTTP/2.0" 200 642 "-" "Mozilla/5.0 (compatible; bingbot/2.0; +http://www.bing.com/bingbot.htm)"
5.173.49.100 - - [29/Oct/2021:17:52:48 +0200] "GET /rss/ HTTP/2.0" 304 0 "-" "Mozilla/5.0 (Windows NT 10.0; Win64; x64) AppleWebKit/537.36 (KHTML, like Gecko) Chrome/94.0.4606.81 Safari/537.36 OPR/80.0.4170.63"
5.173.49.100 - - [29/Oct/2021:18:07:48 +0200] "GET /rss/ HTTP/2.0" 304 0 "-" "Mozilla/5.0 (Windows NT 10.0; Win64; x64) AppleWebKit/537.36 (KHTML, like Gecko) Chrome/94.0.4606.81 Safari/537.36 OPR/80.0.4170.63"
23.95.191.195 - - [29/Oct/2021:18:20:17 +0200] "POST /GponForm/diag_Form?style/ HTTP/1.1" 405 150 "-" "curl/7.3.2"
5.173.49.100 - - [29/Oct/2021:18:22:48 +0200] "GET /rss/ HTTP/2.0" 304 0 "-" "Mozilla/5.0 (Windows NT 10.0; Win64; x64) AppleWebKit/537.36 (KHTML, like Gecko) Chrome/94.0.4606.81 Safari/537.36 OPR/80.0.4170.63"
170.231.141.123 - - [29/Oct/2021:18:30:47 +0200] "GET / HTTP/1.0" 301 162 "-" "-"
170.231.141.123 - - [29/Oct/2021:18:30:56 +0200] "GET / HTTP/1.0" 200 1345 "-" "-"
170.231.141.123 - - [29/Oct/2021:18:31:05 +0200] "GET /Portal/Portal.mwsl HTTP/1.1" 301 162 "-" "curl/7.54.0"
170.231.141.123 - - [29/Oct/2021:18:31:05 +0200] "GET /Portal0000.htm HTTP/1.1" 301 162 "-" "curl/7.54.0"
170.231.141.123 - - [29/Oct/2021:18:31:05 +0200] "GET /nmaplowercheck1635525061 HTTP/1.1" 301 162 "-" "curl/7.54.0"
170.231.141.123 - - [29/Oct/2021:18:31:05 +0200] "GET / HTTP/1.0" 301 162 "-" "-"
170.231.141.123 - - [29/Oct/2021:18:31:05 +0200] "GET / HTTP/1.1" 301 162 "-" "curl/7.54.0"
170.231.141.123 - - [29/Oct/2021:18:31:05 +0200] "GET / HTTP/1.1" 400 248 "-" "curl/7.54.0"
170.231.141.123 - - [29/Oct/2021:18:31:05 +0200] "GET /?=PHPE9568F36-D428-11d2-A769-00AA001ACF42 HTTP/1.1" 400 248 "-" "curl/7.54.0"
170.231.141.123 - - [29/Oct/2021:18:31:05 +0200] "GET /.git/HEAD HTTP/1.1" 400 248 "-" "curl/7.54.0"
170.231.141.123 - - [29/Oct/2021:18:31:05 +0200] "GET / HTTP/1.1" 400 248 "-" "curl/7.54.0"
170.231.141.123 - - [29/Oct/2021:18:31:05 +0200] "GET /CSS/Miniweb.css HTTP/1.1" 400 248 "-" "curl/7.54.0"
170.231.141.123 - - [29/Oct/2021:18:31:05 +0200] "GET /Portal0000.htm HTTP/1.1" 400 248 "-" "curl/7.54.0"
170.231.141.123 - - [29/Oct/2021:18:31:05 +0200] "GET / HTTP/1.1" 301 162 "-" "curl/7.54.0"
170.231.141.123 - - [29/Oct/2021:18:31:05 +0200] "SSTP_DUPLEX_POST /sra_{BA195980-CD49-458b-9E23-C84EE0ADCD75}/ HTTP/1.1" 400 150 "-" "-"
170.231.141.123 - - [29/Oct/2021:18:31:05 +0200] "POST /sdk HTTP/1.1" 301 162 "-" "curl/7.54.0"
170.231.141.123 - - [29/Oct/2021:18:31:05 +0200] "\x0E\x00\x00\x00\x00\x00\x00\x00\x00\x00\x00\x00\x00\x00\x00\x00bbbb0100000001" 400 150 "-" "-"
170.231.141.123 - - [29/Oct/2021:18:31:06 +0200] "GET / HTTP/1.0" 200 1345 "-" "-"
170.231.141.123 - - [29/Oct/2021:18:31:06 +0200] "POST /sdk HTTP/1.1" 405 150 "-" "curl/7.54.0"
170.231.141.123 - - [29/Oct/2021:18:31:06 +0200] "GET /?=PHPE9568F36-D428-11d2-A769-00AA001ACF42 HTTP/1.1" 301 162 "-" "curl/7.54.0"
170.231.141.123 - - [29/Oct/2021:18:31:08 +0200] "GET /docs/cplugError.html/ HTTP/1.1" 301 162 "-" "curl/7.54.0"
170.231.141.123 - - [29/Oct/2021:18:31:08 +0200] "GET /__Additional HTTP/1.1" 301 162 "-" "curl/7.54.0"
170.231.141.123 - - [29/Oct/2021:18:31:09 +0200] "POST /scripts/WPnBr.dll HTTP/1.1" 405 150 "-" "curl/7.54.0"
170.231.141.123 - - [29/Oct/2021:18:31:12 +0200] "GET /HNAP1 HTTP/1.1" 301 162 "-" "curl/7.54.0"
170.231.141.123 - - [29/Oct/2021:18:31:12 +0200] "GET /favicon.ico HTTP/1.1" 301 162 "-" "curl/7.54.0"
170.231.141.123 - - [29/Oct/2021:18:31:13 +0200] "GET /CSS/Miniweb.css HTTP/1.1" 301 162 "-" "curl/7.54.0"
170.231.141.123 - - [29/Oct/2021:18:31:13 +0200] "GET /?=PHPB8B5F2A0-3C92-11d3-A3A9-4C7B08C10000 HTTP/1.1" 301 162 "-" "curl/7.54.0"
170.231.141.123 - - [29/Oct/2021:18:31:13 +0200] "GET /cOCg HTTP/1.1" 301 162 "-" "curl/7.54.0"
170.231.141.123 - - [29/Oct/2021:18:31:13 +0200] "GET /?=PHPB8B5F2A0-3C92-11d3-A3A9-4C7B08C10000 HTTP/1.1" 400 248 "-" "curl/7.54.0"
170.231.141.123 - - [29/Oct/2021:18:31:13 +0200] "GET /nmaplowercheck1635525062 HTTP/1.1" 301 162 "-" "curl/7.54.0"
170.231.141.123 - - [29/Oct/2021:18:31:13 +0200] "GET /__Additional HTTP/1.1" 400 248 "-" "curl/7.54.0"
170.231.141.123 - - [29/Oct/2021:18:31:13 +0200] "POST /scripts/WPnBr.dll HTTP/1.1" 301 162 "-" "curl/7.54.0"
170.231.141.123 - - [29/Oct/2021:18:31:14 +0200] "GET /nmaplowercheck1635525062 HTTP/1.1" 400 248 "-" "curl/7.54.0"
170.231.141.123 - - [29/Oct/2021:18:31:14 +0200] "GET /.git/HEAD HTTP/1.1" 301 162 "-" "curl/7.54.0"
170.231.141.123 - - [29/Oct/2021:18:31:14 +0200] "HEAD / HTTP/1.1" 400 0 "-" "curl/7.54.0"
170.231.141.123 - - [29/Oct/2021:18:31:15 +0200] "GET /indice.php HTTP/1.1" 301 162 "-" "curl/7.54.0"
170.231.141.123 - - [29/Oct/2021:18:31:15 +0200] "GET /pools/default/buckets HTTP/1.1" 301 162 "-" "curl/7.54.0"
170.231.141.123 - - [29/Oct/2021:18:31:15 +0200] "\x0E\x00\x00\x00\x00\x00\x00\x00\x00\x00\x00\x00\x00\x00\x00\x00bbbb0100000001" 400 150 "-" "-"
170.231.141.123 - - [29/Oct/2021:18:31:18 +0200] "GET / HTTP/1.0" 301 162 "-" "-"
170.231.141.123 - - [29/Oct/2021:18:31:19 +0200] "GET / HTTP/1.0" 400 248 "-" "-"
170.231.141.123 - - [29/Oct/2021:18:31:21 +0200] "GET / HTTP/1.1" 301 162 "-" "-"
170.231.141.123 - - [29/Oct/2021:18:31:22 +0200] "GET / HTTP/1.1" 400 248 "-" "-"
5.173.49.100 - - [29/Oct/2021:18:37:48 +0200] "GET /rss/ HTTP/2.0" 304 0 "-" "Mozilla/5.0 (Windows NT 10.0; Win64; x64) AppleWebKit/537.36 (KHTML, like Gecko) Chrome/94.0.4606.81 Safari/537.36 OPR/80.0.4170.63"
209.141.41.12 - - [29/Oct/2021:18:38:03 +0200] "GET /config/getuser?index=0 HTTP/1.1" 301 162 "-" "Mozilla/5.0 (X11; Ubuntu; Linux x86_64; rv:76.0) Gecko/20100101 Firefox/76.0"
181.214.206.162 - - [29/Oct/2021:18:39:57 +0200] "POST / HTTP/1.1" 400 650 "-" "Mozilla/5.0 (Macintosh; Intel Mac OS X 10_9_2) AppleWebKit/537.36 (KHTML, like Gecko) Chrome/36.0.1944.0 Safari/537.36"
205.185.120.103 - - [29/Oct/2021:18:43:35 +0200] "GET / HTTP/1.1" 301 162 "-" "Linux Gnu (cow)"
209.141.51.171 - - [29/Oct/2021:18:47:13 +0200] "POST /boaform/admin/formLogin HTTP/1.1" 301 162 "http://85.255.1.106:80/admin/login.asp" "Mozilla/5.0 (X11; Ubuntu; Linux x86_64; rv:71.0) Gecko/20100101 Firefox/71.0"
209.141.51.171 - - [29/Oct/2021:18:47:13 +0200] "" 400 0 "-" "-"
5.173.49.100 - - [29/Oct/2021:18:52:48 +0200] "GET /rss/ HTTP/2.0" 304 0 "-" "Mozilla/5.0 (Windows NT 10.0; Win64; x64) AppleWebKit/537.36 (KHTML, like Gecko) Chrome/94.0.4606.81 Safari/537.36 OPR/80.0.4170.63"
3.92.199.172 - - [29/Oct/2021:18:55:41 +0200] "GET /rss HTTP/1.1" 301 5 "-" "Ruby"
3.92.199.172 - - [29/Oct/2021:18:55:41 +0200] "GET /rss/ HTTP/1.1" 200 2217 "-" "Ruby"
5.173.49.100 - - [29/Oct/2021:19:07:48 +0200] "GET /rss/ HTTP/2.0" 304 0 "-" "Mozilla/5.0 (Windows NT 10.0; Win64; x64) AppleWebKit/537.36 (KHTML, like Gecko) Chrome/94.0.4606.81 Safari/537.36 OPR/80.0.4170.63"
5.173.49.100 - - [29/Oct/2021:19:22:48 +0200] "GET /rss/ HTTP/2.0" 304 0 "-" "Mozilla/5.0 (Windows NT 10.0; Win64; x64) AppleWebKit/537.36 (KHTML, like Gecko) Chrome/94.0.4606.81 Safari/537.36 OPR/80.0.4170.63"
5.142.173.199 - - [29/Oct/2021:19:29:31 +0200] "GET / HTTP/1.1" 301 162 "-" "Mozilla/5.0 (Macintosh; Intel Mac OS X 10_11_6) AppleWebKit/601.7.7 (KHTML, like Gecko) Version/9.1.2 Safari/601.7.7"
154.89.5.36 - - [29/Oct/2021:19:37:15 +0200] "GET / HTTP/1.0" 200 1345 "-" "-"
5.173.49.100 - - [29/Oct/2021:19:37:48 +0200] "GET /rss/ HTTP/2.0" 304 0 "-" "Mozilla/5.0 (Windows NT 10.0; Win64; x64) AppleWebKit/537.36 (KHTML, like Gecko) Chrome/94.0.4606.81 Safari/537.36 OPR/80.0.4170.63"
159.223.125.139 - - [29/Oct/2021:19:45:40 +0200] "GET /config/getuser?index=0 HTTP/1.1" 301 162 "-" "Mozilla/5.0 (X11; Ubuntu; Linux x86_64; rv:76.0) Gecko/20100101 Firefox/76.0"
5.173.49.100 - - [29/Oct/2021:19:52:48 +0200] "GET /rss/ HTTP/2.0" 304 0 "-" "Mozilla/5.0 (Windows NT 10.0; Win64; x64) AppleWebKit/537.36 (KHTML, like Gecko) Chrome/94.0.4606.81 Safari/537.36 OPR/80.0.4170.63"
185.142.236.35 - - [29/Oct/2021:19:56:28 +0200] "GET / HTTP/1.1" 301 162 "-" "Mozilla/5.0 (Windows NT 6.1) AppleWebKit/537.36 (KHTML, like Gecko) Chrome/41.0.2228.0 Safari/537.36"
185.142.236.35 - - [29/Oct/2021:19:56:29 +0200] "GET /robots.txt HTTP/1.1" 301 162 "-" "-"
185.142.236.35 - - [29/Oct/2021:19:56:29 +0200] "GET /sitemap.xml HTTP/1.1" 301 162 "-" "-"
185.142.236.35 - - [29/Oct/2021:19:56:29 +0200] "GET /.well-known/security.txt HTTP/1.1" 301 162 "-" "-"
185.142.236.35 - - [29/Oct/2021:19:56:30 +0200] "GET /favicon.ico HTTP/1.1" 301 162 "-" "Mozilla/5.0 (Macintosh; Intel Mac OS X 10.15; rv:80.0) Gecko/20100101 Firefox/80.0"
185.142.236.35 - - [29/Oct/2021:19:56:30 +0200] "GET /favicon.ico HTTP/1.1" 200 595 "-" "Mozilla/5.0 (Macintosh; Intel Mac OS X 10.15; rv:80.0) Gecko/20100101 Firefox/80.0"
185.142.236.35 - - [29/Oct/2021:19:56:31 +0200] "GET / HTTP/1.1" 200 1345 "-" "Mozilla/5.0 (X11; Linux x86_64) AppleWebKit/537.36 (KHTML, like Gecko) Chrome/34.0.1847.137 Safari/537.36"
185.142.236.35 - - [29/Oct/2021:19:56:33 +0200] "\x03\xCE5|a\x00\x00\x00\x00\x00\x00\x00\x00\x00\x00\x00\x00\x00\x00\x00\x00\x00\x00\x00\x00\x00\x00\x00\x00\x00\x00\x00\x00\x00\x00\x00\x00\x00\x00\x00\x00\x00\x00\x00\x00\x00\x00\x00\x00\x00\x00\x00\x00\x00\x00\x00\x00\x00\x00\x00\x00\x00\x00\x00\x00\x00\x00\x00\x00\x00\x00\x00\x00\x00\x00\x00\x00\x00\x00\x00\x00\x00\x00\x00\x00\x00\x00\x00\x00\x00\x00\x00\x00\x00\x00\x00\x00\x00\x00\x00\x00\x00\x00\x00\x00\x00\x00\x00\x00\x00\x00\x00\x00\x00\x00\x00\x00\x00\x00\x00\x00\x00\x00\x00\x00\x00\x00\x00\x00\x00\x00\x00\x00\x00\x00\x00\x00\x00\x00\x00\x00\x00\x00\x00\x00\x00\x00\x00\x00\x00\x00\x00\x00\x00\x00\x00\x00\x00\x00\x00\x00\x00\x00\x00\x00\x00\x00\x00\x00\x00\x00\x00\x00\x00\x00\x00\x00\x00\x00\x00\x00\x00\x00\x00\x00\x00\x00\x00\x00\x00\x00\x00\x00\x00\x00\x00\x00\x00\x00\x00\x00\x00\x00\x00\x00\x00\x00\x00\x00\x00\x00\x00\x00\x00\x00\x00\x00\x00\x00\x00\x00\x00\x00\x00\x00\x00\x00\x00\x00\x00\x00\x00\x00\x00\x00\x00\x00\x00\x00\x00\x00\x00\x00\x00\x00\x00\x00\x00\x00\x00\x00\x00\x00\x00\x00\x00\x00\x00\x00\x00\x00\x00\x00\x00\x00\x00\x00\x00\x00\x00\x00\x00\x00\x00\x00\x00\x00\x00\x00\x00\x00\x00\x00\x00\x00\x00\x00\x00\x00\x00\x00\x00\x00\x00\x00\x00\x00\x00\x00\x00\x00\x00\x00\x00\x00\x00\x00\x00\x00\x00\x00\x00\x00\x00\x00\x00\x00\x00\x00\x00\x00\x00\x00\x00\x00\x00\x00\x00\x00\x00\x00\x00\x00\x00\x00\x00\x00\x00\x00\x00\x00\x00\x00\x00\x00\x00\x00\x00\x00\x00\x00\x00\x00\x00\x00\x00\x00\x00\x00\x00\x00\x00\x00\x00\x00\x00\x00\x00\x00\x00\x00\x00\x00\x00\x00\x00\x00\x00\x00\x00\x00\x00\x00\x00\x00\x00\x00\x00\x00\x00\x00\x00\x00\x00\x00\x00\x00\x00\x00\x00\x00\x00\x00\x00\x00\x00\x00\x00\x00\x00\x00\x00\x00\x00\x00\x00\x00\x00\x00\x00\x00\x00\x00\x00\x00\x00\x00\x00\x00\x00\x00\x00\x00\x00\x00\x00\x00\x00\x00\x00\x00\x00\x00\x00\x00\x00\x00\x00\x00\x00\x00\x00\x00\x00\x00\x00\x00\x00\x00\x00\x00\x00\x00\x00\x00\x00\x00\x00\x00\x00\x00\x00\x00\x00\x00\x00\x00\x00\x00\x00\x00\x00\x00\x00\x00\x00\x00\x00\x00\x00\x00\x00\x00\x00\x00\x00\x00\x00\x00\x00\x00\x00\x00\x00\x00\x00\x00\x00\x00\x00\x00\x00\x00\x00\x00\x00\x00\x00\x00\x00\x00\x00\x00\x00\x00\x00\x00\x00\x00\x00\x00\x00\x00\x00\x00\x00\x00\x00\x00\x00\x00\x00\x00\x00\x00\x00\x00\x00\x00\x00\x00\x00\x00\x00\x00\x00\x00\x00\x00\x00\x00\x00\x00\x00\x00\x00\x00\x00\x00\x00\x00\x00\x00\x00\x00\x00\x00\x00\x00\x00\x00\x00\x00\x00\x00\x00\x00\x00\x00\x00\x00\x00\x00\x00\x00\x00\x00\x00\x00\x00\x00\x00\x00\x00\x00\x00\x00\x00\x00\x00\x00\x00\x00\x00\x00\x00\x00\x00\x00\x00\x00\x00\x00\x00\x00\x00\x00\x00\x00\x00\x00\x00\x00\x00\x00\x00\x00\x00\x00\x00\x00\x00\x00\x00\x00\x00\x00\x00\x00\x00\x00\x00\x00\x00\x00\x00\x00\x00\x00\x00\x00\x00\x00\x00\x00\x00\x00\x00\x00\x00\x00\x00\x00\x00\x00\x00\x00\x00\x00\x00\x00\x00\x00\x00\x00\x00\x00\x00\x00\x00\x00\x00\x00\x00\x00\x00\x00\x00\x00\x00\x00\x00\x00\x00\x00\x00\x00\x00\x00\x00\x00\x00\x00\x00\x00\x00\x00\x00\x00\x00\x00\x00\x00\x00\x00\x00\x00\x00\x00\x00\x00\x00\x00\x00\x00\x00\x00\x00\x00\x00\x00\x00\x00\x00\x00\x00\x00\x00\x00\x00\x00\x00\x00\x00\x00\x00\x00\x00\x00\x00\x00\x00\x00\x00\x00\x00\x00\x00\x00\x00\x00\x00\x00\x00\x00\x00\x00\x00\x00\x00\x00\x00\x00\x00\x00\x00\x00\x00\x00\x00\x00\x00\x00\x00\x00\x00\x00\x00\x00\x00\x00\x00\x00\x00\x00\x00\x00\x00\x00\x00\x00\x00\x00\x00\x00\x00\x00\x00\x00\x00\x00\x00\x00\x00\x00\x00\x00\x00\x00\x00\x00\x00\x00\x00\x00\x00\x00\x00\x00\x00\x00\x00\x00\x00\x00\x00\x00\x00\x00\x00\x00\x00\x00\x00\x00\x00\x00\x00\x00\x00\x00\x00\x00\x00\x00\x00\x00\x00\x00\x00\x00\x00\x00\x00\x00\x00\x00\x00\x00\x00\x00\x00\x00\x00\x00\x00\x00\x00\x00\x00\x00\x00\x00\x00\x00\x00\x00\x00\x00\x00\x00\x00\x00\x00\x00\x00\x00\x00\x00\x00\x00\x00\x00\x00\x00\x00\x00\x00\x00\x00\x00\x00\x00\x00\x00\x00\x00\x00\x00\x00\x00\x00\x00\x00\x00\x00\x00\x00\x00\x00\x00\x00\x00\x00\x00\x00\x00\x00\x00\x00\x00\x00\x00\x00\x00\x00\x00\x00\x00\x00\x00\x00\x00\x00\x00\x00\x00\x00\x00\x00\x00\x00\x00\x00\x00\x00\x00\x00\x00\x00\x00\x00\x00\x00\x00\x00\x00\x00\x00\x00\x00\x00\x00\x00\x00\x00\x00\x00\x00\x00\x00\x00\x00\x00\x00\x00\x00\x00\x00\x00\x00\x00\x00\x00\x00\x00\x00\x00\x00\x00\x00\x00\x00\x00" 400 150 "-" "-"
185.142.236.35 - - [29/Oct/2021:19:56:33 +0200] "" 400 0 "-" "-"
185.142.236.35 - - [29/Oct/2021:19:56:34 +0200] "" 400 0 "-" "-"
185.142.236.35 - - [29/Oct/2021:19:56:34 +0200] "" 400 0 "-" "-"
185.142.236.35 - - [29/Oct/2021:19:56:37 +0200] "GET /robots.txt HTTP/1.1" 200 1345 "-" "-"
185.142.236.35 - - [29/Oct/2021:19:56:37 +0200] "GET /sitemap.xml HTTP/1.1" 200 1345 "-" "-"
185.142.236.35 - - [29/Oct/2021:19:56:38 +0200] "GET /.well-known/security.txt HTTP/1.1" 200 1345 "-" "-"
185.142.236.35 - - [29/Oct/2021:19:56:40 +0200] "GET /favicon.ico HTTP/1.1" 200 595 "-" "Mozilla/5.0 (Macintosh; Intel Mac OS X 10.15; rv:80.0) Gecko/20100101 Firefox/80.0"
185.142.236.35 - - [29/Oct/2021:19:56:41 +0200] "" 400 0 "-" "-"
185.142.236.35 - - [29/Oct/2021:19:56:43 +0200] "\x03\xD85|a\x00\x00\x00\x00\x00\x00\x00\x00\x00\x00\x00\x00\x00\x00\x00\x00\x00\x00\x00\x00\x00\x00\x00\x00\x00\x00\x00\x00\x00\x00\x00\x00\x00\x00\x00\x00\x00\x00\x00\x00\x00\x00\x00\x00\x00\x00\x00\x00\x00\x00\x00\x00\x00\x00\x00\x00\x00\x00\x00\x00\x00\x00\x00\x00\x00\x00\x00\x00\x00\x00\x00\x00\x00\x00\x00\x00\x00\x00\x00\x00\x00\x00\x00\x00\x00\x00\x00\x00\x00\x00\x00\x00\x00\x00\x00\x00\x00\x00\x00\x00\x00\x00\x00\x00\x00\x00\x00\x00\x00\x00\x00\x00\x00\x00\x00\x00\x00\x00\x00\x00\x00\x00\x00\x00\x00\x00\x00\x00\x00\x00\x00\x00\x00\x00\x00\x00\x00\x00\x00\x00\x00\x00\x00\x00\x00\x00\x00\x00\x00\x00\x00\x00\x00\x00\x00\x00\x00\x00\x00\x00\x00\x00\x00\x00\x00\x00\x00\x00\x00\x00\x00\x00\x00\x00\x00\x00\x00\x00\x00\x00\x00\x00\x00\x00\x00\x00\x00\x00\x00\x00\x00\x00\x00\x00\x00\x00\x00\x00\x00\x00\x00\x00\x00\x00\x00\x00\x00\x00\x00\x00\x00\x00\x00\x00\x00\x00\x00\x00\x00\x00\x00\x00\x00\x00\x00\x00\x00\x00\x00\x00\x00\x00\x00\x00\x00\x00\x00\x00\x00\x00\x00\x00\x00\x00\x00\x00\x00\x00\x00\x00\x00\x00\x00\x00\x00\x00\x00\x00\x00\x00\x00\x00\x00\x00\x00\x00\x00\x00\x00\x00\x00\x00\x00\x00\x00\x00\x00\x00\x00\x00\x00\x00\x00\x00\x00\x00\x00\x00\x00\x00\x00\x00\x00\x00\x00\x00\x00\x00\x00\x00\x00\x00\x00\x00\x00\x00\x00\x00\x00\x00\x00\x00\x00\x00\x00\x00\x00\x00\x00\x00\x00\x00\x00\x00\x00\x00\x00\x00\x00\x00\x00\x00\x00\x00\x00\x00\x00\x00\x00\x00\x00\x00\x00\x00\x00\x00\x00\x00\x00\x00\x00\x00\x00\x00\x00\x00\x00\x00\x00\x00\x00\x00\x00\x00\x00\x00\x00\x00\x00\x00\x00\x00\x00\x00\x00\x00\x00\x00\x00\x00\x00\x00\x00\x00\x00\x00\x00\x00\x00\x00\x00\x00\x00\x00\x00\x00\x00\x00\x00\x00\x00\x00\x00\x00\x00\x00\x00\x00\x00\x00\x00\x00\x00\x00\x00\x00\x00\x00\x00\x00\x00\x00\x00\x00\x00\x00\x00\x00\x00\x00\x00\x00\x00\x00\x00\x00\x00\x00\x00\x00\x00\x00\x00\x00\x00\x00\x00\x00\x00\x00\x00\x00\x00\x00\x00\x00\x00\x00\x00\x00\x00\x00\x00\x00\x00\x00\x00\x00\x00\x00\x00\x00\x00\x00\x00\x00\x00\x00\x00\x00\x00\x00\x00\x00\x00\x00\x00\x00\x00\x00\x00\x00\x00\x00\x00\x00\x00\x00\x00\x00\x00\x00\x00\x00\x00\x00\x00\x00\x00\x00\x00\x00\x00\x00\x00\x00\x00\x00\x00\x00\x00\x00\x00\x00\x00\x00\x00\x00\x00\x00\x00\x00\x00\x00\x00\x00\x00\x00\x00\x00\x00\x00\x00\x00\x00\x00\x00\x00\x00\x00\x00\x00\x00\x00\x00\x00\x00\x00\x00\x00\x00\x00\x00\x00\x00\x00\x00\x00\x00\x00\x00\x00\x00\x00\x00\x00\x00\x00\x00\x00\x00\x00\x00\x00\x00\x00\x00\x00\x00\x00\x00\x00\x00\x00\x00\x00\x00\x00\x00\x00\x00\x00\x00\x00\x00\x00\x00\x00\x00\x00\x00\x00\x00\x00\x00\x00\x00\x00\x00\x00\x00\x00\x00\x00\x00\x00\x00\x00\x00\x00\x00\x00\x00\x00\x00\x00\x00\x00\x00\x00\x00\x00\x00\x00\x00\x00\x00\x00\x00\x00\x00\x00\x00\x00\x00\x00\x00\x00\x00\x00\x00\x00\x00\x00\x00\x00\x00\x00\x00\x00\x00\x00\x00\x00\x00\x00\x00\x00\x00\x00\x00\x00\x00\x00\x00\x00\x00\x00\x00\x00\x00\x00\x00\x00\x00\x00\x00\x00\x00\x00\x00\x00\x00\x00\x00\x00\x00\x00\x00\x00\x00\x00\x00\x00\x00\x00\x00\x00\x00\x00\x00\x00\x00\x00\x00\x00\x00\x00\x00\x00\x00\x00\x00\x00\x00\x00\x00\x00\x00\x00\x00\x00\x00\x00\x00\x00\x00\x00\x00\x00\x00\x00\x00\x00\x00\x00\x00\x00\x00\x00\x00\x00\x00\x00\x00\x00\x00\x00\x00\x00\x00\x00\x00\x00\x00\x00\x00\x00\x00\x00\x00\x00\x00\x00\x00\x00\x00\x00\x00\x00\x00\x00\x00\x00\x00\x00\x00\x00\x00\x00\x00\x00\x00\x00\x00\x00\x00\x00\x00\x00\x00\x00\x00\x00\x00\x00\x00\x00\x00\x00\x00\x00\x00\x00\x00\x00\x00\x00\x00\x00\x00\x00\x00\x00\x00\x00\x00\x00\x00\x00\x00\x00\x00\x00\x00\x00\x00\x00\x00\x00\x00\x00\x00\x00\x00\x00\x00\x00\x00\x00\x00\x00\x00\x00\x00\x00\x00\x00\x00\x00\x00\x00\x00\x00\x00\x00\x00\x00\x00\x00\x00\x00\x00\x00\x00\x00\x00\x00\x00\x00\x00\x00\x00\x00\x00\x00\x00\x00\x00\x00\x00\x00\x00\x00\x00\x00\x00\x00\x00\x00\x00\x00\x00\x00\x00\x00\x00\x00\x00\x00\x00\x00\x00\x00\x00\x00\x00\x00\x00\x00\x00\x00\x00\x00\x00\x00\x00\x00\x00\x00\x00\x00\x00\x00\x00\x00\x00\x00\x00\x00\x00\x00\x00\x00\x00\x00\x00\x00\x00\x00\x00\x00\x00\x00\x00\x00\x00\x00\x00\x00\x00\x00\x00\x00\x00\x00\x00\x00\x00\x00\x00\x00\x00\x00\x00\x00\x00\x00\x00\x00\x00\x00\x00\x00\x00\x00\x00\x00\x00\x00\x00\x00\x00\x00\x00\x00\x00\x00\x00\x00\x00\x00\x00\x00\x00\x00\x00\x00\x00" 400 150 "-" "-"
34.140.248.32 - - [29/Oct/2021:19:57:23 +0200] "GET / HTTP/1.1" 301 162 "-" "python-requests/2.26.0"
35.195.93.98 - - [29/Oct/2021:19:57:55 +0200] "GET / HTTP/1.1" 200 595 "-" "python-requests/2.26.0"
5.173.49.100 - - [29/Oct/2021:20:07:48 +0200] "GET /rss/ HTTP/2.0" 304 0 "-" "Mozilla/5.0 (Windows NT 10.0; Win64; x64) AppleWebKit/537.36 (KHTML, like Gecko) Chrome/94.0.4606.81 Safari/537.36 OPR/80.0.4170.63"
5.173.49.100 - - [29/Oct/2021:20:22:48 +0200] "GET /rss/ HTTP/2.0" 304 0 "-" "Mozilla/5.0 (Windows NT 10.0; Win64; x64) AppleWebKit/537.36 (KHTML, like Gecko) Chrome/94.0.4606.81 Safari/537.36 OPR/80.0.4170.63"
5.173.49.100 - - [29/Oct/2021:20:37:48 +0200] "GET /rss/ HTTP/2.0" 304 0 "-" "Mozilla/5.0 (Windows NT 10.0; Win64; x64) AppleWebKit/537.36 (KHTML, like Gecko) Chrome/94.0.4606.81 Safari/537.36 OPR/80.0.4170.63"
5.173.49.100 - - [29/Oct/2021:20:52:48 +0200] "GET /rss/ HTTP/2.0" 304 0 "-" "Mozilla/5.0 (Windows NT 10.0; Win64; x64) AppleWebKit/537.36 (KHTML, like Gecko) Chrome/94.0.4606.81 Safari/537.36 OPR/80.0.4170.63"
5.173.49.100 - - [29/Oct/2021:21:07:48 +0200] "GET /rss/ HTTP/2.0" 304 0 "-" "Mozilla/5.0 (Windows NT 10.0; Win64; x64) AppleWebKit/537.36 (KHTML, like Gecko) Chrome/94.0.4606.81 Safari/537.36 OPR/80.0.4170.63"
5.173.49.100 - - [29/Oct/2021:21:22:48 +0200] "GET /rss/ HTTP/2.0" 304 0 "-" "Mozilla/5.0 (Windows NT 10.0; Win64; x64) AppleWebKit/537.36 (KHTML, like Gecko) Chrome/94.0.4606.81 Safari/537.36 OPR/80.0.4170.63"
