194.78.127.74 - - [05/Jan/2022:12:14:24 +0100] "GET /favicon.png HTTP/2.0" 200 2741 "https://krzwiatrzyk.eu/kubernetes-headless-service/" "Mozilla/5.0 (Macintosh; Intel Mac OS X 10_15_7) AppleWebKit/537.36 (KHTML, like Gecko) Chrome/96.0.4664.110 Safari/537.36"
194.78.127.74 - - [05/Jan/2022:12:15:09 +0100] "GET /content/images/2021/10/Kafka-Topic-Partition.drawio--2-.png HTTP/2.0" 200 28195 "https://krzwiatrzyk.eu/kubernetes-headless-service/" "Mozilla/5.0 (Macintosh; Intel Mac OS X 10_15_7) AppleWebKit/537.36 (KHTML, like Gecko) Chrome/96.0.4664.110 Safari/537.36"
71.6.232.4 - - [05/Jan/2022:12:15:27 +0100] "GET / HTTP/1.1" 301 162 "-" "Mozilla/5.0 (Windows NT 10.0; Win64; x64) AppleWebKit/537.36 (KHTML, like Gecko) Chrome/74.0.3729.131 Safari/537.36"
80.85.87.113 - - [05/Jan/2022:12:47:34 +0100] "GET / HTTP/1.1" 301 162 "-" "Mozilla/5.0 (Windows NT 6.1; WOW64; rv:8.0) Gecko/20100101 Firefox/8.0"
80.85.87.113 - - [05/Jan/2022:12:47:34 +0100] "GET / HTTP/2.0" 200 583 "-" "Mozilla/5.0 (Windows NT 6.1; WOW64; rv:8.0) Gecko/20100101 Firefox/8.0"
154.113.120.42 - - [05/Jan/2022:12:52:07 +0100] "GET / HTTP/1.1" 301 162 "-" "Mozilla/5.0 (Windows NT 10.0; WOW64) AppleWebKit/537.36 (KHTML, like Gecko) Chrome/51.0.2704.103 Safari/537.36"
128.14.133.58 - - [05/Jan/2022:12:53:58 +0100] "GET / HTTP/1.1" 301 162 "-" "Mozilla/5.0 (Windows NT 10.0; Win64; x64) AppleWebKit/537.36 (KHTML, like Gecko) Chrome/60.0.3112.113 Safari/537.36"
128.14.133.58 - - [05/Jan/2022:12:53:58 +0100] "GET / HTTP/1.1" 200 595 "http://85.255.1.106/" "Mozilla/5.0 (Windows NT 10.0; Win64; x64) AppleWebKit/537.36 (KHTML, like Gecko) Chrome/60.0.3112.113 Safari/537.36"
45.146.165.37 - - [05/Jan/2022:13:24:38 +0100] "GET / HTTP/1.1" 200 595 "-" "Mozilla/5.0 (Windows NT 10.0; Win64; x64) AppleWebKit/537.36 (KHTML, like Gecko) Chrome/78.0.3904.108 Safari/537.36"
45.146.165.37 - - [05/Jan/2022:13:31:57 +0100] "POST /cgi-bin/.%2e/.%2e/.%2e/.%2e/bin/sh HTTP/1.1" 400 150 "-" "-"
168.100.10.60 - - [05/Jan/2022:13:37:00 +0100] "\x17\x03\x03\x00\x1C \x85\x1B\xD7\xE5\x97\xB7\x8E\xFD\xDA\xD7p\xBD\xC9jq\xFF\xF3\x06\xC9\x81E\x10\xB6\xCA,\x82\x00" 400 150 "-" "-"
80.85.87.178 - - [05/Jan/2022:13:43:04 +0100] "GET / HTTP/2.0" 200 583 "-" "Mozilla/5.0 (Windows NT 6.1; WOW64; rv:8.0) Gecko/20100101 Firefox/8.0"
66.240.205.34 - - [05/Jan/2022:13:43:05 +0100] "H\x00\x00\x00tj\xA8\x9E#D\x98+\xCA\xF0\xA7\xBBl\xC5\x19\xD7\x8D\xB6\x18\xEDJ\x1En\xC1\xF9xu[l\xF0E\x1D-j\xEC\xD4xL\xC9r\xC9\x15\x10u\xE0%\x86Rtg\x05fv\x86]%\xCC\x80\x0C\xE8\xCF\xAE\x00\xB5\xC0f\xC8\x8DD\xC5\x09\xF4" 400 150 "-" "-"
43.131.23.42 - - [05/Jan/2022:13:49:46 +0100] "GET / HTTP/1.1" 301 162 "-" "-"
209.141.53.74 - - [05/Jan/2022:13:52:16 +0100] "GET /config/getuser?index=0 HTTP/1.1" 301 162 "-" "Mozilla/5.0 (X11; Ubuntu; Linux x86_64; rv:76.0) Gecko/20100101 Firefox/76.0"
209.141.53.74 - - [05/Jan/2022:14:02:36 +0100] "GET /config/getuser?index=0 HTTP/1.1" 400 248 "-" "Mozilla/5.0 (X11; Ubuntu; Linux x86_64; rv:76.0) Gecko/20100101 Firefox/76.0"
198.98.49.124 - - [05/Jan/2022:14:03:22 +0100] "GET /config/getuser?index=0 HTTP/1.1" 301 162 "-" "Mozilla/5.0 (X11; Ubuntu; Linux x86_64; rv:76.0) Gecko/20100101 Firefox/76.0"
161.97.87.64 - - [05/Jan/2022:14:09:41 +0100] "\x16\x03\x03\x00\x96\x01\x00\x00\x92\x03\x03a\xD5\x98\x9AAN7k\xAB)\xD03U\xA0\x08\xC2,\x8A\xA4\xE64\xD8\x19\xC6>\xD7#\xA0\xDF\x17!Z\x00\x004\xC0(\xC0'\xC0\x14\xC0\x13\x00\x9F\x00\x9E\x009\x003\x00\x9D\x00\x9C\x00=\x00<\x005\x00/\xC0,\xC0+\xC0$\xC0#\xC0" 400 150 "-" "-"
161.97.87.64 - - [05/Jan/2022:14:09:41 +0100] "\x16\x03\x03\x00\x96\x01\x00\x00\x92\x03\x03a\xD5\x98\x9A b\xEF\x1E\x97t\xED6\x8F\x8F@\x8A\xF9\xA3\x1Bh\xBD\x10\x9F\xB4\x8C\xD2 \xBCz(X7\x00\x004\xC0(\xC0'\xC0\x14\xC0\x13\x00\x9F\x00\x9E\x009\x003\x00\x9D\x00\x9C\x00=\x00<\x005\x00/\xC0,\xC0+\xC0$\xC0#\xC0" 400 150 "-" "-"
184.105.139.69 - - [05/Jan/2022:14:18:40 +0100] "GET / HTTP/1.1" 200 1345 "-" "-"
45.146.165.37 - - [05/Jan/2022:14:21:41 +0100] "GET / HTTP/1.1" 200 595 "-" "Mozilla/5.0 (Windows NT 10.0; Win64; x64) AppleWebKit/537.36 (KHTML, like Gecko) Chrome/78.0.3904.108 Safari/537.36"
205.185.114.93 - - [05/Jan/2022:14:54:11 +0100] "GET /phpmyadmin/scripts/setup.php HTTP/1.1" 400 150 "-" "-"
183.136.226.4 - - [05/Jan/2022:15:07:36 +0100] "GET / HTTP/1.1" 301 162 "-" "Mozilla/5.0 (Macintosh; Intel Mac OS X 10.11; rv:47.0) Gecko/20100101 Firefox/47.0"
192.241.212.53 - - [05/Jan/2022:15:39:48 +0100] "GET /actuator/health HTTP/1.1" 200 595 "-" "Mozilla/5.0 zgrab/0.x"
35.172.213.107 - - [05/Jan/2022:15:48:42 +0100] "GET /rss HTTP/1.1" 301 5 "-" "Forem Feeds Importer"
35.172.213.107 - - [05/Jan/2022:15:48:43 +0100] "GET /rss/ HTTP/1.1" 200 3444 "-" "Forem Feeds Importer"
103.219.152.177 - - [05/Jan/2022:15:53:58 +0100] "POST /boaform/admin/formLogin HTTP/1.1" 301 162 "http://85.255.1.106:80/admin/login.asp" "Mozilla/5.0 (X11; Ubuntu; Linux x86_64; rv:71.0) Gecko/20100101 Firefox/71.0"
103.219.152.177 - - [05/Jan/2022:15:53:58 +0100] "" 400 0 "-" "-"
94.232.43.63 - - [05/Jan/2022:16:16:23 +0100] "\x03\x00\x00,'\xE0\x00\x00\x00\x00\x00Cookie: mstshash=Domain" 400 150 "-" "-"
94.232.43.63 - - [05/Jan/2022:16:16:23 +0100] "\x03\x00\x00,'\xE0\x00\x00\x00\x00\x00Cookie: mstshash=Domain" 400 150 "-" "-"
35.233.62.116 - - [05/Jan/2022:16:58:59 +0100] "GET / HTTP/1.1" 301 162 "-" "python-requests/2.26.0"
45.83.67.98 - - [05/Jan/2022:17:15:49 +0100] "GET / HTTP/1.1" 200 595 "-" "Mozilla/5.0 (Windows NT 10.0; Win64; x64; rv:65.0) Gecko/20100101 Firefox/65.0"
45.83.64.98 - - [05/Jan/2022:17:15:49 +0100] "GET /favicon.ico HTTP/1.1" 200 595 "-" "Mozilla/5.0 (Windows NT 10.0; Win64; x64; rv:65.0) Gecko/20100101 Firefox/65.0"
45.79.204.46 - - [05/Jan/2022:17:20:10 +0100] "GET / HTTP/1.1" 301 162 "-" "Mozilla/5.0 (Windows NT 10.0; Win64; x64) AppleWebKit/537.36 (KHTML, like Gecko) Chrome/60.0.3112.113 Safari/537.36"
45.79.204.46 - - [05/Jan/2022:17:20:11 +0100] "GET / HTTP/1.1" 200 595 "http://85.255.1.106/" "Mozilla/5.0 (Windows NT 10.0; Win64; x64) AppleWebKit/537.36 (KHTML, like Gecko) Chrome/60.0.3112.113 Safari/537.36"
45.146.165.37 - - [05/Jan/2022:17:43:45 +0100] "GET /vendor/phpunit/phpunit/src/Util/PHP/eval-stdin.php HTTP/1.1" 301 162 "-" "Mozilla/5.0 (Windows NT 10.0; Win64; x64) AppleWebKit/537.36 (KHTML, like Gecko) Chrome/78.0.3904.108 Safari/537.36"
45.146.165.37 - - [05/Jan/2022:17:43:45 +0100] "GET /vendor/phpunit/phpunit/src/Util/PHP/eval-stdin.php HTTP/1.1" 404 47 "http://85.255.1.106:80/vendor/phpunit/phpunit/src/Util/PHP/eval-stdin.php" "Mozilla/5.0 (Windows NT 10.0; Win64; x64) AppleWebKit/537.36 (KHTML, like Gecko) Chrome/78.0.3904.108 Safari/537.36"
162.221.192.26 - - [05/Jan/2022:17:50:03 +0100] "GET / HTTP/1.1" 301 162 "-" "Mozilla/5.0 (Windows NT 10.0; Win64; x64) AppleWebKit/537.36 (KHTML, like Gecko) Chrome/60.0.3112.113 Safari/537.36"
162.221.192.26 - - [05/Jan/2022:17:50:04 +0100] "GET / HTTP/1.1" 200 595 "http://85.255.1.106/" "Mozilla/5.0 (Windows NT 10.0; Win64; x64) AppleWebKit/537.36 (KHTML, like Gecko) Chrome/60.0.3112.113 Safari/537.36"
45.146.165.37 - - [05/Jan/2022:18:00:48 +0100] "GET /solr/admin/info/system?wt=json HTTP/1.1" 301 162 "-" "Mozilla/5.0 (Windows NT 10.0; Win64; x64) AppleWebKit/537.36 (KHTML, like Gecko) Chrome/78.0.3904.108 Safari/537.36"
45.146.165.37 - - [05/Jan/2022:18:00:48 +0100] "GET /solr/admin/info/system?wt=json HTTP/1.1" 200 595 "http://85.255.1.106:80/solr/admin/info/system?wt=json" "Mozilla/5.0 (Windows NT 10.0; Win64; x64) AppleWebKit/537.36 (KHTML, like Gecko) Chrome/78.0.3904.108 Safari/537.36"
104.206.128.30 - - [05/Jan/2022:18:27:53 +0100] "GET / HTTP/1.1" 301 162 "-" "https://gdnplus.com:Gather Analyze Provide."
104.206.128.30 - - [05/Jan/2022:18:27:54 +0100] "GET / HTTP/1.1" 200 1345 "http://85.255.1.106:80/" "Go http package"
172.105.189.111 - - [05/Jan/2022:18:31:12 +0100] "GET / HTTP/1.1" 200 595 "-" "Mozilla/5.0 (Windows NT 10.0; Win64; x64) AppleWebKit/537.36 (KHTML, like Gecko) Chrome/60.0.3112.113 Safari/537.36"
209.141.53.74 - - [05/Jan/2022:18:33:22 +0100] "GET /config/getuser?index=0 HTTP/1.1" 301 162 "-" "Mozilla/5.0 (X11; Ubuntu; Linux x86_64; rv:76.0) Gecko/20100101 Firefox/76.0"
66.240.236.109 - - [05/Jan/2022:19:12:23 +0100] "GET / HTTP/1.1" 301 162 "-" "Mozilla/5.0 zgrab/0.x"
139.162.145.250 - - [05/Jan/2022:19:13:45 +0100] "GET /bag2 HTTP/1.1" 200 595 "-" "Mozilla/4.0 (compatible; MSIE 8.0; Windows NT 6.0; Trident/4.0)"
45.146.165.37 - - [05/Jan/2022:19:37:18 +0100] "GET /?XDEBUG_SESSION_START=phpstorm HTTP/1.1" 301 162 "-" "Mozilla/5.0 (Windows NT 10.0; Win64; x64) AppleWebKit/537.36 (KHTML, like Gecko) Chrome/78.0.3904.108 Safari/537.36"
45.146.165.37 - - [05/Jan/2022:19:37:25 +0100] "GET /?XDEBUG_SESSION_START=phpstorm HTTP/1.1" 200 595 "http://85.255.1.106:80/?XDEBUG_SESSION_START=phpstorm" "Mozilla/5.0 (Windows NT 10.0; Win64; x64) AppleWebKit/537.36 (KHTML, like Gecko) Chrome/78.0.3904.108 Safari/537.36"
192.241.217.172 - - [05/Jan/2022:19:37:51 +0100] "GET / HTTP/1.1" 301 162 "-" "Mozilla/5.0 zgrab/0.x"
183.136.225.9 - - [05/Jan/2022:19:43:26 +0100] "GET / HTTP/1.1" 301 162 "-" "Mozilla/5.0 (Macintosh; Intel Mac OS X 10.11; rv:47.0) Gecko/20100101 Firefox/47.0"
183.136.225.9 - - [05/Jan/2022:19:43:27 +0100] "GET / HTTP/1.1" 200 1345 "-" "Mozilla/5.0 (Macintosh; Intel Mac OS X 10.11; rv:47.0) Gecko/20100101 Firefox/47.0"
183.136.225.9 - - [05/Jan/2022:19:43:28 +0100] "GET / HTTP/1.1" 301 162 "-" "Mozilla/5.0 (Windows NT 6.1; WOW64) AppleWebKit/537.36 (KHTML, like Gecko) Chrome/63.0.3239.132 Safari/537.36 QIHU 360SE"
183.136.225.9 - - [05/Jan/2022:19:43:29 +0100] "GET / HTTP/1.1" 200 595 "http://85.255.1.106:80" "Mozilla/5.0 (Windows NT 6.1; WOW64) AppleWebKit/537.36 (KHTML, like Gecko) Chrome/63.0.3239.132 Safari/537.36 QIHU 360SE"
183.136.225.9 - - [05/Jan/2022:19:43:29 +0100] "GET /favicon.ico HTTP/1.1" 301 162 "-" "Mozilla/5.0 (Windows NT 6.1; WOW64) AppleWebKit/537.36 (KHTML, like Gecko) Chrome/63.0.3239.132 Safari/537.36 QIHU 360SE"
183.136.225.9 - - [05/Jan/2022:19:43:30 +0100] "GET /favicon.ico HTTP/1.1" 200 595 "http://85.255.1.106:80/favicon.ico" "Mozilla/5.0 (Windows NT 6.1; WOW64) AppleWebKit/537.36 (KHTML, like Gecko) Chrome/63.0.3239.132 Safari/537.36 QIHU 360SE"
183.136.225.9 - - [05/Jan/2022:19:43:31 +0100] "GET /robots.txt HTTP/1.1" 301 162 "-" "Mozilla/5.0 (Windows NT 6.1; WOW64) AppleWebKit/537.36 (KHTML, like Gecko) Chrome/63.0.3239.132 Safari/537.36 QIHU 360SE"
192.241.204.137 - - [05/Jan/2022:20:06:57 +0100] "GET / HTTP/1.1" 200 595 "-" "Mozilla/5.0 zgrab/0.x"
83.29.133.58 - - [05/Jan/2022:20:20:59 +0100] "GET /rss/ HTTP/2.0" 304 0 "-" "Mozilla/5.0 (Windows NT 10.0; Win64; x64) AppleWebKit/537.36 (KHTML, like Gecko) Chrome/96.0.4664.110 Safari/537.36 OPR/82.0.4227.43"
45.146.165.37 - - [05/Jan/2022:20:30:07 +0100] "GET /console/ HTTP/1.1" 301 162 "-" "Mozilla/5.0 (Windows NT 10.0; Win64; x64) AppleWebKit/537.36 (KHTML, like Gecko) Chrome/78.0.3904.108 Safari/537.36"
45.146.165.37 - - [05/Jan/2022:20:30:08 +0100] "GET /console/ HTTP/1.1" 200 595 "http://85.255.1.106:80/console/" "Mozilla/5.0 (Windows NT 10.0; Win64; x64) AppleWebKit/537.36 (KHTML, like Gecko) Chrome/78.0.3904.108 Safari/537.36"
198.98.49.124 - - [05/Jan/2022:20:30:41 +0100] "GET / HTTP/1.1" 301 162 "-" "Mozilla/5.0 (X11; Ubuntu; Linux x86_64; rv:76.0) Gecko/20100101 Firefox/76.0"
83.29.133.58 - - [05/Jan/2022:20:35:59 +0100] "GET /rss/ HTTP/2.0" 304 0 "-" "Mozilla/5.0 (Windows NT 10.0; Win64; x64) AppleWebKit/537.36 (KHTML, like Gecko) Chrome/96.0.4664.110 Safari/537.36 OPR/82.0.4227.43"
83.29.133.58 - - [05/Jan/2022:20:50:58 +0100] "GET /rss/ HTTP/2.0" 304 0 "-" "Mozilla/5.0 (Windows NT 10.0; Win64; x64) AppleWebKit/537.36 (KHTML, like Gecko) Chrome/96.0.4664.110 Safari/537.36 OPR/82.0.4227.43"
3.83.157.198 - - [05/Jan/2022:20:51:20 +0100] "GET /rss HTTP/1.1" 301 5 "-" "Forem Feeds Importer"
3.83.157.198 - - [05/Jan/2022:20:51:21 +0100] "GET /rss/ HTTP/1.1" 200 3444 "-" "Forem Feeds Importer"
61.79.9.102 - - [05/Jan/2022:20:52:49 +0100] "GET / HTTP/1.0" 301 162 "-" "Mozilla/5.0 (compatible; MSIE 9.0; Windows NT 6.1; WOW64; Trident/5.0)"
83.29.133.58 - - [05/Jan/2022:21:05:59 +0100] "GET /rss/ HTTP/2.0" 304 0 "-" "Mozilla/5.0 (Windows NT 10.0; Win64; x64) AppleWebKit/537.36 (KHTML, like Gecko) Chrome/96.0.4664.110 Safari/537.36 OPR/82.0.4227.43"
83.29.133.58 - - [05/Jan/2022:21:20:59 +0100] "GET /rss/ HTTP/2.0" 304 0 "-" "Mozilla/5.0 (Windows NT 10.0; Win64; x64) AppleWebKit/537.36 (KHTML, like Gecko) Chrome/96.0.4664.110 Safari/537.36 OPR/82.0.4227.43"
83.29.133.58 - - [05/Jan/2022:21:35:59 +0100] "GET /rss/ HTTP/2.0" 304 0 "-" "Mozilla/5.0 (Windows NT 10.0; Win64; x64) AppleWebKit/537.36 (KHTML, like Gecko) Chrome/96.0.4664.110 Safari/537.36 OPR/82.0.4227.43"
45.137.23.232 - - [05/Jan/2022:21:37:58 +0100] "GET / HTTP/1.1" 301 162 "-" "Mozilla/5.0 zgrab/0.x"
34.140.248.32 - - [05/Jan/2022:21:39:18 +0100] "GET / HTTP/1.1" 200 595 "-" "python-requests/2.26.0"
205.185.114.93 - - [05/Jan/2022:21:39:28 +0100] "GET /phpmyadmin/scripts/setup.php HTTP/1.1" 400 150 "-" "-"
83.29.133.58 - - [05/Jan/2022:21:50:59 +0100] "GET /rss/ HTTP/2.0" 304 0 "-" "Mozilla/5.0 (Windows NT 10.0; Win64; x64) AppleWebKit/537.36 (KHTML, like Gecko) Chrome/96.0.4664.110 Safari/537.36 OPR/82.0.4227.43"
109.237.103.118 - - [05/Jan/2022:21:53:40 +0100] "GET /.env HTTP/1.1" 400 650 "-" "Mozilla/5.0 (X11; Linux x86_64) AppleWebKit/537.36 (KHTML, like Gecko) Chrome/81.0.4044.129 Safari/537.36"
109.237.103.118 - - [05/Jan/2022:21:53:40 +0100] "GET /.env HTTP/1.1" 200 595 "-" "Mozilla/5.0 (X11; Linux x86_64) AppleWebKit/537.36 (KHTML, like Gecko) Chrome/81.0.4044.129 Safari/537.36"
83.29.133.58 - - [05/Jan/2022:22:05:59 +0100] "GET /rss/ HTTP/2.0" 304 0 "-" "Mozilla/5.0 (Windows NT 10.0; Win64; x64) AppleWebKit/537.36 (KHTML, like Gecko) Chrome/96.0.4664.110 Safari/537.36 OPR/82.0.4227.43"
174.143.96.180 - - [05/Jan/2022:22:15:37 +0100] "GET / HTTP/1.1" 301 162 "-" "Fuzz Faster U Fool v1.3.1"
83.29.133.58 - - [05/Jan/2022:22:20:59 +0100] "GET /rss/ HTTP/2.0" 304 0 "-" "Mozilla/5.0 (Windows NT 10.0; Win64; x64) AppleWebKit/537.36 (KHTML, like Gecko) Chrome/96.0.4664.110 Safari/537.36 OPR/82.0.4227.43"
83.29.133.58 - - [05/Jan/2022:22:35:59 +0100] "GET /rss/ HTTP/2.0" 304 0 "-" "Mozilla/5.0 (Windows NT 10.0; Win64; x64) AppleWebKit/537.36 (KHTML, like Gecko) Chrome/96.0.4664.110 Safari/537.36 OPR/82.0.4227.43"
83.29.133.58 - - [05/Jan/2022:22:50:59 +0100] "GET /rss/ HTTP/2.0" 304 0 "-" "Mozilla/5.0 (Windows NT 10.0; Win64; x64) AppleWebKit/537.36 (KHTML, like Gecko) Chrome/96.0.4664.110 Safari/537.36 OPR/82.0.4227.43"
162.142.125.57 - - [05/Jan/2022:23:00:30 +0100] "GET / HTTP/1.1" 200 1345 "-" "-"
162.142.125.57 - - [05/Jan/2022:23:00:31 +0100] "GET / HTTP/1.1" 200 595 "-" "Mozilla/5.0 (compatible; CensysInspect/1.1; +https://about.censys.io/)"
83.29.133.58 - - [05/Jan/2022:23:05:59 +0100] "GET /rss/ HTTP/2.0" 304 0 "-" "Mozilla/5.0 (Windows NT 10.0; Win64; x64) AppleWebKit/537.36 (KHTML, like Gecko) Chrome/96.0.4664.110 Safari/537.36 OPR/82.0.4227.43"
209.141.53.74 - - [05/Jan/2022:23:07:26 +0100] "GET /config/getuser?index=0 HTTP/1.1" 301 162 "-" "Mozilla/5.0 (X11; Ubuntu; Linux x86_64; rv:76.0) Gecko/20100101 Firefox/76.0"
139.59.77.211 - - [05/Jan/2022:23:20:12 +0100] "GET / HTTP/1.1" 200 595 "-" "Mozilla/5.0 (Windows NT 10.0; WOW64; rv:66.0.3) Gecko/20100101 Firefox/66.0.3"
139.59.77.211 - - [05/Jan/2022:23:20:20 +0100] "GET / HTTP/1.1" 301 162 "-" "Mozilla/5.0 (Windows NT 6.2; Win64; x64; rv:64.0.2) Gecko/20100101 Firefox/64.0.2"
83.29.133.58 - - [05/Jan/2022:23:20:59 +0100] "GET /rss/ HTTP/2.0" 304 0 "-" "Mozilla/5.0 (Windows NT 10.0; Win64; x64) AppleWebKit/537.36 (KHTML, like Gecko) Chrome/96.0.4664.110 Safari/537.36 OPR/82.0.4227.43"
83.29.133.58 - - [05/Jan/2022:23:35:59 +0100] "GET /rss/ HTTP/2.0" 304 0 "-" "Mozilla/5.0 (Windows NT 10.0; Win64; x64) AppleWebKit/537.36 (KHTML, like Gecko) Chrome/96.0.4664.110 Safari/537.36 OPR/82.0.4227.43"
154.89.5.75 - - [05/Jan/2022:23:38:29 +0100] "GET / HTTP/1.0" 200 1345 "-" "-"
83.29.133.58 - - [05/Jan/2022:23:50:59 +0100] "GET /rss/ HTTP/2.0" 304 0 "-" "Mozilla/5.0 (Windows NT 10.0; Win64; x64) AppleWebKit/537.36 (KHTML, like Gecko) Chrome/96.0.4664.110 Safari/537.36 OPR/82.0.4227.43"
66.240.205.34 - - [05/Jan/2022:23:57:54 +0100] "145.ll|'|'|SGFjS2VkX0Q0OTkwNjI3|'|'|WIN-JNAPIER0859|'|'|JNapier|'|'|19-02-01|'|'||'|'|Win 7 Professional SP1 x64|'|'|No|'|'|0.7d|'|'|..|'|'|AA==|'|'|112.inf|'|'|SGFjS2VkDQoxOTIuMTY4LjkyLjIyMjo1NTUyDQpEZXNrdG9wDQpjbGllbnRhLmV4ZQ0KRmFsc2UNCkZhbHNlDQpUcnVlDQpGYWxzZQ==12.act|'|'|AA==" 400 150 "-" "-"
83.29.133.58 - - [06/Jan/2022:00:05:59 +0100] "GET /rss/ HTTP/2.0" 304 0 "-" "Mozilla/5.0 (Windows NT 10.0; Win64; x64) AppleWebKit/537.36 (KHTML, like Gecko) Chrome/96.0.4664.110 Safari/537.36 OPR/82.0.4227.43"
136.144.41.117 - - [06/Jan/2022:00:21:06 +0100] "GET / HTTP/1.1" 301 162 "-" "Linux Gnu (cow)"
54.193.4.197 - - [06/Jan/2022:00:24:57 +0100] "GET / HTTP/1.1" 200 595 "-" "Mozilla/5.0 (Macintosh; Intel Mac OS X 10_11_5) AppleWebKit/537.36 (KHTML, like Gecko) Chrome/50.0.2661.102 Safari/537.36"
34.214.27.167 - - [06/Jan/2022:00:38:55 +0100] "GET /owa/auth/logon.aspx HTTP/1.1" 200 1345 "-" "Mozilla/5.0 (Macintosh; Intel Mac OS X 10_11_5) AppleWebKit/537.36 (KHTML, like Gecko) Chrome/50.0.2661.102 Safari/537.36"
193.118.53.202 - - [06/Jan/2022:00:42:01 +0100] "GET / HTTP/1.1" 200 595 "-" "Mozilla/5.0 (Windows NT 10.0; Win64; x64) AppleWebKit/537.36 (KHTML, like Gecko) Chrome/60.0.3112.113 Safari/537.36"
156.146.50.131 - - [06/Jan/2022:01:02:30 +0100] "\x00\x00\x02\x00" 400 150 "-" "-"
23.90.160.130 - - [06/Jan/2022:01:05:22 +0100] "GET / HTTP/1.1" 301 162 "-" "Mozilla/5.0 (Windows NT 10.0; Win64; x64) AppleWebKit/537.36 (KHTML, like Gecko) Chrome/60.0.3112.113 Safari/537.36"
23.90.160.130 - - [06/Jan/2022:01:05:23 +0100] "GET / HTTP/1.1" 200 595 "http://85.255.1.106/" "Mozilla/5.0 (Windows NT 10.0; Win64; x64) AppleWebKit/537.36 (KHTML, like Gecko) Chrome/60.0.3112.113 Safari/537.36"
3.215.174.187 - - [06/Jan/2022:01:45:55 +0100] "GET /rss HTTP/1.1" 301 5 "-" "Forem Feeds Importer"
3.215.174.187 - - [06/Jan/2022:01:45:55 +0100] "GET /rss/ HTTP/1.1" 200 3444 "-" "Forem Feeds Importer"
86.5.55.145 - - [06/Jan/2022:01:53:56 +0100] "GET http://httpheader.net/azenv.php HTTP/1.0" 301 162 "-" "-"
207.46.13.100 - - [06/Jan/2022:02:04:32 +0100] "GET / HTTP/2.0" 200 13133 "-" "Mozilla/5.0 (compatible; bingbot/2.0; +http://www.bing.com/bingbot.htm)"
23.126.104.177 - - [06/Jan/2022:02:21:03 +0100] "GET / HTTP/1.1" 301 162 "-" "Mozilla/5.0 (Windows NT 10.0; WOW64) AppleWebKit/537.36 (KHTML, like Gecko) Chrome/51.0.2704.103 Safari/537.36"
138.246.253.24 - - [06/Jan/2022:02:32:21 +0100] "GET /robots.txt HTTP/1.1" 200 1345 "-" "Mozilla/5.0 (Windows NT 10.0; Win64; x64) AppleWebKit/537.36 (KHTML, like Gecko) Chrome/88.0.4324.146 Safari/537.36"
23.251.102.90 - - [06/Jan/2022:03:06:20 +0100] "GET / HTTP/1.1" 200 595 "-" "Mozilla/5.0 (Windows NT 10.0; Win64; x64) AppleWebKit/537.36 (KHTML, like Gecko) Chrome/60.0.3112.113 Safari/537.36"
46.244.67.209 - - [06/Jan/2022:03:07:45 +0100] "GET / HTTP/1.1" 301 162 "-" "Mozilla/5.0 (Windows NT 6.1; WOW64) AppleWebKit/537.36 (KHTML, like Gecko) Chrome/51.0.2704.103 Safari/537.36"
46.244.67.209 - - [06/Jan/2022:03:07:45 +0100] "GET / HTTP/1.1" 301 162 "-" "Mozilla/5.0 (Windows NT 10.0; WOW64) AppleWebKit/537.36 (KHTML, like Gecko) Chrome/51.0.2704.103 Safari/537.36"
46.244.67.209 - - [06/Jan/2022:03:07:45 +0100] "GET / HTTP/1.1" 301 162 "-" "Mozilla/5.0 (Windows NT 10.0; WOW64) AppleWebKit/537.36 (KHTML, like Gecko) Chrome/52.0.2743.116 Safari/537.36"
46.244.67.209 - - [06/Jan/2022:03:07:45 +0100] "GET / HTTP/1.1" 301 162 "-" "Mozilla/5.0 (Windows NT 6.1; WOW64) AppleWebKit/537.36 (KHTML, like Gecko) Chrome/52.0.2743.116 Safari/537.36"
46.244.67.209 - - [06/Jan/2022:03:07:45 +0100] "GET / HTTP/1.1" 301 162 "-" "Mozilla/5.0 (Windows NT 10.0; WOW64) AppleWebKit/537.36 (KHTML, like Gecko) Chrome/52.0.2743.116 Safari/537.36"
46.244.67.209 - - [06/Jan/2022:03:07:48 +0100] "GET / HTTP/1.1" 301 162 "-" "Mozilla/5.0 (Windows NT 10.0; WOW64) AppleWebKit/537.36 (KHTML, like Gecko) Chrome/51.0.2704.103 Safari/537.36"
167.94.42.163 - - [06/Jan/2022:03:14:17 +0100] "GET / HTTP/1.1" 301 162 "-" "-"
118.123.105.67 - - [06/Jan/2022:03:57:58 +0100] "GET / HTTP/1.0" 301 162 "-" "-"
118.123.105.67 - - [06/Jan/2022:03:57:59 +0100] "GET / HTTP/1.1" 301 162 "-" "Mozilla/5.0 (X11; Linux x86_64) AppleWebKit/537.36 (KHTML, like Gecko) Chrome/86.0.4 240.111 Safari/537.36"
118.123.105.67 - - [06/Jan/2022:03:58:00 +0100] "GET / HTTP/1.1" 200 595 "http://85.255.1.106" "Mozilla/5.0 (X11; Linux x86_64) AppleWebKit/537.36 (KHTML, like Gecko) Chrome/86.0.4 240.111 Safari/537.36"
118.123.105.67 - - [06/Jan/2022:03:58:00 +0100] "GET /favicon.ico HTTP/1.1" 301 162 "-" "Mozilla/5.0 (X11; Linux x86_64) AppleWebKit/537.36 (KHTML, like Gecko) Chrome/86.0.4 240.111 Safari/537.36"
118.123.105.67 - - [06/Jan/2022:03:58:01 +0100] "GET /favicon.ico HTTP/1.1" 200 595 "http://85.255.1.106/favicon.ico" "Mozilla/5.0 (X11; Linux x86_64) AppleWebKit/537.36 (KHTML, like Gecko) Chrome/86.0.4 240.111 Safari/537.36"
118.123.105.67 - - [06/Jan/2022:03:58:02 +0100] "GET /robots.txt HTTP/1.1" 301 162 "-" "Mozilla/5.0 (X11; Linux x86_64) AppleWebKit/537.36 (KHTML, like Gecko) Chrome/86.0.4 240.111 Safari/537.36"
118.123.105.67 - - [06/Jan/2022:03:58:03 +0100] "GET /robots.txt HTTP/1.1" 200 595 "http://85.255.1.106/robots.txt" "Mozilla/5.0 (X11; Linux x86_64) AppleWebKit/537.36 (KHTML, like Gecko) Chrome/86.0.4 240.111 Safari/537.36"
118.123.105.67 - - [06/Jan/2022:03:58:04 +0100] "GET /.well-known/security.txt HTTP/1.1" 301 162 "-" "Mozilla/5.0 (X11; Linux x86_64) AppleWebKit/537.36 (KHTML, like Gecko) Chrome/86.0.4 240.111 Safari/537.36"
118.123.105.67 - - [06/Jan/2022:03:58:05 +0100] "GET /.well-known/security.txt HTTP/1.1" 200 595 "http://85.255.1.106/.well-known/security.txt" "Mozilla/5.0 (X11; Linux x86_64) AppleWebKit/537.36 (KHTML, like Gecko) Chrome/86.0.4 240.111 Safari/537.36"
207.46.13.100 - - [06/Jan/2022:04:00:54 +0100] "GET /sitemap-pages.xml HTTP/2.0" 200 426 "-" "Mozilla/5.0 (compatible; bingbot/2.0; +http://www.bing.com/bingbot.htm)"
205.185.114.93 - - [06/Jan/2022:04:24:48 +0100] "GET /phpmyadmin/scripts/setup.php HTTP/1.1" 400 150 "-" "-"
85.202.169.115 - - [06/Jan/2022:04:38:48 +0100] "GET / HTTP/1.1" 301 162 "-" "Linux Gnu (cow)"
209.141.53.74 - - [06/Jan/2022:04:46:17 +0100] "GET /config/getuser?index=0 HTTP/1.1" 301 162 "-" "Mozilla/5.0 (X11; Ubuntu; Linux x86_64; rv:76.0) Gecko/20100101 Firefox/76.0"
65.49.20.66 - - [06/Jan/2022:04:49:12 +0100] "GET / HTTP/1.1" 200 1345 "-" "-"
103.145.13.223 - - [06/Jan/2022:05:01:12 +0100] "GET http://azenv.net/ HTTP/1.1" 301 162 "-" "Go-http-client/1.1"
103.145.13.223 - - [06/Jan/2022:05:01:24 +0100] "CONNECT azenv.net:443 HTTP/1.1" 400 150 "-" "-"
40.77.167.104 - - [06/Jan/2022:05:18:38 +0100] "GET /robots.txt HTTP/1.1" 301 162 "-" "Mozilla/5.0 (compatible; bingbot/2.0; +http://www.bing.com/bingbot.htm)"
40.77.167.104 - - [06/Jan/2022:05:18:39 +0100] "GET /robots.txt HTTP/2.0" 200 108 "-" "Mozilla/5.0 (compatible; bingbot/2.0; +http://www.bing.com/bingbot.htm)"
207.46.13.37 - - [06/Jan/2022:05:18:50 +0100] "GET / HTTP/1.1" 301 162 "-" "Mozilla/5.0 (compatible; bingbot/2.0; +http://www.bing.com/bingbot.htm)"
40.77.167.19 - - [06/Jan/2022:05:18:53 +0100] "GET /sitemap.xml HTTP/2.0" 200 642 "-" "Mozilla/5.0 (compatible; bingbot/2.0; +http://www.bing.com/bingbot.htm)"
136.144.41.117 - - [06/Jan/2022:05:23:24 +0100] "GET / HTTP/1.1" 301 162 "-" "Linux Gnu (cow)"
157.55.39.17 - - [06/Jan/2022:05:29:26 +0100] "GET /robots.txt HTTP/2.0" 200 108 "-" "Mozilla/5.0 (compatible; bingbot/2.0; +http://www.bing.com/bingbot.htm)"
40.77.167.19 - - [06/Jan/2022:05:29:34 +0100] "GET /sitemap.xml HTTP/2.0" 200 642 "-" "Mozilla/5.0 (compatible; bingbot/2.0; +http://www.bing.com/bingbot.htm)"
192.241.206.119 - - [06/Jan/2022:05:38:36 +0100] "GET /ecp/Current/exporttool/microsoft.exchange.ediscovery.exporttool.application HTTP/1.1" 200 595 "-" "Mozilla/5.0 zgrab/0.x"
198.199.107.58 - - [06/Jan/2022:05:39:55 +0100] "GET /owa/auth/x.js HTTP/1.1" 200 595 "-" "Mozilla/5.0 zgrab/0.x"
192.241.219.141 - - [06/Jan/2022:05:42:25 +0100] "GET /owa/auth/logon.aspx HTTP/1.1" 200 595 "-" "Mozilla/5.0 zgrab/0.x"
109.237.103.9 - - [06/Jan/2022:06:36:02 +0100] "GET /.env HTTP/1.1" 301 162 "-" "Mozilla/5.0 (X11; Linux x86_64) AppleWebKit/537.36 (KHTML, like Gecko) Chrome/81.0.4044.129 Safari/537.36"
109.237.103.9 - - [06/Jan/2022:06:36:02 +0100] "GET /.env HTTP/1.1" 200 595 "-" "Mozilla/5.0 (X11; Linux x86_64) AppleWebKit/537.36 (KHTML, like Gecko) Chrome/81.0.4044.129 Safari/537.36"
109.237.103.9 - - [06/Jan/2022:06:36:02 +0100] "POST /.env HTTP/1.1" 301 162 "-" "Mozilla/5.0 (X11; Linux x86_64) AppleWebKit/537.36 (KHTML, like Gecko) Chrome/81.0.4044.129 Safari/537.36"
3.215.174.187 - - [06/Jan/2022:06:45:03 +0100] "GET /rss HTTP/1.1" 301 5 "-" "Forem Feeds Importer"
3.215.174.187 - - [06/Jan/2022:06:45:03 +0100] "GET /rss/ HTTP/1.1" 200 3444 "-" "Forem Feeds Importer"
172.104.131.24 - - [06/Jan/2022:07:08:21 +0100] "R\x93\x00\x00\xFF\xFF\xFF\xFF\x005ABC\x00" 400 150 "-" "-"
103.145.13.223 - - [06/Jan/2022:07:11:06 +0100] "GET http://azenv.net/ HTTP/1.1" 301 162 "-" "Go-http-client/1.1"
103.145.13.223 - - [06/Jan/2022:07:11:20 +0100] "CONNECT azenv.net:443 HTTP/1.1" 400 150 "-" "-"
174.143.96.180 - - [06/Jan/2022:07:37:56 +0100] "GET / HTTP/1.1" 301 162 "-" "Fuzz Faster U Fool v1.3.1"
167.172.231.247 - - [06/Jan/2022:07:40:21 +0100] "\x16\x03\x01\x01\xFB\x01\x00\x01\xF7\x03\x03\x91\x05\xD9p\xFEL\x08\xA9\x04\xB1K\xA9o\xE50.,\xF3\x8D\x07g\x99#\x90Sa[\xEAg\xA8\xDD\xAC\x00\x01<\xCC\x14\xCC\x13\xCC\x15\xC00\xC0,\xC0(\xC0$\xC0\x14\xC0" 400 150 "-" "-"
205.185.122.46 - - [06/Jan/2022:07:51:08 +0100] "Z\xA5\x01 \x00\x00\x00\x00" 400 150 "-" "-"
128.1.248.42 - - [06/Jan/2022:08:34:51 +0100] "GET / HTTP/1.1" 200 595 "-" "Mozilla/5.0 (Windows NT 10.0; Win64; x64) AppleWebKit/537.36 (KHTML, like Gecko) Chrome/60.0.3112.113 Safari/537.36"
198.98.49.124 - - [06/Jan/2022:08:42:02 +0100] "GET / HTTP/1.1" 301 162 "-" "Linux Gnu (cow)"
209.141.53.74 - - [06/Jan/2022:08:53:16 +0100] "GET /config/getuser?index=0 HTTP/1.1" 301 162 "-" "Mozilla/5.0 (X11; Ubuntu; Linux x86_64; rv:76.0) Gecko/20100101 Firefox/76.0"
162.142.125.195 - - [06/Jan/2022:08:58:45 +0100] "GET / HTTP/1.1" 301 162 "-" "-"
162.142.125.195 - - [06/Jan/2022:08:58:45 +0100] "GET / HTTP/1.1" 301 162 "-" "Mozilla/5.0 (compatible; CensysInspect/1.1; +https://about.censys.io/)"
162.142.125.195 - - [06/Jan/2022:08:58:46 +0100] "GET / HTTP/1.1" 200 595 "-" "Mozilla/5.0 (compatible; CensysInspect/1.1; +https://about.censys.io/)"
148.72.177.181 - - [06/Jan/2022:09:22:43 +0100] "GET /remote/fgt_lang?lang=/../../../..//////////dev/cmdb/sslvpn_websession HTTP/1.1" 200 1345 "-" "Python-urllib/3.6"
125.64.94.140 - - [06/Jan/2022:09:27:10 +0100] "GET / HTTP/1.0" 200 1345 "-" "-"
125.64.94.140 - - [06/Jan/2022:09:27:12 +0100] "GET /favicon.ico HTTP/1.1" 200 595 "-" "Mozilla/5.0 (X11; Linux x86_64) AppleWebKit/537.36 (KHTML, like Gecko) Chrome/86.0.4 240.111 Safari/537.36"
125.64.94.140 - - [06/Jan/2022:09:27:13 +0100] "GET /robots.txt HTTP/1.1" 200 595 "-" "Mozilla/5.0 (X11; Linux x86_64) AppleWebKit/537.36 (KHTML, like Gecko) Chrome/86.0.4 240.111 Safari/537.36"
125.64.94.140 - - [06/Jan/2022:09:27:16 +0100] "GET /.well-known/security.txt HTTP/1.1" 200 595 "-" "Mozilla/5.0 (X11; Linux x86_64) AppleWebKit/537.36 (KHTML, like Gecko) Chrome/86.0.4 240.111 Safari/537.36"
83.29.133.58 - - [06/Jan/2022:09:32:22 +0100] "GET /rss/ HTTP/2.0" 304 0 "-" "Mozilla/5.0 (Windows NT 10.0; Win64; x64) AppleWebKit/537.36 (KHTML, like Gecko) Chrome/96.0.4664.110 Safari/537.36 OPR/82.0.4227.43"
83.29.133.58 - - [06/Jan/2022:09:47:22 +0100] "GET /rss/ HTTP/2.0" 304 0 "-" "Mozilla/5.0 (Windows NT 10.0; Win64; x64) AppleWebKit/537.36 (KHTML, like Gecko) Chrome/96.0.4664.110 Safari/537.36 OPR/82.0.4227.43"
212.28.71.227 - - [06/Jan/2022:09:52:29 +0100] "GET / HTTP/1.1" 301 162 "-" "Mozilla/4.0 (compatible; MSIE 5.01; Windows NT 5.0)"
83.29.133.58 - - [06/Jan/2022:10:02:22 +0100] "GET /rss/ HTTP/2.0" 304 0 "-" "Mozilla/5.0 (Windows NT 10.0; Win64; x64) AppleWebKit/537.36 (KHTML, like Gecko) Chrome/96.0.4664.110 Safari/537.36 OPR/82.0.4227.43"
66.249.66.27 - - [06/Jan/2022:10:16:39 +0100] "GET /robots.txt HTTP/1.1" 200 108 "-" "Mozilla/5.0 (compatible; Googlebot/2.1; +http://www.google.com/bot.html)"
66.249.66.29 - - [06/Jan/2022:10:16:39 +0100] "GET /sitemap-pages.xml HTTP/1.1" 200 426 "-" "Mozilla/5.0 (compatible; Googlebot/2.1; +http://www.google.com/bot.html)"
83.29.133.58 - - [06/Jan/2022:10:17:22 +0100] "GET /rss/ HTTP/2.0" 304 0 "-" "Mozilla/5.0 (Windows NT 10.0; Win64; x64) AppleWebKit/537.36 (KHTML, like Gecko) Chrome/96.0.4664.110 Safari/537.36 OPR/82.0.4227.43"
80.82.77.192 - - [06/Jan/2022:10:18:15 +0100] "GET / HTTP/1.1" 200 595 "-" "Mozilla/5.0 (Windows NT 10.0; Win64; x64) AppleWebKit/537.36 (KHTML, like Gecko) Chrome/88.0.4324.190 Safari/537.36"
187.213.2.236 - - [06/Jan/2022:10:20:09 +0100] "GET / HTTP/1.1" 301 162 "-" "Mozilla/5.0 (Windows NT 10.0; WOW64) AppleWebKit/537.36 (KHTML, like Gecko) Chrome/52.0.2743.116 Safari/537.36"
192.241.213.218 - - [06/Jan/2022:10:21:31 +0100] "GET /ecp/Current/exporttool/microsoft.exchange.ediscovery.exporttool.application HTTP/1.1" 200 595 "-" "Mozilla/5.0 zgrab/0.x"
83.29.133.58 - - [06/Jan/2022:10:32:22 +0100] "GET /rss/ HTTP/2.0" 304 0 "-" "Mozilla/5.0 (Windows NT 10.0; Win64; x64) AppleWebKit/537.36 (KHTML, like Gecko) Chrome/96.0.4664.110 Safari/537.36 OPR/82.0.4227.43"
192.241.219.118 - - [06/Jan/2022:10:33:48 +0100] "GET /owa/auth/logon.aspx?url=https%3a%2f%2f1%2fecp%2f HTTP/1.1" 200 595 "-" "Mozilla/5.0 zgrab/0.x"
185.189.182.234 - - [06/Jan/2022:10:38:47 +0100] "GET /Sj6i HTTP/1.1" 400 150 "-" "-"
161.97.87.64 - - [06/Jan/2022:10:41:40 +0100] "GET /recordings HTTP/1.1" 301 162 "-" "Mozilla/5.0 (Windows NT 10.0; Win64; x64) AppleWebKit/537.36 (KHTML, like Gecko) Chrome/91.0.4472.124 Safari/537.36"
161.97.87.64 - - [06/Jan/2022:10:41:40 +0100] "GET /recordings HTTP/1.1" 200 1345 "-" "Mozilla/5.0 (Windows NT 10.0; Win64; x64) AppleWebKit/537.36 (KHTML, like Gecko) Chrome/91.0.4472.124 Safari/537.36"
83.29.133.58 - - [06/Jan/2022:10:47:22 +0100] "GET /rss/ HTTP/2.0" 304 0 "-" "Mozilla/5.0 (Windows NT 10.0; Win64; x64) AppleWebKit/537.36 (KHTML, like Gecko) Chrome/96.0.4664.110 Safari/537.36 OPR/82.0.4227.43"
83.29.133.58 - - [06/Jan/2022:11:02:22 +0100] "GET /rss/ HTTP/2.0" 304 0 "-" "Mozilla/5.0 (Windows NT 10.0; Win64; x64) AppleWebKit/537.36 (KHTML, like Gecko) Chrome/96.0.4664.110 Safari/537.36 OPR/82.0.4227.43"
205.185.114.93 - - [06/Jan/2022:11:10:44 +0100] "GET /phpmyadmin/scripts/setup.php HTTP/1.1" 400 150 "-" "-"
83.29.133.58 - - [06/Jan/2022:11:17:22 +0100] "GET /rss/ HTTP/2.0" 304 0 "-" "Mozilla/5.0 (Windows NT 10.0; Win64; x64) AppleWebKit/537.36 (KHTML, like Gecko) Chrome/96.0.4664.110 Safari/537.36 OPR/82.0.4227.43"
83.29.133.58 - - [06/Jan/2022:11:32:22 +0100] "GET /rss/ HTTP/2.0" 304 0 "-" "Mozilla/5.0 (Windows NT 10.0; Win64; x64) AppleWebKit/537.36 (KHTML, like Gecko) Chrome/96.0.4664.110 Safari/537.36 OPR/82.0.4227.43"
207.46.13.100 - - [06/Jan/2022:11:40:37 +0100] "GET / HTTP/2.0" 200 13133 "-" "Mozilla/5.0 (compatible; bingbot/2.0; +http://www.bing.com/bingbot.htm)"
3.238.202.185 - - [06/Jan/2022:11:46:59 +0100] "GET /rss HTTP/1.1" 301 5 "-" "Forem Feeds Importer"
3.238.202.185 - - [06/Jan/2022:11:46:59 +0100] "GET /rss/ HTTP/1.1" 200 3444 "-" "Forem Feeds Importer"
83.29.133.58 - - [06/Jan/2022:11:47:22 +0100] "GET /rss/ HTTP/2.0" 304 0 "-" "Mozilla/5.0 (Windows NT 10.0; Win64; x64) AppleWebKit/537.36 (KHTML, like Gecko) Chrome/96.0.4664.110 Safari/537.36 OPR/82.0.4227.43"
118.123.105.67 - - [06/Jan/2022:11:51:09 +0100] "GET / HTTP/1.0" 301 162 "-" "-"
118.123.105.67 - - [06/Jan/2022:11:51:10 +0100] "GET / HTTP/1.1" 301 162 "-" "Mozilla/5.0 (X11; Linux x86_64) AppleWebKit/537.36 (KHTML, like Gecko) Chrome/86.0.4 240.111 Safari/537.36"
118.123.105.67 - - [06/Jan/2022:11:51:11 +0100] "GET / HTTP/1.1" 200 595 "http://85.255.1.106" "Mozilla/5.0 (X11; Linux x86_64) AppleWebKit/537.36 (KHTML, like Gecko) Chrome/86.0.4 240.111 Safari/537.36"
118.123.105.67 - - [06/Jan/2022:11:51:11 +0100] "GET /favicon.ico HTTP/1.1" 301 162 "-" "Mozilla/5.0 (X11; Linux x86_64) AppleWebKit/537.36 (KHTML, like Gecko) Chrome/86.0.4 240.111 Safari/537.36"
118.123.105.67 - - [06/Jan/2022:11:51:12 +0100] "GET /favicon.ico HTTP/1.1" 200 595 "http://85.255.1.106/favicon.ico" "Mozilla/5.0 (X11; Linux x86_64) AppleWebKit/537.36 (KHTML, like Gecko) Chrome/86.0.4 240.111 Safari/537.36"
118.123.105.67 - - [06/Jan/2022:11:51:13 +0100] "GET /robots.txt HTTP/1.1" 301 162 "-" "Mozilla/5.0 (X11; Linux x86_64) AppleWebKit/537.36 (KHTML, like Gecko) Chrome/86.0.4 240.111 Safari/537.36"
118.123.105.67 - - [06/Jan/2022:11:51:14 +0100] "GET /robots.txt HTTP/1.1" 200 595 "http://85.255.1.106/robots.txt" "Mozilla/5.0 (X11; Linux x86_64) AppleWebKit/537.36 (KHTML, like Gecko) Chrome/86.0.4 240.111 Safari/537.36"
118.123.105.67 - - [06/Jan/2022:11:51:14 +0100] "GET /.well-known/security.txt HTTP/1.1" 301 162 "-" "Mozilla/5.0 (X11; Linux x86_64) AppleWebKit/537.36 (KHTML, like Gecko) Chrome/86.0.4 240.111 Safari/537.36"
118.123.105.67 - - [06/Jan/2022:11:51:15 +0100] "GET /.well-known/security.txt HTTP/1.1" 200 595 "http://85.255.1.106/.well-known/security.txt" "Mozilla/5.0 (X11; Linux x86_64) AppleWebKit/537.36 (KHTML, like Gecko) Chrome/86.0.4 240.111 Safari/537.36"
83.29.133.58 - - [06/Jan/2022:12:02:22 +0100] "GET /rss/ HTTP/2.0" 304 0 "-" "Mozilla/5.0 (Windows NT 10.0; Win64; x64) AppleWebKit/537.36 (KHTML, like Gecko) Chrome/96.0.4664.110 Safari/537.36 OPR/82.0.4227.43"
83.29.133.58 - - [06/Jan/2022:12:17:22 +0100] "GET /rss/ HTTP/2.0" 304 0 "-" "Mozilla/5.0 (Windows NT 10.0; Win64; x64) AppleWebKit/537.36 (KHTML, like Gecko) Chrome/96.0.4664.110 Safari/537.36 OPR/82.0.4227.43"
128.14.209.162 - - [06/Jan/2022:12:24:31 +0100] "GET / HTTP/1.1" 301 162 "-" "Mozilla/5.0 (Windows NT 10.0; Win64; x64) AppleWebKit/537.36 (KHTML, like Gecko) Chrome/60.0.3112.113 Safari/537.36"
128.14.209.162 - - [06/Jan/2022:12:24:31 +0100] "GET / HTTP/1.1" 200 595 "http://85.255.1.106/" "Mozilla/5.0 (Windows NT 10.0; Win64; x64) AppleWebKit/537.36 (KHTML, like Gecko) Chrome/60.0.3112.113 Safari/537.36"
83.29.133.58 - - [06/Jan/2022:12:32:22 +0100] "GET /rss/ HTTP/2.0" 304 0 "-" "Mozilla/5.0 (Windows NT 10.0; Win64; x64) AppleWebKit/537.36 (KHTML, like Gecko) Chrome/96.0.4664.110 Safari/537.36 OPR/82.0.4227.43"
167.172.167.75 - - [06/Jan/2022:12:34:18 +0100] "HEAD / HTTP/1.0" 400 0 "-" "-"
167.172.167.75 - - [06/Jan/2022:12:34:18 +0100] "HEAD / HTTP/1.0" 301 0 "-" "-"
167.172.167.75 - - [06/Jan/2022:12:34:18 +0100] "GET /system_api.php HTTP/1.1" 301 162 "-" "Mozilla/5.0 (Windows NT 10.0; Win64; x64) AppleWebKit/537.36 (KHTML, like Gecko) Chrome/74.0.3729.169 Safari/537.36"
167.172.167.75 - - [06/Jan/2022:12:34:18 +0100] "GET /system_api.php HTTP/1.1" 404 47 "-" "Mozilla/5.0 (Windows NT 10.0; Win64; x64) AppleWebKit/537.36 (KHTML, like Gecko) Chrome/74.0.3729.169 Safari/537.36"
167.172.167.75 - - [06/Jan/2022:12:34:18 +0100] "GET /system_api.php HTTP/1.1" 400 650 "-" "Mozilla/5.0 (Windows NT 10.0; Win64; x64) AppleWebKit/537.36 (KHTML, like Gecko) Chrome/74.0.3729.169 Safari/537.36"
167.172.167.75 - - [06/Jan/2022:12:34:18 +0100] "GET /system_api.php HTTP/1.1" 404 47 "-" "Mozilla/5.0 (Windows NT 10.0; Win64; x64) AppleWebKit/537.36 (KHTML, like Gecko) Chrome/74.0.3729.169 Safari/537.36"
167.172.167.75 - - [06/Jan/2022:12:34:18 +0100] "GET /c/version.js HTTP/1.1" 301 162 "-" "Mozilla/5.0 (Windows NT 10.0; Win64; x64) AppleWebKit/537.36 (KHTML, like Gecko) Chrome/74.0.3729.169 Safari/537.36"
167.172.167.75 - - [06/Jan/2022:12:34:18 +0100] "GET /c/version.js HTTP/1.1" 200 595 "-" "Mozilla/5.0 (Windows NT 10.0; Win64; x64) AppleWebKit/537.36 (KHTML, like Gecko) Chrome/74.0.3729.169 Safari/537.36"
167.172.167.75 - - [06/Jan/2022:12:34:18 +0100] "GET /c/version.js HTTP/1.1" 400 650 "-" "Mozilla/5.0 (Windows NT 10.0; Win64; x64) AppleWebKit/537.36 (KHTML, like Gecko) Chrome/74.0.3729.169 Safari/537.36"
167.172.167.75 - - [06/Jan/2022:12:34:18 +0100] "GET /c/version.js HTTP/1.1" 200 595 "-" "Mozilla/5.0 (Windows NT 10.0; Win64; x64) AppleWebKit/537.36 (KHTML, like Gecko) Chrome/74.0.3729.169 Safari/537.36"
167.172.167.75 - - [06/Jan/2022:12:34:18 +0100] "GET /streaming/clients_live.php HTTP/1.1" 301 162 "-" "Mozilla/5.0 (Windows NT 10.0; Win64; x64) AppleWebKit/537.36 (KHTML, like Gecko) Chrome/74.0.3729.169 Safari/537.36"
167.172.167.75 - - [06/Jan/2022:12:34:19 +0100] "GET /streaming/clients_live.php HTTP/1.1" 404 47 "-" "Mozilla/5.0 (Windows NT 10.0; Win64; x64) AppleWebKit/537.36 (KHTML, like Gecko) Chrome/74.0.3729.169 Safari/537.36"
167.172.167.75 - - [06/Jan/2022:12:34:19 +0100] "GET /streaming/clients_live.php HTTP/1.1" 400 650 "-" "Mozilla/5.0 (Windows NT 10.0; Win64; x64) AppleWebKit/537.36 (KHTML, like Gecko) Chrome/74.0.3729.169 Safari/537.36"
167.172.167.75 - - [06/Jan/2022:12:34:19 +0100] "GET /streaming/clients_live.php HTTP/1.1" 404 47 "-" "Mozilla/5.0 (Windows NT 10.0; Win64; x64) AppleWebKit/537.36 (KHTML, like Gecko) Chrome/74.0.3729.169 Safari/537.36"
167.172.167.75 - - [06/Jan/2022:12:34:19 +0100] "GET /stalker_portal/c/version.js HTTP/1.1" 301 162 "-" "Mozilla/5.0 (Windows NT 10.0; Win64; x64) AppleWebKit/537.36 (KHTML, like Gecko) Chrome/74.0.3729.169 Safari/537.36"
167.172.167.75 - - [06/Jan/2022:12:34:19 +0100] "GET /stalker_portal/c/version.js HTTP/1.1" 200 595 "-" "Mozilla/5.0 (Windows NT 10.0; Win64; x64) AppleWebKit/537.36 (KHTML, like Gecko) Chrome/74.0.3729.169 Safari/537.36"
167.172.167.75 - - [06/Jan/2022:12:34:19 +0100] "GET /stalker_portal/c/version.js HTTP/1.1" 400 650 "-" "Mozilla/5.0 (Windows NT 10.0; Win64; x64) AppleWebKit/537.36 (KHTML, like Gecko) Chrome/74.0.3729.169 Safari/537.36"
167.172.167.75 - - [06/Jan/2022:12:34:19 +0100] "GET /stalker_portal/c/version.js HTTP/1.1" 200 595 "-" "Mozilla/5.0 (Windows NT 10.0; Win64; x64) AppleWebKit/537.36 (KHTML, like Gecko) Chrome/74.0.3729.169 Safari/537.36"
167.172.167.75 - - [06/Jan/2022:12:34:19 +0100] "GET /stream/live.php HTTP/1.1" 301 162 "-" "AlexaMediaPlayer/2.1.4676.0 (Linux;Android 5.1.1) ExoPlayerLib/1.5.9"
167.172.167.75 - - [06/Jan/2022:12:34:19 +0100] "GET /stream/live.php HTTP/1.1" 404 47 "-" "AlexaMediaPlayer/2.1.4676.0 (Linux;Android 5.1.1) ExoPlayerLib/1.5.9"
167.172.167.75 - - [06/Jan/2022:12:34:19 +0100] "GET /stream/live.php HTTP/1.1" 400 248 "-" "AlexaMediaPlayer/2.1.4676.0 (Linux;Android 5.1.1) ExoPlayerLib/1.5.9"
167.172.167.75 - - [06/Jan/2022:12:34:19 +0100] "GET /stream/live.php HTTP/1.1" 404 47 "-" "AlexaMediaPlayer/2.1.4676.0 (Linux;Android 5.1.1) ExoPlayerLib/1.5.9"
167.172.167.75 - - [06/Jan/2022:12:34:19 +0100] "GET /flu/403.html HTTP/1.1" 301 162 "-" "Mozilla/5.0 (Windows NT 10.0; Win64; x64) AppleWebKit/537.36 (KHTML, like Gecko) Chrome/74.0.3729.169 Safari/537.36"
167.172.167.75 - - [06/Jan/2022:12:34:19 +0100] "GET /flu/403.html HTTP/1.1" 200 595 "-" "Mozilla/5.0 (Windows NT 10.0; Win64; x64) AppleWebKit/537.36 (KHTML, like Gecko) Chrome/74.0.3729.169 Safari/537.36"
167.172.167.75 - - [06/Jan/2022:12:34:20 +0100] "GET /flu/403.html HTTP/1.1" 400 650 "-" "Mozilla/5.0 (Windows NT 10.0; Win64; x64) AppleWebKit/537.36 (KHTML, like Gecko) Chrome/74.0.3729.169 Safari/537.36"
167.172.167.75 - - [06/Jan/2022:12:34:20 +0100] "GET /flu/403.html HTTP/1.1" 200 595 "-" "Mozilla/5.0 (Windows NT 10.0; Win64; x64) AppleWebKit/537.36 (KHTML, like Gecko) Chrome/74.0.3729.169 Safari/537.36"
167.172.167.75 - - [06/Jan/2022:12:34:20 +0100] "GET / HTTP/1.1" 301 162 "-" "Mozilla/5.0 (Windows NT 10.0; Win64; x64) AppleWebKit/537.36 (KHTML, like Gecko) Chrome/74.0.3729.169 Safari/537.36"
167.172.167.75 - - [06/Jan/2022:12:34:20 +0100] "GET / HTTP/1.1" 200 595 "-" "Mozilla/5.0 (Windows NT 10.0; Win64; x64) AppleWebKit/537.36 (KHTML, like Gecko) Chrome/74.0.3729.169 Safari/537.36"
167.172.167.75 - - [06/Jan/2022:12:34:20 +0100] "GET / HTTP/1.1" 400 650 "-" "Mozilla/5.0 (Windows NT 10.0; Win64; x64) AppleWebKit/537.36 (KHTML, like Gecko) Chrome/74.0.3729.169 Safari/537.36"
167.172.167.75 - - [06/Jan/2022:12:34:20 +0100] "GET / HTTP/1.1" 200 595 "-" "Mozilla/5.0 (Windows NT 10.0; Win64; x64) AppleWebKit/537.36 (KHTML, like Gecko) Chrome/74.0.3729.169 Safari/537.36"
83.29.133.58 - - [06/Jan/2022:12:47:22 +0100] "GET /rss/ HTTP/2.0" 304 0 "-" "Mozilla/5.0 (Windows NT 10.0; Win64; x64) AppleWebKit/537.36 (KHTML, like Gecko) Chrome/96.0.4664.110 Safari/537.36 OPR/82.0.4227.43"
83.29.133.58 - - [06/Jan/2022:12:57:50 +0100] "GET /rss/ HTTP/2.0" 304 0 "-" "Mozilla/5.0 (Windows NT 10.0; Win64; x64) AppleWebKit/537.36 (KHTML, like Gecko) Chrome/96.0.4664.110 Safari/537.36 OPR/82.0.4227.43"
83.29.133.58 - - [06/Jan/2022:12:58:24 +0100] "GET /rss/ HTTP/2.0" 304 0 "-" "Mozilla/5.0 (Windows NT 10.0; Win64; x64) AppleWebKit/537.36 (KHTML, like Gecko) Chrome/96.0.4664.110 Safari/537.36 OPR/82.0.4227.43"
83.29.133.58 - - [06/Jan/2022:12:58:31 +0100] "GET /ghost HTTP/2.0" 301 0 "-" "Mozilla/5.0 (Windows NT 10.0; Win64; x64) AppleWebKit/537.36 (KHTML, like Gecko) Chrome/96.0.4664.110 Safari/537.36 OPR/82.0.4227.43"
83.29.133.58 - - [06/Jan/2022:12:58:31 +0100] "GET /ghost/ HTTP/2.0" 200 1553 "-" "Mozilla/5.0 (Windows NT 10.0; Win64; x64) AppleWebKit/537.36 (KHTML, like Gecko) Chrome/96.0.4664.110 Safari/537.36 OPR/82.0.4227.43"
83.29.133.58 - - [06/Jan/2022:12:58:31 +0100] "GET /ghost/assets/vendor.min-987af30228885bce50f05c4723fe6f53.css HTTP/2.0" 200 10454 "https://krzwiatrzyk.eu/ghost/" "Mozilla/5.0 (Windows NT 10.0; Win64; x64) AppleWebKit/537.36 (KHTML, like Gecko) Chrome/96.0.4664.110 Safari/537.36 OPR/82.0.4227.43"
83.29.133.58 - - [06/Jan/2022:12:58:31 +0100] "GET /ghost/assets/ghost.min-e7612edfa72b0fe2c201b387923e6fc7.css HTTP/2.0" 200 95025 "https://krzwiatrzyk.eu/ghost/" "Mozilla/5.0 (Windows NT 10.0; Win64; x64) AppleWebKit/537.36 (KHTML, like Gecko) Chrome/96.0.4664.110 Safari/537.36 OPR/82.0.4227.43"
83.29.133.58 - - [06/Jan/2022:12:58:32 +0100] "GET /ghost/assets/ghost.min-d1d99f3ed6e0f427874b2a11e7078475.js HTTP/2.0" 200 295307 "https://krzwiatrzyk.eu/ghost/" "Mozilla/5.0 (Windows NT 10.0; Win64; x64) AppleWebKit/537.36 (KHTML, like Gecko) Chrome/96.0.4664.110 Safari/537.36 OPR/82.0.4227.43"
83.29.133.58 - - [06/Jan/2022:12:58:32 +0100] "GET /ghost/assets/vendor.min-3660ec7864887f1496fe7a27fd23ab76.js HTTP/2.0" 200 904746 "https://krzwiatrzyk.eu/ghost/" "Mozilla/5.0 (Windows NT 10.0; Win64; x64) AppleWebKit/537.36 (KHTML, like Gecko) Chrome/96.0.4664.110 Safari/537.36 OPR/82.0.4227.43"
83.29.133.58 - - [06/Jan/2022:12:58:32 +0100] "GET /ghost/assets/img/favicon.ico HTTP/2.0" 200 3781 "https://krzwiatrzyk.eu/ghost/" "Mozilla/5.0 (Windows NT 10.0; Win64; x64) AppleWebKit/537.36 (KHTML, like Gecko) Chrome/96.0.4664.110 Safari/537.36 OPR/82.0.4227.43"
83.29.133.58 - - [06/Jan/2022:12:58:32 +0100] "GET /ghost/api/canary/admin/users/me/?include=roles HTTP/2.0" 200 755 "https://krzwiatrzyk.eu/ghost/" "Mozilla/5.0 (Windows NT 10.0; Win64; x64) AppleWebKit/537.36 (KHTML, like Gecko) Chrome/96.0.4664.110 Safari/537.36 OPR/82.0.4227.43"
83.29.133.58 - - [06/Jan/2022:12:58:33 +0100] "GET /ghost/api/canary/admin/site/ HTTP/2.0" 200 339 "https://krzwiatrzyk.eu/ghost/" "Mozilla/5.0 (Windows NT 10.0; Win64; x64) AppleWebKit/537.36 (KHTML, like Gecko) Chrome/96.0.4664.110 Safari/537.36 OPR/82.0.4227.43"
83.29.133.58 - - [06/Jan/2022:12:58:33 +0100] "GET /ghost/api/canary/admin/config/ HTTP/2.0" 200 239 "https://krzwiatrzyk.eu/ghost/" "Mozilla/5.0 (Windows NT 10.0; Win64; x64) AppleWebKit/537.36 (KHTML, like Gecko) Chrome/96.0.4664.110 Safari/537.36 OPR/82.0.4227.43"
83.29.133.58 - - [06/Jan/2022:12:58:33 +0100] "GET /ghost/api/canary/admin/settings/?group=site%2Ctheme%2Cprivate%2Cmembers%2Cportal%2Cnewsletter%2Cemail%2Camp%2Clabs%2Cslack%2Cunsplash%2Cviews%2Cfirstpromoter%2Coauth%2Ceditor HTTP/2.0" 200 1826 "https://krzwiatrzyk.eu/ghost/" "Mozilla/5.0 (Windows NT 10.0; Win64; x64) AppleWebKit/537.36 (KHTML, like Gecko) Chrome/96.0.4664.110 Safari/537.36 OPR/82.0.4227.43"
83.29.133.58 - - [06/Jan/2022:12:58:33 +0100] "GET /ghost/assets/ghost-dark-bb2831fc27fcb02893ed0a761207dc63.css HTTP/2.0" 200 98448 "https://krzwiatrzyk.eu/ghost/" "Mozilla/5.0 (Windows NT 10.0; Win64; x64) AppleWebKit/537.36 (KHTML, like Gecko) Chrome/96.0.4664.110 Safari/537.36 OPR/82.0.4227.43"
83.29.133.58 - - [06/Jan/2022:12:58:33 +0100] "GET /ghost/api/canary/admin/notifications/ HTTP/2.0" 200 378 "https://krzwiatrzyk.eu/ghost/" "Mozilla/5.0 (Windows NT 10.0; Win64; x64) AppleWebKit/537.36 (KHTML, like Gecko) Chrome/96.0.4664.110 Safari/537.36 OPR/82.0.4227.43"
83.29.133.58 - - [06/Jan/2022:12:58:33 +0100] "GET /ghost/api/canary/admin/members/stats/count/ HTTP/2.0" 200 42 "https://krzwiatrzyk.eu/ghost/" "Mozilla/5.0 (Windows NT 10.0; Win64; x64) AppleWebKit/537.36 (KHTML, like Gecko) Chrome/96.0.4664.110 Safari/537.36 OPR/82.0.4227.43"
83.29.133.58 - - [06/Jan/2022:12:58:33 +0100] "GET /content/images/2021/10/d417ce9e68114f09acc670e5928685a3--5-.png HTTP/2.0" 200 2741 "https://krzwiatrzyk.eu/ghost/" "Mozilla/5.0 (Windows NT 10.0; Win64; x64) AppleWebKit/537.36 (KHTML, like Gecko) Chrome/96.0.4664.110 Safari/537.36 OPR/82.0.4227.43"
83.29.133.58 - - [06/Jan/2022:12:58:33 +0100] "GET /ghost/api/canary/admin/products/?include=monthly_price%2Cyearly_price&limit=all HTTP/2.0" 200 344 "https://krzwiatrzyk.eu/ghost/" "Mozilla/5.0 (Windows NT 10.0; Win64; x64) AppleWebKit/537.36 (KHTML, like Gecko) Chrome/96.0.4664.110 Safari/537.36 OPR/82.0.4227.43"
83.29.133.58 - - [06/Jan/2022:12:58:33 +0100] "GET /ghost/assets/img/user-image-639a88b784fb5f10964be8b975ca9fdf.png HTTP/2.0" 200 2479 "https://krzwiatrzyk.eu/ghost/" "Mozilla/5.0 (Windows NT 10.0; Win64; x64) AppleWebKit/537.36 (KHTML, like Gecko) Chrome/96.0.4664.110 Safari/537.36 OPR/82.0.4227.43"
83.29.133.58 - - [06/Jan/2022:12:58:33 +0100] "GET /ghost/assets/img/dashboard/bp2-ed14f9f48c56d5d6fe997dc637a8b1ad.jpg HTTP/2.0" 200 66579 "https://krzwiatrzyk.eu/ghost/" "Mozilla/5.0 (Windows NT 10.0; Win64; x64) AppleWebKit/537.36 (KHTML, like Gecko) Chrome/96.0.4664.110 Safari/537.36 OPR/82.0.4227.43"
83.29.133.58 - - [06/Jan/2022:12:58:33 +0100] "GET /ghost/api/canary/admin/members/events/?limit=5 HTTP/2.0" 200 13 "https://krzwiatrzyk.eu/ghost/" "Mozilla/5.0 (Windows NT 10.0; Win64; x64) AppleWebKit/537.36 (KHTML, like Gecko) Chrome/96.0.4664.110 Safari/537.36 OPR/82.0.4227.43"
83.29.133.58 - - [06/Jan/2022:12:58:33 +0100] "GET /ghost/assets/img/dashboard/join-community-bb5478f7dca6c04a2d0baf2b02f880fb.jpg HTTP/2.0" 200 105052 "https://krzwiatrzyk.eu/ghost/" "Mozilla/5.0 (Windows NT 10.0; Win64; x64) AppleWebKit/537.36 (KHTML, like Gecko) Chrome/96.0.4664.110 Safari/537.36 OPR/82.0.4227.43"
83.29.133.58 - - [06/Jan/2022:12:58:33 +0100] "GET /ghost/assets/img/dashboard/bp1-03a13253453b372d0bbd5e6a19b20fca.jpg HTTP/2.0" 200 262731 "https://krzwiatrzyk.eu/ghost/" "Mozilla/5.0 (Windows NT 10.0; Win64; x64) AppleWebKit/537.36 (KHTML, like Gecko) Chrome/96.0.4664.110 Safari/537.36 OPR/82.0.4227.43"
83.29.133.58 - - [06/Jan/2022:12:58:33 +0100] "GET /ghost/api/canary/admin/members/?filter=email_open_rate%3A-null&order=email_open_rate%20desc&limit=5&include=labels%2CemailRecipients HTTP/2.0" 200 101 "https://krzwiatrzyk.eu/ghost/" "Mozilla/5.0 (Windows NT 10.0; Win64; x64) AppleWebKit/537.36 (KHTML, like Gecko) Chrome/96.0.4664.110 Safari/537.36 OPR/82.0.4227.43"
83.29.133.58 - - [06/Jan/2022:12:58:33 +0100] "GET /ghost/api/canary/admin/emails/?filter=email_count%3A-0&order=submitted_at%20desc&limit=5 HTTP/2.0" 200 100 "https://krzwiatrzyk.eu/ghost/" "Mozilla/5.0 (Windows NT 10.0; Win64; x64) AppleWebKit/537.36 (KHTML, like Gecko) Chrome/96.0.4664.110 Safari/537.36 OPR/82.0.4227.43"
83.29.133.58 - - [06/Jan/2022:12:58:33 +0100] "GET /ghost/api/canary/admin/members/stats/mrr/ HTTP/2.0" 200 28 "https://krzwiatrzyk.eu/ghost/" "Mozilla/5.0 (Windows NT 10.0; Win64; x64) AppleWebKit/537.36 (KHTML, like Gecko) Chrome/96.0.4664.110 Safari/537.36 OPR/82.0.4227.43"
83.29.133.58 - - [06/Jan/2022:12:58:33 +0100] "GET /ghost/api/canary/admin/members/?filter=status%3Apaid&order=created_at%20asc&limit=5&include=labels%2CemailRecipients HTTP/2.0" 200 101 "https://krzwiatrzyk.eu/ghost/" "Mozilla/5.0 (Windows NT 10.0; Win64; x64) AppleWebKit/537.36 (KHTML, like Gecko) Chrome/96.0.4664.110 Safari/537.36 OPR/82.0.4227.43"
83.29.133.58 - - [06/Jan/2022:12:58:41 +0100] "GET /ghost/api/canary/admin/pages/?limit=30&page=1&filter=status%3A%5Bdraft%2Cscheduled%2Cpublished%2Csent%5D HTTP/2.0" 200 1024 "https://krzwiatrzyk.eu/ghost/" "Mozilla/5.0 (Windows NT 10.0; Win64; x64) AppleWebKit/537.36 (KHTML, like Gecko) Chrome/96.0.4664.110 Safari/537.36 OPR/82.0.4227.43"
83.29.133.58 - - [06/Jan/2022:12:58:41 +0100] "GET /ghost/api/canary/admin/tags/?limit=all HTTP/2.0" 200 397 "https://krzwiatrzyk.eu/ghost/" "Mozilla/5.0 (Windows NT 10.0; Win64; x64) AppleWebKit/537.36 (KHTML, like Gecko) Chrome/96.0.4664.110 Safari/537.36 OPR/82.0.4227.43"
83.29.133.58 - - [06/Jan/2022:12:58:41 +0100] "GET /ghost/api/canary/admin/users/?limit=all&include=roles HTTP/2.0" 200 846 "https://krzwiatrzyk.eu/ghost/" "Mozilla/5.0 (Windows NT 10.0; Win64; x64) AppleWebKit/537.36 (KHTML, like Gecko) Chrome/96.0.4664.110 Safari/537.36 OPR/82.0.4227.43"
83.29.133.58 - - [06/Jan/2022:12:58:41 +0100] "GET /ghost/api/canary/admin/snippets/?limit=all HTTP/2.0" 200 106 "https://krzwiatrzyk.eu/ghost/" "Mozilla/5.0 (Windows NT 10.0; Win64; x64) AppleWebKit/537.36 (KHTML, like Gecko) Chrome/96.0.4664.110 Safari/537.36 OPR/82.0.4227.43"
