86.103.203.225 - - [12/Oct/2021:10:51:32 +0200] "GET /pma2021/index.php?lang=en HTTP/1.1" 301 162 "-" "Mozilla/5.0 (Windows NT 10.0; Win64; x64) AppleWebKit/537.36 (KHTML, like Gecko) Chrome/93.0.4577.82 Safari/537.36"
86.103.203.225 - - [12/Oct/2021:10:51:33 +0200] "GET /db/index.php?lang=en HTTP/1.1" 301 162 "-" "Mozilla/5.0 (Windows NT 10.0; Win64; x64) AppleWebKit/537.36 (KHTML, like Gecko) Chrome/93.0.4577.82 Safari/537.36"
86.103.203.225 - - [12/Oct/2021:10:51:34 +0200] "GET /phpmyadmin2020/index.php?lang=en HTTP/1.1" 301 162 "-" "Mozilla/5.0 (Windows NT 10.0; Win64; x64) AppleWebKit/537.36 (KHTML, like Gecko) Chrome/93.0.4577.82 Safari/537.36"
86.103.203.225 - - [12/Oct/2021:10:51:35 +0200] "GET /PMA2016/index.php?lang=en HTTP/1.1" 301 162 "-" "Mozilla/5.0 (Windows NT 10.0; Win64; x64) AppleWebKit/537.36 (KHTML, like Gecko) Chrome/93.0.4577.82 Safari/537.36"
86.103.203.225 - - [12/Oct/2021:10:51:36 +0200] "GET /mysql/web/index.php?lang=en HTTP/1.1" 301 162 "-" "Mozilla/5.0 (Windows NT 10.0; Win64; x64) AppleWebKit/537.36 (KHTML, like Gecko) Chrome/93.0.4577.82 Safari/537.36"
86.103.203.225 - - [12/Oct/2021:10:51:37 +0200] "GET /PMA/index.php?lang=en HTTP/1.1" 301 162 "-" "Mozilla/5.0 (Windows NT 10.0; Win64; x64) AppleWebKit/537.36 (KHTML, like Gecko) Chrome/93.0.4577.82 Safari/537.36"
86.103.203.225 - - [12/Oct/2021:10:51:38 +0200] "GET /mysql/sqlmanager/index.php?lang=en HTTP/1.1" 301 162 "-" "Mozilla/5.0 (Windows NT 10.0; Win64; x64) AppleWebKit/537.36 (KHTML, like Gecko) Chrome/93.0.4577.82 Safari/537.36"
86.103.203.225 - - [12/Oct/2021:10:51:39 +0200] "GET /phpmyadmin_/index.php?lang=en HTTP/1.1" 301 162 "-" "Mozilla/5.0 (Windows NT 10.0; Win64; x64) AppleWebKit/537.36 (KHTML, like Gecko) Chrome/93.0.4577.82 Safari/537.36"
86.103.203.225 - - [12/Oct/2021:10:51:40 +0200] "GET /_phpMyAdmin/index.php?lang=en HTTP/1.1" 301 162 "-" "Mozilla/5.0 (Windows NT 10.0; Win64; x64) AppleWebKit/537.36 (KHTML, like Gecko) Chrome/93.0.4577.82 Safari/537.36"
86.103.203.225 - - [12/Oct/2021:10:51:41 +0200] "GET /phpmyadmin2012/index.php?lang=en HTTP/1.1" 301 162 "-" "Mozilla/5.0 (Windows NT 10.0; Win64; x64) AppleWebKit/537.36 (KHTML, like Gecko) Chrome/93.0.4577.82 Safari/537.36"
86.103.203.225 - - [12/Oct/2021:10:51:42 +0200] "GET /MyAdmin/index.php?lang=en HTTP/1.1" 301 162 "-" "Mozilla/5.0 (Windows NT 10.0; Win64; x64) AppleWebKit/537.36 (KHTML, like Gecko) Chrome/93.0.4577.82 Safari/537.36"
86.103.203.225 - - [12/Oct/2021:10:51:43 +0200] "GET /db/dbweb/index.php?lang=en HTTP/1.1" 301 162 "-" "Mozilla/5.0 (Windows NT 10.0; Win64; x64) AppleWebKit/537.36 (KHTML, like Gecko) Chrome/93.0.4577.82 Safari/537.36"
86.103.203.225 - - [12/Oct/2021:10:51:44 +0200] "GET /phpMyAdmin/index.php?lang=en HTTP/1.1" 301 162 "-" "Mozilla/5.0 (Windows NT 10.0; Win64; x64) AppleWebKit/537.36 (KHTML, like Gecko) Chrome/93.0.4577.82 Safari/537.36"
86.103.203.225 - - [12/Oct/2021:10:51:45 +0200] "GET /php-myadmin/index.php?lang=en HTTP/1.1" 301 162 "-" "Mozilla/5.0 (Windows NT 10.0; Win64; x64) AppleWebKit/537.36 (KHTML, like Gecko) Chrome/93.0.4577.82 Safari/537.36"
86.103.203.225 - - [12/Oct/2021:10:51:46 +0200] "GET /phpMyAdmin3/index.php?lang=en HTTP/1.1" 301 162 "-" "Mozilla/5.0 (Windows NT 10.0; Win64; x64) AppleWebKit/537.36 (KHTML, like Gecko) Chrome/93.0.4577.82 Safari/537.36"
86.103.203.225 - - [12/Oct/2021:10:51:47 +0200] "GET /sql/sql-admin/index.php?lang=en HTTP/1.1" 301 162 "-" "Mozilla/5.0 (Windows NT 10.0; Win64; x64) AppleWebKit/537.36 (KHTML, like Gecko) Chrome/93.0.4577.82 Safari/537.36"
86.103.203.225 - - [12/Oct/2021:10:51:48 +0200] "GET /sql/websql/index.php?lang=en HTTP/1.1" 301 162 "-" "Mozilla/5.0 (Windows NT 10.0; Win64; x64) AppleWebKit/537.36 (KHTML, like Gecko) Chrome/93.0.4577.82 Safari/537.36"
86.103.203.225 - - [12/Oct/2021:10:51:49 +0200] "GET /pma2016/index.php?lang=en HTTP/1.1" 301 162 "-" "Mozilla/5.0 (Windows NT 10.0; Win64; x64) AppleWebKit/537.36 (KHTML, like Gecko) Chrome/93.0.4577.82 Safari/537.36"
86.103.203.225 - - [12/Oct/2021:10:51:50 +0200] "GET /database/index.php?lang=en HTTP/1.1" 301 162 "-" "Mozilla/5.0 (Windows NT 10.0; Win64; x64) AppleWebKit/537.36 (KHTML, like Gecko) Chrome/93.0.4577.82 Safari/537.36"
86.103.203.225 - - [12/Oct/2021:10:51:51 +0200] "GET /sql/webadmin/index.php?lang=en HTTP/1.1" 301 162 "-" "Mozilla/5.0 (Windows NT 10.0; Win64; x64) AppleWebKit/537.36 (KHTML, like Gecko) Chrome/93.0.4577.82 Safari/537.36"
86.103.203.225 - - [12/Oct/2021:10:51:52 +0200] "GET /pma2020/index.php?lang=en HTTP/1.1" 301 162 "-" "Mozilla/5.0 (Windows NT 10.0; Win64; x64) AppleWebKit/537.36 (KHTML, like Gecko) Chrome/93.0.4577.82 Safari/537.36"
86.103.203.225 - - [12/Oct/2021:10:51:53 +0200] "GET /db/phpMyAdmin/index.php?lang=en HTTP/1.1" 301 162 "-" "Mozilla/5.0 (Windows NT 10.0; Win64; x64) AppleWebKit/537.36 (KHTML, like Gecko) Chrome/93.0.4577.82 Safari/537.36"
86.103.203.225 - - [12/Oct/2021:10:51:54 +0200] "GET /phpmyadmin/index.php?lang=en HTTP/1.1" 301 162 "-" "Mozilla/5.0 (Windows NT 10.0; Win64; x64) AppleWebKit/537.36 (KHTML, like Gecko) Chrome/93.0.4577.82 Safari/537.36"
86.103.203.225 - - [12/Oct/2021:10:51:55 +0200] "GET /mysql/index.php?lang=en HTTP/1.1" 301 162 "-" "Mozilla/5.0 (Windows NT 10.0; Win64; x64) AppleWebKit/537.36 (KHTML, like Gecko) Chrome/93.0.4577.82 Safari/537.36"
86.103.203.225 - - [12/Oct/2021:10:51:56 +0200] "GET /phpMyAdmin-4.9.7-english/index.php?lang=en HTTP/1.1" 301 162 "-" "Mozilla/5.0 (Windows NT 10.0; Win64; x64) AppleWebKit/537.36 (KHTML, like Gecko) Chrome/93.0.4577.82 Safari/537.36"
86.103.203.225 - - [12/Oct/2021:10:51:57 +0200] "GET /phpmyAdmin/index.php?lang=en HTTP/1.1" 301 162 "-" "Mozilla/5.0 (Windows NT 10.0; Win64; x64) AppleWebKit/537.36 (KHTML, like Gecko) Chrome/93.0.4577.82 Safari/537.36"
183.136.225.9 - - [12/Oct/2021:10:52:43 +0200] "GET / HTTP/1.1" 200 1345 "-" "Mozilla/5.0 (Macintosh; Intel Mac OS X 10.11; rv:47.0) Gecko/20100101 Firefox/47.0"
209.141.62.185 - - [12/Oct/2021:10:53:27 +0200] "GET /config/getuser?index=0 HTTP/1.1" 301 162 "-" "Mozilla/5.0 (X11; Ubuntu; Linux x86_64; rv:76.0) Gecko/20100101 Firefox/76.0"
156.67.250.41 - - [12/Oct/2021:10:56:03 +0200] "GET / HTTP/1.1" 400 150 "-" "-"
139.162.145.250 - - [12/Oct/2021:11:29:05 +0200] "GET /bag2 HTTP/1.1" 400 650 "-" "Mozilla/4.0 (compatible; MSIE 8.0; Windows NT 6.0; Trident/4.0)"
209.141.56.212 - - [12/Oct/2021:11:45:46 +0200] "GET /config/getuser?index=0 HTTP/1.1" 301 162 "-" "Mozilla/5.0 (X11; Ubuntu; Linux x86_64; rv:76.0) Gecko/20100101 Firefox/76.0"
190.94.149.91 - - [12/Oct/2021:12:03:43 +0200] "GET / HTTP/1.1" 301 162 "-" "Mozilla/5.0 (Windows NT 10.0; WOW64) AppleWebKit/537.36 (KHTML, like Gecko) Chrome/51.0.2704.103 Safari/537.36"
66.249.64.59 - - [12/Oct/2021:12:14:54 +0200] "GET /robots.txt HTTP/1.1" 200 108 "-" "Mozilla/5.0 (compatible; Googlebot/2.1; +http://www.google.com/bot.html)"
66.249.64.57 - - [12/Oct/2021:12:14:55 +0200] "GET / HTTP/1.1" 200 12727 "-" "Mozilla/5.0 (compatible; Googlebot/2.1; +http://www.google.com/bot.html)"
192.241.200.126 - - [12/Oct/2021:12:37:29 +0200] "GET / HTTP/1.1" 200 595 "-" "Mozilla/5.0 zgrab/0.x"
141.98.83.139 - - [12/Oct/2021:12:44:36 +0200] "\x03" 400 150 "-" "-"
192.53.170.243 - - [12/Oct/2021:13:14:26 +0200] "GET / HTTP/1.1" 200 595 "-" "Mozilla/5.0 (Windows NT 10.0; Win64; x64) AppleWebKit/537.36 (KHTML, like Gecko) Chrome/60.0.3112.113 Safari/537.36"
34.77.162.11 - - [12/Oct/2021:14:44:50 +0200] "\x16\x03\x01\x00\xE2\x01\x00\x00\xDE\x03\x03;\x1BA\xD4\xFD\xA95\xF0LB\xC1$Mg\x85\xA4\xF3\xAA\x82<\xE7\xE48~9z2\x0C\xB6\xFA\xB5\xC7\x00\x00h\xCC\x14\xCC\x13\xC0/\xC0+\xC00\xC0,\xC0\x11\xC0\x07\xC0'\xC0#\xC0\x13\xC0\x09\xC0(\xC0$\xC0\x14\xC0" 400 150 "-" "-"
192.241.209.157 - - [12/Oct/2021:14:55:22 +0200] "GET /owa/auth/logon.aspx?url=https%3a%2f%2f1%2fecp%2f HTTP/1.1" 200 595 "-" "Mozilla/5.0 zgrab/0.x"
209.141.62.185 - - [12/Oct/2021:15:30:21 +0200] "GET /config/getuser?index=0 HTTP/1.1" 301 162 "-" "Mozilla/5.0 (X11; Ubuntu; Linux x86_64; rv:76.0) Gecko/20100101 Firefox/76.0"
141.98.83.139 - - [12/Oct/2021:15:34:01 +0200] "\x03" 400 150 "-" "-"
27.115.124.6 - - [12/Oct/2021:15:34:13 +0200] "GET / HTTP/1.1" 301 162 "-" "Mozilla/5.0 (Linux; U; Android 8.1.0; zh-CN; EML-AL00 Build/HUAWEIEML-AL00) AppleWebKit/537.36 (KHTML, like Gecko) Version/4.0 Chrome/57.0.2987.108 baidu.sogo.uc.UCBrowser/11.9.4.974 UWS/2.13.1.48 Mobile Safari/537.36 AliApp(DingTalk/4.5.11) com.alibaba.android.rimet/10487439 Channel/227200 language/zh-CN"
27.115.124.6 - - [12/Oct/2021:15:34:21 +0200] "GET / HTTP/2.0" 200 12714 "-" "Mozilla/5.0 (Linux; U; Android 8.1.0; zh-CN; EML-AL00 Build/HUAWEIEML-AL00) AppleWebKit/537.36 (KHTML, like Gecko) Version/4.0 Chrome/57.0.2987.108 baidu.sogo.uc.UCBrowser/11.9.4.974 UWS/2.13.1.48 Mobile Safari/537.36 AliApp(DingTalk/4.5.11) com.alibaba.android.rimet/10487439 Channel/227200 language/zh-CN"
27.115.124.6 - - [12/Oct/2021:15:34:25 +0200] "GET / HTTP/1.1" 301 162 "http://baidu.com/" "Mozilla/5.0 (Linux; U; Android 8.1.0; zh-CN; EML-AL00 Build/HUAWEIEML-AL00) AppleWebKit/537.36 (KHTML, like Gecko) Version/4.0 Chrome/57.0.2987.108 baidu.sogo.uc.UCBrowser/11.9.4.974 UWS/2.13.1.48 Mobile Safari/537.36 AliApp(DingTalk/4.5.11) com.alibaba.android.rimet/10487439 Channel/227200 language/zh-CN"
27.115.124.6 - - [12/Oct/2021:15:34:29 +0200] "GET / HTTP/2.0" 200 12714 "http://baidu.com/" "Mozilla/5.0 (Linux; U; Android 8.1.0; zh-CN; EML-AL00 Build/HUAWEIEML-AL00) AppleWebKit/537.36 (KHTML, like Gecko) Version/4.0 Chrome/57.0.2987.108 baidu.sogo.uc.UCBrowser/11.9.4.974 UWS/2.13.1.48 Mobile Safari/537.36 AliApp(DingTalk/4.5.11) com.alibaba.android.rimet/10487439 Channel/227200 language/zh-CN"
27.115.124.6 - - [12/Oct/2021:15:34:37 +0200] "GET /content/images/size/w300/2021/10/d417ce9e68114f09acc670e5928685a3--5--1.png HTTP/2.0" 200 2741 "https://krzwiatrzyk.eu/" "Mozilla/5.0 (Linux; U; Android 8.1.0; zh-CN; EML-AL00 Build/HUAWEIEML-AL00) AppleWebKit/537.36 (KHTML, like Gecko) Version/4.0 Chrome/57.0.2987.108 baidu.sogo.uc.UCBrowser/11.9.4.974 UWS/2.13.1.48 Mobile Safari/537.36 AliApp(DingTalk/4.5.11) com.alibaba.android.rimet/10487439 Channel/227200 language/zh-CN"
27.115.124.6 - - [12/Oct/2021:15:34:37 +0200] "GET /assets/styles/main.css?v=d702cadabc HTTP/2.0" 200 14057 "https://krzwiatrzyk.eu/" "Mozilla/5.0 (Linux; U; Android 8.1.0; zh-CN; EML-AL00 Build/HUAWEIEML-AL00) AppleWebKit/537.36 (KHTML, like Gecko) Version/4.0 Chrome/57.0.2987.108 baidu.sogo.uc.UCBrowser/11.9.4.974 UWS/2.13.1.48 Mobile Safari/537.36 AliApp(DingTalk/4.5.11) com.alibaba.android.rimet/10487439 Channel/227200 language/zh-CN"
27.115.124.6 - - [12/Oct/2021:15:35:26 +0200] "GET /content/images/size/w1000/2021/10/Screenshot_8.png HTTP/2.0" 200 98019 "https://krzwiatrzyk.eu/" "Mozilla/5.0 (Linux; U; Android 8.1.0; zh-CN; EML-AL00 Build/HUAWEIEML-AL00) AppleWebKit/537.36 (KHTML, like Gecko) Version/4.0 Chrome/57.0.2987.108 baidu.sogo.uc.UCBrowser/11.9.4.974 UWS/2.13.1.48 Mobile Safari/537.36 AliApp(DingTalk/4.5.11) com.alibaba.android.rimet/10487439 Channel/227200 language/zh-CN"
27.115.124.6 - - [12/Oct/2021:15:35:26 +0200] "GET /assets/scripts/main.js?v=d702cadabc HTTP/2.0" 200 10 "https://krzwiatrzyk.eu/" "Mozilla/5.0 (Linux; U; Android 8.1.0; zh-CN; EML-AL00 Build/HUAWEIEML-AL00) AppleWebKit/537.36 (KHTML, like Gecko) Version/4.0 Chrome/57.0.2987.108 baidu.sogo.uc.UCBrowser/11.9.4.974 UWS/2.13.1.48 Mobile Safari/537.36 AliApp(DingTalk/4.5.11) com.alibaba.android.rimet/10487439 Channel/227200 language/zh-CN"
27.115.124.6 - - [12/Oct/2021:15:35:26 +0200] "GET /assets/scripts/pagination.js?v=d702cadabc HTTP/2.0" 200 10 "https://krzwiatrzyk.eu/" "Mozilla/5.0 (Linux; U; Android 8.1.0; zh-CN; EML-AL00 Build/HUAWEIEML-AL00) AppleWebKit/537.36 (KHTML, like Gecko) Version/4.0 Chrome/57.0.2987.108 baidu.sogo.uc.UCBrowser/11.9.4.974 UWS/2.13.1.48 Mobile Safari/537.36 AliApp(DingTalk/4.5.11) com.alibaba.android.rimet/10487439 Channel/227200 language/zh-CN"
42.236.10.78 - - [12/Oct/2021:15:36:41 +0200] "GET / HTTP/2.0" 200 12714 "http://baidu.com/" "Mozilla/5.0 (Linux; U; Android 8.1.0; zh-CN; EML-AL00 Build/HUAWEIEML-AL00) AppleWebKit/537.36 (KHTML, like Gecko) Version/4.0 Chrome/57.0.2987.108 baidu.sogo.uc.UCBrowser/11.9.4.974 UWS/2.13.1.48 Mobile Safari/537.36 AliApp(DingTalk/4.5.11) com.alibaba.android.rimet/10487439 Channel/227200 language/zh-CN"
42.236.10.78 - - [12/Oct/2021:15:36:41 +0200] "GET /content/images/size/w300/2021/10/d417ce9e68114f09acc670e5928685a3--5--1.png HTTP/2.0" 200 2741 "https://krzwiatrzyk.eu/" "Mozilla/5.0 (Linux; U; Android 8.1.0; zh-CN; EML-AL00 Build/HUAWEIEML-AL00) AppleWebKit/537.36 (KHTML, like Gecko) Version/4.0 Chrome/57.0.2987.108 baidu.sogo.uc.UCBrowser/11.9.4.974 UWS/2.13.1.48 Mobile Safari/537.36 AliApp(DingTalk/4.5.11) com.alibaba.android.rimet/10487439 Channel/227200 language/zh-CN"
42.236.10.78 - - [12/Oct/2021:15:36:41 +0200] "GET /assets/styles/main.css?v=d702cadabc HTTP/2.0" 200 14057 "https://krzwiatrzyk.eu/" "Mozilla/5.0 (Linux; U; Android 8.1.0; zh-CN; EML-AL00 Build/HUAWEIEML-AL00) AppleWebKit/537.36 (KHTML, like Gecko) Version/4.0 Chrome/57.0.2987.108 baidu.sogo.uc.UCBrowser/11.9.4.974 UWS/2.13.1.48 Mobile Safari/537.36 AliApp(DingTalk/4.5.11) com.alibaba.android.rimet/10487439 Channel/227200 language/zh-CN"
42.236.10.78 - - [12/Oct/2021:15:36:42 +0200] "GET /assets/scripts/main.js?v=d702cadabc HTTP/2.0" 200 9977 "https://krzwiatrzyk.eu/" "Mozilla/5.0 (Linux; U; Android 8.1.0; zh-CN; EML-AL00 Build/HUAWEIEML-AL00) AppleWebKit/537.36 (KHTML, like Gecko) Version/4.0 Chrome/57.0.2987.108 baidu.sogo.uc.UCBrowser/11.9.4.974 UWS/2.13.1.48 Mobile Safari/537.36 AliApp(DingTalk/4.5.11) com.alibaba.android.rimet/10487439 Channel/227200 language/zh-CN"
42.236.10.78 - - [12/Oct/2021:15:36:42 +0200] "GET /content/images/size/w1000/2021/10/Screenshot_8.png HTTP/2.0" 200 243714 "https://krzwiatrzyk.eu/" "Mozilla/5.0 (Linux; U; Android 8.1.0; zh-CN; EML-AL00 Build/HUAWEIEML-AL00) AppleWebKit/537.36 (KHTML, like Gecko) Version/4.0 Chrome/57.0.2987.108 baidu.sogo.uc.UCBrowser/11.9.4.974 UWS/2.13.1.48 Mobile Safari/537.36 AliApp(DingTalk/4.5.11) com.alibaba.android.rimet/10487439 Channel/227200 language/zh-CN"
42.236.10.78 - - [12/Oct/2021:15:36:42 +0200] "GET /assets/scripts/pagination.js?v=d702cadabc HTTP/2.0" 200 852 "https://krzwiatrzyk.eu/" "Mozilla/5.0 (Linux; U; Android 8.1.0; zh-CN; EML-AL00 Build/HUAWEIEML-AL00) AppleWebKit/537.36 (KHTML, like Gecko) Version/4.0 Chrome/57.0.2987.108 baidu.sogo.uc.UCBrowser/11.9.4.974 UWS/2.13.1.48 Mobile Safari/537.36 AliApp(DingTalk/4.5.11) com.alibaba.android.rimet/10487439 Channel/227200 language/zh-CN"
3.239.222.204 - - [12/Oct/2021:15:44:53 +0200] "GET /rss HTTP/1.1" 301 5 "-" "Ruby"
3.239.222.204 - - [12/Oct/2021:15:44:54 +0200] "GET /rss/ HTTP/1.1" 200 2217 "-" "Ruby"
209.141.51.176 - - [12/Oct/2021:15:45:05 +0200] "GET /config/getuser?index=0 HTTP/1.1" 400 248 "-" "Mozilla/5.0 (X11; Ubuntu; Linux x86_64; rv:76.0) Gecko/20100101 Firefox/76.0"
121.4.163.148 - - [12/Oct/2021:15:49:02 +0200] "GET / HTTP/1.1" 301 162 "-" "Mozilla/5.0 (Linux; Android 6.0; Nexus 5 Build/MRA58N) AppleWebKit/537.36 (KHTML, like Gecko) Chrome/81.0.4044.138 Mobile Safari/537.36"
121.4.163.148 - - [12/Oct/2021:15:49:10 +0200] "GET / HTTP/1.1" 200 12727 "http://krzwiatrzyk.eu/" "Mozilla/5.0 (Linux; Android 6.0; Nexus 5 Build/MRA58N) AppleWebKit/537.36 (KHTML, like Gecko) Chrome/81.0.4044.138 Mobile Safari/537.36"
209.141.56.41 - - [12/Oct/2021:15:49:14 +0200] "POST /boaform/admin/formLogin HTTP/1.1" 301 162 "http://85.255.1.106:80/admin/login.asp" "Mozilla/5.0 (X11; Ubuntu; Linux x86_64; rv:71.0) Gecko/20100101 Firefox/71.0"
209.141.56.41 - - [12/Oct/2021:15:49:15 +0200] "" 400 0 "-" "-"
121.4.163.148 - - [12/Oct/2021:15:49:22 +0200] "GET / HTTP/1.1" 301 162 "-" "Mozilla/5.0 (Linux; Android 6.0; Nexus 5 Build/MRA58N) AppleWebKit/537.36 (KHTML, like Gecko) Chrome/81.0.4044.138 Mobile Safari/537.36"
121.4.163.148 - - [12/Oct/2021:15:49:33 +0200] "GET / HTTP/1.1" 200 12727 "http://krzwiatrzyk.eu/" "Mozilla/5.0 (Linux; Android 6.0; Nexus 5 Build/MRA58N) AppleWebKit/537.36 (KHTML, like Gecko) Chrome/81.0.4044.138 Mobile Safari/537.36"
65.49.20.68 - - [12/Oct/2021:15:49:35 +0200] "GET / HTTP/1.1" 301 162 "-" "-"
209.141.56.212 - - [12/Oct/2021:15:50:44 +0200] "GET /config/getuser?index=0 HTTP/1.1" 301 162 "-" "Mozilla/5.0 (X11; Ubuntu; Linux x86_64; rv:76.0) Gecko/20100101 Firefox/76.0"
128.199.56.211 - - [12/Oct/2021:16:00:49 +0200] "\x16\x03\x01\x01\xFB\x01\x00\x01\xF7\x03\x03\x19\xDA\xD2\x94\xD7\x9A:\x86\x1F\x1D+n\xC0\x9E\xD3Y%O\x14\xE6\xA8TY\xEB\xB2\x85\xA6\xFA\xA81\xDE\x13\x00\x01<\xCC\x14\xCC\x13\xCC\x15\xC00\xC0,\xC0(\xC0$\xC0\x14\xC0" 400 150 "-" "-"
180.254.91.151 - - [12/Oct/2021:16:05:53 +0200] "GET / HTTP/1.1" 301 162 "-" "Mozilla/5.0 (Macintosh; Intel Mac OS X 10_11_6) AppleWebKit/601.7.7 (KHTML, like Gecko) Version/9.1.2 Safari/601.7.7"
103.203.56.1 - - [12/Oct/2021:16:16:36 +0200] "GET / HTTP/1.1" 301 162 "-" "Mozilla/5.0"
5.173.42.7 - - [12/Oct/2021:17:03:18 +0200] "GET /rss/ HTTP/2.0" 304 0 "-" "Mozilla/5.0 (Windows NT 10.0; Win64; x64) AppleWebKit/537.36 (KHTML, like Gecko) Chrome/93.0.4577.82 Safari/537.36 OPR/79.0.4143.72"
103.199.145.90 - - [12/Oct/2021:17:10:22 +0200] "GET / HTTP/1.1" 301 162 "-" "Mozilla/5.0 (Windows NT 10.0; WOW64) AppleWebKit/537.36 (KHTML, like Gecko) Chrome/51.0.2704.103 Safari/537.36"
165.232.77.226 - - [12/Oct/2021:17:15:38 +0200] "GET / HTTP/1.1" 200 595 "-" "Mozilla/5.0 (Macintosh; Intel Mac OS X 10_14_6) Project-Resonance (http://project-resonance.com/) (KHTML, like Gecko) Chrome/83.0.4103.61 Safari/537.36"
5.173.42.7 - - [12/Oct/2021:17:18:16 +0200] "GET /rss/ HTTP/2.0" 304 0 "-" "Mozilla/5.0 (Windows NT 10.0; Win64; x64) AppleWebKit/537.36 (KHTML, like Gecko) Chrome/93.0.4577.82 Safari/537.36 OPR/79.0.4143.72"
5.173.42.7 - - [12/Oct/2021:17:33:16 +0200] "GET /rss/ HTTP/2.0" 304 0 "-" "Mozilla/5.0 (Windows NT 10.0; Win64; x64) AppleWebKit/537.36 (KHTML, like Gecko) Chrome/93.0.4577.82 Safari/537.36 OPR/79.0.4143.72"
5.173.42.7 - - [12/Oct/2021:17:48:16 +0200] "GET /rss/ HTTP/2.0" 304 0 "-" "Mozilla/5.0 (Windows NT 10.0; Win64; x64) AppleWebKit/537.36 (KHTML, like Gecko) Chrome/93.0.4577.82 Safari/537.36 OPR/79.0.4143.72"
5.173.42.7 - - [12/Oct/2021:18:03:16 +0200] "GET /rss/ HTTP/2.0" 304 0 "-" "Mozilla/5.0 (Windows NT 10.0; Win64; x64) AppleWebKit/537.36 (KHTML, like Gecko) Chrome/93.0.4577.82 Safari/537.36 OPR/79.0.4143.72"
209.141.51.176 - - [12/Oct/2021:18:04:24 +0200] "GET /config/getuser?index=0 HTTP/1.1" 400 248 "-" "Mozilla/5.0 (X11; Ubuntu; Linux x86_64; rv:76.0) Gecko/20100101 Firefox/76.0"
5.173.42.7 - - [12/Oct/2021:18:18:16 +0200] "GET /rss/ HTTP/2.0" 304 0 "-" "Mozilla/5.0 (Windows NT 10.0; Win64; x64) AppleWebKit/537.36 (KHTML, like Gecko) Chrome/93.0.4577.82 Safari/537.36 OPR/79.0.4143.72"
5.173.42.7 - - [12/Oct/2021:18:33:16 +0200] "GET /rss/ HTTP/2.0" 304 0 "-" "Mozilla/5.0 (Windows NT 10.0; Win64; x64) AppleWebKit/537.36 (KHTML, like Gecko) Chrome/93.0.4577.82 Safari/537.36 OPR/79.0.4143.72"
192.3.154.35 - - [12/Oct/2021:18:39:43 +0200] "POST /GponForm/diag_Form?style/ HTTP/1.1" 405 150 "-" "curl/7.3.2"
69.162.230.6 - - [12/Oct/2021:18:41:14 +0200] "GET /.env HTTP/1.1" 301 162 "-" "Mozilla/5.0 (X11; Linux x86_64) AppleWebKit/537.36 (KHTML, like Gecko) Chrome/81.0.4044.129 Safari/537.36"
69.162.230.6 - - [12/Oct/2021:18:41:15 +0200] "POST / HTTP/1.1" 301 162 "-" "Mozilla/5.0 (X11; Linux x86_64) AppleWebKit/537.36 (KHTML, like Gecko) Chrome/81.0.4044.129 Safari/537.36"
209.141.56.209 - - [12/Oct/2021:18:43:33 +0200] "GET / HTTP/1.1" 301 162 "-" "Linux Gnu (cow)"
5.173.42.7 - - [12/Oct/2021:18:48:16 +0200] "GET /rss/ HTTP/2.0" 304 0 "-" "Mozilla/5.0 (Windows NT 10.0; Win64; x64) AppleWebKit/537.36 (KHTML, like Gecko) Chrome/93.0.4577.82 Safari/537.36 OPR/79.0.4143.72"
185.180.143.13 - - [12/Oct/2021:18:59:21 +0200] "GET / HTTP/1.1" 200 595 "-" "Mozilla/5.0 (Windows NT 10.0; WOW64) AppleWebKit/537.36 (KHTML, like Gecko) Chrome/66.0.3359.117 Safari/537.36"
5.173.42.7 - - [12/Oct/2021:19:03:16 +0200] "GET /rss/ HTTP/2.0" 304 0 "-" "Mozilla/5.0 (Windows NT 10.0; Win64; x64) AppleWebKit/537.36 (KHTML, like Gecko) Chrome/93.0.4577.82 Safari/537.36 OPR/79.0.4143.72"
5.173.42.7 - - [12/Oct/2021:19:18:16 +0200] "GET /rss/ HTTP/2.0" 304 0 "-" "Mozilla/5.0 (Windows NT 10.0; Win64; x64) AppleWebKit/537.36 (KHTML, like Gecko) Chrome/93.0.4577.82 Safari/537.36 OPR/79.0.4143.72"
5.173.42.7 - - [12/Oct/2021:19:33:16 +0200] "GET /rss/ HTTP/2.0" 304 0 "-" "Mozilla/5.0 (Windows NT 10.0; Win64; x64) AppleWebKit/537.36 (KHTML, like Gecko) Chrome/93.0.4577.82 Safari/537.36 OPR/79.0.4143.72"
162.62.117.51 - - [12/Oct/2021:19:43:08 +0200] "HEAD / HTTP/1.0" 200 0 "-" "-"
5.173.42.7 - - [12/Oct/2021:19:48:16 +0200] "GET /rss/ HTTP/2.0" 304 0 "-" "Mozilla/5.0 (Windows NT 10.0; Win64; x64) AppleWebKit/537.36 (KHTML, like Gecko) Chrome/93.0.4577.82 Safari/537.36 OPR/79.0.4143.72"
3.249.86.40 - - [12/Oct/2021:19:53:39 +0200] "GET / HTTP/1.1" 200 12727 "www.ecosia.org" "Mozilla/5.0 (X11; Linux x86_64; rv:83.0) Gecko/20100101 Firefox/83.0"
3.249.86.40 - - [12/Oct/2021:19:53:47 +0200] "GET /favicon.ico HTTP/1.1" 302 34 "www.baidu.com" "Mozilla/5.0 (X11; Linux x86_64; rv:83.0) Gecko/20100101 Firefox/83.0"
3.249.86.40 - - [12/Oct/2021:19:53:52 +0200] "GET /favicon.png HTTP/1.1" 200 2741 "www.baidu.com" "Mozilla/5.0 (X11; Linux x86_64; rv:83.0) Gecko/20100101 Firefox/83.0"
3.249.86.40 - - [12/Oct/2021:19:53:54 +0200] "GET /signin/ HTTP/1.1" 404 11981 "www.ask.com" "Mozilla/5.0 (X11; Linux x86_64; rv:83.0) Gecko/20100101 Firefox/83.0"
3.249.86.40 - - [12/Oct/2021:19:54:00 +0200] "GET /signin//favicon.ico HTTP/1.1" 301 5 "www.ecosia.org" "Mozilla/5.0 (X11; Linux x86_64; rv:83.0) Gecko/20100101 Firefox/83.0"
3.249.86.40 - - [12/Oct/2021:19:54:07 +0200] "GET /signin/favicon.ico/ HTTP/1.1" 404 11995 "www.ecosia.org" "Mozilla/5.0 (X11; Linux x86_64; rv:83.0) Gecko/20100101 Firefox/83.0"
3.249.86.40 - - [12/Oct/2021:19:54:13 +0200] "GET /signup/ HTTP/1.1" 404 11986 "www.ask.com" "Mozilla/5.0 (X11; Linux x86_64; rv:83.0) Gecko/20100101 Firefox/83.0"
3.249.86.40 - - [12/Oct/2021:19:54:21 +0200] "GET /signup//favicon.ico HTTP/1.1" 301 5 "www.google.com" "Mozilla/5.0 (X11; Linux x86_64; rv:83.0) Gecko/20100101 Firefox/83.0"
3.249.86.40 - - [12/Oct/2021:19:54:25 +0200] "GET /signup/favicon.ico/ HTTP/1.1" 404 11981 "www.google.com" "Mozilla/5.0 (X11; Linux x86_64; rv:83.0) Gecko/20100101 Firefox/83.0"
3.249.86.40 - - [12/Oct/2021:19:54:31 +0200] "GET /kubernetes-headless-service/ HTTP/1.1" 200 15951 "www.bing.com" "Mozilla/5.0 (X11; Linux x86_64; rv:83.0) Gecko/20100101 Firefox/83.0"
3.249.86.40 - - [12/Oct/2021:19:54:42 +0200] "GET /kubernetes-headless-service//favicon.ico HTTP/1.1" 301 5 "www.wolframalpha.com" "Mozilla/5.0 (X11; Linux x86_64; rv:83.0) Gecko/20100101 Firefox/83.0"
3.249.86.40 - - [12/Oct/2021:19:54:46 +0200] "GET /kubernetes-headless-service/favicon.ico/ HTTP/1.1" 404 11981 "www.wolframalpha.com" "Mozilla/5.0 (X11; Linux x86_64; rv:83.0) Gecko/20100101 Firefox/83.0"
3.249.86.40 - - [12/Oct/2021:19:54:51 +0200] "GET /tag/kubernetes-advanced/ HTTP/1.1" 200 12993 "www.ecosia.org" "Mozilla/5.0 (X11; Linux x86_64; rv:83.0) Gecko/20100101 Firefox/83.0"
3.249.86.40 - - [12/Oct/2021:19:54:59 +0200] "GET /tag/kubernetes-advanced//favicon.ico HTTP/1.1" 301 5 "www.ask.com" "Mozilla/5.0 (X11; Linux x86_64; rv:83.0) Gecko/20100101 Firefox/83.0"
3.249.86.40 - - [12/Oct/2021:19:55:04 +0200] "GET /tag/kubernetes-advanced/favicon.ico/ HTTP/1.1" 404 11981 "www.ask.com" "Mozilla/5.0 (X11; Linux x86_64; rv:83.0) Gecko/20100101 Firefox/83.0"
5.173.42.7 - - [12/Oct/2021:20:03:16 +0200] "GET /rss/ HTTP/2.0" 304 0 "-" "Mozilla/5.0 (Windows NT 10.0; Win64; x64) AppleWebKit/537.36 (KHTML, like Gecko) Chrome/93.0.4577.82 Safari/537.36 OPR/79.0.4143.72"
5.173.42.7 - - [12/Oct/2021:20:18:16 +0200] "GET /rss/ HTTP/2.0" 304 0 "-" "Mozilla/5.0 (Windows NT 10.0; Win64; x64) AppleWebKit/537.36 (KHTML, like Gecko) Chrome/93.0.4577.82 Safari/537.36 OPR/79.0.4143.72"
207.46.13.6 - - [12/Oct/2021:20:29:17 +0200] "GET /robots.txt HTTP/2.0" 200 108 "-" "Mozilla/5.0 (compatible; bingbot/2.0; +http://www.bing.com/bingbot.htm)"
157.55.39.113 - - [12/Oct/2021:20:29:21 +0200] "GET /kubernetes-headless-service/ HTTP/2.0" 200 15938 "-" "Mozilla/5.0 (compatible; bingbot/2.0; +http://www.bing.com/bingbot.htm)"
157.55.39.117 - - [12/Oct/2021:20:29:35 +0200] "GET /assets/styles/main.css?v=d702cadabc HTTP/2.0" 200 14057 "-" "Mozilla/5.0 (compatible; bingbot/2.0; +http://www.bing.com/bingbot.htm)"
157.55.39.17 - - [12/Oct/2021:20:29:41 +0200] "GET /assets/scripts/main.js?v=d702cadabc HTTP/2.0" 200 9977 "-" "Mozilla/5.0 (compatible; bingbot/2.0; +http://www.bing.com/bingbot.htm)"
5.173.42.7 - - [12/Oct/2021:20:33:16 +0200] "GET /rss/ HTTP/2.0" 304 0 "-" "Mozilla/5.0 (Windows NT 10.0; Win64; x64) AppleWebKit/537.36 (KHTML, like Gecko) Chrome/93.0.4577.82 Safari/537.36 OPR/79.0.4143.72"
3.86.24.57 - - [12/Oct/2021:20:44:39 +0200] "GET /rss HTTP/1.1" 301 5 "-" "Ruby"
3.86.24.57 - - [12/Oct/2021:20:44:39 +0200] "GET /rss/ HTTP/1.1" 200 2217 "-" "Ruby"
5.173.42.7 - - [12/Oct/2021:20:44:54 +0200] "GET /ghost HTTP/2.0" 301 0 "-" "Mozilla/5.0 (Windows NT 10.0; Win64; x64) AppleWebKit/537.36 (KHTML, like Gecko) Chrome/93.0.4577.82 Safari/537.36 OPR/79.0.4143.72"
5.173.42.7 - - [12/Oct/2021:20:44:54 +0200] "GET /ghost/ HTTP/2.0" 200 1553 "-" "Mozilla/5.0 (Windows NT 10.0; Win64; x64) AppleWebKit/537.36 (KHTML, like Gecko) Chrome/93.0.4577.82 Safari/537.36 OPR/79.0.4143.72"
5.173.42.7 - - [12/Oct/2021:20:44:54 +0200] "GET /ghost/assets/vendor.min-987af30228885bce50f05c4723fe6f53.css HTTP/2.0" 200 10454 "https://krzwiatrzyk.eu/ghost/" "Mozilla/5.0 (Windows NT 10.0; Win64; x64) AppleWebKit/537.36 (KHTML, like Gecko) Chrome/93.0.4577.82 Safari/537.36 OPR/79.0.4143.72"
5.173.42.7 - - [12/Oct/2021:20:44:55 +0200] "GET /ghost/assets/ghost.min-e7612edfa72b0fe2c201b387923e6fc7.css HTTP/2.0" 200 95025 "https://krzwiatrzyk.eu/ghost/" "Mozilla/5.0 (Windows NT 10.0; Win64; x64) AppleWebKit/537.36 (KHTML, like Gecko) Chrome/93.0.4577.82 Safari/537.36 OPR/79.0.4143.72"
5.173.42.7 - - [12/Oct/2021:20:44:55 +0200] "GET /ghost/assets/ghost.min-d1d99f3ed6e0f427874b2a11e7078475.js HTTP/2.0" 200 295307 "https://krzwiatrzyk.eu/ghost/" "Mozilla/5.0 (Windows NT 10.0; Win64; x64) AppleWebKit/537.36 (KHTML, like Gecko) Chrome/93.0.4577.82 Safari/537.36 OPR/79.0.4143.72"
5.173.42.7 - - [12/Oct/2021:20:44:56 +0200] "GET /ghost/assets/vendor.min-3660ec7864887f1496fe7a27fd23ab76.js HTTP/2.0" 200 904746 "https://krzwiatrzyk.eu/ghost/" "Mozilla/5.0 (Windows NT 10.0; Win64; x64) AppleWebKit/537.36 (KHTML, like Gecko) Chrome/93.0.4577.82 Safari/537.36 OPR/79.0.4143.72"
5.173.42.7 - - [12/Oct/2021:20:44:56 +0200] "GET /ghost/assets/img/favicon.ico HTTP/2.0" 200 3781 "https://krzwiatrzyk.eu/ghost/" "Mozilla/5.0 (Windows NT 10.0; Win64; x64) AppleWebKit/537.36 (KHTML, like Gecko) Chrome/93.0.4577.82 Safari/537.36 OPR/79.0.4143.72"
5.173.42.7 - - [12/Oct/2021:20:44:56 +0200] "GET /ghost/api/canary/admin/users/me/?include=roles HTTP/2.0" 200 689 "https://krzwiatrzyk.eu/ghost/" "Mozilla/5.0 (Windows NT 10.0; Win64; x64) AppleWebKit/537.36 (KHTML, like Gecko) Chrome/93.0.4577.82 Safari/537.36 OPR/79.0.4143.72"
5.173.42.7 - - [12/Oct/2021:20:44:56 +0200] "GET /ghost/api/canary/admin/site/ HTTP/2.0" 200 339 "https://krzwiatrzyk.eu/ghost/" "Mozilla/5.0 (Windows NT 10.0; Win64; x64) AppleWebKit/537.36 (KHTML, like Gecko) Chrome/93.0.4577.82 Safari/537.36 OPR/79.0.4143.72"
5.173.42.7 - - [12/Oct/2021:20:44:56 +0200] "GET /ghost/api/canary/admin/config/ HTTP/2.0" 200 239 "https://krzwiatrzyk.eu/ghost/" "Mozilla/5.0 (Windows NT 10.0; Win64; x64) AppleWebKit/537.36 (KHTML, like Gecko) Chrome/93.0.4577.82 Safari/537.36 OPR/79.0.4143.72"
5.173.42.7 - - [12/Oct/2021:20:44:57 +0200] "GET /ghost/api/canary/admin/settings/?group=site%2Ctheme%2Cprivate%2Cmembers%2Cportal%2Cnewsletter%2Cemail%2Camp%2Clabs%2Cslack%2Cunsplash%2Cviews%2Cfirstpromoter%2Coauth%2Ceditor HTTP/2.0" 200 1826 "https://krzwiatrzyk.eu/ghost/" "Mozilla/5.0 (Windows NT 10.0; Win64; x64) AppleWebKit/537.36 (KHTML, like Gecko) Chrome/93.0.4577.82 Safari/537.36 OPR/79.0.4143.72"
5.173.42.7 - - [12/Oct/2021:20:44:57 +0200] "GET /ghost/assets/ghost-dark-bb2831fc27fcb02893ed0a761207dc63.css HTTP/2.0" 200 98448 "https://krzwiatrzyk.eu/ghost/" "Mozilla/5.0 (Windows NT 10.0; Win64; x64) AppleWebKit/537.36 (KHTML, like Gecko) Chrome/93.0.4577.82 Safari/537.36 OPR/79.0.4143.72"
5.173.42.7 - - [12/Oct/2021:20:44:57 +0200] "GET /ghost/api/canary/admin/notifications/ HTTP/2.0" 200 378 "https://krzwiatrzyk.eu/ghost/" "Mozilla/5.0 (Windows NT 10.0; Win64; x64) AppleWebKit/537.36 (KHTML, like Gecko) Chrome/93.0.4577.82 Safari/537.36 OPR/79.0.4143.72"
5.173.42.7 - - [12/Oct/2021:20:44:57 +0200] "GET /ghost/api/canary/admin/members/stats/count/ HTTP/2.0" 200 42 "https://krzwiatrzyk.eu/ghost/" "Mozilla/5.0 (Windows NT 10.0; Win64; x64) AppleWebKit/537.36 (KHTML, like Gecko) Chrome/93.0.4577.82 Safari/537.36 OPR/79.0.4143.72"
5.173.42.7 - - [12/Oct/2021:20:44:57 +0200] "GET /ghost/api/canary/admin/products/?include=monthly_price%2Cyearly_price&limit=all HTTP/2.0" 200 344 "https://krzwiatrzyk.eu/ghost/" "Mozilla/5.0 (Windows NT 10.0; Win64; x64) AppleWebKit/537.36 (KHTML, like Gecko) Chrome/93.0.4577.82 Safari/537.36 OPR/79.0.4143.72"
5.173.42.7 - - [12/Oct/2021:20:44:57 +0200] "GET /ghost/api/canary/admin/members/events/?limit=5 HTTP/2.0" 200 13 "https://krzwiatrzyk.eu/ghost/" "Mozilla/5.0 (Windows NT 10.0; Win64; x64) AppleWebKit/537.36 (KHTML, like Gecko) Chrome/93.0.4577.82 Safari/537.36 OPR/79.0.4143.72"
5.173.42.7 - - [12/Oct/2021:20:44:57 +0200] "GET /ghost/api/canary/admin/members/?filter=email_open_rate%3A-null&order=email_open_rate%20desc&limit=5&include=labels%2CemailRecipients HTTP/2.0" 200 101 "https://krzwiatrzyk.eu/ghost/" "Mozilla/5.0 (Windows NT 10.0; Win64; x64) AppleWebKit/537.36 (KHTML, like Gecko) Chrome/93.0.4577.82 Safari/537.36 OPR/79.0.4143.72"
5.173.42.7 - - [12/Oct/2021:20:44:57 +0200] "GET /ghost/api/canary/admin/emails/?filter=email_count%3A-0&order=submitted_at%20desc&limit=5 HTTP/2.0" 200 100 "https://krzwiatrzyk.eu/ghost/" "Mozilla/5.0 (Windows NT 10.0; Win64; x64) AppleWebKit/537.36 (KHTML, like Gecko) Chrome/93.0.4577.82 Safari/537.36 OPR/79.0.4143.72"
5.173.42.7 - - [12/Oct/2021:20:44:57 +0200] "GET /content/images/2021/10/d417ce9e68114f09acc670e5928685a3--5-.png HTTP/2.0" 200 2741 "https://krzwiatrzyk.eu/ghost/" "Mozilla/5.0 (Windows NT 10.0; Win64; x64) AppleWebKit/537.36 (KHTML, like Gecko) Chrome/93.0.4577.82 Safari/537.36 OPR/79.0.4143.72"
5.173.42.7 - - [12/Oct/2021:20:44:57 +0200] "GET /ghost/assets/img/user-image-639a88b784fb5f10964be8b975ca9fdf.png HTTP/2.0" 200 2479 "https://krzwiatrzyk.eu/ghost/" "Mozilla/5.0 (Windows NT 10.0; Win64; x64) AppleWebKit/537.36 (KHTML, like Gecko) Chrome/93.0.4577.82 Safari/537.36 OPR/79.0.4143.72"
5.173.42.7 - - [12/Oct/2021:20:44:57 +0200] "GET /ghost/assets/img/dashboard/bp2-ed14f9f48c56d5d6fe997dc637a8b1ad.jpg HTTP/2.0" 200 66579 "https://krzwiatrzyk.eu/ghost/" "Mozilla/5.0 (Windows NT 10.0; Win64; x64) AppleWebKit/537.36 (KHTML, like Gecko) Chrome/93.0.4577.82 Safari/537.36 OPR/79.0.4143.72"
5.173.42.7 - - [12/Oct/2021:20:44:57 +0200] "GET /ghost/api/canary/admin/members/?filter=status%3Apaid&order=created_at%20asc&limit=5&include=labels%2CemailRecipients HTTP/2.0" 200 101 "https://krzwiatrzyk.eu/ghost/" "Mozilla/5.0 (Windows NT 10.0; Win64; x64) AppleWebKit/537.36 (KHTML, like Gecko) Chrome/93.0.4577.82 Safari/537.36 OPR/79.0.4143.72"
5.173.42.7 - - [12/Oct/2021:20:44:57 +0200] "GET /ghost/api/canary/admin/members/stats/mrr/ HTTP/2.0" 200 28 "https://krzwiatrzyk.eu/ghost/" "Mozilla/5.0 (Windows NT 10.0; Win64; x64) AppleWebKit/537.36 (KHTML, like Gecko) Chrome/93.0.4577.82 Safari/537.36 OPR/79.0.4143.72"
5.173.42.7 - - [12/Oct/2021:20:44:58 +0200] "GET /ghost/assets/img/dashboard/bp1-03a13253453b372d0bbd5e6a19b20fca.jpg HTTP/2.0" 200 262731 "https://krzwiatrzyk.eu/ghost/" "Mozilla/5.0 (Windows NT 10.0; Win64; x64) AppleWebKit/537.36 (KHTML, like Gecko) Chrome/93.0.4577.82 Safari/537.36 OPR/79.0.4143.72"
5.173.42.7 - - [12/Oct/2021:20:44:58 +0200] "GET /ghost/assets/img/dashboard/join-community-bb5478f7dca6c04a2d0baf2b02f880fb.jpg HTTP/2.0" 200 105052 "https://krzwiatrzyk.eu/ghost/" "Mozilla/5.0 (Windows NT 10.0; Win64; x64) AppleWebKit/537.36 (KHTML, like Gecko) Chrome/93.0.4577.82 Safari/537.36 OPR/79.0.4143.72"
5.173.42.7 - - [12/Oct/2021:20:48:16 +0200] "GET /rss/ HTTP/2.0" 304 0 "-" "Mozilla/5.0 (Windows NT 10.0; Win64; x64) AppleWebKit/537.36 (KHTML, like Gecko) Chrome/93.0.4577.82 Safari/537.36 OPR/79.0.4143.72"
5.173.42.7 - - [12/Oct/2021:21:03:16 +0200] "GET /rss/ HTTP/2.0" 304 0 "-" "Mozilla/5.0 (Windows NT 10.0; Win64; x64) AppleWebKit/537.36 (KHTML, like Gecko) Chrome/93.0.4577.82 Safari/537.36 OPR/79.0.4143.72"
5.173.42.7 - - [12/Oct/2021:21:18:16 +0200] "GET /rss/ HTTP/2.0" 304 0 "-" "Mozilla/5.0 (Windows NT 10.0; Win64; x64) AppleWebKit/537.36 (KHTML, like Gecko) Chrome/93.0.4577.82 Safari/537.36 OPR/79.0.4143.72"
198.98.60.202 - - [12/Oct/2021:21:31:50 +0200] "GET / HTTP/1.1" 301 162 "-" "Linux Gnu (cow)"
5.173.42.7 - - [12/Oct/2021:21:33:16 +0200] "GET /rss/ HTTP/2.0" 304 0 "-" "Mozilla/5.0 (Windows NT 10.0; Win64; x64) AppleWebKit/537.36 (KHTML, like Gecko) Chrome/93.0.4577.82 Safari/537.36 OPR/79.0.4143.72"
199.195.251.213 - - [12/Oct/2021:21:36:25 +0200] "POST /boaform/admin/formLogin HTTP/1.1" 301 162 "http://85.255.1.106:80/admin/login.asp" "Mozilla/5.0 (X11; Ubuntu; Linux x86_64; rv:71.0) Gecko/20100101 Firefox/71.0"
199.195.251.213 - - [12/Oct/2021:21:36:26 +0200] "" 400 0 "-" "-"
5.173.42.7 - - [12/Oct/2021:21:40:41 +0200] "GET /?v=1634067641562 HTTP/2.0" 200 12714 "https://krzwiatrzyk.eu/ghost/" "Mozilla/5.0 (Windows NT 10.0; Win64; x64) AppleWebKit/537.36 (KHTML, like Gecko) Chrome/93.0.4577.82 Safari/537.36 OPR/79.0.4143.72"
5.173.42.7 - - [12/Oct/2021:21:40:41 +0200] "GET /assets/styles/main.css?v=d702cadabc HTTP/2.0" 200 14057 "https://krzwiatrzyk.eu/?v=1634067641562" "Mozilla/5.0 (Windows NT 10.0; Win64; x64) AppleWebKit/537.36 (KHTML, like Gecko) Chrome/93.0.4577.82 Safari/537.36 OPR/79.0.4143.72"
5.173.42.7 - - [12/Oct/2021:21:40:41 +0200] "GET /content/images/size/w300/2021/10/d417ce9e68114f09acc670e5928685a3--5--1.png HTTP/2.0" 200 2741 "https://krzwiatrzyk.eu/?v=1634067641562" "Mozilla/5.0 (Windows NT 10.0; Win64; x64) AppleWebKit/537.36 (KHTML, like Gecko) Chrome/93.0.4577.82 Safari/537.36 OPR/79.0.4143.72"
5.173.42.7 - - [12/Oct/2021:21:40:41 +0200] "GET /assets/scripts/pagination.js?v=d702cadabc HTTP/2.0" 200 852 "https://krzwiatrzyk.eu/?v=1634067641562" "Mozilla/5.0 (Windows NT 10.0; Win64; x64) AppleWebKit/537.36 (KHTML, like Gecko) Chrome/93.0.4577.82 Safari/537.36 OPR/79.0.4143.72"
5.173.42.7 - - [12/Oct/2021:21:40:41 +0200] "GET /assets/scripts/main.js?v=d702cadabc HTTP/2.0" 200 9977 "https://krzwiatrzyk.eu/?v=1634067641562" "Mozilla/5.0 (Windows NT 10.0; Win64; x64) AppleWebKit/537.36 (KHTML, like Gecko) Chrome/93.0.4577.82 Safari/537.36 OPR/79.0.4143.72"
5.173.42.7 - - [12/Oct/2021:21:40:41 +0200] "GET /content/images/size/w1000/2021/10/Screenshot_8.png HTTP/2.0" 200 243714 "https://krzwiatrzyk.eu/?v=1634067641562" "Mozilla/5.0 (Windows NT 10.0; Win64; x64) AppleWebKit/537.36 (KHTML, like Gecko) Chrome/93.0.4577.82 Safari/537.36 OPR/79.0.4143.72"
5.173.42.7 - - [12/Oct/2021:21:40:41 +0200] "GET /favicon.png HTTP/2.0" 200 2741 "https://krzwiatrzyk.eu/?v=1634067641562" "Mozilla/5.0 (Windows NT 10.0; Win64; x64) AppleWebKit/537.36 (KHTML, like Gecko) Chrome/93.0.4577.82 Safari/537.36 OPR/79.0.4143.72"
5.173.42.7 - - [12/Oct/2021:21:40:42 +0200] "GET /ghost/api/canary/admin/members/stats/count/ HTTP/2.0" 200 42 "https://krzwiatrzyk.eu/ghost/" "Mozilla/5.0 (Windows NT 10.0; Win64; x64) AppleWebKit/537.36 (KHTML, like Gecko) Chrome/93.0.4577.82 Safari/537.36 OPR/79.0.4143.72"
5.173.42.7 - - [12/Oct/2021:21:40:42 +0200] "GET /ghost/api/canary/admin/products/?include=monthly_price%2Cyearly_price&limit=all HTTP/2.0" 200 344 "https://krzwiatrzyk.eu/ghost/" "Mozilla/5.0 (Windows NT 10.0; Win64; x64) AppleWebKit/537.36 (KHTML, like Gecko) Chrome/93.0.4577.82 Safari/537.36 OPR/79.0.4143.72"
5.173.42.7 - - [12/Oct/2021:21:40:42 +0200] "GET /ghost/api/canary/admin/members/events/?limit=5 HTTP/2.0" 200 13 "https://krzwiatrzyk.eu/ghost/" "Mozilla/5.0 (Windows NT 10.0; Win64; x64) AppleWebKit/537.36 (KHTML, like Gecko) Chrome/93.0.4577.82 Safari/537.36 OPR/79.0.4143.72"
5.173.42.7 - - [12/Oct/2021:21:40:42 +0200] "GET /ghost/api/canary/admin/members/?filter=email_open_rate%3A-null&order=email_open_rate%20desc&limit=5&include=labels%2CemailRecipients HTTP/2.0" 200 101 "https://krzwiatrzyk.eu/ghost/" "Mozilla/5.0 (Windows NT 10.0; Win64; x64) AppleWebKit/537.36 (KHTML, like Gecko) Chrome/93.0.4577.82 Safari/537.36 OPR/79.0.4143.72"
5.173.42.7 - - [12/Oct/2021:21:40:42 +0200] "GET /ghost/api/canary/admin/members/stats/mrr/ HTTP/2.0" 200 28 "https://krzwiatrzyk.eu/ghost/" "Mozilla/5.0 (Windows NT 10.0; Win64; x64) AppleWebKit/537.36 (KHTML, like Gecko) Chrome/93.0.4577.82 Safari/537.36 OPR/79.0.4143.72"
5.173.42.7 - - [12/Oct/2021:21:40:42 +0200] "GET /ghost/api/canary/admin/members/?filter=status%3Apaid&order=created_at%20asc&limit=5&include=labels%2CemailRecipients HTTP/2.0" 200 101 "https://krzwiatrzyk.eu/ghost/" "Mozilla/5.0 (Windows NT 10.0; Win64; x64) AppleWebKit/537.36 (KHTML, like Gecko) Chrome/93.0.4577.82 Safari/537.36 OPR/79.0.4143.72"
5.173.42.7 - - [12/Oct/2021:21:40:56 +0200] "GET /?v=1634067656975 HTTP/2.0" 499 0 "https://krzwiatrzyk.eu/ghost/" "Mozilla/5.0 (Windows NT 10.0; Win64; x64) AppleWebKit/537.36 (KHTML, like Gecko) Chrome/93.0.4577.82 Safari/537.36 OPR/79.0.4143.72"
5.173.42.7 - - [12/Oct/2021:21:40:56 +0200] "GET /?v=1634067657011 HTTP/2.0" 499 0 "https://krzwiatrzyk.eu/ghost/" "Mozilla/5.0 (Windows NT 10.0; Win64; x64) AppleWebKit/537.36 (KHTML, like Gecko) Chrome/93.0.4577.82 Safari/537.36 OPR/79.0.4143.72"
5.173.42.7 - - [12/Oct/2021:21:40:56 +0200] "GET /?v=1634067657011 HTTP/2.0" 200 12714 "https://krzwiatrzyk.eu/ghost/" "Mozilla/5.0 (Windows NT 10.0; Win64; x64) AppleWebKit/537.36 (KHTML, like Gecko) Chrome/93.0.4577.82 Safari/537.36 OPR/79.0.4143.72"
5.173.42.7 - - [12/Oct/2021:21:40:56 +0200] "GET /content/images/size/w1000/2021/10/Screenshot_8.png HTTP/2.0" 206 1 "https://krzwiatrzyk.eu/?v=1634067657011" "Mozilla/5.0 (Windows NT 10.0; Win64; x64) AppleWebKit/537.36 (KHTML, like Gecko) Chrome/93.0.4577.82 Safari/537.36 OPR/79.0.4143.72"
5.173.42.7 - - [12/Oct/2021:21:40:56 +0200] "GET /favicon.png HTTP/2.0" 200 2741 "https://krzwiatrzyk.eu/?v=1634067657011" "Mozilla/5.0 (Windows NT 10.0; Win64; x64) AppleWebKit/537.36 (KHTML, like Gecko) Chrome/93.0.4577.82 Safari/537.36 OPR/79.0.4143.72"
5.173.42.7 - - [12/Oct/2021:21:40:56 +0200] "GET /content/images/size/w1000/2021/10/Screenshot_8.png HTTP/2.0" 206 80213 "https://krzwiatrzyk.eu/?v=1634067657011" "Mozilla/5.0 (Windows NT 10.0; Win64; x64) AppleWebKit/537.36 (KHTML, like Gecko) Chrome/93.0.4577.82 Safari/537.36 OPR/79.0.4143.72"
5.173.42.7 - - [12/Oct/2021:21:48:16 +0200] "GET /rss/ HTTP/2.0" 304 0 "-" "Mozilla/5.0 (Windows NT 10.0; Win64; x64) AppleWebKit/537.36 (KHTML, like Gecko) Chrome/93.0.4577.82 Safari/537.36 OPR/79.0.4143.72"
66.249.64.59 - - [12/Oct/2021:22:02:53 +0200] "GET /robots.txt HTTP/1.1" 200 108 "-" "Mozilla/5.0 (compatible; Googlebot/2.1; +http://www.google.com/bot.html)"
66.249.64.57 - - [12/Oct/2021:22:02:54 +0200] "GET / HTTP/1.1" 200 12727 "-" "Mozilla/5.0 (compatible; Googlebot/2.1; +http://www.google.com/bot.html)"
5.173.42.7 - - [12/Oct/2021:22:03:16 +0200] "GET /rss/ HTTP/2.0" 304 0 "-" "Mozilla/5.0 (Windows NT 10.0; Win64; x64) AppleWebKit/537.36 (KHTML, like Gecko) Chrome/93.0.4577.82 Safari/537.36 OPR/79.0.4143.72"
128.14.141.34 - - [12/Oct/2021:22:33:50 +0200] "GET / HTTP/1.1" 301 162 "-" "Mozilla/5.0 (Windows NT 10.0; Win64; x64) AppleWebKit/537.36 (KHTML, like Gecko) Chrome/60.0.3112.113 Safari/537.36"
128.14.141.34 - - [12/Oct/2021:22:33:51 +0200] "GET / HTTP/1.1" 200 595 "http://85.255.1.106/" "Mozilla/5.0 (Windows NT 10.0; Win64; x64) AppleWebKit/537.36 (KHTML, like Gecko) Chrome/60.0.3112.113 Safari/537.36"
209.141.56.41 - - [12/Oct/2021:22:36:59 +0200] "POST /boaform/admin/formLogin HTTP/1.1" 301 162 "http://85.255.1.106:80/admin/login.asp" "Mozilla/5.0 (X11; Ubuntu; Linux x86_64; rv:71.0) Gecko/20100101 Firefox/71.0"
209.141.56.41 - - [12/Oct/2021:22:36:59 +0200] "" 400 0 "-" "-"
5.173.42.7 - - [12/Oct/2021:22:57:26 +0200] "GET /rss/ HTTP/2.0" 304 0 "-" "Mozilla/5.0 (Windows NT 10.0; Win64; x64) AppleWebKit/537.36 (KHTML, like Gecko) Chrome/93.0.4577.82 Safari/537.36 OPR/79.0.4143.72"
192.35.168.112 - - [12/Oct/2021:23:07:51 +0200] "GET / HTTP/1.1" 301 162 "-" "Mozilla/5.0 zgrab/0.x"
192.35.168.112 - - [12/Oct/2021:23:07:52 +0200] "GET / HTTP/1.1" 200 595 "http://85.255.1.106:80/" "Mozilla/5.0 zgrab/0.x"
179.106.49.138 - - [12/Oct/2021:23:21:36 +0200] "GET / HTTP/1.1" 301 162 "-" "Mozilla/5.0 (Windows NT 10.0; WOW64) AppleWebKit/537.36 (KHTML, like Gecko) Chrome/51.0.2704.103 Safari/537.36"
170.81.226.194 - - [12/Oct/2021:23:25:51 +0200] "GET / HTTP/1.1" 301 162 "-" "Mozilla/5.0 (Windows NT 10.0; WOW64) AppleWebKit/537.36 (KHTML, like Gecko) Chrome/52.0.2743.116 Safari/537.36"
45.175.250.43 - - [12/Oct/2021:23:28:42 +0200] "GET / HTTP/1.1" 301 162 "-" "Mozilla/5.0 (Windows NT 10.0; WOW64) AppleWebKit/537.36 (KHTML, like Gecko) Chrome/51.0.2704.103 Safari/537.36"
14.102.38.63 - - [12/Oct/2021:23:56:14 +0200] "GET / HTTP/1.0" 301 162 "-" "Mozilla/5.0 (Windows NT 10.0; WOW64) AppleWebKit/537.36 (KHTML, like Gecko) Chrome/51.0.2704.103 Safari/537.36"
209.141.56.41 - - [13/Oct/2021:00:02:33 +0200] "POST /boaform/admin/formLogin HTTP/1.1" 301 162 "http://85.255.1.106:80/admin/login.asp" "Mozilla/5.0 (X11; Ubuntu; Linux x86_64; rv:71.0) Gecko/20100101 Firefox/71.0"
209.141.56.41 - - [13/Oct/2021:00:02:33 +0200] "" 400 0 "-" "-"
190.95.43.196 - - [13/Oct/2021:00:36:40 +0200] "GET / HTTP/1.1" 301 162 "-" "-"
190.95.43.196 - - [13/Oct/2021:00:37:01 +0200] "GET / HTTP/1.1" 301 162 "-" "-"
192.241.202.173 - - [13/Oct/2021:00:46:35 +0200] "GET /ReportServer HTTP/1.1" 200 595 "-" "Mozilla/5.0 zgrab/0.x"
209.141.62.185 - - [13/Oct/2021:00:55:03 +0200] "GET /config/getuser?index=0 HTTP/1.1" 301 162 "-" "Mozilla/5.0 (X11; Ubuntu; Linux x86_64; rv:76.0) Gecko/20100101 Firefox/76.0"
192.241.204.225 - - [13/Oct/2021:01:04:42 +0200] "GET /login HTTP/1.1" 200 595 "-" "Mozilla/5.0 zgrab/0.x"
128.14.209.162 - - [13/Oct/2021:01:21:41 +0200] "GET / HTTP/1.1" 200 595 "-" "Mozilla/5.0 (Windows NT 10.0; Win64; x64) AppleWebKit/537.36 (KHTML, like Gecko) Chrome/60.0.3112.113 Safari/537.36"
3.237.79.116 - - [13/Oct/2021:01:43:41 +0200] "GET /rss HTTP/1.1" 301 5 "-" "Ruby"
3.237.79.116 - - [13/Oct/2021:01:43:42 +0200] "GET /rss/ HTTP/1.1" 200 2217 "-" "Ruby"
138.97.216.218 - - [13/Oct/2021:01:51:14 +0200] "GET / HTTP/1.1" 301 162 "-" "Mozilla/5.0 (Windows NT 6.1; WOW64) AppleWebKit/537.36 (KHTML, like Gecko) Chrome/51.0.2704.103 Safari/537.36"
2.56.59.237 - - [13/Oct/2021:02:09:37 +0200] "GET / HTTP/1.1" 301 162 "http://85.255.1.106:80/left.html" "Mozilla/5.0 (X11; Ubuntu; Linux x86_64; rv:77.0) Gecko/20100101 Firefox/77.0"
209.141.56.41 - - [13/Oct/2021:02:18:21 +0200] "POST /boaform/admin/formLogin HTTP/1.1" 301 162 "http://85.255.1.106:80/admin/login.asp" "Mozilla/5.0 (X11; Ubuntu; Linux x86_64; rv:71.0) Gecko/20100101 Firefox/71.0"
209.141.56.41 - - [13/Oct/2021:02:18:22 +0200] "" 400 0 "-" "-"
24.126.200.80 - - [13/Oct/2021:02:27:18 +0200] "GET / HTTP/1.1" 301 162 "-" "-"
167.94.138.58 - - [13/Oct/2021:02:42:05 +0200] "GET / HTTP/1.1" 200 1345 "-" "-"
167.94.138.58 - - [13/Oct/2021:02:42:06 +0200] "GET / HTTP/1.1" 200 595 "-" "Mozilla/5.0 (compatible; CensysInspect/1.1; +https://about.censys.io/)"
141.98.83.139 - - [13/Oct/2021:02:43:41 +0200] "\x12\x01\x00)\x00\x00\x00\x00\x00\x00\x15\x00\x06\x01\x00\x1B\x00\x01\x03\x00\x1C\x00\x04\x04\x00 \x00\x01\xFF\x00" 400 150 "-" "-"
172.104.138.223 - - [13/Oct/2021:02:45:23 +0200] "GET /fuN3 HTTP/1.0" 301 162 "-" "Mozilla/5.0 (Windows NT 10.0; Win64; x64) AppleWebKit/537.36 (KHTML, like Gecko) Chrome/91.0.4472.77 Safari/537.36"
14.137.221.128 - - [13/Oct/2021:03:00:27 +0200] "GET / HTTP/1.1" 301 162 "-" "Mozilla/5.0 (Windows NT 6.1; WOW64) AppleWebKit/537.36 (KHTML, like Gecko) Chrome/51.0.2704.103 Safari/537.36"
192.241.209.224 - - [13/Oct/2021:03:21:48 +0200] "GET /ecp/Current/exporttool/microsoft.exchange.ediscovery.exporttool.application HTTP/1.1" 200 595 "-" "Mozilla/5.0 zgrab/0.x"
23.95.191.195 - - [13/Oct/2021:03:24:22 +0200] "POST /GponForm/diag_Form?style/ HTTP/1.1" 405 150 "-" "curl/7.3.2"
45.95.147.26 - - [13/Oct/2021:03:55:26 +0200] "HEAD /robots.txt HTTP/1.0" 301 0 "-" "-"
23.251.102.74 - - [13/Oct/2021:04:24:07 +0200] "GET / HTTP/1.1" 200 595 "-" "Mozilla/5.0 (Windows NT 10.0; Win64; x64) AppleWebKit/537.36 (KHTML, like Gecko) Chrome/60.0.3112.113 Safari/537.36"
141.98.83.139 - - [13/Oct/2021:04:42:38 +0200] "\x12\x01\x00)\x00\x00\x00\x00\x00\x00\x15\x00\x06\x01\x00\x1B\x00\x01\x03\x00\x1C\x00\x04\x04\x00 \x00\x01\xFF\x00" 400 150 "-" "-"
61.219.11.151 - - [13/Oct/2021:04:53:02 +0200] "dN\x93\xB9\xE6\xBCl\xB6\x92\x84:\xD7\x03\xF1N\xB9\xC5;\x90\xC2\xC6\xBA\xE1I-\x22\xDDs\xBA\x1FgC:\xB1\xA7\x80+\x00\x00\x00\x00%\xFDK:\xAAW.|J\xB2\xB5\xF5'\xA5l\xD3V(\xB7\x01%(CsK8B\xCE\x9A\xD0z\xC7\x13\xAD" 400 150 "-" "-"
209.141.56.41 - - [13/Oct/2021:05:17:11 +0200] "POST /boaform/admin/formLogin HTTP/1.1" 301 162 "http://85.255.1.106:80/admin/login.asp" "Mozilla/5.0 (X11; Ubuntu; Linux x86_64; rv:71.0) Gecko/20100101 Firefox/71.0"
209.141.56.41 - - [13/Oct/2021:05:17:12 +0200] "" 400 0 "-" "-"
209.141.62.185 - - [13/Oct/2021:05:26:17 +0200] "GET /config/getuser?index=0 HTTP/1.1" 400 248 "-" "Mozilla/5.0 (X11; Ubuntu; Linux x86_64; rv:76.0) Gecko/20100101 Firefox/76.0"
45.79.204.46 - - [13/Oct/2021:05:32:52 +0200] "GET / HTTP/1.1" 301 162 "-" "Mozilla/5.0 (Windows NT 10.0; Win64; x64) AppleWebKit/537.36 (KHTML, like Gecko) Chrome/60.0.3112.113 Safari/537.36"
45.79.204.46 - - [13/Oct/2021:05:32:52 +0200] "GET / HTTP/1.1" 200 595 "http://85.255.1.106/" "Mozilla/5.0 (Windows NT 10.0; Win64; x64) AppleWebKit/537.36 (KHTML, like Gecko) Chrome/60.0.3112.113 Safari/537.36"
134.209.91.118 - - [13/Oct/2021:05:36:09 +0200] "POST /GponForm/diag_Form?style/ HTTP/1.1" 405 150 "-" "curl/7.3.2"
45.148.10.241 - - [13/Oct/2021:05:41:04 +0200] "GET http://example.com/ HTTP/1.1" 301 162 "-" "Go-http-client/1.1"
45.148.10.241 - - [13/Oct/2021:05:41:04 +0200] "CONNECT example.com:443 HTTP/1.1" 400 150 "-" "-"
162.249.2.185 - - [13/Oct/2021:05:45:03 +0200] "GET / HTTP/1.1" 301 162 "-" "Mozilla/5.0 (Windows NT 10.0; WOW64) AppleWebKit/537.36 (KHTML, like Gecko) Chrome/51.0.2704.103 Safari/537.36"
162.249.2.185 - - [13/Oct/2021:05:45:03 +0200] "GET / HTTP/1.1" 301 162 "-" "Mozilla/5.0 (Windows NT 10.0; WOW64) AppleWebKit/537.36 (KHTML, like Gecko) Chrome/51.0.2704.103 Safari/537.36"
66.249.64.43 - - [13/Oct/2021:05:56:57 +0200] "GET /robots.txt HTTP/1.1" 301 162 "-" "Mozilla/5.0 (compatible; Googlebot/2.1; +http://www.google.com/bot.html)"
66.249.64.61 - - [13/Oct/2021:05:56:57 +0200] "GET /robots.txt HTTP/1.1" 200 108 "-" "Mozilla/5.0 (compatible; Googlebot/2.1; +http://www.google.com/bot.html)"
66.249.64.39 - - [13/Oct/2021:05:56:58 +0200] "GET / HTTP/1.1" 301 162 "-" "Mozilla/5.0 (Linux; Android 6.0.1; Nexus 5X Build/MMB29P) AppleWebKit/537.36 (KHTML, like Gecko) Chrome/94.0.4606.81 Mobile Safari/537.36 (compatible; Googlebot/2.1; +http://www.google.com/bot.html)"
66.249.64.59 - - [13/Oct/2021:05:56:59 +0200] "GET / HTTP/1.1" 200 12727 "-" "Mozilla/5.0 (Linux; Android 6.0.1; Nexus 5X Build/MMB29P) AppleWebKit/537.36 (KHTML, like Gecko) Chrome/94.0.4606.81 Mobile Safari/537.36 (compatible; Googlebot/2.1; +http://www.google.com/bot.html)"
74.82.47.5 - - [13/Oct/2021:06:16:43 +0200] "GET / HTTP/1.1" 200 1345 "-" "-"
209.141.56.212 - - [13/Oct/2021:06:19:55 +0200] "GET /config/getuser?index=0 HTTP/1.1" 301 162 "-" "Mozilla/5.0 (X11; Ubuntu; Linux x86_64; rv:76.0) Gecko/20100101 Firefox/76.0"
185.189.182.234 - - [13/Oct/2021:06:41:08 +0200] "GET / HTTP/1.1" 400 150 "-" "-"
3.237.79.116 - - [13/Oct/2021:06:44:15 +0200] "GET /rss HTTP/1.1" 301 5 "-" "Ruby"
3.237.79.116 - - [13/Oct/2021:06:44:15 +0200] "GET /rss/ HTTP/1.1" 200 2217 "-" "Ruby"
138.68.249.116 - - [13/Oct/2021:06:45:30 +0200] "SSTP_DUPLEX_POST /sra_{BA195980-CD49-458b-9E23-C84EE0ADCD75}/ HTTP/1.1" 400 150 "-" "-"
209.141.56.41 - - [13/Oct/2021:06:55:37 +0200] "POST /boaform/admin/formLogin HTTP/1.1" 301 162 "http://85.255.1.106:80/admin/login.asp" "Mozilla/5.0 (X11; Ubuntu; Linux x86_64; rv:71.0) Gecko/20100101 Firefox/71.0"
209.141.56.41 - - [13/Oct/2021:06:55:37 +0200] "" 400 0 "-" "-"
209.141.51.176 - - [13/Oct/2021:07:55:51 +0200] "GET /config/getuser?index=0 HTTP/1.1" 400 248 "-" "Mozilla/5.0 (X11; Ubuntu; Linux x86_64; rv:76.0) Gecko/20100101 Firefox/76.0"
192.241.205.9 - - [13/Oct/2021:08:39:44 +0200] "GET /ecp/Current/exporttool/microsoft.exchange.ediscovery.exporttool.application HTTP/1.1" 200 595 "-" "Mozilla/5.0 zgrab/0.x"
198.199.112.26 - - [13/Oct/2021:08:41:44 +0200] "GET /owa/auth/x.js HTTP/1.1" 200 595 "-" "Mozilla/5.0 zgrab/0.x"
192.241.198.125 - - [13/Oct/2021:08:41:49 +0200] "GET /owa/auth/logon.aspx HTTP/1.1" 200 595 "-" "Mozilla/5.0 zgrab/0.x"
89.248.165.143 - - [13/Oct/2021:08:44:47 +0200] "\x03\x00\x00.)\xE0\x00\x00\x00\x00\x00Cookie: mstshash=ZGMUPEAG" 400 150 "-" "-"
209.141.62.185 - - [13/Oct/2021:08:53:40 +0200] "GET /config/getuser?index=0 HTTP/1.1" 301 162 "-" "Mozilla/5.0 (X11; Ubuntu; Linux x86_64; rv:76.0) Gecko/20100101 Firefox/76.0"
138.246.253.24 - - [13/Oct/2021:09:09:53 +0200] "GET /robots.txt HTTP/1.1" 200 1345 "-" "Mozilla/5.0 (Windows NT 10.0; Win64; x64) AppleWebKit/537.36 (KHTML, like Gecko) Chrome/88.0.4324.146 Safari/537.36"
